Resolving dependencies...
Downloading packages...
  _fe_analyzer_shared 85.0.0 (93.0.0 available)
  _flutterfire_internals 1.3.59 (1.3.65 available)
  analyzer 7.6.0 (10.0.0 available)
  analyzer_plugin 0.13.4 (0.14.0 available)
  app_links 6.4.1 (7.0.0 available)
  archive 3.6.1 (4.0.7 available)
  async 2.11.0 (2.13.0 available)
  boolean_selector 2.1.1 (2.1.2 available)
  build 2.4.2 (4.0.4 available)
  build_config 1.1.2 (1.2.0 available)
  build_daemon 4.0.4 (4.1.1 available)
  build_resolvers 2.4.4 (3.0.4 available)
  build_runner 2.4.15 (2.10.5 available)
  build_runner_core 8.0.0 (9.3.2 available)
  built_value 8.12.1 (8.12.2 available)
  characters 1.4.0 (1.4.1 available)
  checked_yaml 2.0.3 (2.0.4 available)
  code_builder 4.10.1 (4.11.1 available)
  cross_file 0.3.4+2 (0.3.5+1 available)
  custom_lint_core 0.7.5 (0.8.2 available)
  custom_lint_visitor 1.0.0+7.7.0 (1.0.0+9.0.0 available)
  dart_jsonwebtoken 2.17.0 (3.3.1 available)
  dart_style 3.0.1 (3.1.3 available)
  drift 2.28.2 (2.30.1 available)
  drift_dev 2.28.0 (2.30.1 available)
  ffi 2.1.3 (2.1.5 available)
  file_selector_linux 0.9.3+2 (0.9.4 available)
  file_selector_macos 0.9.4+3 (0.9.5 available)
  file_selector_platform_interface 2.6.2 (2.7.0 available)
  file_selector_windows 0.9.3+4 (0.9.3+5 available)
  firebase_analytics 11.6.0 (12.1.0 available)
  firebase_analytics_platform_interface 4.4.3 (5.0.5 available)
  firebase_analytics_web 0.5.10+16 (0.6.1+1 available)
  firebase_core 3.15.2 (4.3.0 available)
  firebase_core_web 2.24.1 (3.3.1 available)
  firebase_crashlytics 4.3.10 (5.0.6 available)
  firebase_crashlytics_platform_interface 3.8.10 (3.8.16 available)
  fl_chart 0.69.2 (1.1.1 available)
  flutter_dotenv 5.2.1 (6.0.0 available)
  flutter_lints 5.0.0 (6.0.0 available)
  flutter_local_notifications 18.0.1 (19.5.0 available)
  flutter_local_notifications_linux 5.0.0 (6.0.0 available)
  flutter_local_notifications_platform_interface 8.0.0 (9.1.0 available)
  flutter_plugin_android_lifecycle 2.0.29 (2.0.33 available)
  flutter_riverpod 2.6.1 (3.1.0 available)
  freezed 2.5.8 (3.2.4 available)
  freezed_annotation 2.4.4 (3.1.0 available)
  golden_toolkit 0.15.0 (discontinued)
  google_mlkit_commons 0.9.0 (0.11.0 available)
  google_mlkit_text_recognition 0.14.0 (0.15.0 available)
  image 4.3.0 (4.7.2 available)
  image_picker 1.2.0 (1.2.1 available)
  image_picker_android 0.8.13 (0.8.13+10 available)
  image_picker_for_web 3.1.0 (3.1.1 available)
  image_picker_ios 0.8.13 (0.8.13+3 available)
  image_picker_macos 0.2.2 (0.2.2+1 available)
  image_picker_platform_interface 2.11.0 (2.11.1 available)
  jni 0.14.2 (0.15.2 available)
  js 0.7.1 (0.7.2 available)
  json_serializable 6.9.5 (6.11.4 available)
  lints 5.1.1 (6.0.0 available)
  matcher 0.12.17 (0.12.18 available)
  material_color_utilities 0.11.1 (0.13.0 available)
  meta 1.16.0 (1.17.0 available)
  objective_c 7.1.0 (9.2.2 available)
  path_provider_android 2.2.17 (2.2.22 available)
  path_provider_foundation 2.4.1 (2.5.1 available)
  patrol 3.16.1-dev.1 (4.1.0 available)
  patrol_finders 2.8.2 (3.0.0 available)
  patrol_log 0.4.0 (0.6.0 available)
  petitparser 6.0.2 (7.0.1 available)
  pointycastle 3.9.1 (4.0.0 available)
  quick_actions_android 1.0.22 (1.0.27 available)
  quick_actions_ios 1.2.0 (1.2.3 available)
  riverpod 2.6.1 (3.1.0 available)
  riverpod_analyzer_utils 0.5.9 (0.5.10 available)
  riverpod_annotation 2.6.1 (4.0.0 available)
  riverpod_generator 2.6.4 (4.0.0+1 available)
  shared_preferences 2.5.3 (2.5.4 available)
  shared_preferences_android 2.4.11 (2.4.18 available)
  shared_preferences_foundation 2.5.4 (2.5.6 available)
  source_gen 2.0.0 (4.1.2 available)
  source_helper 1.3.7 (1.3.9 available)
  source_span 1.10.0 (1.10.1 available)
  sqlite3 2.9.4 (3.1.3 available)
  sqlite3_web 0.4.1 (0.5.0 available)
  sqlparser 0.41.2 (0.43.0 available)
  string_scanner 1.3.0 (1.4.1 available)
  term_glyph 1.2.1 (1.2.2 available)
  test_api 0.7.6 (0.7.9 available)
  timezone 0.10.1 (0.11.0 available)
  url_launcher_android 6.3.17 (6.3.28 available)
  url_launcher_ios 6.3.3 (6.3.6 available)
  url_launcher_linux 3.2.1 (3.2.2 available)
  url_launcher_macos 3.2.2 (3.2.5 available)
  url_launcher_windows 3.1.4 (3.1.5 available)
  vm_service 14.3.0 (15.0.2 available)
  xml 6.5.0 (6.6.1 available)
Got dependencies!
1 package is discontinued.
97 packages have newer versions incompatible with dependency constraints.
Try `flutter pub outdated` for more information.
00:00 +0: loading /home/bootcamp/Proyectos-2026/Proyectos-Varios/Finanzas-Familiares-AS/test/core/constants/enums_test.dart                                                                            00:01 +0: loading /home/bootcamp/Proyectos-2026/Proyectos-Varios/Finanzas-Familiares-AS/test/core/constants/enums_test.dart                                                                            00:02 +0: loading /home/bootcamp/Proyectos-2026/Proyectos-Varios/Finanzas-Familiares-AS/test/core/constants/enums_test.dart                                                                            00:02 +0: /home/bootcamp/Proyectos-2026/Proyectos-Varios/Finanzas-Familiares-AS/test/core/constants/enums_test.dart: AccountType tiene 4 valores                                                       00:02 +1: /home/bootcamp/Proyectos-2026/Proyectos-Varios/Finanzas-Familiares-AS/test/core/constants/enums_test.dart: AccountType tiene 4 valores                                                       00:02 +1: /home/bootcamp/Proyectos-2026/Proyectos-Varios/Finanzas-Familiares-AS/test/core/constants/enums_test.dart: AccountType contiene todos los tipos esperados                                    00:02 +2: /home/bootcamp/Proyectos-2026/Proyectos-Varios/Finanzas-Familiares-AS/test/core/constants/enums_test.dart: AccountType contiene todos los tipos esperados                                    00:02 +2: /home/bootcamp/Proyectos-2026/Proyectos-Varios/Finanzas-Familiares-AS/test/core/constants/enums_test.dart: AccountType asset es el primer valor (índice 0)                                   00:02 +3: /home/bootcamp/Proyectos-2026/Proyectos-Varios/Finanzas-Familiares-AS/test/core/constants/enums_test.dart: AccountType asset es el primer valor (índice 0)                                   00:02 +3: /home/bootcamp/Proyectos-2026/Proyectos-Varios/Finanzas-Familiares-AS/test/core/constants/enums_test.dart: AccountType name retorna el nombre del enum                                       00:02 +4: /home/bootcamp/Proyectos-2026/Proyectos-Varios/Finanzas-Familiares-AS/test/core/constants/enums_test.dart: AccountType name retorna el nombre del enum                                       00:02 +4: /home/bootcamp/Proyectos-2026/Proyectos-Varios/Finanzas-Familiares-AS/test/core/constants/enums_test.dart: AccountType index retorna posición correcta                                       00:02 +5: /home/bootcamp/Proyectos-2026/Proyectos-Varios/Finanzas-Familiares-AS/test/core/constants/enums_test.dart: AccountType index retorna posición correcta                                       00:02 +5: /home/bootcamp/Proyectos-2026/Proyectos-Varios/Finanzas-Familiares-AS/test/core/constants/enums_test.dart: TransactionType tiene 3 valores                                                   00:02 +6: /home/bootcamp/Proyectos-2026/Proyectos-Varios/Finanzas-Familiares-AS/test/core/constants/enums_test.dart: TransactionType tiene 3 valores                                                   00:02 +6: /home/bootcamp/Proyectos-2026/Proyectos-Varios/Finanzas-Familiares-AS/test/core/constants/enums_test.dart: TransactionType contiene todos los tipos esperados                                00:02 +7: /home/bootcamp/Proyectos-2026/Proyectos-Varios/Finanzas-Familiares-AS/test/core/constants/enums_test.dart: TransactionType contiene todos los tipos esperados                                00:02 +7: /home/bootcamp/Proyectos-2026/Proyectos-Varios/Finanzas-Familiares-AS/test/core/constants/enums_test.dart: TransactionType name retorna el nombre del enum                                   00:02 +8: /home/bootcamp/Proyectos-2026/Proyectos-Varios/Finanzas-Familiares-AS/test/core/constants/enums_test.dart: TransactionType name retorna el nombre del enum                                   00:02 +8: /home/bootcamp/Proyectos-2026/Proyectos-Varios/Finanzas-Familiares-AS/test/core/constants/enums_test.dart: TransactionType index retorna posición correcta                                   00:02 +9: /home/bootcamp/Proyectos-2026/Proyectos-Varios/Finanzas-Familiares-AS/test/core/constants/enums_test.dart: TransactionType index retorna posición correcta                                   00:02 +9: /home/bootcamp/Proyectos-2026/Proyectos-Varios/Finanzas-Familiares-AS/test/core/constants/enums_test.dart: SyncStatus tiene 3 valores                                                        00:02 +10: /home/bootcamp/Proyectos-2026/Proyectos-Varios/Finanzas-Familiares-AS/test/core/constants/enums_test.dart: SyncStatus tiene 3 valores                                                       00:02 +10: /home/bootcamp/Proyectos-2026/Proyectos-Varios/Finanzas-Familiares-AS/test/core/constants/enums_test.dart: SyncStatus contiene todos los estados esperados                                  00:02 +11: /home/bootcamp/Proyectos-2026/Proyectos-Varios/Finanzas-Familiares-AS/test/core/constants/enums_test.dart: SyncStatus contiene todos los estados esperados                                  00:02 +11: /home/bootcamp/Proyectos-2026/Proyectos-Varios/Finanzas-Familiares-AS/test/core/constants/enums_test.dart: SyncStatus name retorna el nombre del enum                                       00:02 +12: /home/bootcamp/Proyectos-2026/Proyectos-Varios/Finanzas-Familiares-AS/test/core/constants/enums_test.dart: SyncStatus name retorna el nombre del enum                                       00:02 +12: /home/bootcamp/Proyectos-2026/Proyectos-Varios/Finanzas-Familiares-AS/test/core/constants/enums_test.dart: SyncStatus index retorna posición correcta                                       00:02 +13: /home/bootcamp/Proyectos-2026/Proyectos-Varios/Finanzas-Familiares-AS/test/core/constants/enums_test.dart: SyncStatus index retorna posición correcta                                       00:02 +13: /home/bootcamp/Proyectos-2026/Proyectos-Varios/Finanzas-Familiares-AS/test/core/constants/enums_test.dart: Enum usage patterns AccountType puede usarse en switch                           00:02 +14: /home/bootcamp/Proyectos-2026/Proyectos-Varios/Finanzas-Familiares-AS/test/core/constants/enums_test.dart: Enum usage patterns AccountType puede usarse en switch                           00:02 +14: /home/bootcamp/Proyectos-2026/Proyectos-Varios/Finanzas-Familiares-AS/test/core/constants/enums_test.dart: Enum usage patterns TransactionType puede usarse en condicionales                00:02 +15: /home/bootcamp/Proyectos-2026/Proyectos-Varios/Finanzas-Familiares-AS/test/core/constants/enums_test.dart: Enum usage patterns TransactionType puede usarse en condicionales                00:02 +15: /home/bootcamp/Proyectos-2026/Proyectos-Varios/Finanzas-Familiares-AS/test/core/constants/enums_test.dart: Enum usage patterns SyncStatus permite verificar estado                          00:02 +16: /home/bootcamp/Proyectos-2026/Proyectos-Varios/Finanzas-Familiares-AS/test/core/constants/enums_test.dart: Enum usage patterns SyncStatus permite verificar estado                          00:02 +16: loading /home/bootcamp/Proyectos-2026/Proyectos-Varios/Finanzas-Familiares-AS/test/unit/sync_status_provider_test.dart                                                                      00:02 +16: /home/bootcamp/Proyectos-2026/Proyectos-Varios/Finanzas-Familiares-AS/test/unit/sync_status_provider_test.dart: SyncState crea estado inicial desconectado                                  00:02 +17: /home/bootcamp/Proyectos-2026/Proyectos-Varios/Finanzas-Familiares-AS/test/unit/sync_status_provider_test.dart: SyncState crea estado inicial desconectado                                  00:02 +17: /home/bootcamp/Proyectos-2026/Proyectos-Varios/Finanzas-Familiares-AS/test/unit/sync_status_provider_test.dart: SyncState crea estado conectado                                             00:02 +18: /home/bootcamp/Proyectos-2026/Proyectos-Varios/Finanzas-Familiares-AS/test/unit/sync_status_provider_test.dart: SyncState crea estado conectado                                             00:02 +18: /home/bootcamp/Proyectos-2026/Proyectos-Varios/Finanzas-Familiares-AS/test/unit/sync_status_provider_test.dart: SyncState detecta sincronización activa con downloading                     00:02 +19: /home/bootcamp/Proyectos-2026/Proyectos-Varios/Finanzas-Familiares-AS/test/unit/sync_status_provider_test.dart: SyncState detecta sincronización activa con downloading                     00:02 +19: /home/bootcamp/Proyectos-2026/Proyectos-Varios/Finanzas-Familiares-AS/test/unit/sync_status_provider_test.dart: SyncState detecta sincronización activa con uploading                       00:02 +20: /home/bootcamp/Proyectos-2026/Proyectos-Varios/Finanzas-Familiares-AS/test/unit/sync_status_provider_test.dart: SyncState detecta sincronización activa con uploading                       00:02 +20: /home/bootcamp/Proyectos-2026/Proyectos-Varios/Finanzas-Familiares-AS/test/unit/sync_status_provider_test.dart: SyncState copyWith crea nueva instancia con valores actualizados            00:02 +21: /home/bootcamp/Proyectos-2026/Proyectos-Varios/Finanzas-Familiares-AS/test/unit/sync_status_provider_test.dart: SyncState copyWith crea nueva instancia con valores actualizados            00:02 +21: /home/bootcamp/Proyectos-2026/Proyectos-Varios/Finanzas-Familiares-AS/test/unit/sync_status_provider_test.dart: SyncState copyWith preserva valores no especificados                        00:02 +22: /home/bootcamp/Proyectos-2026/Proyectos-Varios/Finanzas-Familiares-AS/test/unit/sync_status_provider_test.dart: SyncState copyWith preserva valores no especificados                        00:02 +22: /home/bootcamp/Proyectos-2026/Proyectos-Varios/Finanzas-Familiares-AS/test/unit/sync_status_provider_test.dart: SyncStatusNotifier estado inicial es desconectado                           00:02 +23: /home/bootcamp/Proyectos-2026/Proyectos-Varios/Finanzas-Familiares-AS/test/unit/sync_status_provider_test.dart: SyncStatusNotifier estado inicial es desconectado                           00:02 +23: /home/bootcamp/Proyectos-2026/Proyectos-Varios/Finanzas-Familiares-AS/test/unit/sync_status_provider_test.dart: SyncStatusNotifier updateStatus actualiza el estado                         00:02 +24: /home/bootcamp/Proyectos-2026/Proyectos-Varios/Finanzas-Familiares-AS/test/unit/sync_status_provider_test.dart: SyncStatusNotifier updateStatus actualiza el estado                         00:02 +24: /home/bootcamp/Proyectos-2026/Proyectos-Varios/Finanzas-Familiares-AS/test/unit/sync_status_provider_test.dart: SyncStatusNotifier markSynced actualiza lastSyncTime                        00:02 +25: /home/bootcamp/Proyectos-2026/Proyectos-Varios/Finanzas-Familiares-AS/test/unit/sync_status_provider_test.dart: SyncStatusNotifier markSynced actualiza lastSyncTime                        00:02 +25: /home/bootcamp/Proyectos-2026/Proyectos-Varios/Finanzas-Familiares-AS/test/unit/sync_status_provider_test.dart: SyncStatusNotifier addError agrega error a la lista                         00:02 +26: /home/bootcamp/Proyectos-2026/Proyectos-Varios/Finanzas-Familiares-AS/test/unit/sync_status_provider_test.dart: SyncStatusNotifier addError agrega error a la lista                         00:02 +26: /home/bootcamp/Proyectos-2026/Proyectos-Varios/Finanzas-Familiares-AS/test/unit/sync_status_provider_test.dart: SyncStatusNotifier clearErrors limpia la lista de errores                   00:02 +27: /home/bootcamp/Proyectos-2026/Proyectos-Varios/Finanzas-Familiares-AS/test/unit/sync_status_provider_test.dart: SyncStatusNotifier clearErrors limpia la lista de errores                   00:02 +27: /home/bootcamp/Proyectos-2026/Proyectos-Varios/Finanzas-Familiares-AS/test/unit/sync_status_provider_test.dart: SyncStatusNotifier setOfflineMode establece estado offline                  00:02 +28: /home/bootcamp/Proyectos-2026/Proyectos-Varios/Finanzas-Familiares-AS/test/unit/sync_status_provider_test.dart: SyncStatusNotifier setOfflineMode establece estado offline                  00:02 +28: /home/bootcamp/Proyectos-2026/Proyectos-Varios/Finanzas-Familiares-AS/test/unit/sync_status_provider_test.dart: Providers Derivados isConnectedProvider refleja estado de conexión          00:02 +29: /home/bootcamp/Proyectos-2026/Proyectos-Varios/Finanzas-Familiares-AS/test/unit/sync_status_provider_test.dart: Providers Derivados isConnectedProvider refleja estado de conexión          00:02 +29: /home/bootcamp/Proyectos-2026/Proyectos-Varios/Finanzas-Familiares-AS/test/unit/sync_status_provider_test.dart: Providers Derivados isSyncingProvider refleja estado de sincronización      00:02 +30: /home/bootcamp/Proyectos-2026/Proyectos-Varios/Finanzas-Familiares-AS/test/unit/sync_status_provider_test.dart: Providers Derivados isSyncingProvider refleja estado de sincronización      00:02 +30: /home/bootcamp/Proyectos-2026/Proyectos-Varios/Finanzas-Familiares-AS/test/unit/sync_status_provider_test.dart: Providers Derivados syncErrorsProvider refleja errores                      00:02 +31: /home/bootcamp/Proyectos-2026/Proyectos-Varios/Finanzas-Familiares-AS/test/unit/sync_status_provider_test.dart: Providers Derivados syncErrorsProvider refleja errores                      00:02 +31: /home/bootcamp/Proyectos-2026/Proyectos-Varios/Finanzas-Familiares-AS/test/unit/sync_status_provider_test.dart: Providers Derivados lastSyncTimeProvider refleja última sincronización      00:02 +32: /home/bootcamp/Proyectos-2026/Proyectos-Varios/Finanzas-Familiares-AS/test/unit/sync_status_provider_test.dart: Providers Derivados lastSyncTimeProvider refleja última sincronización      00:02 +32: loading /home/bootcamp/Proyectos-2026/Proyectos-Varios/Finanzas-Familiares-AS/test/unit/entities_test.dart                                                                                  00:02 +32: /home/bootcamp/Proyectos-2026/Proyectos-Varios/Finanzas-Familiares-AS/test/unit/entities_test.dart: Category Entity crea categoría con valores requeridos                                   00:02 +33: /home/bootcamp/Proyectos-2026/Proyectos-Varios/Finanzas-Familiares-AS/test/unit/entities_test.dart: Category Entity crea categoría con valores requeridos                                   00:02 +33: /home/bootcamp/Proyectos-2026/Proyectos-Varios/Finanzas-Familiares-AS/test/unit/entities_test.dart: Category Entity isRoot es true cuando level es 0                                        00:02 +34: /home/bootcamp/Proyectos-2026/Proyectos-Varios/Finanzas-Familiares-AS/test/unit/entities_test.dart: Category Entity isRoot es true cuando level es 0                                        00:02 +34: /home/bootcamp/Proyectos-2026/Proyectos-Varios/Finanzas-Familiares-AS/test/unit/entities_test.dart: Category Entity hasParent es true cuando parentId no es null                            00:02 +35: /home/bootcamp/Proyectos-2026/Proyectos-Varios/Finanzas-Familiares-AS/test/unit/entities_test.dart: Category Entity hasParent es true cuando parentId no es null                            00:02 +35: /home/bootcamp/Proyectos-2026/Proyectos-Varios/Finanzas-Familiares-AS/test/unit/entities_test.dart: Category Entity typeName retorna nombre en español                                      00:02 +36: /home/bootcamp/Proyectos-2026/Proyectos-Varios/Finanzas-Familiares-AS/test/unit/entities_test.dart: Category Entity typeName retorna nombre en español                                      00:02 +36: /home/bootcamp/Proyectos-2026/Proyectos-Varios/Finanzas-Familiares-AS/test/unit/entities_test.dart: Category Entity copyWith crea copia modificada                                          00:02 +37: /home/bootcamp/Proyectos-2026/Proyectos-Varios/Finanzas-Familiares-AS/test/unit/entities_test.dart: Category Entity copyWith crea copia modificada                                          00:02 +37: /home/bootcamp/Proyectos-2026/Proyectos-Varios/Finanzas-Familiares-AS/test/unit/entities_test.dart: Account Entity crea cuenta con valores por defecto                                      00:02 +38: /home/bootcamp/Proyectos-2026/Proyectos-Varios/Finanzas-Familiares-AS/test/unit/entities_test.dart: Account Entity crea cuenta con valores por defecto                                      00:02 +38: /home/bootcamp/Proyectos-2026/Proyectos-Varios/Finanzas-Familiares-AS/test/unit/entities_test.dart: Account Entity hasPositiveBalance es true con saldo positivo                            00:02 +39: /home/bootcamp/Proyectos-2026/Proyectos-Varios/Finanzas-Familiares-AS/test/unit/entities_test.dart: Account Entity hasPositiveBalance es true con saldo positivo                            00:02 +39: /home/bootcamp/Proyectos-2026/Proyectos-Varios/Finanzas-Familiares-AS/test/unit/entities_test.dart: Account Entity hasNegativeBalance es true con deuda                                     00:02 +40: /home/bootcamp/Proyectos-2026/Proyectos-Varios/Finanzas-Familiares-AS/test/unit/entities_test.dart: Account Entity hasNegativeBalance es true con deuda                                     00:02 +40: /home/bootcamp/Proyectos-2026/Proyectos-Varios/Finanzas-Familiares-AS/test/unit/entities_test.dart: Account Entity formattedBalance muestra signo correcto                                  00:02 +41: /home/bootcamp/Proyectos-2026/Proyectos-Varios/Finanzas-Familiares-AS/test/unit/entities_test.dart: Account Entity formattedBalance muestra signo correcto                                  00:02 +41: /home/bootcamp/Proyectos-2026/Proyectos-Varios/Finanzas-Familiares-AS/test/unit/entities_test.dart: Transaction Entity crea transacción de ingreso                                          00:02 +42: /home/bootcamp/Proyectos-2026/Proyectos-Varios/Finanzas-Familiares-AS/test/unit/entities_test.dart: Transaction Entity crea transacción de ingreso                                          00:02 +42: /home/bootcamp/Proyectos-2026/Proyectos-Varios/Finanzas-Familiares-AS/test/unit/entities_test.dart: Transaction Entity signedAmount es positivo para ingresos                               00:02 +43: /home/bootcamp/Proyectos-2026/Proyectos-Varios/Finanzas-Familiares-AS/test/unit/entities_test.dart: Transaction Entity signedAmount es positivo para ingresos                               00:02 +43: /home/bootcamp/Proyectos-2026/Proyectos-Varios/Finanzas-Familiares-AS/test/unit/entities_test.dart: Transaction Entity signedAmount es negativo para gastos                                 00:02 +44: /home/bootcamp/Proyectos-2026/Proyectos-Varios/Finanzas-Familiares-AS/test/unit/entities_test.dart: Transaction Entity signedAmount es negativo para gastos                                 00:02 +44: /home/bootcamp/Proyectos-2026/Proyectos-Varios/Finanzas-Familiares-AS/test/unit/entities_test.dart: Transaction Entity typeName retorna nombre en español                                   00:02 +45: /home/bootcamp/Proyectos-2026/Proyectos-Varios/Finanzas-Familiares-AS/test/unit/entities_test.dart: Transaction Entity typeName retorna nombre en español                                   00:02 +45: /home/bootcamp/Proyectos-2026/Proyectos-Varios/Finanzas-Familiares-AS/test/unit/entities_test.dart: Budget Entity crea presupuesto mensual                                                  00:02 +46: /home/bootcamp/Proyectos-2026/Proyectos-Varios/Finanzas-Familiares-AS/test/unit/entities_test.dart: Budget Entity crea presupuesto mensual                                                  00:02 +46: /home/bootcamp/Proyectos-2026/Proyectos-Varios/Finanzas-Familiares-AS/test/unit/entities_test.dart: Budget Entity percentageUsed calcula correctamente                                      00:02 +47: /home/bootcamp/Proyectos-2026/Proyectos-Varios/Finanzas-Familiares-AS/test/unit/entities_test.dart: Budget Entity percentageUsed calcula correctamente                                      00:02 +47: /home/bootcamp/Proyectos-2026/Proyectos-Varios/Finanzas-Familiares-AS/test/unit/entities_test.dart: Budget Entity status retorna semáforo correcto                                          00:02 +48: /home/bootcamp/Proyectos-2026/Proyectos-Varios/Finanzas-Familiares-AS/test/unit/entities_test.dart: Budget Entity status retorna semáforo correcto                                          00:02 +48: /home/bootcamp/Proyectos-2026/Proyectos-Varios/Finanzas-Familiares-AS/test/unit/entities_test.dart: Budget Entity isExceeded detecta presupuesto excedido                                   00:02 +49: /home/bootcamp/Proyectos-2026/Proyectos-Varios/Finanzas-Familiares-AS/test/unit/entities_test.dart: Budget Entity isExceeded detecta presupuesto excedido                                   00:02 +49: /home/bootcamp/Proyectos-2026/Proyectos-Varios/Finanzas-Familiares-AS/test/unit/entities_test.dart: Budget Entity periodName formatea mes y año                                             00:02 +50: /home/bootcamp/Proyectos-2026/Proyectos-Varios/Finanzas-Familiares-AS/test/unit/entities_test.dart: Budget Entity periodName formatea mes y año                                             00:02 +50: /home/bootcamp/Proyectos-2026/Proyectos-Varios/Finanzas-Familiares-AS/test/unit/entities_test.dart: NetWorthSummary Entity calcula patrimonio neto                                          00:02 +51: /home/bootcamp/Proyectos-2026/Proyectos-Varios/Finanzas-Familiares-AS/test/unit/entities_test.dart: NetWorthSummary Entity calcula patrimonio neto                                          00:02 +51: /home/bootcamp/Proyectos-2026/Proyectos-Varios/Finanzas-Familiares-AS/test/unit/entities_test.dart: NetWorthSummary Entity detecta patrimonio negativo                                      00:02 +52: /home/bootcamp/Proyectos-2026/Proyectos-Varios/Finanzas-Familiares-AS/test/unit/entities_test.dart: NetWorthSummary Entity detecta patrimonio negativo                                      00:02 +52: /home/bootcamp/Proyectos-2026/Proyectos-Varios/Finanzas-Familiares-AS/test/unit/entities_test.dart: NetWorthSummary Entity calcula ratio de deuda                                           00:02 +53: /home/bootcamp/Proyectos-2026/Proyectos-Varios/Finanzas-Familiares-AS/test/unit/entities_test.dart: NetWorthSummary Entity calcula ratio de deuda                                           00:02 +53: /home/bootcamp/Proyectos-2026/Proyectos-Varios/Finanzas-Familiares-AS/test/unit/entities_test.dart: MonthlyFlowSummary Entity calcula balance neto                                          00:02 +54: /home/bootcamp/Proyectos-2026/Proyectos-Varios/Finanzas-Familiares-AS/test/unit/entities_test.dart: MonthlyFlowSummary Entity calcula balance neto                                          00:02 +54: /home/bootcamp/Proyectos-2026/Proyectos-Varios/Finanzas-Familiares-AS/test/unit/entities_test.dart: MonthlyFlowSummary Entity detecta sobregasto                                            00:02 +55: /home/bootcamp/Proyectos-2026/Proyectos-Varios/Finanzas-Familiares-AS/test/unit/entities_test.dart: MonthlyFlowSummary Entity detecta sobregasto                                            00:02 +55: /home/bootcamp/Proyectos-2026/Proyectos-Varios/Finanzas-Familiares-AS/test/unit/entities_test.dart: MonthlyFlowSummary Entity calcula tasa de ahorro                                        00:02 +56: /home/bootcamp/Proyectos-2026/Proyectos-Varios/Finanzas-Familiares-AS/test/unit/entities_test.dart: MonthlyFlowSummary Entity calcula tasa de ahorro                                        00:02 +56: /home/bootcamp/Proyectos-2026/Proyectos-Varios/Finanzas-Familiares-AS/test/unit/entities_test.dart: MonthlyFlowSummary Entity periodName formatea correctamente                             00:02 +57: /home/bootcamp/Proyectos-2026/Proyectos-Varios/Finanzas-Familiares-AS/test/unit/entities_test.dart: MonthlyFlowSummary Entity periodName formatea correctamente                             00:02 +57: /home/bootcamp/Proyectos-2026/Proyectos-Varios/Finanzas-Familiares-AS/test/unit/entities_test.dart: CategorySpending Entity calcula porcentaje de presupuesto                               00:02 +58: /home/bootcamp/Proyectos-2026/Proyectos-Varios/Finanzas-Familiares-AS/test/unit/entities_test.dart: CategorySpending Entity calcula porcentaje de presupuesto                               00:02 +58: /home/bootcamp/Proyectos-2026/Proyectos-Varios/Finanzas-Familiares-AS/test/unit/entities_test.dart: CategorySpending Entity detecta presupuesto excedido                                    00:02 +59: /home/bootcamp/Proyectos-2026/Proyectos-Varios/Finanzas-Familiares-AS/test/unit/entities_test.dart: CategorySpending Entity detecta presupuesto excedido                                    00:02 +59: /home/bootcamp/Proyectos-2026/Proyectos-Varios/Finanzas-Familiares-AS/test/unit/entities_test.dart: AvailableBalance Entity calcula saldo disponible real                                   00:02 +60: /home/bootcamp/Proyectos-2026/Proyectos-Varios/Finanzas-Familiares-AS/test/unit/entities_test.dart: AvailableBalance Entity calcula saldo disponible real                                   00:02 +60: /home/bootcamp/Proyectos-2026/Proyectos-Varios/Finanzas-Familiares-AS/test/unit/entities_test.dart: AvailableBalance Entity detecta saldo negativo                                          00:02 +61: /home/bootcamp/Proyectos-2026/Proyectos-Varios/Finanzas-Familiares-AS/test/unit/entities_test.dart: AvailableBalance Entity detecta saldo negativo                                          00:02 +61: /home/bootcamp/Proyectos-2026/Proyectos-Varios/Finanzas-Familiares-AS/test/unit/entities_test.dart: AvailableBalance Entity calcula ratio de cobertura                                      00:02 +62: /home/bootcamp/Proyectos-2026/Proyectos-Varios/Finanzas-Familiares-AS/test/unit/entities_test.dart: AvailableBalance Entity calcula ratio de cobertura                                      00:03 +62: /home/bootcamp/Proyectos-2026/Proyectos-Varios/Finanzas-Familiares-AS/test/unit/entities_test.dart: AvailableBalance Entity calcula ratio de cobertura                                      00:03 +62: loading /home/bootcamp/Proyectos-2026/Proyectos-Varios/Finanzas-Familiares-AS/test/unit/accounting_service_test.dart                                                                        00:03 +62: /home/bootcamp/Proyectos-2026/Proyectos-Varios/Finanzas-Familiares-AS/test/unit/accounting_service_test.dart: ... registra gasto con partida doble: Débito en Gasto, Crédito en Activo      00:04 +62: /home/bootcamp/Proyectos-2026/Proyectos-Varios/Finanzas-Familiares-AS/test/unit/accounting_service_test.dart: ... registra gasto con partida doble: Débito en Gasto, Crédito en Activo      00:04 +63: /home/bootcamp/Proyectos-2026/Proyectos-Varios/Finanzas-Familiares-AS/test/unit/accounting_service_test.dart: ... registra gasto con partida doble: Débito en Gasto, Crédito en Activo      00:04 +63: /home/bootcamp/Proyectos-2026/Proyectos-Varios/Finanzas-Familiares-AS/test/unit/accounting_service_test.dart: ... - Registro de Gastos la partida doble está balanceada (débitos = créditos)00:04 +64: /home/bootcamp/Proyectos-2026/Proyectos-Varios/Finanzas-Familiares-AS/test/unit/accounting_service_test.dart: ... - Registro de Gastos la partida doble está balanceada (débitos = créditos)00:04 +64: /home/bootcamp/Proyectos-2026/Proyectos-Varios/Finanzas-Familiares-AS/test/unit/accounting_service_test.dart: ... de Gastos actualiza el saldo de la cuenta de pago después del gasto       00:04 +65: /home/bootcamp/Proyectos-2026/Proyectos-Varios/Finanzas-Familiares-AS/test/unit/accounting_service_test.dart: ... de Gastos actualiza el saldo de la cuenta de pago después del gasto       00:04 +65: /home/bootcamp/Proyectos-2026/Proyectos-Varios/Finanzas-Familiares-AS/test/unit/accounting_service_test.dart: ... registra ingreso con partida doble: Débito en Activo, Crédito en Ingreso  00:04 +66: /home/bootcamp/Proyectos-2026/Proyectos-Varios/Finanzas-Familiares-AS/test/unit/accounting_service_test.dart: ... registra ingreso con partida doble: Débito en Activo, Crédito en Ingreso  00:04 +66: /home/bootcamp/Proyectos-2026/Proyectos-Varios/Finanzas-Familiares-AS/test/unit/accounting_service_test.dart: ... de Ingresos actualiza el saldo de la cuenta destino después del ingreso   00:04 +67: /home/bootcamp/Proyectos-2026/Proyectos-Varios/Finanzas-Familiares-AS/test/unit/accounting_service_test.dart: ... de Ingresos actualiza el saldo de la cuenta destino después del ingreso   00:04 +67: /home/bootcamp/Proyectos-2026/Proyectos-Varios/Finanzas-Familiares-AS/test/unit/accounting_service_test.dart: ... registra transferencia: Débito en cuenta destino, Crédito en cuenta origen00:04 +68: /home/bootcamp/Proyectos-2026/Proyectos-Varios/Finanzas-Familiares-AS/test/unit/accounting_service_test.dart: ... registra transferencia: Débito en cuenta destino, Crédito en cuenta origen00:04 +68: /home/bootcamp/Proyectos-2026/Proyectos-Varios/Finanzas-Familiares-AS/test/unit/accounting_service_test.dart: ... - Transferencias actualiza ambos saldos correctamente en transferencia    00:04 +69: /home/bootcamp/Proyectos-2026/Proyectos-Varios/Finanzas-Familiares-AS/test/unit/accounting_service_test.dart: ... - Transferencias actualiza ambos saldos correctamente en transferencia    00:04 +69: /home/bootcamp/Proyectos-2026/Proyectos-Varios/Finanzas-Familiares-AS/test/unit/accounting_service_test.dart: ... de Pasivos registra pago de tarjeta: Débito en Pasivo, Crédito en Activo  00:04 +70: /home/bootcamp/Proyectos-2026/Proyectos-Varios/Finanzas-Familiares-AS/test/unit/accounting_service_test.dart: ... de Pasivos registra pago de tarjeta: Débito en Pasivo, Crédito en Activo  00:04 +70: /home/bootcamp/Proyectos-2026/Proyectos-Varios/Finanzas-Familiares-AS/test/unit/accounting_service_test.dart: ... - Pago de Pasivos reduce el saldo del pasivo después del pago             00:04 +71: /home/bootcamp/Proyectos-2026/Proyectos-Varios/Finanzas-Familiares-AS/test/unit/accounting_service_test.dart: ... - Pago de Pasivos reduce el saldo del pasivo después del pago             00:04 +71: /home/bootcamp/Proyectos-2026/Proyectos-Varios/Finanzas-Familiares-AS/test/unit/accounting_service_test.dart: ... - Balance de Cuentas calcula el balance correcto usando asientos contables00:04 +72: /home/bootcamp/Proyectos-2026/Proyectos-Varios/Finanzas-Familiares-AS/test/unit/accounting_service_test.dart: ... - Balance de Cuentas calcula el balance correcto usando asientos contables00:04 +72: /home/bootcamp/Proyectos-2026/Proyectos-Varios/Finanzas-Familiares-AS/test/unit/accounting_service_test.dart: ... - Validaciones lanza excepción si el monto es negativo o cero             00:04 +73: /home/bootcamp/Proyectos-2026/Proyectos-Varios/Finanzas-Familiares-AS/test/unit/accounting_service_test.dart: ... - Validaciones lanza excepción si el monto es negativo o cero             00:04 +73: /home/bootcamp/Proyectos-2026/Proyectos-Varios/Finanzas-Familiares-AS/test/unit/accounting_service_test.dart: AccountingService - Validaciones lanza excepción si la cuenta no existe       00:04 +74: /home/bootcamp/Proyectos-2026/Proyectos-Varios/Finanzas-Familiares-AS/test/unit/accounting_service_test.dart: AccountingService - Validaciones lanza excepción si la cuenta no existe       00:04 +74: loading /home/bootcamp/Proyectos-2026/Proyectos-Varios/Finanzas-Familiares-AS/test/unit/auto_backup_service_test.dart                                                                       00:04 +74: /home/bootcamp/Proyectos-2026/Proyectos-Varios/Finanzas-Familiares-AS/test/unit/auto_backup_service_test.dart: AutoBackupConfig configuración por defecto correcta                          00:04 +75: /home/bootcamp/Proyectos-2026/Proyectos-Varios/Finanzas-Familiares-AS/test/unit/accounting_service_crud_test.dart: ... Transacción deleteTransaction elimina gasto y revierte balance       00:04 +76: /home/bootcamp/Proyectos-2026/Proyectos-Varios/Finanzas-Familiares-AS/test/unit/accounting_service_crud_test.dart: ... Transacción deleteTransaction elimina gasto y revierte balance       00:04 +77: /home/bootcamp/Proyectos-2026/Proyectos-Varios/Finanzas-Familiares-AS/test/unit/accounting_service_crud_test.dart: ... Transacción deleteTransaction elimina gasto y revierte balance       00:04 +78: /home/bootcamp/Proyectos-2026/Proyectos-Varios/Finanzas-Familiares-AS/test/unit/accounting_service_crud_test.dart: ... Transacción deleteTransaction elimina gasto y revierte balance       00:04 +79: /home/bootcamp/Proyectos-2026/Proyectos-Varios/Finanzas-Familiares-AS/test/unit/accounting_service_crud_test.dart: ... Transacción deleteTransaction elimina gasto y revierte balance       00:04 +80: /home/bootcamp/Proyectos-2026/Proyectos-Varios/Finanzas-Familiares-AS/test/unit/accounting_service_crud_test.dart: ... Transacción deleteTransaction elimina gasto y revierte balance       00:04 +81: /home/bootcamp/Proyectos-2026/Proyectos-Varios/Finanzas-Familiares-AS/test/unit/accounting_service_crud_test.dart: ... Transacción deleteTransaction elimina gasto y revierte balance       00:04 +82: /home/bootcamp/Proyectos-2026/Proyectos-Varios/Finanzas-Familiares-AS/test/unit/accounting_service_crud_test.dart: ... Transacción deleteTransaction elimina gasto y revierte balance       00:04 +83: /home/bootcamp/Proyectos-2026/Proyectos-Varios/Finanzas-Familiares-AS/test/unit/accounting_service_crud_test.dart: ... Transacción deleteTransaction elimina gasto y revierte balance       00:04 +84: /home/bootcamp/Proyectos-2026/Proyectos-Varios/Finanzas-Familiares-AS/test/unit/auto_backup_service_test.dart: AutoBackupService - Limpieza elimina backups antiguos al exceder máximo      00:04 +85: /home/bootcamp/Proyectos-2026/Proyectos-Varios/Finanzas-Familiares-AS/test/unit/auto_backup_service_test.dart: AutoBackupService - Limpieza elimina backups antiguos al exceder máximo      00:04 +86: /home/bootcamp/Proyectos-2026/Proyectos-Varios/Finanzas-Familiares-AS/test/unit/auto_backup_service_test.dart: AutoBackupService - Limpieza elimina backups antiguos al exceder máximo      00:04 +87: /home/bootcamp/Proyectos-2026/Proyectos-Varios/Finanzas-Familiares-AS/test/unit/auto_backup_service_test.dart: AutoBackupService - Limpieza elimina backups antiguos al exceder máximo      00:04 +88: /home/bootcamp/Proyectos-2026/Proyectos-Varios/Finanzas-Familiares-AS/test/unit/auto_backup_service_test.dart: AutoBackupService - Limpieza elimina backups antiguos al exceder máximo      00:04 +89: /home/bootcamp/Proyectos-2026/Proyectos-Varios/Finanzas-Familiares-AS/test/unit/auto_backup_service_test.dart: AutoBackupService - Limpieza elimina backups antiguos al exceder máximo      00:04 +90: /home/bootcamp/Proyectos-2026/Proyectos-Varios/Finanzas-Familiares-AS/test/unit/auto_backup_service_test.dart: AutoBackupService - Limpieza elimina backups antiguos al exceder máximo      00:04 +91: /home/bootcamp/Proyectos-2026/Proyectos-Varios/Finanzas-Familiares-AS/test/unit/auto_backup_service_test.dart: AutoBackupService - Limpieza elimina backups antiguos al exceder máximo      00:04 +92: /home/bootcamp/Proyectos-2026/Proyectos-Varios/Finanzas-Familiares-AS/test/unit/auto_backup_service_test.dart: AutoBackupService - Limpieza elimina backups antiguos al exceder máximo      00:04 +93: /home/bootcamp/Proyectos-2026/Proyectos-Varios/Finanzas-Familiares-AS/test/unit/auto_backup_service_test.dart: AutoBackupService - Limpieza elimina backups antiguos al exceder máximo      00:04 +94: /home/bootcamp/Proyectos-2026/Proyectos-Varios/Finanzas-Familiares-AS/test/unit/auto_backup_service_test.dart: AutoBackupService - Limpieza elimina backups antiguos al exceder máximo      00:04 +95: /home/bootcamp/Proyectos-2026/Proyectos-Varios/Finanzas-Familiares-AS/test/unit/auto_backup_service_test.dart: AutoBackupService - Limpieza elimina backups antiguos al exceder máximo      00:04 +96: /home/bootcamp/Proyectos-2026/Proyectos-Varios/Finanzas-Familiares-AS/test/unit/auto_backup_service_test.dart: AutoBackupService - Limpieza elimina backups antiguos al exceder máximo      00:04 +97: /home/bootcamp/Proyectos-2026/Proyectos-Varios/Finanzas-Familiares-AS/test/unit/auto_backup_service_test.dart: AutoBackupService - Limpieza elimina backups antiguos al exceder máximo      00:04 +98: /home/bootcamp/Proyectos-2026/Proyectos-Varios/Finanzas-Familiares-AS/test/unit/auto_backup_service_test.dart: AutoBackupService - Limpieza elimina backups antiguos al exceder máximo      00:04 +99: /home/bootcamp/Proyectos-2026/Proyectos-Varios/Finanzas-Familiares-AS/test/unit/auto_backup_service_test.dart: AutoBackupService - Limpieza elimina backups antiguos al exceder máximo      00:04 +100: /home/bootcamp/Proyectos-2026/Proyectos-Varios/Finanzas-Familiares-AS/test/unit/auto_backup_service_test.dart: AutoBackupService - Limpieza elimina backups antiguos al exceder máximo     00:04 +101: /home/bootcamp/Proyectos-2026/Proyectos-Varios/Finanzas-Familiares-AS/test/unit/auto_backup_service_test.dart: AutoBackupService - Limpieza elimina backups antiguos al exceder máximo     00:04 +102: /home/bootcamp/Proyectos-2026/Proyectos-Varios/Finanzas-Familiares-AS/test/unit/auto_backup_service_test.dart: AutoBackupService - Limpieza elimina backups antiguos al exceder máximo     00:04 +103: /home/bootcamp/Proyectos-2026/Proyectos-Varios/Finanzas-Familiares-AS/test/unit/auto_backup_service_test.dart: AutoBackupService - Limpieza elimina backups antiguos al exceder máximo     00:04 +104: /home/bootcamp/Proyectos-2026/Proyectos-Varios/Finanzas-Familiares-AS/test/unit/auto_backup_service_test.dart: AutoBackupService - Limpieza elimina backups antiguos al exceder máximo     00:04 +105: /home/bootcamp/Proyectos-2026/Proyectos-Varios/Finanzas-Familiares-AS/test/unit/auto_backup_service_test.dart: AutoBackupService - Limpieza elimina backups antiguos al exceder máximo     00:04 +106: /home/bootcamp/Proyectos-2026/Proyectos-Varios/Finanzas-Familiares-AS/test/unit/auto_backup_service_test.dart: AutoBackupService - Limpieza elimina backups antiguos al exceder máximo     00:04 +107: /home/bootcamp/Proyectos-2026/Proyectos-Varios/Finanzas-Familiares-AS/test/unit/auto_backup_service_test.dart: AutoBackupService - Limpieza elimina backups antiguos al exceder máximo     00:04 +108: /home/bootcamp/Proyectos-2026/Proyectos-Varios/Finanzas-Familiares-AS/test/unit/auto_backup_service_test.dart: AutoBackupService - Limpieza elimina backups antiguos al exceder máximo     00:05 +108: /home/bootcamp/Proyectos-2026/Proyectos-Varios/Finanzas-Familiares-AS/test/unit/auto_backup_service_test.dart: AutoBackupService - Limpieza elimina backups antiguos al exceder máximo     00:05 +109: /home/bootcamp/Proyectos-2026/Proyectos-Varios/Finanzas-Familiares-AS/test/unit/auto_backup_service_test.dart: AutoBackupService - Limpieza elimina backups antiguos al exceder máximo     00:05 +110: /home/bootcamp/Proyectos-2026/Proyectos-Varios/Finanzas-Familiares-AS/test/unit/auto_backup_service_test.dart: AutoBackupService - Limpieza elimina backups antiguos al exceder máximo     00:05 +111: /home/bootcamp/Proyectos-2026/Proyectos-Varios/Finanzas-Familiares-AS/test/unit/auto_backup_service_test.dart: AutoBackupService - Limpieza elimina backups antiguos al exceder máximo     00:05 +112: /home/bootcamp/Proyectos-2026/Proyectos-Varios/Finanzas-Familiares-AS/test/unit/auto_backup_service_test.dart: AutoBackupService - Limpieza elimina backups antiguos al exceder máximo     00:05 +113: /home/bootcamp/Proyectos-2026/Proyectos-Varios/Finanzas-Familiares-AS/test/unit/places_seeder_test.dart: Places Seeder debe sembrar farmacias                                              00:05 +114: /home/bootcamp/Proyectos-2026/Proyectos-Varios/Finanzas-Familiares-AS/test/unit/auto_backup_service_test.dart: AutoBackupService - Limpieza mantiene los backups más recientes             00:05 +115: /home/bootcamp/Proyectos-2026/Proyectos-Varios/Finanzas-Familiares-AS/test/unit/auto_backup_service_test.dart: AutoBackupService - Limpieza mantiene los backups más recientes             00:05 +116: /home/bootcamp/Proyectos-2026/Proyectos-Varios/Finanzas-Familiares-AS/test/unit/auto_backup_service_test.dart: AutoBackupService - Limpieza mantiene los backups más recientes             00:05 +117: /home/bootcamp/Proyectos-2026/Proyectos-Varios/Finanzas-Familiares-AS/test/unit/auto_backup_service_test.dart: AutoBackupService - Limpieza mantiene los backups más recientes             00:05 +118: /home/bootcamp/Proyectos-2026/Proyectos-Varios/Finanzas-Familiares-AS/test/unit/auto_backup_service_test.dart: AutoBackupService - Limpieza mantiene los backups más recientes             00:05 +119: /home/bootcamp/Proyectos-2026/Proyectos-Varios/Finanzas-Familiares-AS/test/unit/auto_backup_service_test.dart: AutoBackupService - Limpieza mantiene los backups más recientes             00:05 +120: /home/bootcamp/Proyectos-2026/Proyectos-Varios/Finanzas-Familiares-AS/test/unit/auto_backup_service_test.dart: AutoBackupService - Limpieza mantiene los backups más recientes             00:05 +121: /home/bootcamp/Proyectos-2026/Proyectos-Varios/Finanzas-Familiares-AS/test/unit/auto_backup_service_test.dart: AutoBackupService - Limpieza mantiene los backups más recientes             00:05 +122: /home/bootcamp/Proyectos-2026/Proyectos-Varios/Finanzas-Familiares-AS/test/unit/auto_backup_service_test.dart: AutoBackupService - Limpieza mantiene los backups más recientes             00:05 +123: /home/bootcamp/Proyectos-2026/Proyectos-Varios/Finanzas-Familiares-AS/test/unit/backup_provider_test.dart: BackupState estado inicial correcto                                             00:05 +124: /home/bootcamp/Proyectos-2026/Proyectos-Varios/Finanzas-Familiares-AS/test/unit/backup_provider_test.dart: BackupState estado inicial correcto                                             00:05 +125: /home/bootcamp/Proyectos-2026/Proyectos-Varios/Finanzas-Familiares-AS/test/unit/backup_provider_test.dart: BackupState estado inicial correcto                                             00:05 +126: /home/bootcamp/Proyectos-2026/Proyectos-Varios/Finanzas-Familiares-AS/test/unit/backup_provider_test.dart: BackupState estado inicial correcto                                             00:05 +127: /home/bootcamp/Proyectos-2026/Proyectos-Varios/Finanzas-Familiares-AS/test/unit/backup_provider_test.dart: BackupState estado inicial correcto                                             00:05 +127: /home/bootcamp/Proyectos-2026/Proyectos-Varios/Finanzas-Familiares-AS/test/unit/backup_provider_test.dart: BackupState copyWith actualiza valores                                          00:05 +128: /home/bootcamp/Proyectos-2026/Proyectos-Varios/Finanzas-Familiares-AS/test/unit/backup_service_test.dart: BackupService - Crear Backup crea backup exitoso con metadata                    00:05 +129: /home/bootcamp/Proyectos-2026/Proyectos-Varios/Finanzas-Familiares-AS/test/unit/backup_service_test.dart: BackupService - Crear Backup crea backup exitoso con metadata                    00:05 +130: /home/bootcamp/Proyectos-2026/Proyectos-Varios/Finanzas-Familiares-AS/test/unit/backup_service_test.dart: BackupService - Crear Backup crea backup exitoso con metadata                    00:05 +131: /home/bootcamp/Proyectos-2026/Proyectos-Varios/Finanzas-Familiares-AS/test/unit/backup_service_test.dart: BackupService - Crear Backup crea backup exitoso con metadata                    00:05 +132: /home/bootcamp/Proyectos-2026/Proyectos-Varios/Finanzas-Familiares-AS/test/unit/backup_service_test.dart: BackupService - Crear Backup crea backup exitoso con metadata                    00:05 +133: /home/bootcamp/Proyectos-2026/Proyectos-Varios/Finanzas-Familiares-AS/test/unit/backup_service_test.dart: BackupService - Crear Backup crea backup exitoso con metadata                    00:05 +134: /home/bootcamp/Proyectos-2026/Proyectos-Varios/Finanzas-Familiares-AS/test/unit/backup_service_test.dart: BackupService - Crear Backup crea backup exitoso con metadata                    00:05 +135: /home/bootcamp/Proyectos-2026/Proyectos-Varios/Finanzas-Familiares-AS/test/unit/backup_service_test.dart: BackupService - Crear Backup crea backup exitoso con metadata                    00:05 +136: /home/bootcamp/Proyectos-2026/Proyectos-Varios/Finanzas-Familiares-AS/test/unit/measurement_units_seeder_test.dart: ... Units Seeder debe sembrar unidades de peso con Libra como base     00:05 +137: /home/bootcamp/Proyectos-2026/Proyectos-Varios/Finanzas-Familiares-AS/test/unit/measurement_units_seeder_test.dart: ... Units Seeder debe sembrar unidades de peso con Libra como base     00:05 +137: /home/bootcamp/Proyectos-2026/Proyectos-Varios/Finanzas-Familiares-AS/test/unit/backup_service_test.dart: BackupService - Crear Backup backup incluye todos los datos                      
WARNING (drift): It looks like you've created the database class AppDatabase multiple times. When these two databases use the same QueryExecutor, race conditions will occur and might corrupt the database. 
Try to follow the advice at https://drift.simonbinder.eu/faq/#using-the-database or, if you know what you're doing, set driftRuntimeOptions.dontWarnAboutMultipleDatabases = true
Here is the stacktrace from when the database was opened a second time:
#0      GeneratedDatabase._handleInstantiated (package:drift/src/runtime/api/db_base.dart:96:30)
#1      GeneratedDatabase._whenConstructed (package:drift/src/runtime/api/db_base.dart:73:12)
#2      new GeneratedDatabase (package:drift/src/runtime/api/db_base.dart:64:5)
#3      new _$AppDatabase (package:finanzas_familiares/data/local/database.g.dart:14435:36)
#4      new AppDatabase.forTesting (package:finanzas_familiares/data/local/database.dart)
#5      main.<anonymous closure>.<anonymous closure> (file:///home/bootcamp/Proyectos-2026/Proyectos-Varios/Finanzas-Familiares-AS/test/unit/backup_service_test.dart:65:36)
<asynchronous suspension>
#6      Declarer.test.<anonymous closure>.<anonymous closure> (package:test_api/src/backend/declarer.dart:242:9)
<asynchronous suspension>
#7      Declarer.test.<anonymous closure> (package:test_api/src/backend/declarer.dart:240:7)
<asynchronous suspension>
#8      Invoker._waitForOutstandingCallbacks.<anonymous closure> (package:test_api/src/backend/invoker.dart:282:9)
<asynchronous suspension>
This warning will only appear on debug builds.
00:05 +138: /home/bootcamp/Proyectos-2026/Proyectos-Varios/Finanzas-Familiares-AS/test/unit/measurement_units_seeder_test.dart: ... Units Seeder debe sembrar unidades de peso con Libra como base     00:05 +139: /home/bootcamp/Proyectos-2026/Proyectos-Varios/Finanzas-Familiares-AS/test/unit/measurement_units_seeder_test.dart: ... Units Seeder debe sembrar unidades de peso con Libra como base     00:05 +140: /home/bootcamp/Proyectos-2026/Proyectos-Varios/Finanzas-Familiares-AS/test/unit/measurement_units_seeder_test.dart: ... Units Seeder debe sembrar unidades de peso con Libra como base     00:05 +141: /home/bootcamp/Proyectos-2026/Proyectos-Varios/Finanzas-Familiares-AS/test/unit/backup_service_test.dart: BackupService - Crear Backup retorna error si la ruta es inválida                00:05 +142: /home/bootcamp/Proyectos-2026/Proyectos-Varios/Finanzas-Familiares-AS/test/unit/measurement_units_seeder_test.dart: ... Units Seeder debe sembrar unidades de volumen con Litro como base  00:05 +143: /home/bootcamp/Proyectos-2026/Proyectos-Varios/Finanzas-Familiares-AS/test/unit/backup_service_test.dart: BackupService - Listar Backups lista backups existentes en directorio            00:05 +144: /home/bootcamp/Proyectos-2026/Proyectos-Varios/Finanzas-Familiares-AS/test/unit/backup_service_test.dart: BackupService - Listar Backups lista backups existentes en directorio            00:05 +145: /home/bootcamp/Proyectos-2026/Proyectos-Varios/Finanzas-Familiares-AS/test/unit/backup_service_test.dart: BackupService - Listar Backups lista backups existentes en directorio            00:05 +146: /home/bootcamp/Proyectos-2026/Proyectos-Varios/Finanzas-Familiares-AS/test/unit/measurement_units_seeder_test.dart: Measurement Units Seeder debe tener abreviaciones correctas            00:05 +147: /home/bootcamp/Proyectos-2026/Proyectos-Varios/Finanzas-Familiares-AS/test/unit/backup_service_test.dart: BackupService - Listar Backups ordena backups por fecha descendente              00:05 +148: /home/bootcamp/Proyectos-2026/Proyectos-Varios/Finanzas-Familiares-AS/test/unit/backup_service_test.dart: BackupService - Listar Backups ordena backups por fecha descendente              00:05 +149: /home/bootcamp/Proyectos-2026/Proyectos-Varios/Finanzas-Familiares-AS/test/unit/backup_service_test.dart: BackupService - Listar Backups ordena backups por fecha descendente              00:05 +150: /home/bootcamp/Proyectos-2026/Proyectos-Varios/Finanzas-Familiares-AS/test/unit/backup_service_test.dart: BackupService - Listar Backups ordena backups por fecha descendente              00:05 +151: /home/bootcamp/Proyectos-2026/Proyectos-Varios/Finanzas-Familiares-AS/test/unit/backup_service_test.dart: BackupService - Listar Backups ordena backups por fecha descendente              00:05 +152: /home/bootcamp/Proyectos-2026/Proyectos-Varios/Finanzas-Familiares-AS/test/unit/backup_service_test.dart: BackupService - Listar Backups ordena backups por fecha descendente              00:05 +152: /home/bootcamp/Proyectos-2026/Proyectos-Varios/Finanzas-Familiares-AS/test/unit/backup_service_test.dart: BackupService - Listar Backups retorna lista vacía si no hay backups             00:05 +153: /home/bootcamp/Proyectos-2026/Proyectos-Varios/Finanzas-Familiares-AS/test/unit/backup_service_test.dart: BackupService - Listar Backups retorna lista vacía si no hay backups             00:05 +153: /home/bootcamp/Proyectos-2026/Proyectos-Varios/Finanzas-Familiares-AS/test/unit/backup_service_test.dart: BackupService - Listar Backups ignora archivos que no son backups                00:05 +154: /home/bootcamp/Proyectos-2026/Proyectos-Varios/Finanzas-Familiares-AS/test/unit/backup_service_test.dart: BackupService - Listar Backups ignora archivos que no son backups                00:05 +154: /home/bootcamp/Proyectos-2026/Proyectos-Varios/Finanzas-Familiares-AS/test/unit/backup_service_test.dart: BackupService - Eliminar Backup elimina backup existente                         00:05 +155: /home/bootcamp/Proyectos-2026/Proyectos-Varios/Finanzas-Familiares-AS/test/unit/backup_service_test.dart: BackupService - Eliminar Backup elimina backup existente                         00:05 +155: /home/bootcamp/Proyectos-2026/Proyectos-Varios/Finanzas-Familiares-AS/test/unit/backup_service_test.dart: BackupService - Eliminar Backup retorna false si el backup no existe             00:05 +156: /home/bootcamp/Proyectos-2026/Proyectos-Varios/Finanzas-Familiares-AS/test/unit/backup_service_test.dart: BackupService - Eliminar Backup retorna false si el backup no existe             00:05 +156: /home/bootcamp/Proyectos-2026/Proyectos-Varios/Finanzas-Familiares-AS/test/unit/backup_service_test.dart: BackupService - Validar Backup valida backup válido                              00:05 +156: /home/bootcamp/Proyectos-2026/Proyectos-Varios/Finanzas-Familiares-AS/test/unit/backup_service_test.dart: BackupService - Validar Backup valida backup válido                              
WARNING (drift): It looks like you've created the database class AppDatabase multiple times. When these two databases use the same QueryExecutor, race conditions will occur and might corrupt the database. 
Try to follow the advice at https://drift.simonbinder.eu/faq/#using-the-database or, if you know what you're doing, set driftRuntimeOptions.dontWarnAboutMultipleDatabases = true
Here is the stacktrace from when the database was opened a second time:
#0      GeneratedDatabase._handleInstantiated (package:drift/src/runtime/api/db_base.dart:96:30)
#1      GeneratedDatabase._whenConstructed (package:drift/src/runtime/api/db_base.dart:73:12)
#2      new GeneratedDatabase (package:drift/src/runtime/api/db_base.dart:64:5)
#3      new _$AppDatabase (package:finanzas_familiares/data/local/database.g.dart:14435:36)
#4      new AppDatabase.forTesting (package:finanzas_familiares/data/local/database.dart)
#5      BackupService.validateBackup (package:finanzas_familiares/application/services/backup_service.dart:237:34)
<asynchronous suspension>
#6      main.<anonymous closure>.<anonymous closure> (file:///home/bootcamp/Proyectos-2026/Proyectos-Varios/Finanzas-Familiares-AS/test/unit/backup_service_test.dart:198:22)
<asynchronous suspension>
#7      Declarer.test.<anonymous closure>.<anonymous closure> (package:test_api/src/backend/declarer.dart:242:9)
<asynchronous suspension>
#8      Declarer.test.<anonymous closure> (package:test_api/src/backend/declarer.dart:240:7)
<asynchronous suspension>
#9      Invoker._waitForOutstandingCallbacks.<anonymous closure> (package:test_api/src/backend/invoker.dart:282:9)
<asynchronous suspension>
This warning will only appear on debug builds.
00:05 +157: /home/bootcamp/Proyectos-2026/Proyectos-Varios/Finanzas-Familiares-AS/test/unit/backup_service_test.dart: BackupService - Validar Backup valida backup válido                              00:05 +157: /home/bootcamp/Proyectos-2026/Proyectos-Varios/Finanzas-Familiares-AS/test/unit/backup_service_test.dart: BackupService - Validar Backup detecta archivo corrupto                          00:05 +157: /home/bootcamp/Proyectos-2026/Proyectos-Varios/Finanzas-Familiares-AS/test/unit/backup_service_test.dart: BackupService - Validar Backup detecta archivo corrupto                          
WARNING (drift): It looks like you've created the database class AppDatabase multiple times. When these two databases use the same QueryExecutor, race conditions will occur and might corrupt the database. 
Try to follow the advice at https://drift.simonbinder.eu/faq/#using-the-database or, if you know what you're doing, set driftRuntimeOptions.dontWarnAboutMultipleDatabases = true
Here is the stacktrace from when the database was opened a second time:
#0      GeneratedDatabase._handleInstantiated (package:drift/src/runtime/api/db_base.dart:96:30)
#1      GeneratedDatabase._whenConstructed (package:drift/src/runtime/api/db_base.dart:73:12)
#2      new GeneratedDatabase (package:drift/src/runtime/api/db_base.dart:64:5)
#3      new _$AppDatabase (package:finanzas_familiares/data/local/database.g.dart:14435:36)
#4      new AppDatabase.forTesting (package:finanzas_familiares/data/local/database.dart)
#5      BackupService.validateBackup (package:finanzas_familiares/application/services/backup_service.dart:237:34)
<asynchronous suspension>
#6      main.<anonymous closure>.<anonymous closure> (file:///home/bootcamp/Proyectos-2026/Proyectos-Varios/Finanzas-Familiares-AS/test/unit/backup_service_test.dart:211:22)
<asynchronous suspension>
#7      Declarer.test.<anonymous closure>.<anonymous closure> (package:test_api/src/backend/declarer.dart:242:9)
<asynchronous suspension>
#8      Declarer.test.<anonymous closure> (package:test_api/src/backend/declarer.dart:240:7)
<asynchronous suspension>
#9      Invoker._waitForOutstandingCallbacks.<anonymous closure> (package:test_api/src/backend/invoker.dart:282:9)
<asynchronous suspension>
This warning will only appear on debug builds.
00:05 +158: /home/bootcamp/Proyectos-2026/Proyectos-Varios/Finanzas-Familiares-AS/test/unit/backup_service_test.dart: BackupService - Validar Backup detecta archivo corrupto                          00:05 +158: /home/bootcamp/Proyectos-2026/Proyectos-Varios/Finanzas-Familiares-AS/test/unit/backup_service_test.dart: BackupService - Validar Backup detecta archivo inexistente                       00:05 +159: /home/bootcamp/Proyectos-2026/Proyectos-Varios/Finanzas-Familiares-AS/test/unit/backup_service_test.dart: BackupService - Validar Backup detecta archivo inexistente                       00:05 +159: /home/bootcamp/Proyectos-2026/Proyectos-Varios/Finanzas-Familiares-AS/test/unit/backup_service_test.dart: BackupService - Metadata obtiene metadata de backup                              00:05 +160: /home/bootcamp/Proyectos-2026/Proyectos-Varios/Finanzas-Familiares-AS/test/unit/backup_service_test.dart: BackupService - Metadata obtiene metadata de backup                              00:05 +160: /home/bootcamp/Proyectos-2026/Proyectos-Varios/Finanzas-Familiares-AS/test/unit/backup_service_test.dart: BackupService - Metadata retorna null para archivo inexistente                   00:05 +161: /home/bootcamp/Proyectos-2026/Proyectos-Varios/Finanzas-Familiares-AS/test/unit/backup_service_test.dart: BackupService - Metadata retorna null para archivo inexistente                   00:06 +161: /home/bootcamp/Proyectos-2026/Proyectos-Varios/Finanzas-Familiares-AS/test/unit/backup_service_test.dart: BackupService - Metadata retorna null para archivo inexistente                   00:06 +161: loading /home/bootcamp/Proyectos-2026/Proyectos-Varios/Finanzas-Familiares-AS/test/unit/export_service_test.dart                                                                           00:06 +161: /home/bootcamp/Proyectos-2026/Proyectos-Varios/Finanzas-Familiares-AS/test/unit/export_service_test.dart: ExportService - CSV exporta categorías a CSV correctamente                       00:06 +162: /home/bootcamp/Proyectos-2026/Proyectos-Varios/Finanzas-Familiares-AS/test/unit/restore_service_test.dart: RestoreService - Restaurar Backup restaura backup en base de datos vacía        00:06 +163: /home/bootcamp/Proyectos-2026/Proyectos-Varios/Finanzas-Familiares-AS/test/unit/restore_service_test.dart: RestoreService - Restaurar Backup restaura backup en base de datos vacía        00:06 +164: /home/bootcamp/Proyectos-2026/Proyectos-Varios/Finanzas-Familiares-AS/test/unit/restore_service_test.dart: RestoreService - Restaurar Backup restaura backup en base de datos vacía        00:06 +164: /home/bootcamp/Proyectos-2026/Proyectos-Varios/Finanzas-Familiares-AS/test/unit/restore_service_test.dart: RestoreService - Restaurar Backup restaura backup en base de datos vacía        
WARNING (drift): It looks like you've created the database class AppDatabase multiple times. When these two databases use the same QueryExecutor, race conditions will occur and might corrupt the database. 
Try to follow the advice at https://drift.simonbinder.eu/faq/#using-the-database or, if you know what you're doing, set driftRuntimeOptions.dontWarnAboutMultipleDatabases = true
Here is the stacktrace from when the database was opened a second time:
#0      GeneratedDatabase._handleInstantiated (package:drift/src/runtime/api/db_base.dart:96:30)
#1      GeneratedDatabase._whenConstructed (package:drift/src/runtime/api/db_base.dart:73:12)
#2      new GeneratedDatabase (package:drift/src/runtime/api/db_base.dart:64:5)
#3      new _$AppDatabase (package:finanzas_familiares/data/local/database.g.dart:14435:36)
#4      new AppDatabase.forTesting (package:finanzas_familiares/data/local/database.dart)
#5      main.<anonymous closure>.<anonymous closure> (file:///home/bootcamp/Proyectos-2026/Proyectos-Varios/Finanzas-Familiares-AS/test/unit/restore_service_test.dart:47:36)
<asynchronous suspension>
#6      Declarer.test.<anonymous closure>.<anonymous closure> (package:test_api/src/backend/declarer.dart:242:9)
<asynchronous suspension>
#7      Declarer.test.<anonymous closure> (package:test_api/src/backend/declarer.dart:240:7)
<asynchronous suspension>
#8      Invoker._waitForOutstandingCallbacks.<anonymous closure> (package:test_api/src/backend/invoker.dart:282:9)
<asynchronous suspension>
This warning will only appear on debug builds.
WARNING (drift): It looks like you've created the database class AppDatabase multiple times. When these two databases use the same QueryExecutor, race conditions will occur and might corrupt the database. 
Try to follow the advice at https://drift.simonbinder.eu/faq/#using-the-database or, if you know what you're doing, set driftRuntimeOptions.dontWarnAboutMultipleDatabases = true
Here is the stacktrace from when the database was opened a second time:
#0      GeneratedDatabase._handleInstantiated (package:drift/src/runtime/api/db_base.dart:96:30)
#1      GeneratedDatabase._whenConstructed (package:drift/src/runtime/api/db_base.dart:73:12)
#2      new GeneratedDatabase (package:drift/src/runtime/api/db_base.dart:64:5)
#3      new _$AppDatabase (package:finanzas_familiares/data/local/database.g.dart:14435:36)
#4      new AppDatabase.forTesting (package:finanzas_familiares/data/local/database.dart)
#5      RestoreService.validateBeforeRestore (package:finanzas_familiares/application/services/restore_service.dart:195:34)
<asynchronous suspension>
#6      RestoreService.restoreFromBackup (package:finanzas_familiares/application/services/restore_service.dart:98:26)
<asynchronous suspension>
#7      main.<anonymous closure>.<anonymous closure> (file:///home/bootcamp/Proyectos-2026/Proyectos-Varios/Finanzas-Familiares-AS/test/unit/restore_service_test.dart:51:22)
<asynchronous suspension>
#8      Declarer.test.<anonymous closure>.<anonymous closure> (package:test_api/src/backend/declarer.dart:242:9)
<asynchronous suspension>
#9      Declarer.test.<anonymous closure> (package:test_api/src/backend/declarer.dart:240:7)
<asynchronous suspension>
#10     Invoker._waitForOutstandingCallbacks.<anonymous closure> (package:test_api/src/backend/invoker.dart:282:9)
<asynchronous suspension>
This warning will only appear on debug builds.
00:06 +164: /home/bootcamp/Proyectos-2026/Proyectos-Varios/Finanzas-Familiares-AS/test/unit/dashboard_provider_test.dart: DashboardProvider calcula resumen del mes con totales por categoría          
[DASHBOARD] Iniciando carga...
00:06 +164: /home/bootcamp/Proyectos-2026/Proyectos-Varios/Finanzas-Familiares-AS/test/unit/restore_service_test.dart: RestoreService - Restaurar Backup restaura backup en base de datos vacía        
WARNING (drift): It looks like you've created the database class AppDatabase multiple times. When these two databases use the same QueryExecutor, race conditions will occur and might corrupt the database. 
Try to follow the advice at https://drift.simonbinder.eu/faq/#using-the-database or, if you know what you're doing, set driftRuntimeOptions.dontWarnAboutMultipleDatabases = true
Here is the stacktrace from when the database was opened a second time:
#0      GeneratedDatabase._handleInstantiated (package:drift/src/runtime/api/db_base.dart:96:30)
#1      GeneratedDatabase._whenConstructed (package:drift/src/runtime/api/db_base.dart:73:12)
#2      new GeneratedDatabase (package:drift/src/runtime/api/db_base.dart:64:5)
#3      new _$AppDatabase (package:finanzas_familiares/data/local/database.g.dart:14435:36)
#4      new AppDatabase.forTesting (package:finanzas_familiares/data/local/database.dart)
#5      RestoreService._restoreReplaceAll (package:finanzas_familiares/application/services/restore_service.dart:120:36)
#6      RestoreService.restoreFromBackup (package:finanzas_familiares/application/services/restore_service.dart:108:24)
<asynchronous suspension>
#7      main.<anonymous closure>.<anonymous closure> (file:///home/bootcamp/Proyectos-2026/Proyectos-Varios/Finanzas-Familiares-AS/test/unit/restore_service_test.dart:51:22)
<asynchronous suspension>
#8      Declarer.test.<anonymous closure>.<anonymous closure> (package:test_api/src/backend/declarer.dart:242:9)
<asynchronous suspension>
#9      Declarer.test.<anonymous closure> (package:test_api/src/backend/declarer.dart:240:7)
<asynchronous suspension>
#10     Invoker._waitForOutstandingCallbacks.<anonymous closure> (package:test_api/src/backend/invoker.dart:282:9)
<asynchronous suspension>
This warning will only appear on debug builds.
00:06 +164: /home/bootcamp/Proyectos-2026/Proyectos-Varios/Finanzas-Familiares-AS/test/unit/dashboard_provider_test.dart: DashboardProvider calcula resumen del mes con totales por categoría          
[DASHBOARD] Obteniendo datos...
00:06 +165: /home/bootcamp/Proyectos-2026/Proyectos-Varios/Finanzas-Familiares-AS/test/unit/export_service_test.dart: ExportService - Excel exporta categorías a Excel con formato                     00:06 +165: /home/bootcamp/Proyectos-2026/Proyectos-Varios/Finanzas-Familiares-AS/test/unit/restore_service_test.dart: RestoreService - Restaurar Backup retorna error si el backup no existe          
WARNING (drift): It looks like you've created the database class AppDatabase multiple times. When these two databases use the same QueryExecutor, race conditions will occur and might corrupt the database. 
Try to follow the advice at https://drift.simonbinder.eu/faq/#using-the-database or, if you know what you're doing, set driftRuntimeOptions.dontWarnAboutMultipleDatabases = true
Here is the stacktrace from when the database was opened a second time:
#0      GeneratedDatabase._handleInstantiated (package:drift/src/runtime/api/db_base.dart:96:30)
#1      GeneratedDatabase._whenConstructed (package:drift/src/runtime/api/db_base.dart:73:12)
#2      new GeneratedDatabase (package:drift/src/runtime/api/db_base.dart:64:5)
#3      new _$AppDatabase (package:finanzas_familiares/data/local/database.g.dart:14435:36)
#4      new AppDatabase.forTesting (package:finanzas_familiares/data/local/database.dart)
#5      main.<anonymous closure>.<anonymous closure> (file:///home/bootcamp/Proyectos-2026/Proyectos-Varios/Finanzas-Familiares-AS/test/unit/restore_service_test.dart:67:36)
#6      Declarer.test.<anonymous closure>.<anonymous closure> (package:test_api/src/backend/declarer.dart:242:19)
<asynchronous suspension>
#7      Declarer.test.<anonymous closure> (package:test_api/src/backend/declarer.dart:240:7)
<asynchronous suspension>
#8      Invoker._waitForOutstandingCallbacks.<anonymous closure> (package:test_api/src/backend/invoker.dart:282:9)
<asynchronous suspension>
This warning will only appear on debug builds.
00:06 +166: /home/bootcamp/Proyectos-2026/Proyectos-Varios/Finanzas-Familiares-AS/test/unit/export_service_test.dart: ExportService - Excel exporta categorías a Excel con formato                     00:06 +166: /home/bootcamp/Proyectos-2026/Proyectos-Varios/Finanzas-Familiares-AS/test/unit/restore_service_test.dart: RestoreService - Restaurar Backup retorna error si el backup está corrupto      
WARNING (drift): It looks like you've created the database class AppDatabase multiple times. When these two databases use the same QueryExecutor, race conditions will occur and might corrupt the database. 
Try to follow the advice at https://drift.simonbinder.eu/faq/#using-the-database or, if you know what you're doing, set driftRuntimeOptions.dontWarnAboutMultipleDatabases = true
Here is the stacktrace from when the database was opened a second time:
#0      GeneratedDatabase._handleInstantiated (package:drift/src/runtime/api/db_base.dart:96:30)
#1      GeneratedDatabase._whenConstructed (package:drift/src/runtime/api/db_base.dart:73:12)
#2      new GeneratedDatabase (package:drift/src/runtime/api/db_base.dart:64:5)
#3      new _$AppDatabase (package:finanzas_familiares/data/local/database.g.dart:14435:36)
#4      new AppDatabase.forTesting (package:finanzas_familiares/data/local/database.dart)
#5      main.<anonymous closure>.<anonymous closure> (file:///home/bootcamp/Proyectos-2026/Proyectos-Varios/Finanzas-Familiares-AS/test/unit/restore_service_test.dart:87:36)
<asynchronous suspension>
#6      Declarer.test.<anonymous closure>.<anonymous closure> (package:test_api/src/backend/declarer.dart:242:9)
<asynchronous suspension>
#7      Declarer.test.<anonymous closure> (package:test_api/src/backend/declarer.dart:240:7)
<asynchronous suspension>
#8      Invoker._waitForOutstandingCallbacks.<anonymous closure> (package:test_api/src/backend/invoker.dart:282:9)
<asynchronous suspension>
This warning will only appear on debug builds.
WARNING (drift): It looks like you've created the database class AppDatabase multiple times. When these two databases use the same QueryExecutor, race conditions will occur and might corrupt the database. 
Try to follow the advice at https://drift.simonbinder.eu/faq/#using-the-database or, if you know what you're doing, set driftRuntimeOptions.dontWarnAboutMultipleDatabases = true
Here is the stacktrace from when the database was opened a second time:
#0      GeneratedDatabase._handleInstantiated (package:drift/src/runtime/api/db_base.dart:96:30)
#1      GeneratedDatabase._whenConstructed (package:drift/src/runtime/api/db_base.dart:73:12)
#2      new GeneratedDatabase (package:drift/src/runtime/api/db_base.dart:64:5)
#3      new _$AppDatabase (package:finanzas_familiares/data/local/database.g.dart:14435:36)
#4      new AppDatabase.forTesting (package:finanzas_familiares/data/local/database.dart)
#5      RestoreService.validateBeforeRestore (package:finanzas_familiares/application/services/restore_service.dart:195:34)
<asynchronous suspension>
#6      RestoreService.restoreFromBackup (package:finanzas_familiares/application/services/restore_service.dart:98:26)
<asynchronous suspension>
#7      main.<anonymous closure>.<anonymous closure> (file:///home/bootcamp/Proyectos-2026/Proyectos-Varios/Finanzas-Familiares-AS/test/unit/restore_service_test.dart:91:22)
<asynchronous suspension>
#8      Declarer.test.<anonymous closure>.<anonymous closure> (package:test_api/src/backend/declarer.dart:242:9)
<asynchronous suspension>
#9      Declarer.test.<anonymous closure> (package:test_api/src/backend/declarer.dart:240:7)
<asynchronous suspension>
#10     Invoker._waitForOutstandingCallbacks.<anonymous closure> (package:test_api/src/backend/invoker.dart:282:9)
<asynchronous suspension>
This warning will only appear on debug builds.
00:06 +167: /home/bootcamp/Proyectos-2026/Proyectos-Varios/Finanzas-Familiares-AS/test/unit/export_service_test.dart: ExportService - Excel exporta categorías a Excel con formato                     00:06 +167: /home/bootcamp/Proyectos-2026/Proyectos-Varios/Finanzas-Familiares-AS/test/unit/dashboard_provider_test.dart: DashboardProvider calcula resumen del mes con totales por categoría          
[DASHBOARD] Cuentas: 0, Categorías: 0
[DASHBOARD] Transacciones: 0, Presupuestos: 0
[DASHBOARD] Calculando resumen...
[DASHBOARD] Resumen calculado OK
00:06 +167: /home/bootcamp/Proyectos-2026/Proyectos-Varios/Finanzas-Familiares-AS/test/unit/restore_service_test.dart: RestoreService - Restaurar Backup valida backup antes de restaurar              
WARNING (drift): It looks like you've created the database class AppDatabase multiple times. When these two databases use the same QueryExecutor, race conditions will occur and might corrupt the database. 
Try to follow the advice at https://drift.simonbinder.eu/faq/#using-the-database or, if you know what you're doing, set driftRuntimeOptions.dontWarnAboutMultipleDatabases = true
Here is the stacktrace from when the database was opened a second time:
#0      GeneratedDatabase._handleInstantiated (package:drift/src/runtime/api/db_base.dart:96:30)
#1      GeneratedDatabase._whenConstructed (package:drift/src/runtime/api/db_base.dart:73:12)
#2      new GeneratedDatabase (package:drift/src/runtime/api/db_base.dart:64:5)
#3      new _$AppDatabase (package:finanzas_familiares/data/local/database.g.dart:14435:36)
#4      new AppDatabase.forTesting (package:finanzas_familiares/data/local/database.dart)
#5      main.<anonymous closure>.<anonymous closure> (file:///home/bootcamp/Proyectos-2026/Proyectos-Varios/Finanzas-Familiares-AS/test/unit/restore_service_test.dart:105:36)
<asynchronous suspension>
#6      Declarer.test.<anonymous closure>.<anonymous closure> (package:test_api/src/backend/declarer.dart:242:9)
<asynchronous suspension>
#7      Declarer.test.<anonymous closure> (package:test_api/src/backend/declarer.dart:240:7)
<asynchronous suspension>
#8      Invoker._waitForOutstandingCallbacks.<anonymous closure> (package:test_api/src/backend/invoker.dart:282:9)
<asynchronous suspension>
This warning will only appear on debug builds.
WARNING (drift): It looks like you've created the database class AppDatabase multiple times. When these two databases use the same QueryExecutor, race conditions will occur and might corrupt the database. 
Try to follow the advice at https://drift.simonbinder.eu/faq/#using-the-database or, if you know what you're doing, set driftRuntimeOptions.dontWarnAboutMultipleDatabases = true
Here is the stacktrace from when the database was opened a second time:
#0      GeneratedDatabase._handleInstantiated (package:drift/src/runtime/api/db_base.dart:96:30)
#1      GeneratedDatabase._whenConstructed (package:drift/src/runtime/api/db_base.dart:73:12)
#2      new GeneratedDatabase (package:drift/src/runtime/api/db_base.dart:64:5)
#3      new _$AppDatabase (package:finanzas_familiares/data/local/database.g.dart:14435:36)
#4      new AppDatabase.forTesting (package:finanzas_familiares/data/local/database.dart)
#5      RestoreService.validateBeforeRestore (package:finanzas_familiares/application/services/restore_service.dart:195:34)
<asynchronous suspension>
#6      main.<anonymous closure>.<anonymous closure> (file:///home/bootcamp/Proyectos-2026/Proyectos-Varios/Finanzas-Familiares-AS/test/unit/restore_service_test.dart:109:26)
<asynchronous suspension>
#7      Declarer.test.<anonymous closure>.<anonymous closure> (package:test_api/src/backend/declarer.dart:242:9)
<asynchronous suspension>
#8      Declarer.test.<anonymous closure> (package:test_api/src/backend/declarer.dart:240:7)
<asynchronous suspension>
#9      Invoker._waitForOutstandingCallbacks.<anonymous closure> (package:test_api/src/backend/invoker.dart:282:9)
<asynchronous suspension>
This warning will only appear on debug builds.
00:06 +168: /home/bootcamp/Proyectos-2026/Proyectos-Varios/Finanzas-Familiares-AS/test/unit/export_service_test.dart: ExportService - Excel exporta categorías a Excel con formato                     00:06 +169: /home/bootcamp/Proyectos-2026/Proyectos-Varios/Finanzas-Familiares-AS/test/unit/export_service_test.dart: ExportService - Excel exporta categorías a Excel con formato                     00:06 +169: /home/bootcamp/Proyectos-2026/Proyectos-Varios/Finanzas-Familiares-AS/test/unit/dashboard_provider_test.dart: DashboardProvider agrupa gastos por categoría maestra                        
[DASHBOARD] Iniciando carga...
[DASHBOARD] Obteniendo datos...
00:06 +169: /home/bootcamp/Proyectos-2026/Proyectos-Varios/Finanzas-Familiares-AS/test/unit/restore_service_test.dart: RestoreService - Restaurar Backup detecta incompatibilidad de versión           
WARNING (drift): It looks like you've created the database class AppDatabase multiple times. When these two databases use the same QueryExecutor, race conditions will occur and might corrupt the database. 
Try to follow the advice at https://drift.simonbinder.eu/faq/#using-the-database or, if you know what you're doing, set driftRuntimeOptions.dontWarnAboutMultipleDatabases = true
Here is the stacktrace from when the database was opened a second time:
#0      GeneratedDatabase._handleInstantiated (package:drift/src/runtime/api/db_base.dart:96:30)
#1      GeneratedDatabase._whenConstructed (package:drift/src/runtime/api/db_base.dart:73:12)
#2      new GeneratedDatabase (package:drift/src/runtime/api/db_base.dart:64:5)
#3      new _$AppDatabase (package:finanzas_familiares/data/local/database.g.dart:14435:36)
#4      new AppDatabase.forTesting (package:finanzas_familiares/data/local/database.dart)
#5      main.<anonymous closure>.<anonymous closure> (file:///home/bootcamp/Proyectos-2026/Proyectos-Varios/Finanzas-Familiares-AS/test/unit/restore_service_test.dart:123:36)
<asynchronous suspension>
#6      Declarer.test.<anonymous closure>.<anonymous closure> (package:test_api/src/backend/declarer.dart:242:9)
<asynchronous suspension>
#7      Declarer.test.<anonymous closure> (package:test_api/src/backend/declarer.dart:240:7)
<asynchronous suspension>
#8      Invoker._waitForOutstandingCallbacks.<anonymous closure> (package:test_api/src/backend/invoker.dart:282:9)
<asynchronous suspension>
This warning will only appear on debug builds.
WARNING (drift): It looks like you've created the database class AppDatabase multiple times. When these two databases use the same QueryExecutor, race conditions will occur and might corrupt the database. 
Try to follow the advice at https://drift.simonbinder.eu/faq/#using-the-database or, if you know what you're doing, set driftRuntimeOptions.dontWarnAboutMultipleDatabases = true
00:06 +169: /home/bootcamp/Proyectos-2026/Proyectos-Varios/Finanzas-Familiares-AS/test/unit/dashboard_provider_test.dart: DashboardProvider agrupa gastos por categoría maestra                        
[DASHBOARD] Cuentas: 0, Categorías: 0
00:06 +169: /home/bootcamp/Proyectos-2026/Proyectos-Varios/Finanzas-Familiares-AS/test/unit/restore_service_test.dart: RestoreService - Restaurar Backup detecta incompatibilidad de versión           
Here is the stacktrace from when the database was opened a second time:
#0      GeneratedDatabase._handleInstantiated (package:drift/src/runtime/api/db_base.dart:96:30)
00:06 +169: /home/bootcamp/Proyectos-2026/Proyectos-Varios/Finanzas-Familiares-AS/test/unit/dashboard_provider_test.dart: DashboardProvider agrupa gastos por categoría maestra                        
[DASHBOARD] Transacciones: 0, Presupuestos: 0
[DASHBOARD] Calculando resumen...
[DASHBOARD] Resumen calculado OK
00:06 +169: /home/bootcamp/Proyectos-2026/Proyectos-Varios/Finanzas-Familiares-AS/test/unit/restore_service_test.dart: RestoreService - Restaurar Backup detecta incompatibilidad de versión           
#1      GeneratedDatabase._whenConstructed (package:drift/src/runtime/api/db_base.dart:73:12)
#2      new GeneratedDatabase (package:drift/src/runtime/api/db_base.dart:64:5)
#3      new _$AppDatabase (package:finanzas_familiares/data/local/database.g.dart:14435:36)
#4      new AppDatabase.forTesting (package:finanzas_familiares/data/local/database.dart)
#5      RestoreService.getBackupInfo (package:finanzas_familiares/application/services/restore_service.dart:240:36)
<asynchronous suspension>
#6      main.<anonymous closure>.<anonymous closure> (file:///home/bootcamp/Proyectos-2026/Proyectos-Varios/Finanzas-Familiares-AS/test/unit/restore_service_test.dart:127:20)
<asynchronous suspension>
#7      Declarer.test.<anonymous closure>.<anonymous closure> (package:test_api/src/backend/declarer.dart:242:9)
<asynchronous suspension>
#8      Declarer.test.<anonymous closure> (package:test_api/src/backend/declarer.dart:240:7)
<asynchronous suspension>
#9      Invoker._waitForOutstandingCallbacks.<anonymous closure> (package:test_api/src/backend/invoker.dart:282:9)
<asynchronous suspension>
This warning will only appear on debug builds.
00:06 +170: /home/bootcamp/Proyectos-2026/Proyectos-Varios/Finanzas-Familiares-AS/test/unit/export_service_test.dart: ExportService - Excel exporta categorías a Excel con formato                     00:06 +170: /home/bootcamp/Proyectos-2026/Proyectos-Varios/Finanzas-Familiares-AS/test/unit/dashboard_provider_test.dart: DashboardProvider calcula patrimonio neto (Activos - Pasivos)                
[DASHBOARD] Iniciando carga...
[DASHBOARD] Obteniendo datos...
00:06 +171: /home/bootcamp/Proyectos-2026/Proyectos-Varios/Finanzas-Familiares-AS/test/unit/export_service_test.dart: ExportService - Excel exporta categorías a Excel con formato                     00:06 +171: /home/bootcamp/Proyectos-2026/Proyectos-Varios/Finanzas-Familiares-AS/test/unit/dashboard_provider_test.dart: DashboardProvider calcula patrimonio neto (Activos - Pasivos)                
[DASHBOARD] Cuentas: 0, Categorías: 0
[DASHBOARD] Transacciones: 0, Presupuestos: 0
[DASHBOARD] Calculando resumen...
[DASHBOARD] Resumen calculado OK
00:06 +172: /home/bootcamp/Proyectos-2026/Proyectos-Varios/Finanzas-Familiares-AS/test/unit/export_service_test.dart: ExportService - Excel exporta categorías a Excel con formato                     00:06 +172: /home/bootcamp/Proyectos-2026/Proyectos-Varios/Finanzas-Familiares-AS/test/unit/dashboard_provider_test.dart: DashboardProvider incluye indicadores financieros                            
[DASHBOARD] Iniciando carga...
[DASHBOARD] Obteniendo datos...
00:06 +172: /home/bootcamp/Proyectos-2026/Proyectos-Varios/Finanzas-Familiares-AS/test/unit/export_service_test.dart: ExportService - Excel exporta categorías a Excel con formato                     00:06 +172: /home/bootcamp/Proyectos-2026/Proyectos-Varios/Finanzas-Familiares-AS/test/unit/dashboard_provider_test.dart: DashboardProvider incluye indicadores financieros                            
[DASHBOARD] Cuentas: 0, Categorías: 0
[DASHBOARD] Transacciones: 0, Presupuestos: 0
[DASHBOARD] Calculando resumen...
[DASHBOARD] Resumen calculado OK
00:06 +172: /home/bootcamp/Proyectos-2026/Proyectos-Varios/Finanzas-Familiares-AS/test/unit/restore_service_test.dart: RestoreService - Información de Backup obtiene información detallada del backup 
WARNING (drift): It looks like you've created the database class AppDatabase multiple times. When these two databases use the same QueryExecutor, race conditions will occur and might corrupt the database. 
Try to follow the advice at https://drift.simonbinder.eu/faq/#using-the-database or, if you know what you're doing, set driftRuntimeOptions.dontWarnAboutMultipleDatabases = true
Here is the stacktrace from when the database was opened a second time:
#0      GeneratedDatabase._handleInstantiated (package:drift/src/runtime/api/db_base.dart:96:30)
#1      GeneratedDatabase._whenConstructed (package:drift/src/runtime/api/db_base.dart:73:12)
#2      new GeneratedDatabase (package:drift/src/runtime/api/db_base.dart:64:5)
#3      new _$AppDatabase (package:finanzas_familiares/data/local/database.g.dart:14435:36)
#4      new AppDatabase.forTesting (package:finanzas_familiares/data/local/database.dart)
#5      main.<anonymous closure>.<anonymous closure> (file:///home/bootcamp/Proyectos-2026/Proyectos-Varios/Finanzas-Familiares-AS/test/unit/restore_service_test.dart:143:36)
<asynchronous suspension>
#6      Declarer.test.<anonymous closure>.<anonymous closure> (package:test_api/src/backend/declarer.dart:242:9)
<asynchronous suspension>
#7      Declarer.test.<anonymous closure> (package:test_api/src/backend/declarer.dart:240:7)
<asynchronous suspension>
#8      Invoker._waitForOutstandingCallbacks.<anonymous closure> (package:test_api/src/backend/invoker.dart:282:9)
<asynchronous suspension>
00:06 +173: /home/bootcamp/Proyectos-2026/Proyectos-Varios/Finanzas-Familiares-AS/test/unit/export_service_test.dart: ExportService - Excel exporta categorías a Excel con formato                     00:06 +173: /home/bootcamp/Proyectos-2026/Proyectos-Varios/Finanzas-Familiares-AS/test/unit/restore_service_test.dart: RestoreService - Información de Backup obtiene información detallada del backup 
This warning will only appear on debug builds.
WARNING (drift): It looks like you've created the database class AppDatabase multiple times. When these two databases use the same QueryExecutor, race conditions will occur and might corrupt the database. 
Try to follow the advice at https://drift.simonbinder.eu/faq/#using-the-database or, if you know what you're doing, set driftRuntimeOptions.dontWarnAboutMultipleDatabases = true
Here is the stacktrace from when the database was opened a second time:
#0      GeneratedDatabase._handleInstantiated (package:drift/src/runtime/api/db_base.dart:96:30)
#1      GeneratedDatabase._whenConstructed (package:drift/src/runtime/api/db_base.dart:73:12)
#2      new GeneratedDatabase (package:drift/src/runtime/api/db_base.dart:64:5)
#3      new _$AppDatabase (package:finanzas_familiares/data/local/database.g.dart:14435:36)
#4      new AppDatabase.forTesting (package:finanzas_familiares/data/local/database.dart)
#5      RestoreService.getBackupInfo (package:finanzas_familiares/application/services/restore_service.dart:240:36)
<asynchronous suspension>
#6      main.<anonymous closure>.<anonymous closure> (file:///home/bootcamp/Proyectos-2026/Proyectos-Varios/Finanzas-Familiares-AS/test/unit/restore_service_test.dart:147:20)
<asynchronous suspension>
#7      Declarer.test.<anonymous closure>.<anonymous closure> (package:test_api/src/backend/declarer.dart:242:9)
<asynchronous suspension>
#8      Declarer.test.<anonymous closure> (package:test_api/src/backend/declarer.dart:240:7)
<asynchronous suspension>
#9      Invoker._waitForOutstandingCallbacks.<anonymous closure> (package:test_api/src/backend/invoker.dart:282:9)
<asynchronous suspension>
This warning will only appear on debug builds.
00:06 +173: /home/bootcamp/Proyectos-2026/Proyectos-Varios/Finanzas-Familiares-AS/test/unit/dashboard_provider_test.dart: DashboardProvider netBalance es ingresos menos gastos                        
[DASHBOARD] Iniciando carga...
[DASHBOARD] Obteniendo datos...
00:06 +174: /home/bootcamp/Proyectos-2026/Proyectos-Varios/Finanzas-Familiares-AS/test/unit/export_service_test.dart: ExportService - Excel exporta categorías a Excel con formato                     00:06 +174: /home/bootcamp/Proyectos-2026/Proyectos-Varios/Finanzas-Familiares-AS/test/unit/dashboard_provider_test.dart: DashboardProvider netBalance es ingresos menos gastos                        
[DASHBOARD] Cuentas: 0, Categorías: 0
[DASHBOARD] Transacciones: 0, Presupuestos: 0
[DASHBOARD] Calculando resumen...
00:06 +175: /home/bootcamp/Proyectos-2026/Proyectos-Varios/Finanzas-Familiares-AS/test/unit/export_service_test.dart: ExportService - Excel exporta categorías a Excel con formato                     00:06 +175: /home/bootcamp/Proyectos-2026/Proyectos-Varios/Finanzas-Familiares-AS/test/unit/dashboard_provider_test.dart: DashboardProvider netBalance es ingresos menos gastos                        
[DASHBOARD] Resumen calculado OK
00:06 +176: /home/bootcamp/Proyectos-2026/Proyectos-Varios/Finanzas-Familiares-AS/test/unit/export_service_test.dart: ExportService - Excel exporta categorías a Excel con formato                     00:06 +176: /home/bootcamp/Proyectos-2026/Proyectos-Varios/Finanzas-Familiares-AS/test/unit/restore_service_test.dart: RestoreService - Información de Backup cuenta registros por tabla               
WARNING (drift): It looks like you've created the database class AppDatabase multiple times. When these two databases use the same QueryExecutor, race conditions will occur and might corrupt the database. 
Try to follow the advice at https://drift.simonbinder.eu/faq/#using-the-database or, if you know what you're doing, set driftRuntimeOptions.dontWarnAboutMultipleDatabases = true
Here is the stacktrace from when the database was opened a second time:
#0      GeneratedDatabase._handleInstantiated (package:drift/src/runtime/api/db_base.dart:96:30)
#1      GeneratedDatabase._whenConstructed (package:drift/src/runtime/api/db_base.dart:73:12)
#2      new GeneratedDatabase (package:drift/src/runtime/api/db_base.dart:64:5)
#3      new _$AppDatabase (package:finanzas_familiares/data/local/database.g.dart:14435:36)
#4      new AppDatabase.forTesting (package:finanzas_familiares/data/local/database.dart)
#5      main.<anonymous closure>.<anonymous closure> (file:///home/bootcamp/Proyectos-2026/Proyectos-Varios/Finanzas-Familiares-AS/test/unit/restore_service_test.dart:176:36)
<asynchronous suspension>
#6      Declarer.test.<anonymous closure>.<anonymous closure> (package:test_api/src/backend/declarer.dart:242:9)
<asynchronous suspension>
#7      Declarer.test.<anonymous closure> (package:test_api/src/backend/declarer.dart:240:7)
<asynchronous suspension>
#8      Invoker._waitForOutstandingCallbacks.<anonymous closure> (package:test_api/src/backend/invoker.dart:282:9)
<asynchronous suspension>
This warning will only appear on debug builds.
WARNING (drift): It looks like you've created the database class AppDatabase multiple times. When these two databases use the same QueryExecutor, race conditions will occur and might corrupt the database. 
Try to follow the advice at https://drift.simonbinder.eu/faq/#using-the-database or, if you know what you're doing, set driftRuntimeOptions.dontWarnAboutMultipleDatabases = true
Here is the stacktrace from when the database was opened a second time:
#0      GeneratedDatabase._handleInstantiated (package:drift/src/runtime/api/db_base.dart:96:30)
#1      GeneratedDatabase._whenConstructed (package:drift/src/runtime/api/db_base.dart:73:12)
#2      new GeneratedDatabase (package:drift/src/runtime/api/db_base.dart:64:5)
#3      new _$AppDatabase (package:finanzas_familiares/data/local/database.g.dart:14435:36)
#4      new AppDatabase.forTesting (package:finanzas_familiares/data/local/database.dart)
#5      RestoreService.getBackupInfo (package:finanzas_familiares/application/services/restore_service.dart:240:36)
<asynchronous suspension>
#6      main.<anonymous closure>.<anonymous closure> (file:///home/bootcamp/Proyectos-2026/Proyectos-Varios/Finanzas-Familiares-AS/test/unit/restore_service_test.dart:180:20)
<asynchronous suspension>
#7      Declarer.test.<anonymous closure>.<anonymous closure> (package:test_api/src/backend/declarer.dart:242:9)
<asynchronous suspension>
#8      Declarer.test.<anonymous closure> (package:test_api/src/backend/declarer.dart:240:7)
<asynchronous suspension>
#9      Invoker._waitForOutstandingCallbacks.<anonymous closure> (package:test_api/src/backend/invoker.dart:282:9)
<asynchronous suspension>
This warning will only appear on debug builds.
00:06 +177: /home/bootcamp/Proyectos-2026/Proyectos-Varios/Finanzas-Familiares-AS/test/unit/export_service_test.dart: ExportService - Excel exporta categorías a Excel con formato                     00:06 +178: /home/bootcamp/Proyectos-2026/Proyectos-Varios/Finanzas-Familiares-AS/test/unit/export_service_test.dart: ExportService - Excel exporta categorías a Excel con formato                     00:06 +179: /home/bootcamp/Proyectos-2026/Proyectos-Varios/Finanzas-Familiares-AS/test/unit/export_service_test.dart: ExportService - Excel exporta categorías a Excel con formato                     00:06 +180: /home/bootcamp/Proyectos-2026/Proyectos-Varios/Finanzas-Familiares-AS/test/unit/export_service_test.dart: ExportService - Excel exporta categorías a Excel con formato                     00:06 +180: /home/bootcamp/Proyectos-2026/Proyectos-Varios/Finanzas-Familiares-AS/test/unit/restore_service_test.dart: RestoreService - Estrategias de Restauración restauración completa reemplaza todos los datos
WARNING (drift): It looks like you've created the database class AppDatabase multiple times. When these two databases use the same QueryExecutor, race conditions will occur and might corrupt the database. 
Try to follow the advice at https://drift.simonbinder.eu/faq/#using-the-database or, if you know what you're doing, set driftRuntimeOptions.dontWarnAboutMultipleDatabases = true
Here is the stacktrace from when the database was opened a second time:
#0      GeneratedDatabase._handleInstantiated (package:drift/src/runtime/api/db_base.dart:96:30)
#1      GeneratedDatabase._whenConstructed (package:drift/src/runtime/api/db_base.dart:73:12)
#2      new GeneratedDatabase (package:drift/src/runtime/api/db_base.dart:64:5)
#3      new _$AppDatabase (package:finanzas_familiares/data/local/database.g.dart:14435:36)
#4      new AppDatabase.forTesting (package:finanzas_familiares/data/local/database.dart)
#5      main.<anonymous closure>.<anonymous closure> (file:///home/bootcamp/Proyectos-2026/Proyectos-Varios/Finanzas-Familiares-AS/test/unit/restore_service_test.dart:197:36)
<asynchronous suspension>
#6      Declarer.test.<anonymous closure>.<anonymous closure> (package:test_api/src/backend/declarer.dart:242:9)
<asynchronous suspension>
#7      Declarer.test.<anonymous closure> (package:test_api/src/backend/declarer.dart:240:7)
<asynchronous suspension>
#8      Invoker._waitForOutstandingCallbacks.<anonymous closure> (package:test_api/src/backend/invoker.dart:282:9)
<asynchronous suspension>
This warning will only appear on debug builds.
00:06 +181: /home/bootcamp/Proyectos-2026/Proyectos-Varios/Finanzas-Familiares-AS/test/unit/restore_service_test.dart: ... Estrategias de Restauración restauración completa reemplaza todos los datos 00:06 +182: /home/bootcamp/Proyectos-2026/Proyectos-Varios/Finanzas-Familiares-AS/test/unit/restore_service_test.dart: ... Estrategias de Restauración restauración completa reemplaza todos los datos 00:06 +182: /home/bootcamp/Proyectos-2026/Proyectos-Varios/Finanzas-Familiares-AS/test/unit/restore_service_test.dart: RestoreService - Estrategias de Restauración restauración completa reemplaza todos los datos
WARNING (drift): It looks like you've created the database class AppDatabase multiple times. When these two databases use the same QueryExecutor, race conditions will occur and might corrupt the database. 
Try to follow the advice at https://drift.simonbinder.eu/faq/#using-the-database or, if you know what you're doing, set driftRuntimeOptions.dontWarnAboutMultipleDatabases = true
Here is the stacktrace from when the database was opened a second time:
#0      GeneratedDatabase._handleInstantiated (package:drift/src/runtime/api/db_base.dart:96:30)
#1      GeneratedDatabase._whenConstructed (package:drift/src/runtime/api/db_base.dart:73:12)
#2      new GeneratedDatabase (package:drift/src/runtime/api/db_base.dart:64:5)
#3      new _$AppDatabase (package:finanzas_familiares/data/local/database.g.dart:14435:36)
#4      new AppDatabase.forTesting (package:finanzas_familiares/data/local/database.dart)
#5      RestoreService.validateBeforeRestore (package:finanzas_familiares/application/services/restore_service.dart:195:34)
<asynchronous suspension>
#6      RestoreService.restoreFromBackup (package:finanzas_familiares/application/services/restore_service.dart:98:26)
<asynchronous suspension>
#7      main.<anonymous closure>.<anonymous closure> (file:///home/bootcamp/Proyectos-2026/Proyectos-Varios/Finanzas-Familiares-AS/test/unit/restore_service_test.dart:213:22)
<asynchronous suspension>
#8      Declarer.test.<anonymous closure>.<anonymous closure> (package:test_api/src/backend/declarer.dart:242:9)
<asynchronous suspension>
#9      Declarer.test.<anonymous closure> (package:test_api/src/backend/declarer.dart:240:7)
<asynchronous suspension>
#10     Invoker._waitForOutstandingCallbacks.<anonymous closure> (package:test_api/src/backend/invoker.dart:282:9)
<asynchronous suspension>
This warning will only appear on debug builds.
00:06 +183: /home/bootcamp/Proyectos-2026/Proyectos-Varios/Finanzas-Familiares-AS/test/unit/restore_service_test.dart: ... Estrategias de Restauración restauración completa reemplaza todos los datos 00:06 +183: /home/bootcamp/Proyectos-2026/Proyectos-Varios/Finanzas-Familiares-AS/test/unit/restore_service_test.dart: RestoreService - Estrategias de Restauración restauración completa reemplaza todos los datos
WARNING (drift): It looks like you've created the database class AppDatabase multiple times. When these two databases use the same QueryExecutor, race conditions will occur and might corrupt the database. 
Try to follow the advice at https://drift.simonbinder.eu/faq/#using-the-database or, if you know what you're doing, set driftRuntimeOptions.dontWarnAboutMultipleDatabases = true
Here is the stacktrace from when the database was opened a second time:
#0      GeneratedDatabase._handleInstantiated (package:drift/src/runtime/api/db_base.dart:96:30)
#1      GeneratedDatabase._whenConstructed (package:drift/src/runtime/api/db_base.dart:73:12)
#2      new GeneratedDatabase (package:drift/src/runtime/api/db_base.dart:64:5)
#3      new _$AppDatabase (package:finanzas_familiares/data/local/database.g.dart:14435:36)
#4      new AppDatabase.forTesting (package:finanzas_familiares/data/local/database.dart)
#5      RestoreService._restoreReplaceAll (package:finanzas_familiares/application/services/restore_service.dart:120:36)
#6      RestoreService.restoreFromBackup (package:finanzas_familiares/application/services/restore_service.dart:108:24)
<asynchronous suspension>
#7      main.<anonymous closure>.<anonymous closure> (file:///home/bootcamp/Proyectos-2026/Proyectos-Varios/Finanzas-Familiares-AS/test/unit/restore_service_test.dart:213:22)
<asynchronous suspension>
#8      Declarer.test.<anonymous closure>.<anonymous closure> (package:test_api/src/backend/declarer.dart:242:9)
<asynchronous suspension>
#9      Declarer.test.<anonymous closure> (package:test_api/src/backend/declarer.dart:240:7)
<asynchronous suspension>
#10     Invoker._waitForOutstandingCallbacks.<anonymous closure> (package:test_api/src/backend/invoker.dart:282:9)
<asynchronous suspension>
This warning will only appear on debug builds.
00:06 +184: /home/bootcamp/Proyectos-2026/Proyectos-Varios/Finanzas-Familiares-AS/test/unit/restore_service_test.dart: ... Estrategias de Restauración restauración completa reemplaza todos los datos 00:06 +185: /home/bootcamp/Proyectos-2026/Proyectos-Varios/Finanzas-Familiares-AS/test/unit/restore_service_test.dart: ... Estrategias de Restauración restauración completa reemplaza todos los datos 00:06 +186: /home/bootcamp/Proyectos-2026/Proyectos-Varios/Finanzas-Familiares-AS/test/unit/connectivity_provider_test.dart: isOnline provider retorna false cuando estado es offline                  00:06 +187: /home/bootcamp/Proyectos-2026/Proyectos-Varios/Finanzas-Familiares-AS/test/unit/export_service_test.dart: ExportService - Excel Excel incluye múltiples hojas de referencia                00:06 +188: /home/bootcamp/Proyectos-2026/Proyectos-Varios/Finanzas-Familiares-AS/test/unit/export_service_test.dart: ExportService - Excel Excel incluye múltiples hojas de referencia                00:06 +189: /home/bootcamp/Proyectos-2026/Proyectos-Varios/Finanzas-Familiares-AS/test/unit/export_service_test.dart: ExportService - Excel Excel incluye múltiples hojas de referencia                00:06 +190: /home/bootcamp/Proyectos-2026/Proyectos-Varios/Finanzas-Familiares-AS/test/unit/export_service_test.dart: ExportService - Excel Excel incluye múltiples hojas de referencia                00:06 +191: /home/bootcamp/Proyectos-2026/Proyectos-Varios/Finanzas-Familiares-AS/test/unit/export_service_test.dart: ExportService - Excel Excel incluye múltiples hojas de referencia                00:06 +192: /home/bootcamp/Proyectos-2026/Proyectos-Varios/Finanzas-Familiares-AS/test/unit/export_service_test.dart: ExportService - Excel Excel incluye múltiples hojas de referencia                00:06 +192: /home/bootcamp/Proyectos-2026/Proyectos-Varios/Finanzas-Familiares-AS/test/unit/export_service_test.dart: ExportService - Excel Excel tiene headers con estilo                             00:06 +193: /home/bootcamp/Proyectos-2026/Proyectos-Varios/Finanzas-Familiares-AS/test/unit/export_service_test.dart: ExportService - Excel Excel tiene headers con estilo                             00:06 +193: /home/bootcamp/Proyectos-2026/Proyectos-Varios/Finanzas-Familiares-AS/test/unit/export_service_test.dart: ExportService - Validación retorna error si el path es inválido                  00:06 +194: /home/bootcamp/Proyectos-2026/Proyectos-Varios/Finanzas-Familiares-AS/test/unit/export_service_test.dart: ExportService - Validación retorna error si el path es inválido                  00:06 +194: /home/bootcamp/Proyectos-2026/Proyectos-Varios/Finanzas-Familiares-AS/test/unit/export_service_test.dart: ExportService - Validación retorna información del export completado             00:06 +195: /home/bootcamp/Proyectos-2026/Proyectos-Varios/Finanzas-Familiares-AS/test/unit/export_service_test.dart: ExportService - Validación retorna información del export completado             00:06 +195: /home/bootcamp/Proyectos-2026/Proyectos-Varios/Finanzas-Familiares-AS/test/unit/export_service_test.dart: ... - Transacciones con filtros filtra transacciones por rango de fechas         00:06 +196: /home/bootcamp/Proyectos-2026/Proyectos-Varios/Finanzas-Familiares-AS/test/unit/export_service_test.dart: ... - Transacciones con filtros filtra transacciones por rango de fechas         00:06 +196: /home/bootcamp/Proyectos-2026/Proyectos-Varios/Finanzas-Familiares-AS/test/unit/export_service_test.dart: ExportService - Transacciones con filtros filtra transacciones por categoría     00:07 +196: /home/bootcamp/Proyectos-2026/Proyectos-Varios/Finanzas-Familiares-AS/test/unit/export_service_test.dart: ExportService - Transacciones con filtros filtra transacciones por categoría     00:07 +197: /home/bootcamp/Proyectos-2026/Proyectos-Varios/Finanzas-Familiares-AS/test/unit/export_service_test.dart: ExportService - Transacciones con filtros filtra transacciones por categoría     00:07 +197: loading /home/bootcamp/Proyectos-2026/Proyectos-Varios/Finanzas-Familiares-AS/test/unit/template_generator_test.dart                                                                       00:07 +197: /home/bootcamp/Proyectos-2026/Proyectos-Varios/Finanzas-Familiares-AS/test/unit/template_generator_test.dart: ... Plantilla de Transacciones genera plantilla Excel con estructura correcta00:07 +198: /home/bootcamp/Proyectos-2026/Proyectos-Varios/Finanzas-Familiares-AS/test/unit/template_generator_test.dart: ... Plantilla de Transacciones genera plantilla Excel con estructura correcta00:07 +199: /home/bootcamp/Proyectos-2026/Proyectos-Varios/Finanzas-Familiares-AS/test/unit/category_seeder_test.dart: Category Seeder debe sembrar las 4 categorías raíz principales                  00:07 +200: /home/bootcamp/Proyectos-2026/Proyectos-Varios/Finanzas-Familiares-AS/test/unit/category_seeder_test.dart: Category Seeder debe sembrar las 4 categorías raíz principales                  00:07 +201: /home/bootcamp/Proyectos-2026/Proyectos-Varios/Finanzas-Familiares-AS/test/unit/category_seeder_test.dart: Category Seeder debe sembrar las 4 categorías raíz principales                  00:07 +202: /home/bootcamp/Proyectos-2026/Proyectos-Varios/Finanzas-Familiares-AS/test/unit/category_seeder_test.dart: Category Seeder debe sembrar las 4 categorías raíz principales                  00:07 +203: /home/bootcamp/Proyectos-2026/Proyectos-Varios/Finanzas-Familiares-AS/test/unit/category_seeder_test.dart: Category Seeder debe sembrar las 4 categorías raíz principales                  00:07 +204: /home/bootcamp/Proyectos-2026/Proyectos-Varios/Finanzas-Familiares-AS/test/unit/category_seeder_test.dart: Category Seeder debe sembrar las 4 categorías raíz principales                  00:07 +205: /home/bootcamp/Proyectos-2026/Proyectos-Varios/Finanzas-Familiares-AS/test/unit/category_seeder_test.dart: Category Seeder debe sembrar las 4 categorías raíz principales                  00:07 +206: /home/bootcamp/Proyectos-2026/Proyectos-Varios/Finanzas-Familiares-AS/test/unit/import_service_test.dart: ImportService - Import Excel importa transacciones desde Excel                   00:07 +207: /home/bootcamp/Proyectos-2026/Proyectos-Varios/Finanzas-Familiares-AS/test/unit/import_service_test.dart: ImportService - Import Excel importa transacciones desde Excel                   00:07 +208: /home/bootcamp/Proyectos-2026/Proyectos-Varios/Finanzas-Familiares-AS/test/unit/import_service_test.dart: ImportService - Import Excel importa transacciones desde Excel                   00:07 +209: /home/bootcamp/Proyectos-2026/Proyectos-Varios/Finanzas-Familiares-AS/test/unit/import_service_test.dart: ImportService - Import Excel importa transacciones desde Excel                   00:07 +210: /home/bootcamp/Proyectos-2026/Proyectos-Varios/Finanzas-Familiares-AS/test/unit/import_service_test.dart: ImportService - Import Excel importa transacciones desde Excel                   00:07 +211: /home/bootcamp/Proyectos-2026/Proyectos-Varios/Finanzas-Familiares-AS/test/unit/import_service_test.dart: ImportService - Import Excel importa transacciones desde Excel                   00:07 +212: /home/bootcamp/Proyectos-2026/Proyectos-Varios/Finanzas-Familiares-AS/test/unit/import_service_test.dart: ImportService - Import Excel importa transacciones desde Excel                   00:07 +213: /home/bootcamp/Proyectos-2026/Proyectos-Varios/Finanzas-Familiares-AS/test/unit/import_service_test.dart: ImportService - Import Excel importa transacciones desde Excel                   00:07 +214: /home/bootcamp/Proyectos-2026/Proyectos-Varios/Finanzas-Familiares-AS/test/unit/import_service_test.dart: ImportService - Import Excel importa transacciones desde Excel                   00:07 +215: /home/bootcamp/Proyectos-2026/Proyectos-Varios/Finanzas-Familiares-AS/test/unit/import_service_test.dart: ImportService - Import Excel importa transacciones desde Excel                   00:07 +216: /home/bootcamp/Proyectos-2026/Proyectos-Varios/Finanzas-Familiares-AS/test/unit/import_service_test.dart: ImportService - Import Excel importa transacciones desde Excel                   00:07 +217: /home/bootcamp/Proyectos-2026/Proyectos-Varios/Finanzas-Familiares-AS/test/unit/import_service_test.dart: ImportService - Import Excel importa transacciones desde Excel                   00:07 +218: /home/bootcamp/Proyectos-2026/Proyectos-Varios/Finanzas-Familiares-AS/test/unit/import_service_test.dart: ImportService - Import Excel importa transacciones desde Excel                   00:07 +219: /home/bootcamp/Proyectos-2026/Proyectos-Varios/Finanzas-Familiares-AS/test/widget/traffic_light_widget_test.dart: ... Widget muestra verde cuando el gasto es menor al 80%                 00:07 +220: /home/bootcamp/Proyectos-2026/Proyectos-Varios/Finanzas-Familiares-AS/test/widget/traffic_light_widget_test.dart: ... Widget muestra verde cuando el gasto es menor al 80%                 00:07 +221: /home/bootcamp/Proyectos-2026/Proyectos-Varios/Finanzas-Familiares-AS/test/widget/traffic_light_widget_test.dart: ... Widget muestra verde cuando el gasto es menor al 80%                 00:08 +221: /home/bootcamp/Proyectos-2026/Proyectos-Varios/Finanzas-Familiares-AS/test/widget/traffic_light_widget_test.dart: ... Widget muestra verde cuando el gasto es menor al 80%                 00:08 +222: /home/bootcamp/Proyectos-2026/Proyectos-Varios/Finanzas-Familiares-AS/test/widget/traffic_light_widget_test.dart: ... Widget muestra verde cuando el gasto es menor al 80%                 00:08 +223: /home/bootcamp/Proyectos-2026/Proyectos-Varios/Finanzas-Familiares-AS/test/widget/traffic_light_widget_test.dart: ... Widget muestra verde cuando el gasto es menor al 80%                 00:08 +224: /home/bootcamp/Proyectos-2026/Proyectos-Varios/Finanzas-Familiares-AS/test/widget/traffic_light_widget_test.dart: ... Widget muestra verde cuando el gasto es menor al 80%                 00:08 +225: /home/bootcamp/Proyectos-2026/Proyectos-Varios/Finanzas-Familiares-AS/test/widget/traffic_light_widget_test.dart: ... Widget muestra verde cuando el gasto es menor al 80%                 00:08 +226: /home/bootcamp/Proyectos-2026/Proyectos-Varios/Finanzas-Familiares-AS/test/widget/traffic_light_widget_test.dart: ... Widget muestra verde cuando el gasto es menor al 80%                 00:08 +227: /home/bootcamp/Proyectos-2026/Proyectos-Varios/Finanzas-Familiares-AS/test/widget/traffic_light_widget_test.dart: ... Widget muestra verde cuando el gasto es menor al 80%                 00:08 +228: /home/bootcamp/Proyectos-2026/Proyectos-Varios/Finanzas-Familiares-AS/test/widget/traffic_light_widget_test.dart: ... Widget muestra verde cuando el gasto es menor al 80%                 00:08 +229: /home/bootcamp/Proyectos-2026/Proyectos-Varios/Finanzas-Familiares-AS/test/widget/traffic_light_widget_test.dart: ... Widget muestra verde cuando el gasto es menor al 80%                 00:08 +229: /home/bootcamp/Proyectos-2026/Proyectos-Varios/Finanzas-Familiares-AS/test/widget/traffic_light_widget_test.dart: ... Widget muestra amarillo cuando el gasto está entre 80% y 99%         00:08 +230: /home/bootcamp/Proyectos-2026/Proyectos-Varios/Finanzas-Familiares-AS/test/widget/traffic_light_widget_test.dart: ... Widget muestra amarillo cuando el gasto está entre 80% y 99%         00:08 +230: /home/bootcamp/Proyectos-2026/Proyectos-Varios/Finanzas-Familiares-AS/test/widget/traffic_light_widget_test.dart: TrafficLightIndicator Widget muestra rojo cuando el gasto supera el 100% 00:08 +231: /home/bootcamp/Proyectos-2026/Proyectos-Varios/Finanzas-Familiares-AS/test/widget/traffic_light_widget_test.dart: TrafficLightIndicator Widget muestra rojo cuando el gasto supera el 100% 00:08 +231: /home/bootcamp/Proyectos-2026/Proyectos-Varios/Finanzas-Familiares-AS/test/widget/traffic_light_widget_test.dart: TrafficLightIndicator Widget muestra el porcentaje correctamente         00:08 +232: /home/bootcamp/Proyectos-2026/Proyectos-Varios/Finanzas-Familiares-AS/test/widget/traffic_light_widget_test.dart: TrafficLightIndicator Widget muestra el porcentaje correctamente         00:08 +232: /home/bootcamp/Proyectos-2026/Proyectos-Varios/Finanzas-Familiares-AS/test/widget/traffic_light_widget_test.dart: TrafficLightIndicator Widget muestra el monto gastado y el límite        00:08 +233: /home/bootcamp/Proyectos-2026/Proyectos-Varios/Finanzas-Familiares-AS/test/widget/traffic_light_widget_test.dart: TrafficLightIndicator Widget muestra el monto gastado y el límite        00:08 +234: /home/bootcamp/Proyectos-2026/Proyectos-Varios/Finanzas-Familiares-AS/test/widget/traffic_light_widget_test.dart: TrafficLightIndicator Widget muestra el monto gastado y el límite        00:08 +235: /home/bootcamp/Proyectos-2026/Proyectos-Varios/Finanzas-Familiares-AS/test/widget/traffic_light_widget_test.dart: TrafficLightIndicator Widget muestra el monto gastado y el límite        00:08 +235: /home/bootcamp/Proyectos-2026/Proyectos-Varios/Finanzas-Familiares-AS/test/application/services/in_app_update_service_test.dart: InAppUpdateService updateInfo es null por defecto         00:08 +236: /home/bootcamp/Proyectos-2026/Proyectos-Varios/Finanzas-Familiares-AS/test/widget/traffic_light_widget_test.dart: TrafficLightIndicator Widget muestra indicador compacto sin detalles     00:08 +237: /home/bootcamp/Proyectos-2026/Proyectos-Varios/Finanzas-Familiares-AS/test/widget/traffic_light_widget_test.dart: TrafficLightIndicator Widget muestra indicador compacto sin detalles     00:08 +238: /home/bootcamp/Proyectos-2026/Proyectos-Varios/Finanzas-Familiares-AS/test/widget/traffic_light_widget_test.dart: TrafficLightIndicator Widget muestra indicador compacto sin detalles     00:08 +239: /home/bootcamp/Proyectos-2026/Proyectos-Varios/Finanzas-Familiares-AS/test/widget/traffic_light_widget_test.dart: TrafficLightIndicator Widget muestra indicador compacto sin detalles     00:08 +239: /home/bootcamp/Proyectos-2026/Proyectos-Varios/Finanzas-Familiares-AS/test/widget/traffic_light_widget_test.dart: ... Widget factory fromPercentage calcula status correctamente           00:08 +240: /home/bootcamp/Proyectos-2026/Proyectos-Varios/Finanzas-Familiares-AS/test/widget/traffic_light_widget_test.dart: ... Widget factory fromPercentage calcula status correctamente           00:08 +240: loading /home/bootcamp/Proyectos-2026/Proyectos-Varios/Finanzas-Familiares-AS/test/application/services/chart_service_test.dart                                                            00:08 +240: /home/bootcamp/Proyectos-2026/Proyectos-Varios/Finanzas-Familiares-AS/test/application/services/chart_service_test.dart: ChartService categoryColors tiene al menos 10 colores             00:08 +241: /home/bootcamp/Proyectos-2026/Proyectos-Varios/Finanzas-Familiares-AS/test/application/services/chart_service_test.dart: ChartService categoryColors tiene al menos 10 colores             00:08 +241: /home/bootcamp/Proyectos-2026/Proyectos-Varios/Finanzas-Familiares-AS/test/application/services/chart_service_test.dart: ... retorna lista vacía sin transacciones                         00:08 +242: /home/bootcamp/Proyectos-2026/Proyectos-Varios/Finanzas-Familiares-AS/test/application/services/chart_service_test.dart: ... retorna lista vacía sin transacciones                         00:08 +242: /home/bootcamp/Proyectos-2026/Proyectos-Varios/Finanzas-Familiares-AS/test/application/services/chart_service_test.dart: ... agrupa gastos por categoría correctamente                     00:08 +243: /home/bootcamp/Proyectos-2026/Proyectos-Varios/Finanzas-Familiares-AS/test/application/services/chart_service_test.dart: ... agrupa gastos por categoría correctamente                     00:08 +243: ... ChartService calculateExpensesByCategory calcula porcentajes correctamente                                                                                                             00:08 +244: ... ChartService calculateExpensesByCategory calcula porcentajes correctamente                                                                                                             00:08 +244: /home/bootcamp/Proyectos-2026/Proyectos-Varios/Finanzas-Familiares-AS/test/application/services/chart_service_test.dart: ChartService calculateExpensesByCategory ignora ingresos          00:08 +245: /home/bootcamp/Proyectos-2026/Proyectos-Varios/Finanzas-Familiares-AS/test/application/services/chart_service_test.dart: ChartService calculateExpensesByCategory ignora ingresos          00:08 +245: /home/bootcamp/Proyectos-2026/Proyectos-Varios/Finanzas-Familiares-AS/test/application/services/chart_service_test.dart: ChartService calculateMonthlyTrend retorna datos para cada mes    00:08 +246: /home/bootcamp/Proyectos-2026/Proyectos-Varios/Finanzas-Familiares-AS/test/application/services/chart_service_test.dart: ChartService calculateMonthlyTrend retorna datos para cada mes    00:08 +246: /home/bootcamp/Proyectos-2026/Proyectos-Varios/Finanzas-Familiares-AS/test/application/services/chart_service_test.dart: ... calculateMonthlyTrend calcula ingresos y gastos por mes       00:08 +247: /home/bootcamp/Proyectos-2026/Proyectos-Varios/Finanzas-Familiares-AS/test/application/services/chart_service_test.dart: ... calculateMonthlyTrend calcula ingresos y gastos por mes       00:08 +247: /home/bootcamp/Proyectos-2026/Proyectos-Varios/Finanzas-Familiares-AS/test/application/services/chart_service_test.dart: ... calculateMonthComparison calcula diferencias entre meses      00:08 +248: /home/bootcamp/Proyectos-2026/Proyectos-Varios/Finanzas-Familiares-AS/test/application/services/chart_service_test.dart: ... calculateMonthComparison calcula diferencias entre meses      00:08 +248: /home/bootcamp/Proyectos-2026/Proyectos-Varios/Finanzas-Familiares-AS/test/application/services/chart_service_test.dart: ... calculateMonthComparison maneja mes anterior sin datos        00:08 +249: /home/bootcamp/Proyectos-2026/Proyectos-Varios/Finanzas-Familiares-AS/test/application/services/chart_service_test.dart: ... calculateMonthComparison maneja mes anterior sin datos        00:08 +249: /home/bootcamp/Proyectos-2026/Proyectos-Varios/Finanzas-Familiares-AS/test/application/services/chart_service_test.dart: ChartService getTopExpenseCategories respeta límite               00:08 +250: /home/bootcamp/Proyectos-2026/Proyectos-Varios/Finanzas-Familiares-AS/test/application/services/chart_service_test.dart: ChartService getTopExpenseCategories respeta límite               00:08 +250: /home/bootcamp/Proyectos-2026/Proyectos-Varios/Finanzas-Familiares-AS/test/application/services/chart_service_test.dart: CategoryExpenseData se crea correctamente                         00:08 +251: /home/bootcamp/Proyectos-2026/Proyectos-Varios/Finanzas-Familiares-AS/test/application/services/chart_service_test.dart: CategoryExpenseData se crea correctamente                         00:08 +251: /home/bootcamp/Proyectos-2026/Proyectos-Varios/Finanzas-Familiares-AS/test/application/services/chart_service_test.dart: MonthlyTrendData se crea correctamente                            00:08 +252: /home/bootcamp/Proyectos-2026/Proyectos-Varios/Finanzas-Familiares-AS/test/application/services/chart_service_test.dart: MonthlyTrendData se crea correctamente                            00:08 +252: /home/bootcamp/Proyectos-2026/Proyectos-Varios/Finanzas-Familiares-AS/test/application/services/chart_service_test.dart: PeriodComparison se crea correctamente                            00:08 +253: /home/bootcamp/Proyectos-2026/Proyectos-Varios/Finanzas-Familiares-AS/test/application/services/chart_service_test.dart: PeriodComparison se crea correctamente                            00:08 +253: loading /home/bootcamp/Proyectos-2026/Proyectos-Varios/Finanzas-Familiares-AS/test/application/services/quick_actions_service_test.dart                                                    00:08 +253: /home/bootcamp/Proyectos-2026/Proyectos-Varios/Finanzas-Familiares-AS/test/application/services/quick_actions_service_test.dart: QuickActionsService puede ser instanciado                 00:08 +254: /home/bootcamp/Proyectos-2026/Proyectos-Varios/Finanzas-Familiares-AS/test/application/services/quick_actions_service_test.dart: QuickActionsService puede ser instanciado                 00:08 +254: /home/bootcamp/Proyectos-2026/Proyectos-Varios/Finanzas-Familiares-AS/test/application/services/quick_actions_service_test.dart: QuickActionsService setCallback actualiza el callback     00:08 +255: /home/bootcamp/Proyectos-2026/Proyectos-Varios/Finanzas-Familiares-AS/test/application/services/quick_actions_service_test.dart: QuickActionsService setCallback actualiza el callback     00:08 +255: /home/bootcamp/Proyectos-2026/Proyectos-Varios/Finanzas-Familiares-AS/test/application/services/quick_actions_service_test.dart: QuickActionType fromString parsea newExpense correctamente00:08 +256: /home/bootcamp/Proyectos-2026/Proyectos-Varios/Finanzas-Familiares-AS/test/application/services/quick_actions_service_test.dart: QuickActionType fromString parsea newExpense correctamente00:08 +256: /home/bootcamp/Proyectos-2026/Proyectos-Varios/Finanzas-Familiares-AS/test/application/services/quick_actions_service_test.dart: QuickActionType fromString parsea newIncome correctamente 00:08 +257: /home/bootcamp/Proyectos-2026/Proyectos-Varios/Finanzas-Familiares-AS/test/application/services/quick_actions_service_test.dart: QuickActionType fromString parsea newIncome correctamente 00:08 +257: ... QuickActionType fromString parsea viewBalance correctamente                                                                                                                            00:08 +258: ... QuickActionType fromString parsea viewBalance correctamente                                                                                                                            00:08 +258: /home/bootcamp/Proyectos-2026/Proyectos-Varios/Finanzas-Familiares-AS/test/application/services/quick_actions_service_test.dart: ... fromString retorna null para valor desconocido        00:08 +259: /home/bootcamp/Proyectos-2026/Proyectos-Varios/Finanzas-Familiares-AS/test/application/services/quick_actions_service_test.dart: ... fromString retorna null para valor desconocido        00:08 +259: /home/bootcamp/Proyectos-2026/Proyectos-Varios/Finanzas-Familiares-AS/test/application/services/quick_actions_service_test.dart: ... value retorna el string correcto para cada tipo       00:08 +260: /home/bootcamp/Proyectos-2026/Proyectos-Varios/Finanzas-Familiares-AS/test/application/services/quick_actions_service_test.dart: ... value retorna el string correcto para cada tipo       00:08 +260: loading /home/bootcamp/Proyectos-2026/Proyectos-Varios/Finanzas-Familiares-AS/test/application/services/storage_sync_service_test.dart                                                     00:08 +260: /home/bootcamp/Proyectos-2026/Proyectos-Varios/Finanzas-Familiares-AS/test/application/services/storage_sync_service_test.dart: SyncResult success factory crea resultado exitoso          00:08 +261: /home/bootcamp/Proyectos-2026/Proyectos-Varios/Finanzas-Familiares-AS/test/application/services/storage_sync_service_test.dart: SyncResult success factory crea resultado exitoso          00:08 +261: /home/bootcamp/Proyectos-2026/Proyectos-Varios/Finanzas-Familiares-AS/test/application/services/storage_sync_service_test.dart: SyncResult failure factory crea resultado de error         00:08 +262: /home/bootcamp/Proyectos-2026/Proyectos-Varios/Finanzas-Familiares-AS/test/application/services/storage_sync_service_test.dart: SyncResult failure factory crea resultado de error         00:08 +262: /home/bootcamp/Proyectos-2026/Proyectos-Varios/Finanzas-Familiares-AS/test/application/services/storage_sync_service_test.dart: PendingAttachment constructor crea instancia correctamente 00:08 +263: /home/bootcamp/Proyectos-2026/Proyectos-Varios/Finanzas-Familiares-AS/test/application/services/storage_sync_service_test.dart: PendingAttachment constructor crea instancia correctamente 00:08 +263: /home/bootcamp/Proyectos-2026/Proyectos-Varios/Finanzas-Familiares-AS/test/application/services/storage_sync_service_test.dart: StorageSyncService _buildRemotePath construye path correcto00:08 +264: /home/bootcamp/Proyectos-2026/Proyectos-Varios/Finanzas-Familiares-AS/test/application/services/storage_sync_service_test.dart: StorageSyncService _buildRemotePath construye path correcto00:08 +264: /home/bootcamp/Proyectos-2026/Proyectos-Varios/Finanzas-Familiares-AS/test/application/services/storage_sync_service_test.dart: StorageSyncService _extractPathFromUrl maneja URLs válidas 00:08 +265: /home/bootcamp/Proyectos-2026/Proyectos-Varios/Finanzas-Familiares-AS/test/application/services/storage_sync_service_test.dart: StorageSyncService _extractPathFromUrl maneja URLs válidas 00:08 +265: /home/bootcamp/Proyectos-2026/Proyectos-Varios/Finanzas-Familiares-AS/test/application/services/storage_sync_service_test.dart: ... _extractPathFromUrl retorna null para URLs inválidas   00:08 +266: /home/bootcamp/Proyectos-2026/Proyectos-Varios/Finanzas-Familiares-AS/test/application/services/storage_sync_service_test.dart: ... _extractPathFromUrl retorna null para URLs inválidas   00:08 +266: /home/bootcamp/Proyectos-2026/Proyectos-Varios/Finanzas-Familiares-AS/test/application/services/storage_sync_service_test.dart: ... - syncPendingAttachments lista vacía retorna mapa vacío00:08 +267: /home/bootcamp/Proyectos-2026/Proyectos-Varios/Finanzas-Familiares-AS/test/application/services/storage_sync_service_test.dart: ... - syncPendingAttachments lista vacía retorna mapa vacío00:08 +267: /home/bootcamp/Proyectos-2026/Proyectos-Varios/Finanzas-Familiares-AS/test/application/services/storage_sync_service_test.dart: ... múltiples adjuntos se procesan secuencialmente         00:08 +268: /home/bootcamp/Proyectos-2026/Proyectos-Varios/Finanzas-Familiares-AS/test/application/services/storage_sync_service_test.dart: ... múltiples adjuntos se procesan secuencialmente         00:08 +268: /home/bootcamp/Proyectos-2026/Proyectos-Varios/Finanzas-Familiares-AS/test/application/services/storage_sync_service_test.dart: StorageSyncService - File types soporta imágenes JPEG      00:08 +269: /home/bootcamp/Proyectos-2026/Proyectos-Varios/Finanzas-Familiares-AS/test/application/services/storage_sync_service_test.dart: StorageSyncService - File types soporta imágenes JPEG      00:08 +269: /home/bootcamp/Proyectos-2026/Proyectos-Varios/Finanzas-Familiares-AS/test/application/services/storage_sync_service_test.dart: StorageSyncService - File types soporta imágenes PNG       00:08 +270: /home/bootcamp/Proyectos-2026/Proyectos-Varios/Finanzas-Familiares-AS/test/application/services/storage_sync_service_test.dart: StorageSyncService - File types soporta imágenes PNG       00:08 +270: /home/bootcamp/Proyectos-2026/Proyectos-Varios/Finanzas-Familiares-AS/test/application/services/storage_sync_service_test.dart: StorageSyncService - File types soporta imágenes WebP      00:08 +271: /home/bootcamp/Proyectos-2026/Proyectos-Varios/Finanzas-Familiares-AS/test/application/services/storage_sync_service_test.dart: StorageSyncService - File types soporta imágenes WebP      00:08 +271: /home/bootcamp/Proyectos-2026/Proyectos-Varios/Finanzas-Familiares-AS/test/application/services/storage_sync_service_test.dart: StorageSyncService - File types soporta PDF                00:08 +272: /home/bootcamp/Proyectos-2026/Proyectos-Varios/Finanzas-Familiares-AS/test/application/services/storage_sync_service_test.dart: StorageSyncService - File types soporta PDF                00:09 +272: /home/bootcamp/Proyectos-2026/Proyectos-Varios/Finanzas-Familiares-AS/test/application/services/storage_sync_service_test.dart: StorageSyncService - File types soporta PDF                00:09 +272: loading /home/bootcamp/Proyectos-2026/Proyectos-Varios/Finanzas-Familiares-AS/test/application/services/attachment_service_test.dart                                                       00:09 +272: /home/bootcamp/Proyectos-2026/Proyectos-Varios/Finanzas-Familiares-AS/test/application/services/attachment_service_test.dart: ... extrae montos con formato colombiano $1.234.567          00:09 +273: /home/bootcamp/Proyectos-2026/Proyectos-Varios/Finanzas-Familiares-AS/test/application/services/attachment_service_test.dart: ... extrae montos con formato colombiano $1.234.567          00:09 +273: /home/bootcamp/Proyectos-2026/Proyectos-Varios/Finanzas-Familiares-AS/test/application/services/attachment_service_test.dart: ... Amount Extraction _parseAmount maneja diferentes formatos00:09 +274: /home/bootcamp/Proyectos-2026/Proyectos-Varios/Finanzas-Familiares-AS/test/application/services/attachment_service_test.dart: ... Amount Extraction _parseAmount maneja diferentes formatos00:09 +274: /home/bootcamp/Proyectos-2026/Proyectos-Varios/Finanzas-Familiares-AS/test/application/services/attachment_service_test.dart: ... retorna tipo correcto para extensiones comunes           00:09 +275: /home/bootcamp/Proyectos-2026/Proyectos-Varios/Finanzas-Familiares-AS/test/application/services/attachment_service_test.dart: ... retorna tipo correcto para extensiones comunes           00:09 +275: /home/bootcamp/Proyectos-2026/Proyectos-Varios/Finanzas-Familiares-AS/test/application/services/attachment_service_test.dart: ... OCR Amount Extraction OcrResult contiene datos correctos 00:09 +276: /home/bootcamp/Proyectos-2026/Proyectos-Varios/Finanzas-Familiares-AS/test/application/services/attachment_service_test.dart: ... OCR Amount Extraction OcrResult contiene datos correctos 00:09 +276: /home/bootcamp/Proyectos-2026/Proyectos-Varios/Finanzas-Familiares-AS/test/application/services/attachment_service_test.dart: ... - OCR Amount Extraction OcrResult con valores null       00:09 +277: /home/bootcamp/Proyectos-2026/Proyectos-Varios/Finanzas-Familiares-AS/test/application/services/attachment_service_test.dart: ... - OCR Amount Extraction OcrResult con valores null       00:09 +277: /home/bootcamp/Proyectos-2026/Proyectos-Varios/Finanzas-Familiares-AS/test/application/services/attachment_service_test.dart: ... Amount Extraction CapturedImage contiene datos correctos 00:09 +278: /home/bootcamp/Proyectos-2026/Proyectos-Varios/Finanzas-Familiares-AS/test/application/services/attachment_service_test.dart: ... Amount Extraction CapturedImage contiene datos correctos 00:09 +278: /home/bootcamp/Proyectos-2026/Proyectos-Varios/Finanzas-Familiares-AS/test/application/services/attachment_service_test.dart: ... - Amount Parsing Patterns patrones de monto colombiano   00:09 +279: /home/bootcamp/Proyectos-2026/Proyectos-Varios/Finanzas-Familiares-AS/test/application/services/attachment_service_test.dart: ... - Amount Parsing Patterns patrones de monto colombiano   00:09 +279: /home/bootcamp/Proyectos-2026/Proyectos-Varios/Finanzas-Familiares-AS/test/application/services/attachment_service_test.dart: ... - Amount Parsing Patterns filtro de montos razonables    00:09 +280: /home/bootcamp/Proyectos-2026/Proyectos-Varios/Finanzas-Familiares-AS/test/application/services/attachment_service_test.dart: ... - Amount Parsing Patterns filtro de montos razonables    00:09 +280: loading /home/bootcamp/Proyectos-2026/Proyectos-Varios/Finanzas-Familiares-AS/test/application/providers/onboarding_provider_test.dart                                                     00:09 +280: /home/bootcamp/Proyectos-2026/Proyectos-Varios/Finanzas-Familiares-AS/test/application/providers/onboarding_provider_test.dart: ... isFirstTimeUser retorna true si no hay UserSettings    00:09 +281: /home/bootcamp/Proyectos-2026/Proyectos-Varios/Finanzas-Familiares-AS/test/application/providers/onboarding_provider_test.dart: ... isFirstTimeUser retorna true si no hay UserSettings    00:09 +281: /home/bootcamp/Proyectos-2026/Proyectos-Varios/Finanzas-Familiares-AS/test/application/providers/onboarding_provider_test.dart: ... retorna true si onboarding no completado               00:09 +282: /home/bootcamp/Proyectos-2026/Proyectos-Varios/Finanzas-Familiares-AS/test/application/providers/onboarding_provider_test.dart: ... retorna true si onboarding no completado               00:09 +282: /home/bootcamp/Proyectos-2026/Proyectos-Varios/Finanzas-Familiares-AS/test/application/providers/onboarding_provider_test.dart: ... isFirstTimeUser retorna false si onboarding completado 00:09 +283: /home/bootcamp/Proyectos-2026/Proyectos-Varios/Finanzas-Familiares-AS/test/application/providers/onboarding_provider_test.dart: ... isFirstTimeUser retorna false si onboarding completado 00:09 +283: /home/bootcamp/Proyectos-2026/Proyectos-Varios/Finanzas-Familiares-AS/test/application/providers/onboarding_provider_test.dart: OnboardingProvider OnboardingService puede ser instanciado 00:09 +284: /home/bootcamp/Proyectos-2026/Proyectos-Varios/Finanzas-Familiares-AS/test/application/providers/onboarding_provider_test.dart: OnboardingProvider OnboardingService puede ser instanciado 00:09 +284: /home/bootcamp/Proyectos-2026/Proyectos-Varios/Finanzas-Familiares-AS/test/application/providers/onboarding_provider_test.dart: OnboardingSteps tiene los pasos correctos definidos        00:09 +285: /home/bootcamp/Proyectos-2026/Proyectos-Varios/Finanzas-Familiares-AS/test/application/providers/onboarding_provider_test.dart: OnboardingSteps tiene los pasos correctos definidos        00:09 +285: loading /home/bootcamp/Proyectos-2026/Proyectos-Varios/Finanzas-Familiares-AS/test/application/providers/auth_provider_test.dart                                                           00:09 +285: /home/bootcamp/Proyectos-2026/Proyectos-Varios/Finanzas-Familiares-AS/test/application/providers/auth_provider_test.dart: (setUpAll)                                                       00:09 +285: /home/bootcamp/Proyectos-2026/Proyectos-Varios/Finanzas-Familiares-AS/test/application/providers/auth_provider_test.dart: AuthStatus enum tiene los estados correctos                      00:09 +286: /home/bootcamp/Proyectos-2026/Proyectos-Varios/Finanzas-Familiares-AS/test/application/providers/auth_provider_test.dart: AuthStatus enum tiene los estados correctos                      00:09 +286: /home/bootcamp/Proyectos-2026/Proyectos-Varios/Finanzas-Familiares-AS/test/application/providers/auth_provider_test.dart: ... llama a signInWithPassword con credenciales correctas        00:09 +287: /home/bootcamp/Proyectos-2026/Proyectos-Varios/Finanzas-Familiares-AS/test/application/providers/auth_provider_test.dart: ... llama a signInWithPassword con credenciales correctas        00:09 +287: /home/bootcamp/Proyectos-2026/Proyectos-Varios/Finanzas-Familiares-AS/test/application/providers/auth_provider_test.dart: ... propaga AuthException en error de autenticación              00:09 +288: /home/bootcamp/Proyectos-2026/Proyectos-Varios/Finanzas-Familiares-AS/test/application/providers/auth_provider_test.dart: ... propaga AuthException en error de autenticación              00:09 +288: /home/bootcamp/Proyectos-2026/Proyectos-Varios/Finanzas-Familiares-AS/test/application/providers/auth_provider_test.dart: ... - signUpWithEmail registra usuario con email y password      00:09 +289: /home/bootcamp/Proyectos-2026/Proyectos-Varios/Finanzas-Familiares-AS/test/application/providers/auth_provider_test.dart: ... - signUpWithEmail registra usuario con email y password      00:09 +289: /home/bootcamp/Proyectos-2026/Proyectos-Varios/Finanzas-Familiares-AS/test/application/providers/auth_provider_test.dart: ... - signUpWithEmail registra usuario con displayName en data   00:09 +290: /home/bootcamp/Proyectos-2026/Proyectos-Varios/Finanzas-Familiares-AS/test/application/providers/auth_provider_test.dart: ... - signUpWithEmail registra usuario con displayName en data   00:09 +290: /home/bootcamp/Proyectos-2026/Proyectos-Varios/Finanzas-Familiares-AS/test/application/providers/auth_provider_test.dart: AuthService - signOut cierra sesión correctamente                00:09 +291: /home/bootcamp/Proyectos-2026/Proyectos-Varios/Finanzas-Familiares-AS/test/application/providers/auth_provider_test.dart: AuthService - signOut cierra sesión correctamente                00:09 +291: /home/bootcamp/Proyectos-2026/Proyectos-Varios/Finanzas-Familiares-AS/test/application/providers/auth_provider_test.dart: AuthService - signOut propaga excepción en error de signOut      00:09 +292: /home/bootcamp/Proyectos-2026/Proyectos-Varios/Finanzas-Familiares-AS/test/application/providers/auth_provider_test.dart: AuthService - signOut propaga excepción en error de signOut      00:09 +292: /home/bootcamp/Proyectos-2026/Proyectos-Varios/Finanzas-Familiares-AS/test/application/providers/auth_provider_test.dart: ... management currentSession retorna null cuando no hay sesión  00:09 +293: /home/bootcamp/Proyectos-2026/Proyectos-Varios/Finanzas-Familiares-AS/test/application/providers/auth_provider_test.dart: ... management currentSession retorna null cuando no hay sesión  00:09 +293: /home/bootcamp/Proyectos-2026/Proyectos-Varios/Finanzas-Familiares-AS/test/application/providers/auth_provider_test.dart: ... - session management currentSession retorna sesión activa    00:09 +294: /home/bootcamp/Proyectos-2026/Proyectos-Varios/Finanzas-Familiares-AS/test/application/providers/auth_provider_test.dart: ... - session management currentSession retorna sesión activa    00:09 +294: /home/bootcamp/Proyectos-2026/Proyectos-Varios/Finanzas-Familiares-AS/test/application/providers/auth_provider_test.dart: ... management currentUser retorna null cuando no hay usuario    00:09 +295: /home/bootcamp/Proyectos-2026/Proyectos-Varios/Finanzas-Familiares-AS/test/application/providers/auth_provider_test.dart: ... management currentUser retorna null cuando no hay usuario    00:09 +295: /home/bootcamp/Proyectos-2026/Proyectos-Varios/Finanzas-Familiares-AS/test/application/providers/auth_provider_test.dart: ... - session management currentUser retorna usuario autenticado 00:09 +296: /home/bootcamp/Proyectos-2026/Proyectos-Varios/Finanzas-Familiares-AS/test/application/providers/auth_provider_test.dart: ... - session management currentUser retorna usuario autenticado 00:09 +296: /home/bootcamp/Proyectos-2026/Proyectos-Varios/Finanzas-Familiares-AS/test/application/providers/auth_provider_test.dart: AuthService - refreshSession refresca sesión correctamente       00:09 +297: /home/bootcamp/Proyectos-2026/Proyectos-Varios/Finanzas-Familiares-AS/test/application/providers/auth_provider_test.dart: AuthService - refreshSession refresca sesión correctamente       00:09 +297: /home/bootcamp/Proyectos-2026/Proyectos-Varios/Finanzas-Familiares-AS/test/application/providers/auth_provider_test.dart: AuthService - refreshSession propaga excepción si refresh falla  00:09 +298: /home/bootcamp/Proyectos-2026/Proyectos-Varios/Finanzas-Familiares-AS/test/application/providers/auth_provider_test.dart: AuthService - refreshSession propaga excepción si refresh falla  00:09 +298: /home/bootcamp/Proyectos-2026/Proyectos-Varios/Finanzas-Familiares-AS/test/application/providers/auth_provider_test.dart: AuthService - OAuth getOAuthSignInUrl genera URL para proveedor  00:09 +299: /home/bootcamp/Proyectos-2026/Proyectos-Varios/Finanzas-Familiares-AS/test/application/providers/auth_provider_test.dart: AuthService - OAuth getOAuthSignInUrl genera URL para proveedor  00:09 +299: /home/bootcamp/Proyectos-2026/Proyectos-Varios/Finanzas-Familiares-AS/test/application/providers/auth_provider_test.dart: ... - onAuthStateChange stream emite eventos de autenticación    00:09 +300: /home/bootcamp/Proyectos-2026/Proyectos-Varios/Finanzas-Familiares-AS/test/application/providers/auth_provider_test.dart: ... - onAuthStateChange stream emite eventos de autenticación    00:09 +300: /home/bootcamp/Proyectos-2026/Proyectos-Varios/Finanzas-Familiares-AS/test/application/providers/auth_provider_test.dart: ... stream emite signedOut cuando usuario cierra sesión          00:09 +301: /home/bootcamp/Proyectos-2026/Proyectos-Varios/Finanzas-Familiares-AS/test/application/providers/auth_provider_test.dart: ... stream emite signedOut cuando usuario cierra sesión          00:09 +301: /home/bootcamp/Proyectos-2026/Proyectos-Varios/Finanzas-Familiares-AS/test/application/providers/auth_provider_test.dart: ... stream emite tokenRefreshed cuando token se refresca         00:09 +302: /home/bootcamp/Proyectos-2026/Proyectos-Varios/Finanzas-Familiares-AS/test/application/providers/auth_provider_test.dart: ... stream emite tokenRefreshed cuando token se refresca         00:09 +302: /home/bootcamp/Proyectos-2026/Proyectos-Varios/Finanzas-Familiares-AS/test/application/providers/auth_provider_test.dart: ... - onAuthStateChange stream emite initialSession al iniciar   00:09 +303: /home/bootcamp/Proyectos-2026/Proyectos-Varios/Finanzas-Familiares-AS/test/application/providers/auth_provider_test.dart: ... - onAuthStateChange stream emite initialSession al iniciar   00:09 +303: /home/bootcamp/Proyectos-2026/Proyectos-Varios/Finanzas-Familiares-AS/test/application/providers/auth_provider_test.dart: ... stream emite initialSession con sesión existente             00:09 +304: /home/bootcamp/Proyectos-2026/Proyectos-Varios/Finanzas-Familiares-AS/test/application/providers/auth_provider_test.dart: ... stream emite initialSession con sesión existente             00:09 +304: /home/bootcamp/Proyectos-2026/Proyectos-Varios/Finanzas-Familiares-AS/test/application/providers/auth_provider_test.dart: Session accessToken accessToken retorna token de sesión activa   00:09 +305: /home/bootcamp/Proyectos-2026/Proyectos-Varios/Finanzas-Familiares-AS/test/application/providers/auth_provider_test.dart: Session accessToken accessToken retorna token de sesión activa   00:09 +305: /home/bootcamp/Proyectos-2026/Proyectos-Varios/Finanzas-Familiares-AS/test/application/providers/auth_provider_test.dart: Session accessToken accessToken es null sin sesión               00:09 +306: /home/bootcamp/Proyectos-2026/Proyectos-Varios/Finanzas-Familiares-AS/test/application/providers/auth_provider_test.dart: Session accessToken accessToken es null sin sesión               00:09 +306: /home/bootcamp/Proyectos-2026/Proyectos-Varios/Finanzas-Familiares-AS/test/application/providers/auth_provider_test.dart: (tearDownAll)                                                    00:09 +306: loading /home/bootcamp/Proyectos-2026/Proyectos-Varios/Finanzas-Familiares-AS/test/repro_create_family_test.dart                                                                           00:09 +306: /home/bootcamp/Proyectos-2026/Proyectos-Varios/Finanzas-Familiares-AS/test/repro_create_family_test.dart: ... Family Service Logic createFamily creates a family and adds owner member     00:09 +307: /home/bootcamp/Proyectos-2026/Proyectos-Varios/Finanzas-Familiares-AS/test/repro_create_family_test.dart: ... Family Service Logic createFamily creates a family and adds owner member     00:09 +307: loading /home/bootcamp/Proyectos-2026/Proyectos-Varios/Finanzas-Familiares-AS/test/domain/entities/dashboard/dashboard_dtos_test.dart                                                      00:09 +307: /home/bootcamp/Proyectos-2026/Proyectos-Varios/Finanzas-Familiares-AS/test/domain/entities/dashboard/dashboard_dtos_test.dart: CategoryExpense constructor con valores requeridos          00:09 +308: /home/bootcamp/Proyectos-2026/Proyectos-Varios/Finanzas-Familiares-AS/test/domain/entities/dashboard/dashboard_dtos_test.dart: CategoryExpense constructor con valores requeridos          00:09 +308: /home/bootcamp/Proyectos-2026/Proyectos-Varios/Finanzas-Familiares-AS/test/domain/entities/dashboard/dashboard_dtos_test.dart: CategoryExpense constructor con icono                       00:09 +309: /home/bootcamp/Proyectos-2026/Proyectos-Varios/Finanzas-Familiares-AS/test/domain/entities/dashboard/dashboard_dtos_test.dart: CategoryExpense constructor con icono                       00:09 +309: /home/bootcamp/Proyectos-2026/Proyectos-Varios/Finanzas-Familiares-AS/test/domain/entities/dashboard/dashboard_dtos_test.dart: CategoryExpense percentage puede ser 0                      00:09 +310: /home/bootcamp/Proyectos-2026/Proyectos-Varios/Finanzas-Familiares-AS/test/domain/entities/dashboard/dashboard_dtos_test.dart: CategoryExpense percentage puede ser 0                      00:09 +310: /home/bootcamp/Proyectos-2026/Proyectos-Varios/Finanzas-Familiares-AS/test/domain/entities/dashboard/dashboard_dtos_test.dart: CategoryExpense percentage puede ser 100                    00:09 +311: /home/bootcamp/Proyectos-2026/Proyectos-Varios/Finanzas-Familiares-AS/test/domain/entities/dashboard/dashboard_dtos_test.dart: CategoryExpense percentage puede ser 100                    00:09 +311: /home/bootcamp/Proyectos-2026/Proyectos-Varios/Finanzas-Familiares-AS/test/domain/entities/dashboard/dashboard_dtos_test.dart: ExpenseGroup constructor con subcategorías vacías           00:09 +312: /home/bootcamp/Proyectos-2026/Proyectos-Varios/Finanzas-Familiares-AS/test/domain/entities/dashboard/dashboard_dtos_test.dart: ExpenseGroup constructor con subcategorías vacías           00:09 +312: /home/bootcamp/Proyectos-2026/Proyectos-Varios/Finanzas-Familiares-AS/test/domain/entities/dashboard/dashboard_dtos_test.dart: ExpenseGroup constructor con subcategorías                  00:09 +313: /home/bootcamp/Proyectos-2026/Proyectos-Varios/Finanzas-Familiares-AS/test/domain/entities/dashboard/dashboard_dtos_test.dart: ExpenseGroup constructor con subcategorías                  00:09 +313: /home/bootcamp/Proyectos-2026/Proyectos-Varios/Finanzas-Familiares-AS/test/domain/entities/dashboard/dashboard_dtos_test.dart: MonthSummary constructor básico                             00:09 +314: /home/bootcamp/Proyectos-2026/Proyectos-Varios/Finanzas-Familiares-AS/test/domain/entities/dashboard/dashboard_dtos_test.dart: MonthSummary constructor básico                             00:09 +314: /home/bootcamp/Proyectos-2026/Proyectos-Varios/Finanzas-Familiares-AS/test/domain/entities/dashboard/dashboard_dtos_test.dart: MonthSummary netBalance puede ser negativo                  00:09 +315: /home/bootcamp/Proyectos-2026/Proyectos-Varios/Finanzas-Familiares-AS/test/domain/entities/dashboard/dashboard_dtos_test.dart: MonthSummary netBalance puede ser negativo                  00:09 +315: /home/bootcamp/Proyectos-2026/Proyectos-Varios/Finanzas-Familiares-AS/test/domain/entities/dashboard/dashboard_dtos_test.dart: MonthSummary mes válido 1-12                                00:09 +316: /home/bootcamp/Proyectos-2026/Proyectos-Varios/Finanzas-Familiares-AS/test/domain/entities/dashboard/dashboard_dtos_test.dart: MonthSummary mes válido 1-12                                00:09 +316: /home/bootcamp/Proyectos-2026/Proyectos-Varios/Finanzas-Familiares-AS/test/domain/entities/dashboard/dashboard_dtos_test.dart: BudgetAlert isOverBudget es true cuando percentage >= 100   00:09 +317: /home/bootcamp/Proyectos-2026/Proyectos-Varios/Finanzas-Familiares-AS/test/domain/entities/dashboard/dashboard_dtos_test.dart: BudgetAlert isOverBudget es true cuando percentage >= 100   00:09 +317: /home/bootcamp/Proyectos-2026/Proyectos-Varios/Finanzas-Familiares-AS/test/domain/entities/dashboard/dashboard_dtos_test.dart: BudgetAlert isOverBudget es true exactamente en 100%        00:09 +318: /home/bootcamp/Proyectos-2026/Proyectos-Varios/Finanzas-Familiares-AS/test/domain/entities/dashboard/dashboard_dtos_test.dart: BudgetAlert isOverBudget es true exactamente en 100%        00:09 +318: /home/bootcamp/Proyectos-2026/Proyectos-Varios/Finanzas-Familiares-AS/test/domain/entities/dashboard/dashboard_dtos_test.dart: ... isWarning es true cuando percentage >= 80 y < 100       00:09 +319: /home/bootcamp/Proyectos-2026/Proyectos-Varios/Finanzas-Familiares-AS/test/domain/entities/dashboard/dashboard_dtos_test.dart: ... isWarning es true cuando percentage >= 80 y < 100       00:09 +319: /home/bootcamp/Proyectos-2026/Proyectos-Varios/Finanzas-Familiares-AS/test/domain/entities/dashboard/dashboard_dtos_test.dart: BudgetAlert isWarning es true exactamente en 80%            00:09 +320: /home/bootcamp/Proyectos-2026/Proyectos-Varios/Finanzas-Familiares-AS/test/domain/entities/dashboard/dashboard_dtos_test.dart: BudgetAlert isWarning es true exactamente en 80%            00:09 +320: /home/bootcamp/Proyectos-2026/Proyectos-Varios/Finanzas-Familiares-AS/test/domain/entities/dashboard/dashboard_dtos_test.dart: BudgetAlert isWarning es false cuando percentage < 80       00:09 +321: /home/bootcamp/Proyectos-2026/Proyectos-Varios/Finanzas-Familiares-AS/test/domain/entities/dashboard/dashboard_dtos_test.dart: BudgetAlert isWarning es false cuando percentage < 80       00:09 +321: /home/bootcamp/Proyectos-2026/Proyectos-Varios/Finanzas-Familiares-AS/test/domain/entities/dashboard/dashboard_dtos_test.dart: BudgetAlert isWarning es false exactamente en 79.9%         00:09 +322: /home/bootcamp/Proyectos-2026/Proyectos-Varios/Finanzas-Familiares-AS/test/domain/entities/dashboard/dashboard_dtos_test.dart: BudgetAlert isWarning es false exactamente en 79.9%         00:09 +322: /home/bootcamp/Proyectos-2026/Proyectos-Varios/Finanzas-Familiares-AS/test/domain/entities/dashboard/dashboard_dtos_test.dart: DashboardSummary constructor con todos los campos           00:09 +323: /home/bootcamp/Proyectos-2026/Proyectos-Varios/Finanzas-Familiares-AS/test/domain/entities/dashboard/dashboard_dtos_test.dart: DashboardSummary constructor con todos los campos           00:09 +323: /home/bootcamp/Proyectos-2026/Proyectos-Varios/Finanzas-Familiares-AS/test/domain/entities/dashboard/dashboard_dtos_test.dart: DashboardSummary listas vacías son válidas                  00:09 +324: /home/bootcamp/Proyectos-2026/Proyectos-Varios/Finanzas-Familiares-AS/test/domain/entities/dashboard/dashboard_dtos_test.dart: DashboardSummary listas vacías son válidas                  00:09 +324: /home/bootcamp/Proyectos-2026/Proyectos-Varios/Finanzas-Familiares-AS/test/domain/entities/dashboard/dashboard_dtos_test.dart: DashboardSummary netWorth puede ser negativo                00:09 +325: /home/bootcamp/Proyectos-2026/Proyectos-Varios/Finanzas-Familiares-AS/test/domain/entities/dashboard/dashboard_dtos_test.dart: DashboardSummary netWorth puede ser negativo                00:09 +325: loading /home/bootcamp/Proyectos-2026/Proyectos-Varios/Finanzas-Familiares-AS/test/domain/entities/accounts/total_balance_test.dart                                                        00:09 +325: /home/bootcamp/Proyectos-2026/Proyectos-Varios/Finanzas-Familiares-AS/test/domain/entities/accounts/total_balance_test.dart: TotalBalance constructor con valores positivos                00:09 +326: /home/bootcamp/Proyectos-2026/Proyectos-Varios/Finanzas-Familiares-AS/test/domain/entities/accounts/total_balance_test.dart: TotalBalance constructor con valores positivos                00:09 +326: /home/bootcamp/Proyectos-2026/Proyectos-Varios/Finanzas-Familiares-AS/test/domain/entities/accounts/total_balance_test.dart: TotalBalance balance getter retorna netWorth                  00:09 +327: /home/bootcamp/Proyectos-2026/Proyectos-Varios/Finanzas-Familiares-AS/test/domain/entities/accounts/total_balance_test.dart: TotalBalance balance getter retorna netWorth                  00:09 +327: /home/bootcamp/Proyectos-2026/Proyectos-Varios/Finanzas-Familiares-AS/test/domain/entities/accounts/total_balance_test.dart: ... netWorth puede ser negativo (más deudas que activos)      00:09 +328: /home/bootcamp/Proyectos-2026/Proyectos-Varios/Finanzas-Familiares-AS/test/domain/entities/accounts/total_balance_test.dart: ... netWorth puede ser negativo (más deudas que activos)      00:09 +328: /home/bootcamp/Proyectos-2026/Proyectos-Varios/Finanzas-Familiares-AS/test/domain/entities/accounts/total_balance_test.dart: TotalBalance TotalBalance.empty crea balance vacío            00:09 +329: /home/bootcamp/Proyectos-2026/Proyectos-Varios/Finanzas-Familiares-AS/test/domain/entities/accounts/total_balance_test.dart: TotalBalance TotalBalance.empty crea balance vacío            00:09 +329: /home/bootcamp/Proyectos-2026/Proyectos-Varios/Finanzas-Familiares-AS/test/domain/entities/accounts/total_balance_test.dart: TotalBalance TotalBalance.empty balance getter retorna 0      00:09 +330: /home/bootcamp/Proyectos-2026/Proyectos-Varios/Finanzas-Familiares-AS/test/domain/entities/accounts/total_balance_test.dart: TotalBalance TotalBalance.empty balance getter retorna 0      00:09 +330: /home/bootcamp/Proyectos-2026/Proyectos-Varios/Finanzas-Familiares-AS/test/domain/entities/accounts/total_balance_test.dart: TotalBalance accountCount puede ser 0                         00:09 +331: /home/bootcamp/Proyectos-2026/Proyectos-Varios/Finanzas-Familiares-AS/test/domain/entities/accounts/total_balance_test.dart: TotalBalance accountCount puede ser 0                         00:09 +331: /home/bootcamp/Proyectos-2026/Proyectos-Varios/Finanzas-Familiares-AS/test/domain/entities/accounts/total_balance_test.dart: TotalBalance valores grandes son soportados                   00:09 +332: /home/bootcamp/Proyectos-2026/Proyectos-Varios/Finanzas-Familiares-AS/test/domain/entities/accounts/total_balance_test.dart: TotalBalance valores grandes son soportados                   00:09 +332: loading /home/bootcamp/Proyectos-2026/Proyectos-Varios/Finanzas-Familiares-AS/test/domain/entities/contract_serialization_test.dart                                                        00:09 +332: /home/bootcamp/Proyectos-2026/Proyectos-Varios/Finanzas-Familiares-AS/test/domain/entities/contract_serialization_test.dart: ... Transaction serialization roundtrip preserves all fields  00:09 +333: /home/bootcamp/Proyectos-2026/Proyectos-Varios/Finanzas-Familiares-AS/test/domain/entities/contract_serialization_test.dart: ... Transaction serialization roundtrip preserves all fields  00:09 +333: /home/bootcamp/Proyectos-2026/Proyectos-Varios/Finanzas-Familiares-AS/test/domain/entities/contract_serialization_test.dart: ... serialization roundtrip with null optional fields         00:09 +334: /home/bootcamp/Proyectos-2026/Proyectos-Varios/Finanzas-Familiares-AS/test/domain/entities/contract_serialization_test.dart: ... serialization roundtrip with null optional fields         00:09 +334: /home/bootcamp/Proyectos-2026/Proyectos-Varios/Finanzas-Familiares-AS/test/domain/entities/contract_serialization_test.dart: ... serialization roundtrip for transfer transaction          00:09 +335: /home/bootcamp/Proyectos-2026/Proyectos-Varios/Finanzas-Familiares-AS/test/domain/entities/contract_serialization_test.dart: ... serialization roundtrip for transfer transaction          00:09 +335: /home/bootcamp/Proyectos-2026/Proyectos-Varios/Finanzas-Familiares-AS/test/domain/entities/contract_serialization_test.dart: ... serialization enum TransactionType serializes correctly   00:09 +336: /home/bootcamp/Proyectos-2026/Proyectos-Varios/Finanzas-Familiares-AS/test/domain/entities/contract_serialization_test.dart: ... serialization enum TransactionType serializes correctly   00:09 +336: /home/bootcamp/Proyectos-2026/Proyectos-Varios/Finanzas-Familiares-AS/test/domain/entities/contract_serialization_test.dart: Contract: Account serialization roundtrip preserves all fields00:09 +337: /home/bootcamp/Proyectos-2026/Proyectos-Varios/Finanzas-Familiares-AS/test/domain/entities/contract_serialization_test.dart: Contract: Account serialization roundtrip preserves all fields00:09 +337: /home/bootcamp/Proyectos-2026/Proyectos-Varios/Finanzas-Familiares-AS/test/domain/entities/contract_serialization_test.dart: Contract: Account serialization roundtrip with minimal fields 00:09 +338: /home/bootcamp/Proyectos-2026/Proyectos-Varios/Finanzas-Familiares-AS/test/domain/entities/contract_serialization_test.dart: Contract: Account serialization roundtrip with minimal fields 00:09 +338: /home/bootcamp/Proyectos-2026/Proyectos-Varios/Finanzas-Familiares-AS/test/domain/entities/contract_serialization_test.dart: ... serialization negative balance serializes correctly       00:09 +339: /home/bootcamp/Proyectos-2026/Proyectos-Varios/Finanzas-Familiares-AS/test/domain/entities/contract_serialization_test.dart: ... serialization negative balance serializes correctly       00:09 +339: /home/bootcamp/Proyectos-2026/Proyectos-Varios/Finanzas-Familiares-AS/test/domain/entities/contract_serialization_test.dart: ... Category serialization roundtrip preserves all fields     00:09 +340: /home/bootcamp/Proyectos-2026/Proyectos-Varios/Finanzas-Familiares-AS/test/domain/entities/contract_serialization_test.dart: ... Category serialization roundtrip preserves all fields     00:09 +340: /home/bootcamp/Proyectos-2026/Proyectos-Varios/Finanzas-Familiares-AS/test/domain/entities/contract_serialization_test.dart: ... serialization enum CategoryType serializes correctly      00:09 +341: /home/bootcamp/Proyectos-2026/Proyectos-Varios/Finanzas-Familiares-AS/test/domain/entities/contract_serialization_test.dart: ... serialization enum CategoryType serializes correctly      00:09 +341: /home/bootcamp/Proyectos-2026/Proyectos-Varios/Finanzas-Familiares-AS/test/domain/entities/contract_serialization_test.dart: ... root category (no parent) serializes correctly            00:09 +342: /home/bootcamp/Proyectos-2026/Proyectos-Varios/Finanzas-Familiares-AS/test/domain/entities/contract_serialization_test.dart: ... root category (no parent) serializes correctly            00:09 +342: /home/bootcamp/Proyectos-2026/Proyectos-Varios/Finanzas-Familiares-AS/test/domain/entities/contract_serialization_test.dart: Contract: Budget serialization roundtrip preserves all fields 00:10 +342: /home/bootcamp/Proyectos-2026/Proyectos-Varios/Finanzas-Familiares-AS/test/domain/entities/contract_serialization_test.dart: Contract: Budget serialization roundtrip preserves all fields 00:10 +343: /home/bootcamp/Proyectos-2026/Proyectos-Varios/Finanzas-Familiares-AS/test/domain/entities/contract_serialization_test.dart: Contract: Budget serialization roundtrip preserves all fields 00:10 +343: /home/bootcamp/Proyectos-2026/Proyectos-Varios/Finanzas-Familiares-AS/test/domain/entities/contract_serialization_test.dart: ... serialization budget with null notes serializes correctly 00:10 +344: /home/bootcamp/Proyectos-2026/Proyectos-Varios/Finanzas-Familiares-AS/test/domain/entities/contract_serialization_test.dart: ... serialization budget with null notes serializes correctly 00:10 +344: /home/bootcamp/Proyectos-2026/Proyectos-Varios/Finanzas-Familiares-AS/test/domain/entities/contract_serialization_test.dart: ... Budget serialization inactive budget serializes correctly 00:10 +345: /home/bootcamp/Proyectos-2026/Proyectos-Varios/Finanzas-Familiares-AS/test/domain/entities/contract_serialization_test.dart: ... Budget serialization inactive budget serializes correctly 00:10 +345: /home/bootcamp/Proyectos-2026/Proyectos-Varios/Finanzas-Familiares-AS/test/domain/entities/contract_serialization_test.dart: ... SavingsGoal serialization roundtrip preserves all fields  00:10 +346: /home/bootcamp/Proyectos-2026/Proyectos-Varios/Finanzas-Familiares-AS/test/domain/entities/contract_serialization_test.dart: ... SavingsGoal serialization roundtrip preserves all fields  00:10 +346: /home/bootcamp/Proyectos-2026/Proyectos-Varios/Finanzas-Familiares-AS/test/domain/entities/contract_serialization_test.dart: ... completed goal with completedAt serializes correctly      00:10 +347: /home/bootcamp/Proyectos-2026/Proyectos-Varios/Finanzas-Familiares-AS/test/domain/entities/contract_serialization_test.dart: ... completed goal with completedAt serializes correctly      00:10 +347: /home/bootcamp/Proyectos-2026/Proyectos-Varios/Finanzas-Familiares-AS/test/domain/entities/contract_serialization_test.dart: ... goal with default color and icon serializes correctly     00:10 +348: /home/bootcamp/Proyectos-2026/Proyectos-Varios/Finanzas-Familiares-AS/test/domain/entities/contract_serialization_test.dart: ... goal with default color and icon serializes correctly     00:10 +348: /home/bootcamp/Proyectos-2026/Proyectos-Varios/Finanzas-Familiares-AS/test/domain/entities/contract_serialization_test.dart: Contract: Edge cases very large amounts serialize correctly   00:10 +349: /home/bootcamp/Proyectos-2026/Proyectos-Varios/Finanzas-Familiares-AS/test/domain/entities/contract_serialization_test.dart: Contract: Edge cases very large amounts serialize correctly   00:10 +349: /home/bootcamp/Proyectos-2026/Proyectos-Varios/Finanzas-Familiares-AS/test/domain/entities/contract_serialization_test.dart: Contract: Edge cases very small amounts serialize correctly   00:10 +350: /home/bootcamp/Proyectos-2026/Proyectos-Varios/Finanzas-Familiares-AS/test/domain/entities/contract_serialization_test.dart: Contract: Edge cases very small amounts serialize correctly   00:10 +350: /home/bootcamp/Proyectos-2026/Proyectos-Varios/Finanzas-Familiares-AS/test/domain/entities/contract_serialization_test.dart: ... cases special characters in strings serialize correctly   00:10 +351: /home/bootcamp/Proyectos-2026/Proyectos-Varios/Finanzas-Familiares-AS/test/domain/entities/contract_serialization_test.dart: ... cases special characters in strings serialize correctly   00:10 +351: /home/bootcamp/Proyectos-2026/Proyectos-Varios/Finanzas-Familiares-AS/test/domain/entities/contract_serialization_test.dart: Contract: Edge cases dates at boundaries serialize correctly  00:10 +352: /home/bootcamp/Proyectos-2026/Proyectos-Varios/Finanzas-Familiares-AS/test/domain/entities/contract_serialization_test.dart: Contract: Edge cases dates at boundaries serialize correctly  00:10 +352: /home/bootcamp/Proyectos-2026/Proyectos-Varios/Finanzas-Familiares-AS/test/domain/entities/contract_serialization_test.dart: Contract: Edge cases empty strings serialize correctly        00:10 +353: /home/bootcamp/Proyectos-2026/Proyectos-Varios/Finanzas-Familiares-AS/test/domain/entities/contract_serialization_test.dart: Contract: Edge cases empty strings serialize correctly        00:10 +353: loading /home/bootcamp/Proyectos-2026/Proyectos-Varios/Finanzas-Familiares-AS/test/domain/cross_reference_test.dart                                                                        00:10 +353: /home/bootcamp/Proyectos-2026/Proyectos-Varios/Finanzas-Familiares-AS/test/domain/cross_reference_test.dart: ... ↔ Categories ↔ Transactions progreso de presupuesto refleja gastos reales 00:10 +354: /home/bootcamp/Proyectos-2026/Proyectos-Varios/Finanzas-Familiares-AS/test/domain/cross_reference_test.dart: ... ↔ Categories ↔ Transactions progreso de presupuesto refleja gastos reales 00:10 +354: /home/bootcamp/Proyectos-2026/Proyectos-Varios/Finanzas-Familiares-AS/test/domain/cross_reference_test.dart: ... ↔ Categories ↔ Transactions presupuesto sin gastos tiene progreso 0%      00:10 +355: /home/bootcamp/Proyectos-2026/Proyectos-Varios/Finanzas-Familiares-AS/test/domain/cross_reference_test.dart: ... ↔ Categories ↔ Transactions presupuesto sin gastos tiene progreso 0%      00:10 +355: /home/bootcamp/Proyectos-2026/Proyectos-Varios/Finanzas-Familiares-AS/test/domain/cross_reference_test.dart: ... ↔ Categories ↔ Transactions presupuesto excedido tiene status exceeded    00:10 +356: /home/bootcamp/Proyectos-2026/Proyectos-Varios/Finanzas-Familiares-AS/test/domain/cross_reference_test.dart: ... ↔ Categories ↔ Transactions presupuesto excedido tiene status exceeded    00:10 +356: /home/bootcamp/Proyectos-2026/Proyectos-Varios/Finanzas-Familiares-AS/test/domain/cross_reference_test.dart: ... ↔ Categories ↔ Transactions presupuesto al 80-99% tiene status warning    00:10 +357: /home/bootcamp/Proyectos-2026/Proyectos-Varios/Finanzas-Familiares-AS/test/domain/cross_reference_test.dart: ... ↔ Categories ↔ Transactions presupuesto al 80-99% tiene status warning    00:10 +357: /home/bootcamp/Proyectos-2026/Proyectos-Varios/Finanzas-Familiares-AS/test/domain/cross_reference_test.dart: ... ↔ Transactions getAllBudgetProgress retorna todos los presupuestos del mes00:10 +358: /home/bootcamp/Proyectos-2026/Proyectos-Varios/Finanzas-Familiares-AS/test/domain/cross_reference_test.dart: ... ↔ Transactions getAllBudgetProgress retorna todos los presupuestos del mes00:10 +358: /home/bootcamp/Proyectos-2026/Proyectos-Varios/Finanzas-Familiares-AS/test/domain/cross_reference_test.dart: ... ↔ Transactions presupuesto de mes diferente no afecta mes actual          00:10 +359: /home/bootcamp/Proyectos-2026/Proyectos-Varios/Finanzas-Familiares-AS/test/domain/cross_reference_test.dart: ... ↔ Transactions presupuesto de mes diferente no afecta mes actual          00:10 +359: /home/bootcamp/Proyectos-2026/Proyectos-Varios/Finanzas-Familiares-AS/test/domain/cross_reference_test.dart: ... ↔ Accounts totalIncome = suma de todas las transacciones de ingreso       00:10 +360: /home/bootcamp/Proyectos-2026/Proyectos-Varios/Finanzas-Familiares-AS/test/domain/cross_reference_test.dart: ... ↔ Accounts totalIncome = suma de todas las transacciones de ingreso       00:10 +360: /home/bootcamp/Proyectos-2026/Proyectos-Varios/Finanzas-Familiares-AS/test/domain/cross_reference_test.dart: ... ↔ Accounts totalAssets = suma de balances de cuentas tipo asset           00:10 +361: /home/bootcamp/Proyectos-2026/Proyectos-Varios/Finanzas-Familiares-AS/test/domain/cross_reference_test.dart: ... ↔ Accounts totalAssets = suma de balances de cuentas tipo asset           00:10 +361: /home/bootcamp/Proyectos-2026/Proyectos-Varios/Finanzas-Familiares-AS/test/domain/cross_reference_test.dart: ... ↔ Accounts expensesByCategory agrupa correctamente por categoría          00:10 +362: /home/bootcamp/Proyectos-2026/Proyectos-Varios/Finanzas-Familiares-AS/test/domain/cross_reference_test.dart: ... ↔ Accounts expensesByCategory agrupa correctamente por categoría          00:10 +362: /home/bootcamp/Proyectos-2026/Proyectos-Varios/Finanzas-Familiares-AS/test/domain/cross_reference_test.dart: ... ↔ Accounts budgetAlerts solo incluye presupuestos en warning o exceeded   00:10 +363: /home/bootcamp/Proyectos-2026/Proyectos-Varios/Finanzas-Familiares-AS/test/domain/cross_reference_test.dart: ... ↔ Accounts budgetAlerts solo incluye presupuestos en warning o exceeded   00:10 +363: /home/bootcamp/Proyectos-2026/Proyectos-Varios/Finanzas-Familiares-AS/test/domain/cross_reference_test.dart: ... ↔ Accounts netBalance = totalIncome - totalExpenses (invariante)          00:10 +364: /home/bootcamp/Proyectos-2026/Proyectos-Varios/Finanzas-Familiares-AS/test/domain/cross_reference_test.dart: ... ↔ Accounts netBalance = totalIncome - totalExpenses (invariante)          00:10 +364: /home/bootcamp/Proyectos-2026/Proyectos-Varios/Finanzas-Familiares-AS/test/domain/cross_reference_test.dart: ... ↔ Accounts netWorth = totalAssets - totalLiabilities (invariante)         00:10 +365: /home/bootcamp/Proyectos-2026/Proyectos-Varios/Finanzas-Familiares-AS/test/domain/cross_reference_test.dart: ... ↔ Accounts netWorth = totalAssets - totalLiabilities (invariante)         00:10 +365: /home/bootcamp/Proyectos-2026/Proyectos-Varios/Finanzas-Familiares-AS/test/domain/cross_reference_test.dart: ... ↔ Spending ExpenseGroups agrupa subcategorías bajo categoría maestra      00:10 +366: /home/bootcamp/Proyectos-2026/Proyectos-Varios/Finanzas-Familiares-AS/test/domain/cross_reference_test.dart: ... ↔ Spending ExpenseGroups agrupa subcategorías bajo categoría maestra      00:10 +366: /home/bootcamp/Proyectos-2026/Proyectos-Varios/Finanzas-Familiares-AS/test/domain/cross_reference_test.dart: ... Hierarchy ↔ Spending categoría sin gastos no aparece en expensesByCategory00:10 +367: /home/bootcamp/Proyectos-2026/Proyectos-Varios/Finanzas-Familiares-AS/test/domain/cross_reference_test.dart: ... Hierarchy ↔ Spending categoría sin gastos no aparece en expensesByCategory00:10 +367: /home/bootcamp/Proyectos-2026/Proyectos-Varios/Finanzas-Familiares-AS/test/domain/cross_reference_test.dart: ... Category Hierarchy ↔ Spending suma de porcentajes de gastos = 100%        00:10 +368: /home/bootcamp/Proyectos-2026/Proyectos-Varios/Finanzas-Familiares-AS/test/domain/cross_reference_test.dart: ... Category Hierarchy ↔ Spending suma de porcentajes de gastos = 100%        00:10 +368: /home/bootcamp/Proyectos-2026/Proyectos-Varios/Finanzas-Familiares-AS/test/domain/cross_reference_test.dart: ... Consistency MonthSummary.netBalance = incomeTotal - expenseTotal          00:10 +369: /home/bootcamp/Proyectos-2026/Proyectos-Varios/Finanzas-Familiares-AS/test/domain/cross_reference_test.dart: ... Consistency MonthSummary.netBalance = incomeTotal - expenseTotal          00:10 +369: /home/bootcamp/Proyectos-2026/Proyectos-Varios/Finanzas-Familiares-AS/test/domain/cross_reference_test.dart: ... Consistency MonthSummary con solo gastos tiene netBalance negativo        00:10 +370: /home/bootcamp/Proyectos-2026/Proyectos-Varios/Finanzas-Familiares-AS/test/domain/cross_reference_test.dart: ... Consistency MonthSummary con solo gastos tiene netBalance negativo        00:10 +370: loading /home/bootcamp/Proyectos-2026/Proyectos-Varios/Finanzas-Familiares-AS/test/domain/services/accounting_service_validation_test.dart                                                 00:10 +370: /home/bootcamp/Proyectos-2026/Proyectos-Varios/Finanzas-Familiares-AS/test/domain/services/accounting_service_validation_test.dart: ... negativo permite gasto cuando hay saldo suficiente 00:10 +371: /home/bootcamp/Proyectos-2026/Proyectos-Varios/Finanzas-Familiares-AS/test/domain/services/accounting_service_validation_test.dart: ... negativo permite gasto cuando hay saldo suficiente 00:10 +371: /home/bootcamp/Proyectos-2026/Proyectos-Varios/Finanzas-Familiares-AS/test/domain/services/accounting_service_validation_test.dart: ... cuando NO hay saldo suficiente en activo líquido   00:10 +372: /home/bootcamp/Proyectos-2026/Proyectos-Varios/Finanzas-Familiares-AS/test/domain/services/accounting_service_validation_test.dart: ... cuando NO hay saldo suficiente en activo líquido   00:10 +372: /home/bootcamp/Proyectos-2026/Proyectos-Varios/Finanzas-Familiares-AS/test/domain/services/accounting_service_validation_test.dart: ... permite usar tarjeta de crédito (pasivo) sin límite00:10 +373: /home/bootcamp/Proyectos-2026/Proyectos-Varios/Finanzas-Familiares-AS/test/domain/services/accounting_service_validation_test.dart: ... permite usar tarjeta de crédito (pasivo) sin límite00:10 +373: /home/bootcamp/Proyectos-2026/Proyectos-Varios/Finanzas-Familiares-AS/test/domain/services/accounting_service_validation_test.dart: ... transferencia cuando cuenta origen no tiene saldo  00:10 +374: /home/bootcamp/Proyectos-2026/Proyectos-Varios/Finanzas-Familiares-AS/test/domain/services/accounting_service_validation_test.dart: ... transferencia cuando cuenta origen no tiene saldo  00:10 +374: /home/bootcamp/Proyectos-2026/Proyectos-Varios/Finanzas-Familiares-AS/test/domain/services/accounting_service_validation_test.dart: ... pago de pasivo cuando cuenta de pago no tiene saldo00:10 +375: /home/bootcamp/Proyectos-2026/Proyectos-Varios/Finanzas-Familiares-AS/test/domain/services/accounting_service_validation_test.dart: ... pago de pasivo cuando cuenta de pago no tiene saldo00:10 +375: /home/bootcamp/Proyectos-2026/Proyectos-Varios/Finanzas-Familiares-AS/test/domain/services/accounting_service_validation_test.dart: ... toString formatea correctamente el mensaje         00:10 +376: /home/bootcamp/Proyectos-2026/Proyectos-Varios/Finanzas-Familiares-AS/test/domain/services/accounting_service_validation_test.dart: ... toString formatea correctamente el mensaje         00:10 +376: loading /home/bootcamp/Proyectos-2026/Proyectos-Varios/Finanzas-Familiares-AS/test/domain/services/reports_service_test.dart                                                               00:10 +376: /home/bootcamp/Proyectos-2026/Proyectos-Varios/Finanzas-Familiares-AS/test/domain/services/reports_service_test.dart: ... calcula totales de activos y pasivos correctamente               00:10 +377: /home/bootcamp/Proyectos-2026/Proyectos-Varios/Finanzas-Familiares-AS/test/domain/services/reports_service_test.dart: ... calcula totales de activos y pasivos correctamente               00:10 +377: /home/bootcamp/Proyectos-2026/Proyectos-Varios/Finanzas-Familiares-AS/test/domain/services/reports_service_test.dart: ReportsService - generateBalanceSheet maneja cuentas sin categoría   00:10 +378: /home/bootcamp/Proyectos-2026/Proyectos-Varios/Finanzas-Familiares-AS/test/domain/services/reports_service_test.dart: ReportsService - generateBalanceSheet maneja cuentas sin categoría   00:10 +378: /home/bootcamp/Proyectos-2026/Proyectos-Varios/Finanzas-Familiares-AS/test/domain/services/reports_service_test.dart: ... - generateBalanceSheet retorna listas vacías si no hay cuentas   00:10 +379: /home/bootcamp/Proyectos-2026/Proyectos-Varios/Finanzas-Familiares-AS/test/domain/services/reports_service_test.dart: ... - generateBalanceSheet retorna listas vacías si no hay cuentas   00:10 +379: /home/bootcamp/Proyectos-2026/Proyectos-Varios/Finanzas-Familiares-AS/test/domain/services/reports_service_test.dart: ... - generateBalanceSheet incluye icono de cuenta en BalanceItem    00:10 +380: /home/bootcamp/Proyectos-2026/Proyectos-Varios/Finanzas-Familiares-AS/test/domain/services/reports_service_test.dart: ... - generateBalanceSheet incluye icono de cuenta en BalanceItem    00:10 +380: /home/bootcamp/Proyectos-2026/Proyectos-Varios/Finanzas-Familiares-AS/test/domain/services/reports_service_test.dart: ... - generateIncomeStatement agrupa ingresos y gastos por categoría 00:10 +381: /home/bootcamp/Proyectos-2026/Proyectos-Varios/Finanzas-Familiares-AS/test/domain/services/reports_service_test.dart: ... - generateIncomeStatement agrupa ingresos y gastos por categoría 00:10 +381: /home/bootcamp/Proyectos-2026/Proyectos-Varios/Finanzas-Familiares-AS/test/domain/services/reports_service_test.dart: ... - generateIncomeStatement ordena items por monto descendente     00:10 +382: /home/bootcamp/Proyectos-2026/Proyectos-Varios/Finanzas-Familiares-AS/test/domain/services/reports_service_test.dart: ... - generateIncomeStatement ordena items por monto descendente     00:10 +382: /home/bootcamp/Proyectos-2026/Proyectos-Varios/Finanzas-Familiares-AS/test/domain/services/reports_service_test.dart: ... - generateIncomeStatement ignora transacciones tipo transfer     00:10 +383: /home/bootcamp/Proyectos-2026/Proyectos-Varios/Finanzas-Familiares-AS/test/domain/services/reports_service_test.dart: ... - generateIncomeStatement ignora transacciones tipo transfer     00:10 +383: /home/bootcamp/Proyectos-2026/Proyectos-Varios/Finanzas-Familiares-AS/test/domain/services/reports_service_test.dart: ... calcula flujos de entrada y salida por cuenta                    00:10 +384: /home/bootcamp/Proyectos-2026/Proyectos-Varios/Finanzas-Familiares-AS/test/domain/services/reports_service_test.dart: ... calcula flujos de entrada y salida por cuenta                    00:10 +384: /home/bootcamp/Proyectos-2026/Proyectos-Varios/Finanzas-Familiares-AS/test/domain/services/reports_service_test.dart: ... - generateCashFlowReport CashFlowItem.netFlow calcula diferencia 00:10 +385: /home/bootcamp/Proyectos-2026/Proyectos-Varios/Finanzas-Familiares-AS/test/domain/services/reports_service_test.dart: ... - generateCashFlowReport CashFlowItem.netFlow calcula diferencia 00:10 +385: /home/bootcamp/Proyectos-2026/Proyectos-Varios/Finanzas-Familiares-AS/test/domain/services/reports_service_test.dart: ... - generateMonthlySummary calcula promedio diario y tasa de ahorro00:10 +386: /home/bootcamp/Proyectos-2026/Proyectos-Varios/Finanzas-Familiares-AS/test/domain/services/reports_service_test.dart: ... - generateMonthlySummary calcula promedio diario y tasa de ahorro00:10 +386: /home/bootcamp/Proyectos-2026/Proyectos-Varios/Finanzas-Familiares-AS/test/domain/services/reports_service_test.dart: ... generateMonthlySummary maneja cero ingresos sin dividir por cero 00:10 +387: /home/bootcamp/Proyectos-2026/Proyectos-Varios/Finanzas-Familiares-AS/test/domain/services/reports_service_test.dart: ... generateMonthlySummary maneja cero ingresos sin dividir por cero 00:10 +387: /home/bootcamp/Proyectos-2026/Proyectos-Varios/Finanzas-Familiares-AS/test/domain/services/reports_service_test.dart: ... topExpenseCategory es null si no hay gastos                      00:10 +388: /home/bootcamp/Proyectos-2026/Proyectos-Varios/Finanzas-Familiares-AS/test/domain/services/reports_service_test.dart: ... topExpenseCategory es null si no hay gastos                      00:10 +388: /home/bootcamp/Proyectos-2026/Proyectos-Varios/Finanzas-Familiares-AS/test/domain/services/reports_service_test.dart: ... calcula días correctos para febrero bisiesto                     00:10 +389: /home/bootcamp/Proyectos-2026/Proyectos-Varios/Finanzas-Familiares-AS/test/domain/services/reports_service_test.dart: ... calcula días correctos para febrero bisiesto                     00:10 +389: loading /home/bootcamp/Proyectos-2026/Proyectos-Varios/Finanzas-Familiares-AS/test/domain/services/account_service_test.dart                                                               00:10 +389: /home/bootcamp/Proyectos-2026/Proyectos-Varios/Finanzas-Familiares-AS/test/domain/services/account_service_test.dart: ... Validación de eliminación permite eliminar cuenta con saldo cero 00:10 +390: /home/bootcamp/Proyectos-2026/Proyectos-Varios/Finanzas-Familiares-AS/test/domain/services/account_service_test.dart: ... Validación de eliminación permite eliminar cuenta con saldo cero 00:10 +390: /home/bootcamp/Proyectos-2026/Proyectos-Varios/Finanzas-Familiares-AS/test/domain/services/account_service_test.dart: ... de eliminación rechaza eliminar cuenta con saldo positivo        00:10 +391: /home/bootcamp/Proyectos-2026/Proyectos-Varios/Finanzas-Familiares-AS/test/domain/services/account_service_test.dart: ... de eliminación rechaza eliminar cuenta con saldo positivo        00:10 +391: /home/bootcamp/Proyectos-2026/Proyectos-Varios/Finanzas-Familiares-AS/test/domain/services/account_service_test.dart: ... de eliminación rechaza eliminar cuenta con saldo negativo (deuda)00:10 +392: /home/bootcamp/Proyectos-2026/Proyectos-Varios/Finanzas-Familiares-AS/test/domain/services/account_service_test.dart: ... de eliminación rechaza eliminar cuenta con saldo negativo (deuda)00:10 +392: /home/bootcamp/Proyectos-2026/Proyectos-Varios/Finanzas-Familiares-AS/test/domain/services/account_service_test.dart: ... - Validación de eliminación lanza error si la cuenta no existe   00:10 +393: /home/bootcamp/Proyectos-2026/Proyectos-Varios/Finanzas-Familiares-AS/test/domain/services/account_service_test.dart: ... - Validación de eliminación lanza error si la cuenta no existe   00:10 +393: /home/bootcamp/Proyectos-2026/Proyectos-Varios/Finanzas-Familiares-AS/test/domain/services/account_service_test.dart: AccountHasBalanceException toString formatea correctamente el mensaje00:10 +394: /home/bootcamp/Proyectos-2026/Proyectos-Varios/Finanzas-Familiares-AS/test/domain/services/account_service_test.dart: AccountHasBalanceException toString formatea correctamente el mensaje00:10 +394: loading /home/bootcamp/Proyectos-2026/Proyectos-Varios/Finanzas-Familiares-AS/test/domain/services/accounting_parametric_test.dart                                                         00:10 +394: /home/bootcamp/Proyectos-2026/Proyectos-Varios/Finanzas-Familiares-AS/test/domain/services/accounting_parametric_test.dart: ... (debits == credits) Balance holds for expense of $0.01     00:10 +395: /home/bootcamp/Proyectos-2026/Proyectos-Varios/Finanzas-Familiares-AS/test/domain/services/accounting_parametric_test.dart: ... (debits == credits) Balance holds for expense of $0.01     00:10 +395: /home/bootcamp/Proyectos-2026/Proyectos-Varios/Finanzas-Familiares-AS/test/domain/services/accounting_parametric_test.dart: ... (debits == credits) Balance holds for expense of $1.0      00:10 +396: /home/bootcamp/Proyectos-2026/Proyectos-Varios/Finanzas-Familiares-AS/test/domain/services/accounting_parametric_test.dart: ... (debits == credits) Balance holds for expense of $1.0      00:10 +396: /home/bootcamp/Proyectos-2026/Proyectos-Varios/Finanzas-Familiares-AS/test/domain/services/accounting_parametric_test.dart: ... (debits == credits) Balance holds for expense of $100.0    00:10 +397: /home/bootcamp/Proyectos-2026/Proyectos-Varios/Finanzas-Familiares-AS/test/domain/services/accounting_parametric_test.dart: ... (debits == credits) Balance holds for expense of $100.0    00:10 +397: /home/bootcamp/Proyectos-2026/Proyectos-Varios/Finanzas-Familiares-AS/test/domain/services/accounting_parametric_test.dart: ... (debits == credits) Balance holds for expense of $1000.0   00:10 +398: /home/bootcamp/Proyectos-2026/Proyectos-Varios/Finanzas-Familiares-AS/test/domain/services/accounting_parametric_test.dart: ... (debits == credits) Balance holds for expense of $1000.0   00:10 +398: /home/bootcamp/Proyectos-2026/Proyectos-Varios/Finanzas-Familiares-AS/test/domain/services/accounting_parametric_test.dart: ... (debits == credits) Balance holds for expense of $100000.0 00:10 +399: /home/bootcamp/Proyectos-2026/Proyectos-Varios/Finanzas-Familiares-AS/test/domain/services/accounting_parametric_test.dart: ... (debits == credits) Balance holds for expense of $100000.0 00:10 +399: /home/bootcamp/Proyectos-2026/Proyectos-Varios/Finanzas-Familiares-AS/test/domain/services/accounting_parametric_test.dart: ... (debits == credits) Balance holds for expense of $999999.9900:10 +400: /home/bootcamp/Proyectos-2026/Proyectos-Varios/Finanzas-Familiares-AS/test/domain/services/accounting_parametric_test.dart: ... (debits == credits) Balance holds for expense of $999999.9900:10 +400: /home/bootcamp/Proyectos-2026/Proyectos-Varios/Finanzas-Familiares-AS/test/domain/services/accounting_parametric_test.dart: ... (debits == credits) Balance holds for income of $0.01      00:10 +401: /home/bootcamp/Proyectos-2026/Proyectos-Varios/Finanzas-Familiares-AS/test/domain/services/accounting_parametric_test.dart: ... (debits == credits) Balance holds for income of $0.01      00:10 +401: /home/bootcamp/Proyectos-2026/Proyectos-Varios/Finanzas-Familiares-AS/test/domain/services/accounting_parametric_test.dart: ... (debits == credits) Balance holds for income of $1.0       00:10 +402: /home/bootcamp/Proyectos-2026/Proyectos-Varios/Finanzas-Familiares-AS/test/domain/services/accounting_parametric_test.dart: ... (debits == credits) Balance holds for income of $1.0       00:10 +402: /home/bootcamp/Proyectos-2026/Proyectos-Varios/Finanzas-Familiares-AS/test/domain/services/accounting_parametric_test.dart: ... (debits == credits) Balance holds for income of $100.0     00:10 +403: /home/bootcamp/Proyectos-2026/Proyectos-Varios/Finanzas-Familiares-AS/test/domain/services/accounting_parametric_test.dart: ... (debits == credits) Balance holds for income of $100.0     00:10 +403: /home/bootcamp/Proyectos-2026/Proyectos-Varios/Finanzas-Familiares-AS/test/domain/services/accounting_parametric_test.dart: ... (debits == credits) Balance holds for income of $1000.0    00:10 +404: /home/bootcamp/Proyectos-2026/Proyectos-Varios/Finanzas-Familiares-AS/test/domain/services/accounting_parametric_test.dart: ... (debits == credits) Balance holds for income of $1000.0    00:10 +404: /home/bootcamp/Proyectos-2026/Proyectos-Varios/Finanzas-Familiares-AS/test/domain/services/accounting_parametric_test.dart: ... (debits == credits) Balance holds for income of $100000.0  00:10 +405: /home/bootcamp/Proyectos-2026/Proyectos-Varios/Finanzas-Familiares-AS/test/domain/services/accounting_parametric_test.dart: ... (debits == credits) Balance holds for income of $100000.0  00:10 +405: /home/bootcamp/Proyectos-2026/Proyectos-Varios/Finanzas-Familiares-AS/test/domain/services/accounting_parametric_test.dart: ... (debits == credits) Balance holds for income of $999999.99 00:10 +406: /home/bootcamp/Proyectos-2026/Proyectos-Varios/Finanzas-Familiares-AS/test/domain/services/accounting_parametric_test.dart: ... (debits == credits) Balance holds for income of $999999.99 00:10 +406: /home/bootcamp/Proyectos-2026/Proyectos-Varios/Finanzas-Familiares-AS/test/domain/services/accounting_parametric_test.dart: ... (Transferencias) Transfer of $100.0 preserves total money  00:10 +407: /home/bootcamp/Proyectos-2026/Proyectos-Varios/Finanzas-Familiares-AS/test/domain/services/accounting_parametric_test.dart: ... (Transferencias) Transfer of $100.0 preserves total money  00:10 +407: /home/bootcamp/Proyectos-2026/Proyectos-Varios/Finanzas-Familiares-AS/test/domain/services/accounting_parametric_test.dart: ... (Transferencias) Transfer of $1000.0 preserves total money 00:10 +408: /home/bootcamp/Proyectos-2026/Proyectos-Varios/Finanzas-Familiares-AS/test/domain/services/accounting_parametric_test.dart: ... (Transferencias) Transfer of $1000.0 preserves total money 00:10 +408: /home/bootcamp/Proyectos-2026/Proyectos-Varios/Finanzas-Familiares-AS/test/domain/services/accounting_parametric_test.dart: ... Transfer of $500000.0 preserves total money                00:10 +409: /home/bootcamp/Proyectos-2026/Proyectos-Varios/Finanzas-Familiares-AS/test/domain/services/accounting_parametric_test.dart: ... Transfer of $500000.0 preserves total money                00:10 +409: /home/bootcamp/Proyectos-2026/Proyectos-Varios/Finanzas-Familiares-AS/test/domain/services/accounting_parametric_test.dart: ... = unchanged) expense create-delete leaves wallet unchanged 00:10 +410: /home/bootcamp/Proyectos-2026/Proyectos-Varios/Finanzas-Familiares-AS/test/domain/services/accounting_parametric_test.dart: ... = unchanged) expense create-delete leaves wallet unchanged 00:10 +410: /home/bootcamp/Proyectos-2026/Proyectos-Varios/Finanzas-Familiares-AS/test/domain/services/accounting_parametric_test.dart: ... = unchanged) income create-delete leaves bank unchanged    00:10 +411: /home/bootcamp/Proyectos-2026/Proyectos-Varios/Finanzas-Familiares-AS/test/domain/services/accounting_parametric_test.dart: ... = unchanged) income create-delete leaves bank unchanged    00:10 +411: /home/bootcamp/Proyectos-2026/Proyectos-Varios/Finanzas-Familiares-AS/test/domain/services/accounting_parametric_test.dart: ... transfer create-delete leaves both accounts unchanged      00:10 +412: /home/bootcamp/Proyectos-2026/Proyectos-Varios/Finanzas-Familiares-AS/test/domain/services/accounting_parametric_test.dart: ... transfer create-delete leaves both accounts unchanged      00:10 +412: /home/bootcamp/Proyectos-2026/Proyectos-Varios/Finanzas-Familiares-AS/test/domain/services/accounting_parametric_test.dart: ... 4: Validación de Montos rejects expense with amount 0.0    00:10 +413: /home/bootcamp/Proyectos-2026/Proyectos-Varios/Finanzas-Familiares-AS/test/domain/services/accounting_parametric_test.dart: ... 4: Validación de Montos rejects expense with amount 0.0    00:10 +413: /home/bootcamp/Proyectos-2026/Proyectos-Varios/Finanzas-Familiares-AS/test/domain/services/accounting_parametric_test.dart: ... 4: Validación de Montos rejects income with amount 0.0     00:10 +414: /home/bootcamp/Proyectos-2026/Proyectos-Varios/Finanzas-Familiares-AS/test/domain/services/accounting_parametric_test.dart: ... 4: Validación de Montos rejects income with amount 0.0     00:10 +414: /home/bootcamp/Proyectos-2026/Proyectos-Varios/Finanzas-Familiares-AS/test/domain/services/accounting_parametric_test.dart: ... 4: Validación de Montos rejects transfer with amount 0.0   00:10 +415: /home/bootcamp/Proyectos-2026/Proyectos-Varios/Finanzas-Familiares-AS/test/domain/services/accounting_parametric_test.dart: ... 4: Validación de Montos rejects transfer with amount 0.0   00:10 +415: /home/bootcamp/Proyectos-2026/Proyectos-Varios/Finanzas-Familiares-AS/test/domain/services/accounting_parametric_test.dart: ... 4: Validación de Montos rejects expense with amount -1.0   00:10 +416: /home/bootcamp/Proyectos-2026/Proyectos-Varios/Finanzas-Familiares-AS/test/domain/services/accounting_parametric_test.dart: ... 4: Validación de Montos rejects expense with amount -1.0   00:10 +416: /home/bootcamp/Proyectos-2026/Proyectos-Varios/Finanzas-Familiares-AS/test/domain/services/accounting_parametric_test.dart: ... 4: Validación de Montos rejects income with amount -1.0    00:10 +417: /home/bootcamp/Proyectos-2026/Proyectos-Varios/Finanzas-Familiares-AS/test/domain/services/accounting_parametric_test.dart: ... 4: Validación de Montos rejects income with amount -1.0    00:10 +417: /home/bootcamp/Proyectos-2026/Proyectos-Varios/Finanzas-Familiares-AS/test/domain/services/accounting_parametric_test.dart: ... 4: Validación de Montos rejects transfer with amount -1.0  00:10 +418: /home/bootcamp/Proyectos-2026/Proyectos-Varios/Finanzas-Familiares-AS/test/domain/services/accounting_parametric_test.dart: ... 4: Validación de Montos rejects transfer with amount -1.0  00:10 +418: /home/bootcamp/Proyectos-2026/Proyectos-Varios/Finanzas-Familiares-AS/test/domain/services/accounting_parametric_test.dart: ... 4: Validación de Montos rejects expense with amount -100.0 00:10 +419: /home/bootcamp/Proyectos-2026/Proyectos-Varios/Finanzas-Familiares-AS/test/domain/services/accounting_parametric_test.dart: ... 4: Validación de Montos rejects expense with amount -100.0 00:10 +419: /home/bootcamp/Proyectos-2026/Proyectos-Varios/Finanzas-Familiares-AS/test/domain/services/accounting_parametric_test.dart: ... 4: Validación de Montos rejects income with amount -100.0  00:10 +420: /home/bootcamp/Proyectos-2026/Proyectos-Varios/Finanzas-Familiares-AS/test/domain/services/accounting_parametric_test.dart: ... 4: Validación de Montos rejects income with amount -100.0  00:10 +420: /home/bootcamp/Proyectos-2026/Proyectos-Varios/Finanzas-Familiares-AS/test/domain/services/accounting_parametric_test.dart: ... 4: Validación de Montos rejects transfer with amount -100.000:10 +421: /home/bootcamp/Proyectos-2026/Proyectos-Varios/Finanzas-Familiares-AS/test/domain/services/accounting_parametric_test.dart: ... 4: Validación de Montos rejects transfer with amount -100.000:10 +421: /home/bootcamp/Proyectos-2026/Proyectos-Varios/Finanzas-Familiares-AS/test/domain/services/accounting_parametric_test.dart: ... 4: Validación de Montos rejects expense with amount -0.01  00:10 +422: /home/bootcamp/Proyectos-2026/Proyectos-Varios/Finanzas-Familiares-AS/test/domain/services/accounting_parametric_test.dart: ... 4: Validación de Montos rejects expense with amount -0.01  00:10 +422: /home/bootcamp/Proyectos-2026/Proyectos-Varios/Finanzas-Familiares-AS/test/domain/services/accounting_parametric_test.dart: ... 4: Validación de Montos rejects income with amount -0.01   00:10 +423: /home/bootcamp/Proyectos-2026/Proyectos-Varios/Finanzas-Familiares-AS/test/domain/services/accounting_parametric_test.dart: ... 4: Validación de Montos rejects income with amount -0.01   00:10 +423: /home/bootcamp/Proyectos-2026/Proyectos-Varios/Finanzas-Familiares-AS/test/domain/services/accounting_parametric_test.dart: ... 4: Validación de Montos rejects transfer with amount -0.01 00:10 +424: /home/bootcamp/Proyectos-2026/Proyectos-Varios/Finanzas-Familiares-AS/test/domain/services/accounting_parametric_test.dart: ... 4: Validación de Montos rejects transfer with amount -0.01 00:10 +424: /home/bootcamp/Proyectos-2026/Proyectos-Varios/Finanzas-Familiares-AS/test/domain/services/accounting_parametric_test.dart: ... Journal Entries expense creates exactly 2 journal entries  00:10 +425: /home/bootcamp/Proyectos-2026/Proyectos-Varios/Finanzas-Familiares-AS/test/domain/services/accounting_parametric_test.dart: ... Journal Entries expense creates exactly 2 journal entries  00:10 +425: /home/bootcamp/Proyectos-2026/Proyectos-Varios/Finanzas-Familiares-AS/test/domain/services/accounting_parametric_test.dart: ... de Journal Entries income creates exactly 2 journal entries00:10 +426: /home/bootcamp/Proyectos-2026/Proyectos-Varios/Finanzas-Familiares-AS/test/domain/services/accounting_parametric_test.dart: ... de Journal Entries income creates exactly 2 journal entries00:10 +426: /home/bootcamp/Proyectos-2026/Proyectos-Varios/Finanzas-Familiares-AS/test/domain/services/accounting_parametric_test.dart: ... Journal Entries transfer creates exactly 2 journal entries 00:10 +427: /home/bootcamp/Proyectos-2026/Proyectos-Varios/Finanzas-Familiares-AS/test/domain/services/accounting_parametric_test.dart: ... Journal Entries transfer creates exactly 2 journal entries 00:10 +427: /home/bootcamp/Proyectos-2026/Proyectos-Varios/Finanzas-Familiares-AS/test/domain/services/accounting_parametric_test.dart: ... Entries journal entry amounts match transaction amount     00:10 +428: /home/bootcamp/Proyectos-2026/Proyectos-Varios/Finanzas-Familiares-AS/test/domain/services/accounting_parametric_test.dart: ... Entries journal entry amounts match transaction amount     00:10 +428: /home/bootcamp/Proyectos-2026/Proyectos-Varios/Finanzas-Familiares-AS/test/domain/services/accounting_parametric_test.dart: ... multiple sequential transactions maintain balance equation 00:10 +429: /home/bootcamp/Proyectos-2026/Proyectos-Varios/Finanzas-Familiares-AS/test/domain/services/accounting_parametric_test.dart: ... multiple sequential transactions maintain balance equation 00:10 +429: /home/bootcamp/Proyectos-2026/Proyectos-Varios/Finanzas-Familiares-AS/test/domain/services/accounting_parametric_test.dart: ... liability payment does not require asset balance validation00:10 +430: /home/bootcamp/Proyectos-2026/Proyectos-Varios/Finanzas-Familiares-AS/test/domain/services/accounting_parametric_test.dart: ... liability payment does not require asset balance validation00:10 +430: loading /home/bootcamp/Proyectos-2026/Proyectos-Varios/Finanzas-Familiares-AS/test/domain/services/recurring_transaction_service_test.dart                                                 00:10 +430: /home/bootcamp/Proyectos-2026/Proyectos-Varios/Finanzas-Familiares-AS/test/domain/services/recurring_transaction_service_test.dart: ... - create crea transacción recurrente correctamente 00:10 +431: /home/bootcamp/Proyectos-2026/Proyectos-Varios/Finanzas-Familiares-AS/test/domain/services/recurring_transaction_service_test.dart: ... - create crea transacción recurrente correctamente 00:10 +431: /home/bootcamp/Proyectos-2026/Proyectos-Varios/Finanzas-Familiares-AS/test/domain/services/recurring_transaction_service_test.dart: ... - create genera UUID único para cada transacción   00:10 +432: /home/bootcamp/Proyectos-2026/Proyectos-Varios/Finanzas-Familiares-AS/test/domain/services/recurring_transaction_service_test.dart: ... - create genera UUID único para cada transacción   00:10 +432: /home/bootcamp/Proyectos-2026/Proyectos-Varios/Finanzas-Familiares-AS/test/domain/services/recurring_transaction_service_test.dart: RecurringTransactionService - create rechaza monto cero00:10 +433: /home/bootcamp/Proyectos-2026/Proyectos-Varios/Finanzas-Familiares-AS/test/domain/services/recurring_transaction_service_test.dart: RecurringTransactionService - create rechaza monto cero00:10 +433: /home/bootcamp/Proyectos-2026/Proyectos-Varios/Finanzas-Familiares-AS/test/domain/services/recurring_transaction_service_test.dart: ... - create rechaza monto negativo                    00:10 +434: /home/bootcamp/Proyectos-2026/Proyectos-Varios/Finanzas-Familiares-AS/test/domain/services/recurring_transaction_service_test.dart: ... - create rechaza monto negativo                    00:10 +434: /home/bootcamp/Proyectos-2026/Proyectos-Varios/Finanzas-Familiares-AS/test/domain/services/recurring_transaction_service_test.dart: ... - create rechaza nombre vacío                      00:10 +435: /home/bootcamp/Proyectos-2026/Proyectos-Varios/Finanzas-Familiares-AS/test/domain/services/recurring_transaction_service_test.dart: ... - create rechaza nombre vacío                      00:10 +435: /home/bootcamp/Proyectos-2026/Proyectos-Varios/Finanzas-Familiares-AS/test/domain/services/recurring_transaction_service_test.dart: ... - create calcula próxima ejecución automáticamente 00:10 +436: /home/bootcamp/Proyectos-2026/Proyectos-Varios/Finanzas-Familiares-AS/test/domain/services/recurring_transaction_service_test.dart: ... - create calcula próxima ejecución automáticamente 00:10 +436: /home/bootcamp/Proyectos-2026/Proyectos-Varios/Finanzas-Familiares-AS/test/domain/services/recurring_transaction_service_test.dart: ... - update actualiza transacción existente           00:10 +437: /home/bootcamp/Proyectos-2026/Proyectos-Varios/Finanzas-Familiares-AS/test/domain/services/recurring_transaction_service_test.dart: ... - update actualiza transacción existente           00:10 +437: /home/bootcamp/Proyectos-2026/Proyectos-Varios/Finanzas-Familiares-AS/test/domain/services/recurring_transaction_service_test.dart: ... - update lanza excepción si no existe              00:10 +438: /home/bootcamp/Proyectos-2026/Proyectos-Varios/Finanzas-Familiares-AS/test/domain/services/recurring_transaction_service_test.dart: ... - update lanza excepción si no existe              00:10 +438: /home/bootcamp/Proyectos-2026/Proyectos-Varios/Finanzas-Familiares-AS/test/domain/services/recurring_transaction_service_test.dart: ... recalcula próxima ejecución al cambiar frecuencia  00:10 +439: /home/bootcamp/Proyectos-2026/Proyectos-Varios/Finanzas-Familiares-AS/test/domain/services/recurring_transaction_service_test.dart: ... recalcula próxima ejecución al cambiar frecuencia  00:10 +439: ... RecurringTransactionService - activate/deactivate activa transacción                                                                                                                   00:10 +440: ... RecurringTransactionService - activate/deactivate activa transacción                                                                                                                   00:10 +440: ... RecurringTransactionService - activate/deactivate desactiva transacción                                                                                                                00:10 +441: ... RecurringTransactionService - activate/deactivate desactiva transacción                                                                                                                00:10 +441: ... RecurringTransactionService - delete elimina transacción                                                                                                                               00:10 +442: ... RecurringTransactionService - delete elimina transacción                                                                                                                               00:10 +442: /home/bootcamp/Proyectos-2026/Proyectos-Varios/Finanzas-Familiares-AS/test/domain/services/recurring_transaction_service_test.dart: ... daily: retorna día siguiente desde la fecha dada   00:10 +443: /home/bootcamp/Proyectos-2026/Proyectos-Varios/Finanzas-Familiares-AS/test/domain/services/recurring_transaction_service_test.dart: ... daily: retorna día siguiente desde la fecha dada   00:10 +443: /home/bootcamp/Proyectos-2026/Proyectos-Varios/Finanzas-Familiares-AS/test/domain/services/recurring_transaction_service_test.dart: ... weekly: calcula próximo día de la semana           00:10 +444: /home/bootcamp/Proyectos-2026/Proyectos-Varios/Finanzas-Familiares-AS/test/domain/services/recurring_transaction_service_test.dart: ... weekly: calcula próximo día de la semana           00:10 +444: /home/bootcamp/Proyectos-2026/Proyectos-Varios/Finanzas-Familiares-AS/test/domain/services/recurring_transaction_service_test.dart: ... cuando dayOfExecution == weekday, suma 7 días      00:10 +445: /home/bootcamp/Proyectos-2026/Proyectos-Varios/Finanzas-Familiares-AS/test/domain/services/recurring_transaction_service_test.dart: ... cuando dayOfExecution == weekday, suma 7 días      00:10 +445: /home/bootcamp/Proyectos-2026/Proyectos-Varios/Finanzas-Familiares-AS/test/domain/services/recurring_transaction_service_test.dart: ... monthly: próximo mes si día ya pasó                00:10 +446: /home/bootcamp/Proyectos-2026/Proyectos-Varios/Finanzas-Familiares-AS/test/domain/services/recurring_transaction_service_test.dart: ... monthly: próximo mes si día ya pasó                00:10 +446: /home/bootcamp/Proyectos-2026/Proyectos-Varios/Finanzas-Familiares-AS/test/domain/services/recurring_transaction_service_test.dart: ... monthly: mismo mes si día no ha llegado            00:10 +447: /home/bootcamp/Proyectos-2026/Proyectos-Varios/Finanzas-Familiares-AS/test/domain/services/recurring_transaction_service_test.dart: ... monthly: mismo mes si día no ha llegado            00:10 +447: /home/bootcamp/Proyectos-2026/Proyectos-Varios/Finanzas-Familiares-AS/test/domain/services/recurring_transaction_service_test.dart: ... monthly: ajusta día 31 a meses cortos              00:10 +448: /home/bootcamp/Proyectos-2026/Proyectos-Varios/Finanzas-Familiares-AS/test/domain/services/recurring_transaction_service_test.dart: ... monthly: ajusta día 31 a meses cortos              00:10 +448: /home/bootcamp/Proyectos-2026/Proyectos-Varios/Finanzas-Familiares-AS/test/domain/services/recurring_transaction_service_test.dart: ... - calculateNextExecution quarterly: avanza 3 meses 00:10 +449: /home/bootcamp/Proyectos-2026/Proyectos-Varios/Finanzas-Familiares-AS/test/domain/services/recurring_transaction_service_test.dart: ... - calculateNextExecution quarterly: avanza 3 meses 00:10 +449: /home/bootcamp/Proyectos-2026/Proyectos-Varios/Finanzas-Familiares-AS/test/domain/services/recurring_transaction_service_test.dart: ... - calculateNextExecution yearly: avanza 1 año      00:10 +450: /home/bootcamp/Proyectos-2026/Proyectos-Varios/Finanzas-Familiares-AS/test/domain/services/recurring_transaction_service_test.dart: ... - calculateNextExecution yearly: avanza 1 año      00:10 +450: /home/bootcamp/Proyectos-2026/Proyectos-Varios/Finanzas-Familiares-AS/test/domain/services/recurring_transaction_service_test.dart: ... ejecuta transacciones pendientes sin confirmación  00:10 +451: /home/bootcamp/Proyectos-2026/Proyectos-Varios/Finanzas-Familiares-AS/test/domain/services/recurring_transaction_service_test.dart: ... ejecuta transacciones pendientes sin confirmación  00:10 +451: /home/bootcamp/Proyectos-2026/Proyectos-Varios/Finanzas-Familiares-AS/test/domain/services/recurring_transaction_service_test.dart: ... salta transacciones que requieren confirmación     00:10 +452: /home/bootcamp/Proyectos-2026/Proyectos-Varios/Finanzas-Familiares-AS/test/domain/services/recurring_transaction_service_test.dart: ... salta transacciones que requieren confirmación     00:10 +452: /home/bootcamp/Proyectos-2026/Proyectos-Varios/Finanzas-Familiares-AS/test/domain/services/recurring_transaction_service_test.dart: ... reporta errores sin fallar completamente           00:10 +453: /home/bootcamp/Proyectos-2026/Proyectos-Varios/Finanzas-Familiares-AS/test/domain/services/recurring_transaction_service_test.dart: ... reporta errores sin fallar completamente           00:10 +453: /home/bootcamp/Proyectos-2026/Proyectos-Varios/Finanzas-Familiares-AS/test/domain/services/recurring_transaction_service_test.dart: ... - executeOne ejecuta transacción específica        00:10 +454: /home/bootcamp/Proyectos-2026/Proyectos-Varios/Finanzas-Familiares-AS/test/domain/services/recurring_transaction_service_test.dart: ... - executeOne ejecuta transacción específica        00:10 +454: /home/bootcamp/Proyectos-2026/Proyectos-Varios/Finanzas-Familiares-AS/test/domain/services/recurring_transaction_service_test.dart: ... - executeOne lanza excepción si no existe          00:10 +455: /home/bootcamp/Proyectos-2026/Proyectos-Varios/Finanzas-Familiares-AS/test/domain/services/recurring_transaction_service_test.dart: ... - executeOne lanza excepción si no existe          00:10 +455: /home/bootcamp/Proyectos-2026/Proyectos-Varios/Finanzas-Familiares-AS/test/domain/services/recurring_transaction_service_test.dart: ... - executeOne desactiva al alcanzar fecha fin       00:10 +456: /home/bootcamp/Proyectos-2026/Proyectos-Varios/Finanzas-Familiares-AS/test/domain/services/recurring_transaction_service_test.dart: ... - executeOne desactiva al alcanzar fecha fin       00:10 +456: ... RecurringTransactionService - helpers getFrequencyDisplayName retorna nombres legibles                                                                                                 00:10 +457: ... RecurringTransactionService - helpers getFrequencyDisplayName retorna nombres legibles                                                                                                 00:10 +457: /home/bootcamp/Proyectos-2026/Proyectos-Varios/Finanzas-Familiares-AS/test/domain/services/recurring_transaction_service_test.dart: ... - helpers getDayOfWeekName retorna días correctos  00:10 +458: /home/bootcamp/Proyectos-2026/Proyectos-Varios/Finanzas-Familiares-AS/test/domain/services/recurring_transaction_service_test.dart: ... - helpers getDayOfWeekName retorna días correctos  00:10 +458: /home/bootcamp/Proyectos-2026/Proyectos-Varios/Finanzas-Familiares-AS/test/domain/services/recurring_transaction_service_test.dart: ... - helpers getDayOfWeekName maneja días inválidos   00:10 +459: /home/bootcamp/Proyectos-2026/Proyectos-Varios/Finanzas-Familiares-AS/test/domain/services/recurring_transaction_service_test.dart: ... - helpers getDayOfWeekName maneja días inválidos   00:10 +459: /home/bootcamp/Proyectos-2026/Proyectos-Varios/Finanzas-Familiares-AS/test/domain/services/recurring_transaction_service_test.dart: ... copyWith preserva valores no especificados         00:10 +460: /home/bootcamp/Proyectos-2026/Proyectos-Varios/Finanzas-Familiares-AS/test/domain/services/recurring_transaction_service_test.dart: ... copyWith preserva valores no especificados         00:10 +460: ... RecurringTransactionData frequencyEnum parsea correctamente                                                                                                                            00:10 +461: ... RecurringTransactionData frequencyEnum parsea correctamente                                                                                                                            00:10 +461: /home/bootcamp/Proyectos-2026/Proyectos-Varios/Finanzas-Familiares-AS/test/domain/services/recurring_transaction_service_test.dart: ... frequencyEnum retorna monthly por defecto          00:10 +462: /home/bootcamp/Proyectos-2026/Proyectos-Varios/Finanzas-Familiares-AS/test/domain/services/recurring_transaction_service_test.dart: ... frequencyEnum retorna monthly por defecto          00:10 +462: /home/bootcamp/Proyectos-2026/Proyectos-Varios/Finanzas-Familiares-AS/test/domain/services/recurring_transaction_service_test.dart: ExecutionResult crea resultado correctamente           00:10 +463: /home/bootcamp/Proyectos-2026/Proyectos-Varios/Finanzas-Familiares-AS/test/domain/services/recurring_transaction_service_test.dart: ExecutionResult crea resultado correctamente           00:10 +463: /home/bootcamp/Proyectos-2026/Proyectos-Varios/Finanzas-Familiares-AS/test/domain/services/recurring_transaction_service_test.dart: ExecutionResult errors por defecto es lista vacía      00:10 +464: /home/bootcamp/Proyectos-2026/Proyectos-Varios/Finanzas-Familiares-AS/test/domain/services/recurring_transaction_service_test.dart: ExecutionResult errors por defecto es lista vacía      00:10 +464: loading /home/bootcamp/Proyectos-2026/Proyectos-Varios/Finanzas-Familiares-AS/test/domain/services/category_service_test.dart                                                              00:10 +464: /home/bootcamp/Proyectos-2026/Proyectos-Varios/Finanzas-Familiares-AS/test/domain/services/category_service_test.dart: ... - Validación de eliminación permite eliminar categoría sin hijos00:11 +464: /home/bootcamp/Proyectos-2026/Proyectos-Varios/Finanzas-Familiares-AS/test/domain/services/category_service_test.dart: ... - Validación de eliminación permite eliminar categoría sin hijos00:11 +465: /home/bootcamp/Proyectos-2026/Proyectos-Varios/Finanzas-Familiares-AS/test/domain/services/category_service_test.dart: ... - Validación de eliminación permite eliminar categoría sin hijos00:11 +465: /home/bootcamp/Proyectos-2026/Proyectos-Varios/Finanzas-Familiares-AS/test/domain/services/category_service_test.dart: ... - Validación de eliminación rechaza eliminar categoría con hijos00:11 +466: /home/bootcamp/Proyectos-2026/Proyectos-Varios/Finanzas-Familiares-AS/test/domain/services/category_service_test.dart: ... - Validación de eliminación rechaza eliminar categoría con hijos00:11 +466: /home/bootcamp/Proyectos-2026/Proyectos-Varios/Finanzas-Familiares-AS/test/domain/services/category_service_test.dart: ... Validación de eliminación rechaza eliminar categoría del sistema00:11 +467: /home/bootcamp/Proyectos-2026/Proyectos-Varios/Finanzas-Familiares-AS/test/domain/services/category_service_test.dart: ... Validación de eliminación rechaza eliminar categoría del sistema00:11 +467: /home/bootcamp/Proyectos-2026/Proyectos-Varios/Finanzas-Familiares-AS/test/domain/services/category_service_test.dart: ... Validación de eliminación lanza error si la categoría no existe 00:11 +468: /home/bootcamp/Proyectos-2026/Proyectos-Varios/Finanzas-Familiares-AS/test/domain/services/category_service_test.dart: ... Validación de eliminación lanza error si la categoría no existe 00:11 +468: /home/bootcamp/Proyectos-2026/Proyectos-Varios/Finanzas-Familiares-AS/test/domain/services/category_service_test.dart: ... de eliminación deleteCategory elimina después de validar        00:11 +469: /home/bootcamp/Proyectos-2026/Proyectos-Varios/Finanzas-Familiares-AS/test/domain/services/category_service_test.dart: ... de eliminación deleteCategory elimina después de validar        00:11 +469: /home/bootcamp/Proyectos-2026/Proyectos-Varios/Finanzas-Familiares-AS/test/domain/services/category_service_test.dart: ... de eliminación deleteCategory no elimina si tiene hijos         00:11 +470: /home/bootcamp/Proyectos-2026/Proyectos-Varios/Finanzas-Familiares-AS/test/domain/services/category_service_test.dart: ... de eliminación deleteCategory no elimina si tiene hijos         00:11 +470: /home/bootcamp/Proyectos-2026/Proyectos-Varios/Finanzas-Familiares-AS/test/domain/services/category_service_test.dart: ... toString formatea correctamente el mensaje                      00:11 +471: /home/bootcamp/Proyectos-2026/Proyectos-Varios/Finanzas-Familiares-AS/test/domain/services/category_service_test.dart: ... toString formatea correctamente el mensaje                      00:11 +471: /home/bootcamp/Proyectos-2026/Proyectos-Varios/Finanzas-Familiares-AS/test/domain/services/category_service_test.dart: SystemCategoryException toString formatea correctamente el mensaje  00:11 +472: /home/bootcamp/Proyectos-2026/Proyectos-Varios/Finanzas-Familiares-AS/test/domain/services/category_service_test.dart: SystemCategoryException toString formatea correctamente el mensaje  00:11 +472: loading /home/bootcamp/Proyectos-2026/Proyectos-Varios/Finanzas-Familiares-AS/test/domain/services/financial_indicators_service_test.dart                                                  00:11 +472: /home/bootcamp/Proyectos-2026/Proyectos-Varios/Finanzas-Familiares-AS/test/domain/services/financial_indicators_service_test.dart: ... ratio es infinity cuando no hay deudas              00:11 +473: /home/bootcamp/Proyectos-2026/Proyectos-Varios/Finanzas-Familiares-AS/test/domain/services/financial_indicators_service_test.dart: ... ratio es infinity cuando no hay deudas              00:11 +473: /home/bootcamp/Proyectos-2026/Proyectos-Varios/Finanzas-Familiares-AS/test/domain/services/financial_indicators_service_test.dart: ... ratio calcula correctamente con deudas              00:11 +474: /home/bootcamp/Proyectos-2026/Proyectos-Varios/Finanzas-Familiares-AS/test/domain/services/financial_indicators_service_test.dart: ... ratio calcula correctamente con deudas              00:11 +474: /home/bootcamp/Proyectos-2026/Proyectos-Varios/Finanzas-Familiares-AS/test/domain/services/financial_indicators_service_test.dart: ... status es warning cuando ratio < 1.5 pero >= 0.8    00:11 +475: /home/bootcamp/Proyectos-2026/Proyectos-Varios/Finanzas-Familiares-AS/test/domain/services/financial_indicators_service_test.dart: ... status es warning cuando ratio < 1.5 pero >= 0.8    00:11 +475: /home/bootcamp/Proyectos-2026/Proyectos-Varios/Finanzas-Familiares-AS/test/domain/services/financial_indicators_service_test.dart: ... status es danger cuando ratio < 0.8                 00:11 +476: /home/bootcamp/Proyectos-2026/Proyectos-Varios/Finanzas-Familiares-AS/test/domain/services/financial_indicators_service_test.dart: ... status es danger cuando ratio < 0.8                 00:11 +476: /home/bootcamp/Proyectos-2026/Proyectos-Varios/Finanzas-Familiares-AS/test/domain/services/financial_indicators_service_test.dart: ... message indica cuántas veces puede cubrir deudas    00:11 +477: /home/bootcamp/Proyectos-2026/Proyectos-Varios/Finanzas-Familiares-AS/test/domain/services/financial_indicators_service_test.dart: ... message indica cuántas veces puede cubrir deudas    00:11 +477: /home/bootcamp/Proyectos-2026/Proyectos-Varios/Finanzas-Familiares-AS/test/domain/services/financial_indicators_service_test.dart: ... message indica faltante cuando no cubre deudas      00:11 +478: /home/bootcamp/Proyectos-2026/Proyectos-Varios/Finanzas-Familiares-AS/test/domain/services/financial_indicators_service_test.dart: ... message indica faltante cuando no cubre deudas      00:11 +478: /home/bootcamp/Proyectos-2026/Proyectos-Varios/Finanzas-Familiares-AS/test/domain/services/financial_indicators_service_test.dart: FoodWeightIndicator percentage calcula correctamente    00:11 +479: /home/bootcamp/Proyectos-2026/Proyectos-Varios/Finanzas-Familiares-AS/test/domain/services/financial_indicators_service_test.dart: FoodWeightIndicator percentage calcula correctamente    00:11 +479: /home/bootcamp/Proyectos-2026/Proyectos-Varios/Finanzas-Familiares-AS/test/domain/services/financial_indicators_service_test.dart: ... percentage es 0 cuando no hay ingresos              00:11 +480: /home/bootcamp/Proyectos-2026/Proyectos-Varios/Finanzas-Familiares-AS/test/domain/services/financial_indicators_service_test.dart: ... percentage es 0 cuando no hay ingresos              00:11 +480: /home/bootcamp/Proyectos-2026/Proyectos-Varios/Finanzas-Familiares-AS/test/domain/services/financial_indicators_service_test.dart: FoodWeightIndicator status es good cuando <= 30%        00:11 +481: /home/bootcamp/Proyectos-2026/Proyectos-Varios/Finanzas-Familiares-AS/test/domain/services/financial_indicators_service_test.dart: FoodWeightIndicator status es good cuando <= 30%        00:11 +481: /home/bootcamp/Proyectos-2026/Proyectos-Varios/Finanzas-Familiares-AS/test/domain/services/financial_indicators_service_test.dart: ... status es warning cuando > 30% y <= 40%             00:11 +482: /home/bootcamp/Proyectos-2026/Proyectos-Varios/Finanzas-Familiares-AS/test/domain/services/financial_indicators_service_test.dart: ... status es warning cuando > 30% y <= 40%             00:11 +482: /home/bootcamp/Proyectos-2026/Proyectos-Varios/Finanzas-Familiares-AS/test/domain/services/financial_indicators_service_test.dart: FoodWeightIndicator status es danger cuando > 40%       00:11 +483: /home/bootcamp/Proyectos-2026/Proyectos-Varios/Finanzas-Familiares-AS/test/domain/services/financial_indicators_service_test.dart: FoodWeightIndicator status es danger cuando > 40%       00:11 +483: /home/bootcamp/Proyectos-2026/Proyectos-Varios/Finanzas-Familiares-AS/test/domain/services/financial_indicators_service_test.dart: ... ratio es infinity cuando no hay gasto no saludable  00:11 +484: /home/bootcamp/Proyectos-2026/Proyectos-Varios/Finanzas-Familiares-AS/test/domain/services/financial_indicators_service_test.dart: ... ratio es infinity cuando no hay gasto no saludable  00:11 +484: /home/bootcamp/Proyectos-2026/Proyectos-Varios/Finanzas-Familiares-AS/test/domain/services/financial_indicators_service_test.dart: HealthyIndexIndicator status es good cuando ratio >= 2  00:11 +485: /home/bootcamp/Proyectos-2026/Proyectos-Varios/Finanzas-Familiares-AS/test/domain/services/financial_indicators_service_test.dart: HealthyIndexIndicator status es good cuando ratio >= 2  00:11 +485: /home/bootcamp/Proyectos-2026/Proyectos-Varios/Finanzas-Familiares-AS/test/domain/services/financial_indicators_service_test.dart: ... status es warning cuando ratio >= 1 y < 2           00:11 +486: /home/bootcamp/Proyectos-2026/Proyectos-Varios/Finanzas-Familiares-AS/test/domain/services/financial_indicators_service_test.dart: ... status es warning cuando ratio >= 1 y < 2           00:11 +486: /home/bootcamp/Proyectos-2026/Proyectos-Varios/Finanzas-Familiares-AS/test/domain/services/financial_indicators_service_test.dart: HealthyIndexIndicator status es danger cuando ratio < 1 00:11 +487: /home/bootcamp/Proyectos-2026/Proyectos-Varios/Finanzas-Familiares-AS/test/domain/services/financial_indicators_service_test.dart: HealthyIndexIndicator status es danger cuando ratio < 1 00:11 +487: /home/bootcamp/Proyectos-2026/Proyectos-Varios/Finanzas-Familiares-AS/test/domain/services/financial_indicators_service_test.dart: ... message describe gasto saludable cuando isHealthy   00:11 +488: /home/bootcamp/Proyectos-2026/Proyectos-Varios/Finanzas-Familiares-AS/test/domain/services/financial_indicators_service_test.dart: ... message describe gasto saludable cuando isHealthy   00:11 +488: /home/bootcamp/Proyectos-2026/Proyectos-Varios/Finanzas-Familiares-AS/test/domain/services/financial_indicators_service_test.dart: ... message advierte sobre mecato cuando no isHealthy   00:11 +489: /home/bootcamp/Proyectos-2026/Proyectos-Varios/Finanzas-Familiares-AS/test/domain/services/financial_indicators_service_test.dart: ... message advierte sobre mecato cuando no isHealthy   00:11 +489: /home/bootcamp/Proyectos-2026/Proyectos-Varios/Finanzas-Familiares-AS/test/domain/services/financial_indicators_service_test.dart: FinancialCostIndicator totalCost suma GMF e intereses   00:11 +490: /home/bootcamp/Proyectos-2026/Proyectos-Varios/Finanzas-Familiares-AS/test/domain/services/financial_indicators_service_test.dart: FinancialCostIndicator totalCost suma GMF e intereses   00:11 +490: ... FinancialCostIndicator percentageOfIncome calcula correctamente                                                                                                                        00:11 +491: ... FinancialCostIndicator percentageOfIncome calcula correctamente                                                                                                                        00:11 +491: /home/bootcamp/Proyectos-2026/Proyectos-Varios/Finanzas-Familiares-AS/test/domain/services/financial_indicators_service_test.dart: ... percentageOfIncome es 0 cuando no hay ingresos      00:11 +492: /home/bootcamp/Proyectos-2026/Proyectos-Varios/Finanzas-Familiares-AS/test/domain/services/financial_indicators_service_test.dart: ... percentageOfIncome es 0 cuando no hay ingresos      00:11 +492: /home/bootcamp/Proyectos-2026/Proyectos-Varios/Finanzas-Familiares-AS/test/domain/services/financial_indicators_service_test.dart: FinancialCostIndicator status es good cuando <= 2%      00:11 +493: /home/bootcamp/Proyectos-2026/Proyectos-Varios/Finanzas-Familiares-AS/test/domain/services/financial_indicators_service_test.dart: FinancialCostIndicator status es good cuando <= 2%      00:11 +493: /home/bootcamp/Proyectos-2026/Proyectos-Varios/Finanzas-Familiares-AS/test/domain/services/financial_indicators_service_test.dart: ... status es warning cuando > 2% y <= 5%               00:11 +494: /home/bootcamp/Proyectos-2026/Proyectos-Varios/Finanzas-Familiares-AS/test/domain/services/financial_indicators_service_test.dart: ... status es warning cuando > 2% y <= 5%               00:11 +494: /home/bootcamp/Proyectos-2026/Proyectos-Varios/Finanzas-Familiares-AS/test/domain/services/financial_indicators_service_test.dart: FinancialCostIndicator status es danger cuando > 5%     00:11 +495: /home/bootcamp/Proyectos-2026/Proyectos-Varios/Finanzas-Familiares-AS/test/domain/services/financial_indicators_service_test.dart: FinancialCostIndicator status es danger cuando > 5%     00:11 +495: /home/bootcamp/Proyectos-2026/Proyectos-Varios/Finanzas-Familiares-AS/test/domain/services/financial_indicators_service_test.dart: ... grossBalance suma efectivo y bancos                 00:11 +496: /home/bootcamp/Proyectos-2026/Proyectos-Varios/Finanzas-Familiares-AS/test/domain/services/financial_indicators_service_test.dart: ... grossBalance suma efectivo y bancos                 00:11 +496: /home/bootcamp/Proyectos-2026/Proyectos-Varios/Finanzas-Familiares-AS/test/domain/services/financial_indicators_service_test.dart: ... netBalance resta cuentas por pagar                  00:11 +497: /home/bootcamp/Proyectos-2026/Proyectos-Varios/Finanzas-Familiares-AS/test/domain/services/financial_indicators_service_test.dart: ... netBalance resta cuentas por pagar                  00:11 +497: /home/bootcamp/Proyectos-2026/Proyectos-Varios/Finanzas-Familiares-AS/test/domain/services/financial_indicators_service_test.dart: ... hasPositiveBalance es true cuando netBalance > 0    00:11 +498: /home/bootcamp/Proyectos-2026/Proyectos-Varios/Finanzas-Familiares-AS/test/domain/services/financial_indicators_service_test.dart: ... hasPositiveBalance es true cuando netBalance > 0    00:11 +498: /home/bootcamp/Proyectos-2026/Proyectos-Varios/Finanzas-Familiares-AS/test/domain/services/financial_indicators_service_test.dart: ... hasPositiveBalance es false cuando netBalance <= 0  00:11 +499: /home/bootcamp/Proyectos-2026/Proyectos-Varios/Finanzas-Familiares-AS/test/domain/services/financial_indicators_service_test.dart: ... hasPositiveBalance es false cuando netBalance <= 0  00:11 +499: /home/bootcamp/Proyectos-2026/Proyectos-Varios/Finanzas-Familiares-AS/test/domain/services/financial_indicators_service_test.dart: ... status es good cuando netBalance > 0                00:11 +500: /home/bootcamp/Proyectos-2026/Proyectos-Varios/Finanzas-Familiares-AS/test/domain/services/financial_indicators_service_test.dart: ... status es good cuando netBalance > 0                00:11 +500: /home/bootcamp/Proyectos-2026/Proyectos-Varios/Finanzas-Familiares-AS/test/domain/services/financial_indicators_service_test.dart: ... status es warning cuando netBalance >= -100000      00:11 +501: /home/bootcamp/Proyectos-2026/Proyectos-Varios/Finanzas-Familiares-AS/test/domain/services/financial_indicators_service_test.dart: ... status es warning cuando netBalance >= -100000      00:11 +501: /home/bootcamp/Proyectos-2026/Proyectos-Varios/Finanzas-Familiares-AS/test/domain/services/financial_indicators_service_test.dart: ... status es danger cuando netBalance < -100000        00:11 +502: /home/bootcamp/Proyectos-2026/Proyectos-Varios/Finanzas-Familiares-AS/test/domain/services/financial_indicators_service_test.dart: ... status es danger cuando netBalance < -100000        00:11 +502: /home/bootcamp/Proyectos-2026/Proyectos-Varios/Finanzas-Familiares-AS/test/domain/services/financial_indicators_service_test.dart: ... message indica disponibilidad cuando positivo       00:11 +503: /home/bootcamp/Proyectos-2026/Proyectos-Varios/Finanzas-Familiares-AS/test/domain/services/financial_indicators_service_test.dart: ... message indica disponibilidad cuando positivo       00:11 +503: /home/bootcamp/Proyectos-2026/Proyectos-Varios/Finanzas-Familiares-AS/test/domain/services/financial_indicators_service_test.dart: ... message indica "en rojo" cuando negativo            00:11 +504: /home/bootcamp/Proyectos-2026/Proyectos-Varios/Finanzas-Familiares-AS/test/domain/services/financial_indicators_service_test.dart: ... message indica "en rojo" cuando negativo            00:11 +504: /home/bootcamp/Proyectos-2026/Proyectos-Varios/Finanzas-Familiares-AS/test/domain/services/financial_indicators_service_test.dart: ... overallStatus es danger si alguno es danger         00:11 +505: /home/bootcamp/Proyectos-2026/Proyectos-Varios/Finanzas-Familiares-AS/test/domain/services/financial_indicators_service_test.dart: ... overallStatus es danger si alguno es danger         00:11 +505: /home/bootcamp/Proyectos-2026/Proyectos-Varios/Finanzas-Familiares-AS/test/domain/services/financial_indicators_service_test.dart: ... es warning si alguno es warning y ninguno danger    00:11 +506: /home/bootcamp/Proyectos-2026/Proyectos-Varios/Finanzas-Familiares-AS/test/domain/services/financial_indicators_service_test.dart: ... es warning si alguno es warning y ninguno danger    00:11 +506: /home/bootcamp/Proyectos-2026/Proyectos-Varios/Finanzas-Familiares-AS/test/domain/services/financial_indicators_service_test.dart: ... overallStatus es good si todos son good             00:11 +507: /home/bootcamp/Proyectos-2026/Proyectos-Varios/Finanzas-Familiares-AS/test/domain/services/financial_indicators_service_test.dart: ... overallStatus es good si todos son good             00:11 +507: /home/bootcamp/Proyectos-2026/Proyectos-Varios/Finanzas-Familiares-AS/test/domain/services/financial_indicators_service_test.dart: ... calcula cobertura con cuentas positivas y negativas 00:11 +508: /home/bootcamp/Proyectos-2026/Proyectos-Varios/Finanzas-Familiares-AS/test/domain/services/financial_indicators_service_test.dart: ... calcula cobertura con cuentas positivas y negativas 00:11 +508: /home/bootcamp/Proyectos-2026/Proyectos-Varios/Finanzas-Familiares-AS/test/domain/services/financial_indicators_service_test.dart: ... - calculateDebtCoverage maneja caso sin deudas      00:11 +509: /home/bootcamp/Proyectos-2026/Proyectos-Varios/Finanzas-Familiares-AS/test/domain/services/financial_indicators_service_test.dart: ... - calculateDebtCoverage maneja caso sin deudas      00:11 +509: /home/bootcamp/Proyectos-2026/Proyectos-Varios/Finanzas-Familiares-AS/test/domain/services/financial_indicators_service_test.dart: ... - calculateDebtCoverage maneja caso sin cuentas     00:11 +510: /home/bootcamp/Proyectos-2026/Proyectos-Varios/Finanzas-Familiares-AS/test/domain/services/financial_indicators_service_test.dart: ... - calculateDebtCoverage maneja caso sin cuentas     00:11 +510: /home/bootcamp/Proyectos-2026/Proyectos-Varios/Finanzas-Familiares-AS/test/domain/services/financial_indicators_service_test.dart: ... calcula saldo disponible con categorías colombianas 00:11 +511: /home/bootcamp/Proyectos-2026/Proyectos-Varios/Finanzas-Familiares-AS/test/domain/services/financial_indicators_service_test.dart: ... calcula saldo disponible con categorías colombianas 00:11 +511: /home/bootcamp/Proyectos-2026/Proyectos-Varios/Finanzas-Familiares-AS/test/domain/services/financial_indicators_service_test.dart: ... detecta billetera como efectivo (cash)              00:11 +512: /home/bootcamp/Proyectos-2026/Proyectos-Varios/Finanzas-Familiares-AS/test/domain/services/financial_indicators_service_test.dart: ... detecta billetera como efectivo (cash)              00:11 +512: /home/bootcamp/Proyectos-2026/Proyectos-Varios/Finanzas-Familiares-AS/test/domain/services/financial_indicators_service_test.dart: ... - calculateAvailableBalance detecta Nequi como banco00:11 +513: /home/bootcamp/Proyectos-2026/Proyectos-Varios/Finanzas-Familiares-AS/test/domain/services/financial_indicators_service_test.dart: ... - calculateAvailableBalance detecta Nequi como banco00:11 +513: /home/bootcamp/Proyectos-2026/Proyectos-Varios/Finanzas-Familiares-AS/test/domain/services/financial_indicators_service_test.dart: ... detecta cuenta por pagar como payable               00:11 +514: /home/bootcamp/Proyectos-2026/Proyectos-Varios/Finanzas-Familiares-AS/test/domain/services/financial_indicators_service_test.dart: ... detecta cuenta por pagar como payable               00:11 +514: /home/bootcamp/Proyectos-2026/Proyectos-Varios/Finanzas-Familiares-AS/test/domain/services/financial_indicators_service_test.dart: ... genera resumen con todos los indicadores            00:11 +515: /home/bootcamp/Proyectos-2026/Proyectos-Varios/Finanzas-Familiares-AS/test/domain/services/financial_indicators_service_test.dart: ... genera resumen con todos los indicadores            00:11 +515: /home/bootcamp/Proyectos-2026/Proyectos-Varios/Finanzas-Familiares-AS/test/domain/services/financial_indicators_service_test.dart: ... helper retorna good cuando percentage < 80          00:11 +516: /home/bootcamp/Proyectos-2026/Proyectos-Varios/Finanzas-Familiares-AS/test/domain/services/financial_indicators_service_test.dart: ... helper retorna good cuando percentage < 80          00:11 +516: /home/bootcamp/Proyectos-2026/Proyectos-Varios/Finanzas-Familiares-AS/test/domain/services/financial_indicators_service_test.dart: ... retorna warning cuando percentage >= 80 y < 100     00:11 +517: /home/bootcamp/Proyectos-2026/Proyectos-Varios/Finanzas-Familiares-AS/test/domain/services/financial_indicators_service_test.dart: ... retorna warning cuando percentage >= 80 y < 100     00:11 +517: /home/bootcamp/Proyectos-2026/Proyectos-Varios/Finanzas-Familiares-AS/test/domain/services/financial_indicators_service_test.dart: ... helper retorna danger cuando percentage >= 100      00:11 +518: /home/bootcamp/Proyectos-2026/Proyectos-Varios/Finanzas-Familiares-AS/test/domain/services/financial_indicators_service_test.dart: ... helper retorna danger cuando percentage >= 100      00:11 +518: loading /home/bootcamp/Proyectos-2026/Proyectos-Varios/Finanzas-Familiares-AS/test/domain/services/receipt_parser_service_test.dart                                                        00:11 +518: /home/bootcamp/Proyectos-2026/Proyectos-Varios/Finanzas-Familiares-AS/test/domain/services/receipt_parser_service_test.dart: ... de montos extrae monto con formato TOTAL: $85.400         00:11 +519: /home/bootcamp/Proyectos-2026/Proyectos-Varios/Finanzas-Familiares-AS/test/domain/services/receipt_parser_service_test.dart: ... de montos extrae monto con formato TOTAL: $85.400         00:11 +519: /home/bootcamp/Proyectos-2026/Proyectos-Varios/Finanzas-Familiares-AS/test/domain/services/receipt_parser_service_test.dart: ... de montos extrae monto con formato Total a pagar: $125,00000:11 +520: /home/bootcamp/Proyectos-2026/Proyectos-Varios/Finanzas-Familiares-AS/test/domain/services/receipt_parser_service_test.dart: ... de montos extrae monto con formato Total a pagar: $125,00000:11 +520: /home/bootcamp/Proyectos-2026/Proyectos-Varios/Finanzas-Familiares-AS/test/domain/services/receipt_parser_service_test.dart: ... de montos extrae monto con formato VALOR TOTAL 45000      00:11 +521: /home/bootcamp/Proyectos-2026/Proyectos-Varios/Finanzas-Familiares-AS/test/domain/services/receipt_parser_service_test.dart: ... de montos extrae monto con formato VALOR TOTAL 45000      00:11 +521: /home/bootcamp/Proyectos-2026/Proyectos-Varios/Finanzas-Familiares-AS/test/domain/services/receipt_parser_service_test.dart: ... - Extracción de montos extrae monto grande correctamente  00:11 +522: /home/bootcamp/Proyectos-2026/Proyectos-Varios/Finanzas-Familiares-AS/test/domain/services/receipt_parser_service_test.dart: ... - Extracción de montos extrae monto grande correctamente  00:11 +522: /home/bootcamp/Proyectos-2026/Proyectos-Varios/Finanzas-Familiares-AS/test/domain/services/receipt_parser_service_test.dart: ... - Extracción de montos retorna null si no hay monto válido00:11 +523: /home/bootcamp/Proyectos-2026/Proyectos-Varios/Finanzas-Familiares-AS/test/domain/services/receipt_parser_service_test.dart: ... - Extracción de montos retorna null si no hay monto válido00:11 +523: /home/bootcamp/Proyectos-2026/Proyectos-Varios/Finanzas-Familiares-AS/test/domain/services/receipt_parser_service_test.dart: ... de montos ignora montos muy pequeños (menos de 100)       00:11 +524: /home/bootcamp/Proyectos-2026/Proyectos-Varios/Finanzas-Familiares-AS/test/domain/services/receipt_parser_service_test.dart: ... de montos ignora montos muy pequeños (menos de 100)       00:11 +524: /home/bootcamp/Proyectos-2026/Proyectos-Varios/Finanzas-Familiares-AS/test/domain/services/receipt_parser_service_test.dart: ... - Extracción de comercios conocidos detecta EXITO         00:11 +525: /home/bootcamp/Proyectos-2026/Proyectos-Varios/Finanzas-Familiares-AS/test/domain/services/receipt_parser_service_test.dart: ... - Extracción de comercios conocidos detecta EXITO         00:11 +525: /home/bootcamp/Proyectos-2026/Proyectos-Varios/Finanzas-Familiares-AS/test/domain/services/receipt_parser_service_test.dart: ... - Extracción de comercios conocidos detecta CARULLA       00:11 +526: /home/bootcamp/Proyectos-2026/Proyectos-Varios/Finanzas-Familiares-AS/test/domain/services/receipt_parser_service_test.dart: ... - Extracción de comercios conocidos detecta CARULLA       00:11 +526: /home/bootcamp/Proyectos-2026/Proyectos-Varios/Finanzas-Familiares-AS/test/domain/services/receipt_parser_service_test.dart: ... - Extracción de comercios conocidos detecta D1            00:11 +527: /home/bootcamp/Proyectos-2026/Proyectos-Varios/Finanzas-Familiares-AS/test/domain/services/receipt_parser_service_test.dart: ... - Extracción de comercios conocidos detecta D1            00:11 +527: /home/bootcamp/Proyectos-2026/Proyectos-Varios/Finanzas-Familiares-AS/test/domain/services/receipt_parser_service_test.dart: ... - Extracción de comercios conocidos detecta RAPPI         00:11 +528: /home/bootcamp/Proyectos-2026/Proyectos-Varios/Finanzas-Familiares-AS/test/domain/services/receipt_parser_service_test.dart: ... - Extracción de comercios conocidos detecta RAPPI         00:11 +528: /home/bootcamp/Proyectos-2026/Proyectos-Varios/Finanzas-Familiares-AS/test/domain/services/receipt_parser_service_test.dart: ... - Extracción de comercios conocidos detecta MC DONALDS    00:11 +529: /home/bootcamp/Proyectos-2026/Proyectos-Varios/Finanzas-Familiares-AS/test/domain/services/receipt_parser_service_test.dart: ... - Extracción de comercios conocidos detecta MC DONALDS    00:11 +529: /home/bootcamp/Proyectos-2026/Proyectos-Varios/Finanzas-Familiares-AS/test/domain/services/receipt_parser_service_test.dart: ... - Extracción de comercios conocidos detecta JUAN VALDEZ   00:11 +530: /home/bootcamp/Proyectos-2026/Proyectos-Varios/Finanzas-Familiares-AS/test/domain/services/receipt_parser_service_test.dart: ... - Extracción de comercios conocidos detecta JUAN VALDEZ   00:11 +530: /home/bootcamp/Proyectos-2026/Proyectos-Varios/Finanzas-Familiares-AS/test/domain/services/receipt_parser_service_test.dart: ... - Extracción de fechas extrae fecha formato DD/MM/YYYY    00:11 +531: /home/bootcamp/Proyectos-2026/Proyectos-Varios/Finanzas-Familiares-AS/test/domain/services/receipt_parser_service_test.dart: ... - Extracción de fechas extrae fecha formato DD/MM/YYYY    00:11 +531: /home/bootcamp/Proyectos-2026/Proyectos-Varios/Finanzas-Familiares-AS/test/domain/services/receipt_parser_service_test.dart: ... - Extracción de fechas extrae fecha formato DD-MM-YY      00:11 +532: /home/bootcamp/Proyectos-2026/Proyectos-Varios/Finanzas-Familiares-AS/test/domain/services/receipt_parser_service_test.dart: ... - Extracción de fechas extrae fecha formato DD-MM-YY      00:11 +532: /home/bootcamp/Proyectos-2026/Proyectos-Varios/Finanzas-Familiares-AS/test/domain/services/receipt_parser_service_test.dart: ... - Extracción de fechas extrae fecha formato DD MON YYYY   00:11 +533: /home/bootcamp/Proyectos-2026/Proyectos-Varios/Finanzas-Familiares-AS/test/domain/services/receipt_parser_service_test.dart: ... - Extracción de fechas extrae fecha formato DD MON YYYY   00:11 +533: /home/bootcamp/Proyectos-2026/Proyectos-Varios/Finanzas-Familiares-AS/test/domain/services/receipt_parser_service_test.dart: ... de categorías sugiere Alimentación para supermercados     00:11 +534: /home/bootcamp/Proyectos-2026/Proyectos-Varios/Finanzas-Familiares-AS/test/domain/services/receipt_parser_service_test.dart: ... de categorías sugiere Alimentación para supermercados     00:11 +534: /home/bootcamp/Proyectos-2026/Proyectos-Varios/Finanzas-Familiares-AS/test/domain/services/receipt_parser_service_test.dart: ... de categorías sugiere Restaurantes para comida rápida     00:11 +535: /home/bootcamp/Proyectos-2026/Proyectos-Varios/Finanzas-Familiares-AS/test/domain/services/receipt_parser_service_test.dart: ... de categorías sugiere Restaurantes para comida rápida     00:11 +535: /home/bootcamp/Proyectos-2026/Proyectos-Varios/Finanzas-Familiares-AS/test/domain/services/receipt_parser_service_test.dart: ... de categorías sugiere Entretenimiento para cines          00:11 +536: /home/bootcamp/Proyectos-2026/Proyectos-Varios/Finanzas-Familiares-AS/test/domain/services/receipt_parser_service_test.dart: ... de categorías sugiere Entretenimiento para cines          00:11 +536: /home/bootcamp/Proyectos-2026/Proyectos-Varios/Finanzas-Familiares-AS/test/domain/services/receipt_parser_service_test.dart: ... sugiere Servicios para empresas de telecomunicaciones     00:11 +537: /home/bootcamp/Proyectos-2026/Proyectos-Varios/Finanzas-Familiares-AS/test/domain/services/receipt_parser_service_test.dart: ... sugiere Servicios para empresas de telecomunicaciones     00:11 +537: /home/bootcamp/Proyectos-2026/Proyectos-Varios/Finanzas-Familiares-AS/test/domain/services/receipt_parser_service_test.dart: ... de categorías sugiere Hogar para tiendas de hogar         00:11 +538: /home/bootcamp/Proyectos-2026/Proyectos-Varios/Finanzas-Familiares-AS/test/domain/services/receipt_parser_service_test.dart: ... de categorías sugiere Hogar para tiendas de hogar         00:11 +538: /home/bootcamp/Proyectos-2026/Proyectos-Varios/Finanzas-Familiares-AS/test/domain/services/receipt_parser_service_test.dart: ... del parsing confianza alta con monto, comercio y fecha    00:11 +539: /home/bootcamp/Proyectos-2026/Proyectos-Varios/Finanzas-Familiares-AS/test/domain/services/receipt_parser_service_test.dart: ... del parsing confianza alta con monto, comercio y fecha    00:11 +539: /home/bootcamp/Proyectos-2026/Proyectos-Varios/Finanzas-Familiares-AS/test/domain/services/receipt_parser_service_test.dart: ... del parsing confianza media solo con monto y comercio     00:11 +540: /home/bootcamp/Proyectos-2026/Proyectos-Varios/Finanzas-Familiares-AS/test/domain/services/receipt_parser_service_test.dart: ... del parsing confianza media solo con monto y comercio     00:11 +540: /home/bootcamp/Proyectos-2026/Proyectos-Varios/Finanzas-Familiares-AS/test/domain/services/receipt_parser_service_test.dart: ... - Confianza del parsing confianza baja solo con monto     00:11 +541: /home/bootcamp/Proyectos-2026/Proyectos-Varios/Finanzas-Familiares-AS/test/domain/services/receipt_parser_service_test.dart: ... - Confianza del parsing confianza baja solo con monto     00:11 +541: /home/bootcamp/Proyectos-2026/Proyectos-Varios/Finanzas-Familiares-AS/test/domain/services/receipt_parser_service_test.dart: ... - ParseSource parseSource es siempre regex                00:11 +542: /home/bootcamp/Proyectos-2026/Proyectos-Varios/Finanzas-Familiares-AS/test/domain/services/receipt_parser_service_test.dart: ... - ParseSource parseSource es siempre regex                00:11 +542: /home/bootcamp/Proyectos-2026/Proyectos-Varios/Finanzas-Familiares-AS/test/domain/services/receipt_parser_service_test.dart: ReceiptParserService - Casos edge maneja texto vacío          00:11 +543: /home/bootcamp/Proyectos-2026/Proyectos-Varios/Finanzas-Familiares-AS/test/domain/services/receipt_parser_service_test.dart: ReceiptParserService - Casos edge maneja texto vacío          00:11 +543: /home/bootcamp/Proyectos-2026/Proyectos-Varios/Finanzas-Familiares-AS/test/domain/services/receipt_parser_service_test.dart: ... - Casos edge maneja texto con solo espacios               00:11 +544: /home/bootcamp/Proyectos-2026/Proyectos-Varios/Finanzas-Familiares-AS/test/domain/services/receipt_parser_service_test.dart: ... - Casos edge maneja texto con solo espacios               00:11 +544: /home/bootcamp/Proyectos-2026/Proyectos-Varios/Finanzas-Familiares-AS/test/domain/services/receipt_parser_service_test.dart: ReceiptParserService - Casos edge maneja OCR con ruido        00:11 +545: /home/bootcamp/Proyectos-2026/Proyectos-Varios/Finanzas-Familiares-AS/test/domain/services/receipt_parser_service_test.dart: ReceiptParserService - Casos edge maneja OCR con ruido        00:11 +545: /home/bootcamp/Proyectos-2026/Proyectos-Varios/Finanzas-Familiares-AS/test/domain/services/receipt_parser_service_test.dart: ... - Casos edge prioriza TOTAL sobre subtotales              00:11 +546: /home/bootcamp/Proyectos-2026/Proyectos-Varios/Finanzas-Familiares-AS/test/domain/services/receipt_parser_service_test.dart: ... - Casos edge prioriza TOTAL sobre subtotales              00:11 +546: loading /home/bootcamp/Proyectos-2026/Proyectos-Varios/Finanzas-Familiares-AS/test/domain/exceptions/accounting_exceptions_test.dart                                                       00:11 +546: /home/bootcamp/Proyectos-2026/Proyectos-Varios/Finanzas-Familiares-AS/test/domain/exceptions/accounting_exceptions_test.dart: InsufficientFundsException calcula shortfall correctamente   00:11 +547: /home/bootcamp/Proyectos-2026/Proyectos-Varios/Finanzas-Familiares-AS/test/domain/exceptions/accounting_exceptions_test.dart: InsufficientFundsException calcula shortfall correctamente   00:11 +547: /home/bootcamp/Proyectos-2026/Proyectos-Varios/Finanzas-Familiares-AS/test/domain/exceptions/accounting_exceptions_test.dart: ... shortfall es negativo cuando hay suficiente              00:11 +548: /home/bootcamp/Proyectos-2026/Proyectos-Varios/Finanzas-Familiares-AS/test/domain/exceptions/accounting_exceptions_test.dart: ... shortfall es negativo cuando hay suficiente              00:11 +548: ... InsufficientFundsException toString contiene información relevante                                                                                                                     00:11 +549: ... InsufficientFundsException toString contiene información relevante                                                                                                                     00:11 +549: /home/bootcamp/Proyectos-2026/Proyectos-Varios/Finanzas-Familiares-AS/test/domain/exceptions/accounting_exceptions_test.dart: InsufficientFundsException formatea montos sin decimales     00:11 +550: /home/bootcamp/Proyectos-2026/Proyectos-Varios/Finanzas-Familiares-AS/test/domain/exceptions/accounting_exceptions_test.dart: InsufficientFundsException formatea montos sin decimales     00:11 +550: /home/bootcamp/Proyectos-2026/Proyectos-Varios/Finanzas-Familiares-AS/test/domain/exceptions/accounting_exceptions_test.dart: InsufficientFundsException implements Exception              00:11 +551: /home/bootcamp/Proyectos-2026/Proyectos-Varios/Finanzas-Familiares-AS/test/domain/exceptions/accounting_exceptions_test.dart: InsufficientFundsException implements Exception              00:11 +551: /home/bootcamp/Proyectos-2026/Proyectos-Varios/Finanzas-Familiares-AS/test/domain/exceptions/accounting_exceptions_test.dart: ... toString contiene nombre de cuenta y saldo               00:11 +552: /home/bootcamp/Proyectos-2026/Proyectos-Varios/Finanzas-Familiares-AS/test/domain/exceptions/accounting_exceptions_test.dart: ... toString contiene nombre de cuenta y saldo               00:11 +552: /home/bootcamp/Proyectos-2026/Proyectos-Varios/Finanzas-Familiares-AS/test/domain/exceptions/accounting_exceptions_test.dart: AccountHasBalanceException toString sugiere transferir saldo 00:11 +553: /home/bootcamp/Proyectos-2026/Proyectos-Varios/Finanzas-Familiares-AS/test/domain/exceptions/accounting_exceptions_test.dart: AccountHasBalanceException toString sugiere transferir saldo 00:11 +553: /home/bootcamp/Proyectos-2026/Proyectos-Varios/Finanzas-Familiares-AS/test/domain/exceptions/accounting_exceptions_test.dart: AccountHasBalanceException maneja saldo negativo             00:11 +554: /home/bootcamp/Proyectos-2026/Proyectos-Varios/Finanzas-Familiares-AS/test/domain/exceptions/accounting_exceptions_test.dart: AccountHasBalanceException maneja saldo negativo             00:11 +554: /home/bootcamp/Proyectos-2026/Proyectos-Varios/Finanzas-Familiares-AS/test/domain/exceptions/accounting_exceptions_test.dart: AccountHasBalanceException implements Exception              00:11 +555: /home/bootcamp/Proyectos-2026/Proyectos-Varios/Finanzas-Familiares-AS/test/domain/exceptions/accounting_exceptions_test.dart: AccountHasBalanceException implements Exception              00:11 +555: /home/bootcamp/Proyectos-2026/Proyectos-Varios/Finanzas-Familiares-AS/test/domain/exceptions/accounting_exceptions_test.dart: ... toString contiene nombre de categoría y cantidad de hijos00:11 +556: /home/bootcamp/Proyectos-2026/Proyectos-Varios/Finanzas-Familiares-AS/test/domain/exceptions/accounting_exceptions_test.dart: ... toString contiene nombre de categoría y cantidad de hijos00:11 +556: /home/bootcamp/Proyectos-2026/Proyectos-Varios/Finanzas-Familiares-AS/test/domain/exceptions/accounting_exceptions_test.dart: ... toString sugiere eliminar subcategorías primero          00:11 +557: /home/bootcamp/Proyectos-2026/Proyectos-Varios/Finanzas-Familiares-AS/test/domain/exceptions/accounting_exceptions_test.dart: ... toString sugiere eliminar subcategorías primero          00:11 +557: ... CategoryHasChildrenException maneja singular/plural en subcategorías                                                                                                                   00:11 +558: ... CategoryHasChildrenException maneja singular/plural en subcategorías                                                                                                                   00:11 +558: /home/bootcamp/Proyectos-2026/Proyectos-Varios/Finanzas-Familiares-AS/test/domain/exceptions/accounting_exceptions_test.dart: CategoryHasChildrenException implements Exception            00:11 +559: /home/bootcamp/Proyectos-2026/Proyectos-Varios/Finanzas-Familiares-AS/test/domain/exceptions/accounting_exceptions_test.dart: CategoryHasChildrenException implements Exception            00:11 +559: /home/bootcamp/Proyectos-2026/Proyectos-Varios/Finanzas-Familiares-AS/test/domain/exceptions/accounting_exceptions_test.dart: SystemCategoryException toString contiene nombre de categoría00:11 +560: /home/bootcamp/Proyectos-2026/Proyectos-Varios/Finanzas-Familiares-AS/test/domain/exceptions/accounting_exceptions_test.dart: SystemCategoryException toString contiene nombre de categoría00:11 +560: /home/bootcamp/Proyectos-2026/Proyectos-Varios/Finanzas-Familiares-AS/test/domain/exceptions/accounting_exceptions_test.dart: ... toString indica que es categoría del sistema             00:11 +561: /home/bootcamp/Proyectos-2026/Proyectos-Varios/Finanzas-Familiares-AS/test/domain/exceptions/accounting_exceptions_test.dart: ... toString indica que es categoría del sistema             00:11 +561: /home/bootcamp/Proyectos-2026/Proyectos-Varios/Finanzas-Familiares-AS/test/domain/exceptions/accounting_exceptions_test.dart: SystemCategoryException implements Exception                 00:11 +562: /home/bootcamp/Proyectos-2026/Proyectos-Varios/Finanzas-Familiares-AS/test/domain/exceptions/accounting_exceptions_test.dart: SystemCategoryException implements Exception                 00:11 +562: /home/bootcamp/Proyectos-2026/Proyectos-Varios/Finanzas-Familiares-AS/test/domain/exceptions/accounting_exceptions_test.dart: ... InsufficientFundsException puede ser lanzada y capturada 00:11 +563: /home/bootcamp/Proyectos-2026/Proyectos-Varios/Finanzas-Familiares-AS/test/domain/exceptions/accounting_exceptions_test.dart: ... InsufficientFundsException puede ser lanzada y capturada 00:11 +563: /home/bootcamp/Proyectos-2026/Proyectos-Varios/Finanzas-Familiares-AS/test/domain/exceptions/accounting_exceptions_test.dart: ... AccountHasBalanceException puede ser lanzada y capturada 00:11 +564: /home/bootcamp/Proyectos-2026/Proyectos-Varios/Finanzas-Familiares-AS/test/domain/exceptions/accounting_exceptions_test.dart: ... AccountHasBalanceException puede ser lanzada y capturada 00:11 +564: /home/bootcamp/Proyectos-2026/Proyectos-Varios/Finanzas-Familiares-AS/test/domain/exceptions/accounting_exceptions_test.dart: ... puede ser lanzada y capturada                            00:11 +565: /home/bootcamp/Proyectos-2026/Proyectos-Varios/Finanzas-Familiares-AS/test/domain/exceptions/accounting_exceptions_test.dart: ... puede ser lanzada y capturada                            00:11 +565: /home/bootcamp/Proyectos-2026/Proyectos-Varios/Finanzas-Familiares-AS/test/domain/exceptions/accounting_exceptions_test.dart: ... SystemCategoryException puede ser lanzada y capturada    00:11 +566: /home/bootcamp/Proyectos-2026/Proyectos-Varios/Finanzas-Familiares-AS/test/domain/exceptions/accounting_exceptions_test.dart: ... SystemCategoryException puede ser lanzada y capturada    00:11 +566: /home/bootcamp/Proyectos-2026/Proyectos-Varios/Finanzas-Familiares-AS/test/domain/exceptions/accounting_exceptions_test.dart: ... las excepciones pueden ser capturadas como Exception     00:11 +567: /home/bootcamp/Proyectos-2026/Proyectos-Varios/Finanzas-Familiares-AS/test/domain/exceptions/accounting_exceptions_test.dart: ... las excepciones pueden ser capturadas como Exception     00:11 +567: loading /home/bootcamp/Proyectos-2026/Proyectos-Varios/Finanzas-Familiares-AS/test/data/parsers/bank_notification_parser_test.dart                                                         00:11 +567: /home/bootcamp/Proyectos-2026/Proyectos-Varios/Finanzas-Familiares-AS/test/data/parsers/bank_notification_parser_test.dart: ColombianBank detecta Bancolombia desde package name           00:11 +568: /home/bootcamp/Proyectos-2026/Proyectos-Varios/Finanzas-Familiares-AS/test/data/parsers/bank_notification_parser_test.dart: ColombianBank detecta Bancolombia desde package name           00:11 +568: /home/bootcamp/Proyectos-2026/Proyectos-Varios/Finanzas-Familiares-AS/test/data/parsers/bank_notification_parser_test.dart: ColombianBank detecta Nequi desde package name                 00:11 +569: /home/bootcamp/Proyectos-2026/Proyectos-Varios/Finanzas-Familiares-AS/test/data/parsers/bank_notification_parser_test.dart: ColombianBank detecta Nequi desde package name                 00:11 +569: /home/bootcamp/Proyectos-2026/Proyectos-Varios/Finanzas-Familiares-AS/test/data/parsers/bank_notification_parser_test.dart: ColombianBank detecta DaviPlata desde package name             00:11 +570: /home/bootcamp/Proyectos-2026/Proyectos-Varios/Finanzas-Familiares-AS/test/data/parsers/bank_notification_parser_test.dart: ColombianBank detecta DaviPlata desde package name             00:11 +570: /home/bootcamp/Proyectos-2026/Proyectos-Varios/Finanzas-Familiares-AS/test/data/parsers/bank_notification_parser_test.dart: ColombianBank detecta Davivienda desde package name            00:11 +571: /home/bootcamp/Proyectos-2026/Proyectos-Varios/Finanzas-Familiares-AS/test/data/parsers/bank_notification_parser_test.dart: ColombianBank detecta Davivienda desde package name            00:11 +571: /home/bootcamp/Proyectos-2026/Proyectos-Varios/Finanzas-Familiares-AS/test/data/parsers/bank_notification_parser_test.dart: ColombianBank retorna unknown para package desconocido         00:11 +572: /home/bootcamp/Proyectos-2026/Proyectos-Varios/Finanzas-Familiares-AS/test/data/parsers/bank_notification_parser_test.dart: ColombianBank retorna unknown para package desconocido         00:11 +572: /home/bootcamp/Proyectos-2026/Proyectos-Varios/Finanzas-Familiares-AS/test/data/parsers/bank_notification_parser_test.dart: BancolombiaParser parsea compra exitosamente                   00:11 +573: /home/bootcamp/Proyectos-2026/Proyectos-Varios/Finanzas-Familiares-AS/test/data/parsers/bank_notification_parser_test.dart: BancolombiaParser parsea compra exitosamente                   00:11 +573: /home/bootcamp/Proyectos-2026/Proyectos-Varios/Finanzas-Familiares-AS/test/data/parsers/bank_notification_parser_test.dart: BancolombiaParser parsea compra con monto con decimales        00:11 +574: /home/bootcamp/Proyectos-2026/Proyectos-Varios/Finanzas-Familiares-AS/test/data/parsers/bank_notification_parser_test.dart: BancolombiaParser parsea compra con monto con decimales        00:11 +574: /home/bootcamp/Proyectos-2026/Proyectos-Varios/Finanzas-Familiares-AS/test/data/parsers/bank_notification_parser_test.dart: BancolombiaParser parsea pago PSE                              00:11 +575: /home/bootcamp/Proyectos-2026/Proyectos-Varios/Finanzas-Familiares-AS/test/data/parsers/bank_notification_parser_test.dart: BancolombiaParser parsea pago PSE                              00:11 +575: /home/bootcamp/Proyectos-2026/Proyectos-Varios/Finanzas-Familiares-AS/test/data/parsers/bank_notification_parser_test.dart: BancolombiaParser parsea retiro                                00:11 +576: /home/bootcamp/Proyectos-2026/Proyectos-Varios/Finanzas-Familiares-AS/test/data/parsers/bank_notification_parser_test.dart: BancolombiaParser parsea retiro                                00:11 +576: /home/bootcamp/Proyectos-2026/Proyectos-Varios/Finanzas-Familiares-AS/test/data/parsers/bank_notification_parser_test.dart: BancolombiaParser parsea transferencia recibida                00:11 +577: /home/bootcamp/Proyectos-2026/Proyectos-Varios/Finanzas-Familiares-AS/test/data/parsers/bank_notification_parser_test.dart: BancolombiaParser parsea transferencia recibida                00:11 +577: /home/bootcamp/Proyectos-2026/Proyectos-Varios/Finanzas-Familiares-AS/test/data/parsers/bank_notification_parser_test.dart: BancolombiaParser parsea transferencia enviada                 00:11 +578: /home/bootcamp/Proyectos-2026/Proyectos-Varios/Finanzas-Familiares-AS/test/data/parsers/bank_notification_parser_test.dart: BancolombiaParser parsea transferencia enviada                 00:11 +578: /home/bootcamp/Proyectos-2026/Proyectos-Varios/Finanzas-Familiares-AS/test/data/parsers/bank_notification_parser_test.dart: BancolombiaParser retorna null para notificación no reconocida 00:11 +579: /home/bootcamp/Proyectos-2026/Proyectos-Varios/Finanzas-Familiares-AS/test/data/parsers/bank_notification_parser_test.dart: BancolombiaParser retorna null para notificación no reconocida 00:11 +579: /home/bootcamp/Proyectos-2026/Proyectos-Varios/Finanzas-Familiares-AS/test/data/parsers/bank_notification_parser_test.dart: NequiParser parsea pago exitosamente                           00:11 +580: /home/bootcamp/Proyectos-2026/Proyectos-Varios/Finanzas-Familiares-AS/test/data/parsers/bank_notification_parser_test.dart: NequiParser parsea pago exitosamente                           00:11 +580: /home/bootcamp/Proyectos-2026/Proyectos-Varios/Finanzas-Familiares-AS/test/data/parsers/bank_notification_parser_test.dart: NequiParser parsea recepción de dinero                         00:11 +581: /home/bootcamp/Proyectos-2026/Proyectos-Varios/Finanzas-Familiares-AS/test/data/parsers/bank_notification_parser_test.dart: NequiParser parsea recepción de dinero                         00:11 +581: /home/bootcamp/Proyectos-2026/Proyectos-Varios/Finanzas-Familiares-AS/test/data/parsers/bank_notification_parser_test.dart: NequiParser parsea retiro                                      00:11 +582: /home/bootcamp/Proyectos-2026/Proyectos-Varios/Finanzas-Familiares-AS/test/data/parsers/bank_notification_parser_test.dart: NequiParser parsea retiro                                      00:11 +582: /home/bootcamp/Proyectos-2026/Proyectos-Varios/Finanzas-Familiares-AS/test/data/parsers/bank_notification_parser_test.dart: NequiParser parsea envío de dinero                             00:11 +583: /home/bootcamp/Proyectos-2026/Proyectos-Varios/Finanzas-Familiares-AS/test/data/parsers/bank_notification_parser_test.dart: NequiParser parsea envío de dinero                             00:11 +583: /home/bootcamp/Proyectos-2026/Proyectos-Varios/Finanzas-Familiares-AS/test/data/parsers/bank_notification_parser_test.dart: NequiParser parsea pago sin destinatario                       00:11 +584: /home/bootcamp/Proyectos-2026/Proyectos-Varios/Finanzas-Familiares-AS/test/data/parsers/bank_notification_parser_test.dart: NequiParser parsea pago sin destinatario                       00:11 +584: /home/bootcamp/Proyectos-2026/Proyectos-Varios/Finanzas-Familiares-AS/test/data/parsers/bank_notification_parser_test.dart: DaviPlataParser parsea pago exitoso                            00:11 +585: /home/bootcamp/Proyectos-2026/Proyectos-Varios/Finanzas-Familiares-AS/test/data/parsers/bank_notification_parser_test.dart: DaviPlataParser parsea pago exitoso                            00:11 +585: /home/bootcamp/Proyectos-2026/Proyectos-Varios/Finanzas-Familiares-AS/test/data/parsers/bank_notification_parser_test.dart: DaviPlataParser parsea retiro                                  00:11 +586: /home/bootcamp/Proyectos-2026/Proyectos-Varios/Finanzas-Familiares-AS/test/data/parsers/bank_notification_parser_test.dart: DaviPlataParser parsea retiro                                  00:11 +586: /home/bootcamp/Proyectos-2026/Proyectos-Varios/Finanzas-Familiares-AS/test/data/parsers/bank_notification_parser_test.dart: DaviPlataParser parsea recepción                               00:11 +587: /home/bootcamp/Proyectos-2026/Proyectos-Varios/Finanzas-Familiares-AS/test/data/parsers/bank_notification_parser_test.dart: DaviPlataParser parsea recepción                               00:11 +587: /home/bootcamp/Proyectos-2026/Proyectos-Varios/Finanzas-Familiares-AS/test/data/parsers/bank_notification_parser_test.dart: DaviPlataParser parsea envío                                   00:11 +588: /home/bootcamp/Proyectos-2026/Proyectos-Varios/Finanzas-Familiares-AS/test/data/parsers/bank_notification_parser_test.dart: DaviPlataParser parsea envío                                   00:11 +588: /home/bootcamp/Proyectos-2026/Proyectos-Varios/Finanzas-Familiares-AS/test/data/parsers/bank_notification_parser_test.dart: DaviviendaParser parsea compra aprobada                        00:11 +589: /home/bootcamp/Proyectos-2026/Proyectos-Varios/Finanzas-Familiares-AS/test/data/parsers/bank_notification_parser_test.dart: DaviviendaParser parsea compra aprobada                        00:11 +589: /home/bootcamp/Proyectos-2026/Proyectos-Varios/Finanzas-Familiares-AS/test/data/parsers/bank_notification_parser_test.dart: DaviviendaParser parsea retiro aprobado                        00:11 +590: /home/bootcamp/Proyectos-2026/Proyectos-Varios/Finanzas-Familiares-AS/test/data/parsers/bank_notification_parser_test.dart: DaviviendaParser parsea retiro aprobado                        00:11 +590: /home/bootcamp/Proyectos-2026/Proyectos-Varios/Finanzas-Familiares-AS/test/data/parsers/bank_notification_parser_test.dart: DaviviendaParser parsea transferencia recibida                 00:11 +591: /home/bootcamp/Proyectos-2026/Proyectos-Varios/Finanzas-Familiares-AS/test/data/parsers/bank_notification_parser_test.dart: DaviviendaParser parsea transferencia recibida                 00:11 +591: /home/bootcamp/Proyectos-2026/Proyectos-Varios/Finanzas-Familiares-AS/test/data/parsers/bank_notification_parser_test.dart: DaviviendaParser parsea transferencia enviada                  00:11 +592: /home/bootcamp/Proyectos-2026/Proyectos-Varios/Finanzas-Familiares-AS/test/data/parsers/bank_notification_parser_test.dart: DaviviendaParser parsea transferencia enviada                  00:11 +592: /home/bootcamp/Proyectos-2026/Proyectos-Varios/Finanzas-Familiares-AS/test/data/parsers/bank_notification_parser_test.dart: ... usa parser correcto según package name                     00:11 +593: /home/bootcamp/Proyectos-2026/Proyectos-Varios/Finanzas-Familiares-AS/test/data/parsers/bank_notification_parser_test.dart: ... usa parser correcto según package name                     00:11 +593: /home/bootcamp/Proyectos-2026/Proyectos-Varios/Finanzas-Familiares-AS/test/data/parsers/bank_notification_parser_test.dart: ... retorna null para banco no soportado                       00:11 +594: /home/bootcamp/Proyectos-2026/Proyectos-Varios/Finanzas-Familiares-AS/test/data/parsers/bank_notification_parser_test.dart: ... retorna null para banco no soportado                       00:11 +594: ... BankNotificationParserCoordinator isSupportedBank detecta bancos conocidos                                                                                                             00:11 +595: ... BankNotificationParserCoordinator isSupportedBank detecta bancos conocidos                                                                                                             00:11 +595: /home/bootcamp/Proyectos-2026/Proyectos-Varios/Finanzas-Familiares-AS/test/data/parsers/bank_notification_parser_test.dart: ... - parseAmount parsea monto con separador de miles          00:11 +596: /home/bootcamp/Proyectos-2026/Proyectos-Varios/Finanzas-Familiares-AS/test/data/parsers/bank_notification_parser_test.dart: ... - parseAmount parsea monto con separador de miles          00:11 +596: /home/bootcamp/Proyectos-2026/Proyectos-Varios/Finanzas-Familiares-AS/test/data/parsers/bank_notification_parser_test.dart: BankNotificationParser - parseAmount parsea monto sin separador00:11 +597: /home/bootcamp/Proyectos-2026/Proyectos-Varios/Finanzas-Familiares-AS/test/data/parsers/bank_notification_parser_test.dart: BankNotificationParser - parseAmount parsea monto sin separador00:11 +597: /home/bootcamp/Proyectos-2026/Proyectos-Varios/Finanzas-Familiares-AS/test/data/parsers/bank_notification_parser_test.dart: BankNotificationParser - parseAmount parsea monto con decimales00:11 +598: /home/bootcamp/Proyectos-2026/Proyectos-Varios/Finanzas-Familiares-AS/test/data/parsers/bank_notification_parser_test.dart: BankNotificationParser - parseAmount parsea monto con decimales00:11 +598: /home/bootcamp/Proyectos-2026/Proyectos-Varios/Finanzas-Familiares-AS/test/data/parsers/bank_notification_parser_test.dart: ... - parseAmount retorna null para texto sin números          00:11 +599: /home/bootcamp/Proyectos-2026/Proyectos-Varios/Finanzas-Familiares-AS/test/data/parsers/bank_notification_parser_test.dart: ... - parseAmount retorna null para texto sin números          00:11 +599: /home/bootcamp/Proyectos-2026/Proyectos-Varios/Finanzas-Familiares-AS/test/data/parsers/bank_notification_parser_test.dart: ... - extractAccountDigits extrae dígitos con asterisco        00:11 +600: /home/bootcamp/Proyectos-2026/Proyectos-Varios/Finanzas-Familiares-AS/test/data/parsers/bank_notification_parser_test.dart: ... - extractAccountDigits extrae dígitos con asterisco        00:11 +600: /home/bootcamp/Proyectos-2026/Proyectos-Varios/Finanzas-Familiares-AS/test/data/parsers/bank_notification_parser_test.dart: ... - extractAccountDigits extrae dígitos con palabra cuenta   00:11 +601: /home/bootcamp/Proyectos-2026/Proyectos-Varios/Finanzas-Familiares-AS/test/data/parsers/bank_notification_parser_test.dart: ... - extractAccountDigits extrae dígitos con palabra cuenta   00:11 +601: /home/bootcamp/Proyectos-2026/Proyectos-Varios/Finanzas-Familiares-AS/test/data/parsers/bank_notification_parser_test.dart: ... - extractAccountDigits retorna null si no encuentra patrón 00:11 +602: /home/bootcamp/Proyectos-2026/Proyectos-Varios/Finanzas-Familiares-AS/test/data/parsers/bank_notification_parser_test.dart: ... - extractAccountDigits retorna null si no encuentra patrón 00:11 +602: loading /home/bootcamp/Proyectos-2026/Proyectos-Varios/Finanzas-Familiares-AS/test/data/mappers/category_tree_mappers_test.dart                                                            00:11 +602: ... CategoryTreeMappers.categoryToDto convierte CategoryEntry a CategoryTreeDto                                                                                                            00:11 +603: ... CategoryTreeMappers.categoryToDto convierte CategoryEntry a CategoryTreeDto                                                                                                            00:11 +603: /home/bootcamp/Proyectos-2026/Proyectos-Varios/Finanzas-Familiares-AS/test/data/mappers/category_tree_mappers_test.dart: CategoryTreeMappers.categoryToDto convierte categoría con parentId00:11 +604: /home/bootcamp/Proyectos-2026/Proyectos-Varios/Finanzas-Familiares-AS/test/data/mappers/category_tree_mappers_test.dart: CategoryTreeMappers.categoryToDto convierte categoría con parentId00:11 +604: /home/bootcamp/Proyectos-2026/Proyectos-Varios/Finanzas-Familiares-AS/test/data/mappers/category_tree_mappers_test.dart: CategoryTreeMappers.categoryToDto maneja campos opcionales nulos  00:11 +605: /home/bootcamp/Proyectos-2026/Proyectos-Varios/Finanzas-Familiares-AS/test/data/mappers/category_tree_mappers_test.dart: CategoryTreeMappers.categoryToDto maneja campos opcionales nulos  00:11 +605: ... CategoryTreeMappers.categoriesToDtoList convierte lista de categorías                                                                                                                  00:12 +605: ... CategoryTreeMappers.categoriesToDtoList convierte lista de categorías                                                                                                                  00:12 +606: /home/bootcamp/Proyectos-2026/Proyectos-Varios/Finanzas-Familiares-AS/test/data/mappers/account_display_mappers_test.dart: ... convierte AccountEntry a AccountDisplayDto correctamente    00:12 +607: /home/bootcamp/Proyectos-2026/Proyectos-Varios/Finanzas-Familiares-AS/test/data/mappers/account_display_mappers_test.dart: ... convierte AccountEntry a AccountDisplayDto correctamente    00:12 +608: /home/bootcamp/Proyectos-2026/Proyectos-Varios/Finanzas-Familiares-AS/test/data/mappers/account_display_mappers_test.dart: ... convierte AccountEntry a AccountDisplayDto correctamente    00:12 +609: /home/bootcamp/Proyectos-2026/Proyectos-Varios/Finanzas-Familiares-AS/test/data/mappers/account_display_mappers_test.dart: ... convierte AccountEntry a AccountDisplayDto correctamente    00:12 +610: /home/bootcamp/Proyectos-2026/Proyectos-Varios/Finanzas-Familiares-AS/test/data/mappers/account_display_mappers_test.dart: ... convierte AccountEntry a AccountDisplayDto correctamente    00:12 +611: /home/bootcamp/Proyectos-2026/Proyectos-Varios/Finanzas-Familiares-AS/test/data/mappers/account_display_mappers_test.dart: ... convierte AccountEntry a AccountDisplayDto correctamente    00:12 +612: /home/bootcamp/Proyectos-2026/Proyectos-Varios/Finanzas-Familiares-AS/test/data/mappers/account_display_mappers_test.dart: ... convierte AccountEntry a AccountDisplayDto correctamente    00:12 +612: ... AccountDisplayMappers.accountToDto maneja campos opcionales nulos                                                                                                                      00:12 +613: ... AccountDisplayMappers.accountToDto maneja campos opcionales nulos                                                                                                                      00:12 +613: /home/bootcamp/Proyectos-2026/Proyectos-Varios/Finanzas-Familiares-AS/test/data/mappers/account_display_mappers_test.dart: AccountDisplayMappers.accountToDto conserva isSystem flag       00:12 +614: /home/bootcamp/Proyectos-2026/Proyectos-Varios/Finanzas-Familiares-AS/test/data/repositories/drift_financial_indicators_repository_test.dart: ... retorna lista vacía sin cuentas          00:12 +615: /home/bootcamp/Proyectos-2026/Proyectos-Varios/Finanzas-Familiares-AS/test/data/repositories/drift_financial_indicators_repository_test.dart: ... retorna lista vacía sin cuentas          00:12 +616: /home/bootcamp/Proyectos-2026/Proyectos-Varios/Finanzas-Familiares-AS/test/data/repositories/drift_financial_indicators_repository_test.dart: ... retorna lista vacía sin cuentas          00:12 +617: /home/bootcamp/Proyectos-2026/Proyectos-Varios/Finanzas-Familiares-AS/test/data/repositories/drift_financial_indicators_repository_test.dart: ... retorna lista vacía sin cuentas          00:12 +618: /home/bootcamp/Proyectos-2026/Proyectos-Varios/Finanzas-Familiares-AS/test/data/repositories/drift_financial_indicators_repository_test.dart: ... retorna lista vacía sin cuentas          00:12 +619: /home/bootcamp/Proyectos-2026/Proyectos-Varios/Finanzas-Familiares-AS/test/data/repositories/drift_financial_indicators_repository_test.dart: ... retorna lista vacía sin cuentas          00:12 +620: /home/bootcamp/Proyectos-2026/Proyectos-Varios/Finanzas-Familiares-AS/test/data/repositories/drift_financial_indicators_repository_test.dart: ... retorna lista vacía sin cuentas          00:12 +621: /home/bootcamp/Proyectos-2026/Proyectos-Varios/Finanzas-Familiares-AS/test/data/repositories/drift_financial_indicators_repository_test.dart: ... retorna lista vacía sin cuentas          00:12 +622: /home/bootcamp/Proyectos-2026/Proyectos-Varios/Finanzas-Familiares-AS/test/data/repositories/drift_financial_indicators_repository_test.dart: ... retorna lista vacía sin cuentas          00:12 +623: /home/bootcamp/Proyectos-2026/Proyectos-Varios/Finanzas-Familiares-AS/test/data/repositories/drift_financial_indicators_repository_test.dart: ... retorna lista vacía sin cuentas          00:12 +624: /home/bootcamp/Proyectos-2026/Proyectos-Varios/Finanzas-Familiares-AS/test/data/repositories/drift_financial_indicators_repository_test.dart: ... retorna lista vacía sin cuentas          00:12 +624: /home/bootcamp/Proyectos-2026/Proyectos-Varios/Finanzas-Familiares-AS/test/data/repositories/drift_financial_indicators_repository_test.dart: ... retorna balances de cuentas activas      00:12 +625: /home/bootcamp/Proyectos-2026/Proyectos-Varios/Finanzas-Familiares-AS/test/data/repositories/drift_financial_indicators_repository_test.dart: ... retorna balances de cuentas activas      00:12 +625: loading /home/bootcamp/Proyectos-2026/Proyectos-Varios/Finanzas-Familiares-AS/test/data/repositories/drift_family_repositories_test.dart                                                   00:12 +625: /home/bootcamp/Proyectos-2026/Proyectos-Varios/Finanzas-Familiares-AS/test/data/repositories/drift_family_repositories_test.dart: ... getFamilyById retorna FamilyData con mapeo correcto  00:12 +626: /home/bootcamp/Proyectos-2026/Proyectos-Varios/Finanzas-Familiares-AS/test/data/repositories/drift_family_repositories_test.dart: ... getFamilyById retorna FamilyData con mapeo correcto  00:12 +627: /home/bootcamp/Proyectos-2026/Proyectos-Varios/Finanzas-Familiares-AS/test/data/repositories/drift_family_repositories_test.dart: ... getFamilyById retorna FamilyData con mapeo correcto  00:12 +628: /home/bootcamp/Proyectos-2026/Proyectos-Varios/Finanzas-Familiares-AS/test/data/repositories/drift_family_repositories_test.dart: ... getFamilyById retorna FamilyData con mapeo correcto  00:12 +629: /home/bootcamp/Proyectos-2026/Proyectos-Varios/Finanzas-Familiares-AS/test/data/repositories/drift_family_repositories_test.dart: ... getFamilyById retorna FamilyData con mapeo correcto  00:12 +630: /home/bootcamp/Proyectos-2026/Proyectos-Varios/Finanzas-Familiares-AS/test/data/repositories/drift_family_repositories_test.dart: ... getFamilyById retorna FamilyData con mapeo correcto  00:12 +631: /home/bootcamp/Proyectos-2026/Proyectos-Varios/Finanzas-Familiares-AS/test/data/repositories/drift_family_repositories_test.dart: ... getFamilyById retorna FamilyData con mapeo correcto  00:12 +632: /home/bootcamp/Proyectos-2026/Proyectos-Varios/Finanzas-Familiares-AS/test/data/repositories/drift_family_repositories_test.dart: ... getFamilyById retorna FamilyData con mapeo correcto  00:12 +633: /home/bootcamp/Proyectos-2026/Proyectos-Varios/Finanzas-Familiares-AS/test/data/repositories/drift_family_repositories_test.dart: ... getFamilyById retorna FamilyData con mapeo correcto  00:12 +634: /home/bootcamp/Proyectos-2026/Proyectos-Varios/Finanzas-Familiares-AS/test/data/repositories/drift_family_repositories_test.dart: ... getFamilyById retorna FamilyData con mapeo correcto  00:12 +635: /home/bootcamp/Proyectos-2026/Proyectos-Varios/Finanzas-Familiares-AS/test/data/repositories/drift_family_repositories_test.dart: ... getFamilyById retorna FamilyData con mapeo correcto  00:12 +636: /home/bootcamp/Proyectos-2026/Proyectos-Varios/Finanzas-Familiares-AS/test/data/local/daos/budgets_dao_test.dart: BudgetsDao - CRUD insertBudget crea un presupuesto correctamente         00:12 +637: /home/bootcamp/Proyectos-2026/Proyectos-Varios/Finanzas-Familiares-AS/test/data/local/daos/budgets_dao_test.dart: BudgetsDao - CRUD insertBudget crea un presupuesto correctamente         00:12 +638: /home/bootcamp/Proyectos-2026/Proyectos-Varios/Finanzas-Familiares-AS/test/data/local/daos/budgets_dao_test.dart: BudgetsDao - CRUD insertBudget crea un presupuesto correctamente         00:12 +639: /home/bootcamp/Proyectos-2026/Proyectos-Varios/Finanzas-Familiares-AS/test/data/local/daos/budgets_dao_test.dart: BudgetsDao - CRUD insertBudget crea un presupuesto correctamente         00:12 +640: /home/bootcamp/Proyectos-2026/Proyectos-Varios/Finanzas-Familiares-AS/test/data/local/daos/budgets_dao_test.dart: BudgetsDao - CRUD insertBudget crea un presupuesto correctamente         00:12 +641: /home/bootcamp/Proyectos-2026/Proyectos-Varios/Finanzas-Familiares-AS/test/data/local/daos/budgets_dao_test.dart: BudgetsDao - CRUD insertBudget crea un presupuesto correctamente         00:12 +642: /home/bootcamp/Proyectos-2026/Proyectos-Varios/Finanzas-Familiares-AS/test/data/local/daos/budgets_dao_test.dart: BudgetsDao - CRUD insertBudget crea un presupuesto correctamente         00:12 +643: /home/bootcamp/Proyectos-2026/Proyectos-Varios/Finanzas-Familiares-AS/test/data/local/daos/budgets_dao_test.dart: BudgetsDao - CRUD insertBudget crea un presupuesto correctamente         00:12 +644: /home/bootcamp/Proyectos-2026/Proyectos-Varios/Finanzas-Familiares-AS/test/data/local/daos/budgets_dao_test.dart: BudgetsDao - CRUD insertBudget crea un presupuesto correctamente         00:12 +645: /home/bootcamp/Proyectos-2026/Proyectos-Varios/Finanzas-Familiares-AS/test/data/local/daos/budgets_dao_test.dart: BudgetsDao - CRUD insertBudget crea un presupuesto correctamente         00:12 +646: /home/bootcamp/Proyectos-2026/Proyectos-Varios/Finanzas-Familiares-AS/test/data/local/daos/budgets_dao_test.dart: BudgetsDao - CRUD insertBudget crea un presupuesto correctamente         00:12 +647: /home/bootcamp/Proyectos-2026/Proyectos-Varios/Finanzas-Familiares-AS/test/data/local/daos/budgets_dao_test.dart: BudgetsDao - CRUD insertBudget crea un presupuesto correctamente         00:12 +648: /home/bootcamp/Proyectos-2026/Proyectos-Varios/Finanzas-Familiares-AS/test/data/local/daos/budgets_dao_test.dart: BudgetsDao - CRUD insertBudget crea un presupuesto correctamente         00:12 +649: /home/bootcamp/Proyectos-2026/Proyectos-Varios/Finanzas-Familiares-AS/test/data/local/daos/budgets_dao_test.dart: BudgetsDao - CRUD insertBudget crea un presupuesto correctamente         00:12 +650: /home/bootcamp/Proyectos-2026/Proyectos-Varios/Finanzas-Familiares-AS/test/data/local/daos/transaction_details_dao_test.dart: ... - CRUD insertDetail crea un detalle correctamente        00:12 +651: /home/bootcamp/Proyectos-2026/Proyectos-Varios/Finanzas-Familiares-AS/test/data/local/daos/transaction_details_dao_test.dart: ... - CRUD insertDetail crea un detalle correctamente        00:12 +652: /home/bootcamp/Proyectos-2026/Proyectos-Varios/Finanzas-Familiares-AS/test/data/local/daos/transaction_details_dao_test.dart: ... - CRUD insertDetail crea un detalle correctamente        00:12 +653: /home/bootcamp/Proyectos-2026/Proyectos-Varios/Finanzas-Familiares-AS/test/data/local/daos/transaction_details_dao_test.dart: ... - CRUD insertDetail crea un detalle correctamente        00:12 +654: /home/bootcamp/Proyectos-2026/Proyectos-Varios/Finanzas-Familiares-AS/test/data/local/daos/transaction_details_dao_test.dart: ... - CRUD insertDetail crea un detalle correctamente        00:12 +655: /home/bootcamp/Proyectos-2026/Proyectos-Varios/Finanzas-Familiares-AS/test/data/local/daos/transaction_details_dao_test.dart: ... - CRUD insertDetail crea un detalle correctamente        00:12 +656: /home/bootcamp/Proyectos-2026/Proyectos-Varios/Finanzas-Familiares-AS/test/data/local/daos/transaction_details_dao_test.dart: ... - CRUD insertDetail crea un detalle correctamente        00:12 +657: /home/bootcamp/Proyectos-2026/Proyectos-Varios/Finanzas-Familiares-AS/test/data/local/daos/transaction_details_dao_test.dart: ... - CRUD insertDetail crea un detalle correctamente        00:12 +658: /home/bootcamp/Proyectos-2026/Proyectos-Varios/Finanzas-Familiares-AS/test/data/local/daos/transaction_details_dao_test.dart: ... - CRUD insertDetail crea un detalle correctamente        00:12 +659: /home/bootcamp/Proyectos-2026/Proyectos-Varios/Finanzas-Familiares-AS/test/data/local/daos/transaction_details_dao_test.dart: ... - CRUD insertDetail crea un detalle correctamente        00:12 +660: /home/bootcamp/Proyectos-2026/Proyectos-Varios/Finanzas-Familiares-AS/test/data/local/daos/transaction_details_dao_test.dart: ... - CRUD insertDetail crea un detalle correctamente        00:12 +661: /home/bootcamp/Proyectos-2026/Proyectos-Varios/Finanzas-Familiares-AS/test/data/local/daos/transaction_details_dao_test.dart: ... - CRUD insertDetail crea un detalle correctamente        00:12 +662: /home/bootcamp/Proyectos-2026/Proyectos-Varios/Finanzas-Familiares-AS/test/data/local/daos/transaction_details_dao_test.dart: ... - CRUD insertDetail crea un detalle correctamente        00:12 +663: /home/bootcamp/Proyectos-2026/Proyectos-Varios/Finanzas-Familiares-AS/test/data/local/daos/transaction_details_dao_test.dart: ... - CRUD insertDetail crea un detalle correctamente        00:12 +664: /home/bootcamp/Proyectos-2026/Proyectos-Varios/Finanzas-Familiares-AS/test/data/local/daos/transaction_details_dao_test.dart: ... - CRUD insertDetail crea un detalle correctamente        00:12 +665: /home/bootcamp/Proyectos-2026/Proyectos-Varios/Finanzas-Familiares-AS/test/data/local/daos/transaction_details_dao_test.dart: ... - CRUD insertDetail crea un detalle correctamente        00:12 +666: /home/bootcamp/Proyectos-2026/Proyectos-Varios/Finanzas-Familiares-AS/test/data/local/daos/transaction_details_dao_test.dart: ... - CRUD insertDetail crea un detalle correctamente        00:12 +667: /home/bootcamp/Proyectos-2026/Proyectos-Varios/Finanzas-Familiares-AS/test/data/local/daos/transaction_details_dao_test.dart: ... - CRUD insertDetail crea un detalle correctamente        00:12 +668: /home/bootcamp/Proyectos-2026/Proyectos-Varios/Finanzas-Familiares-AS/test/data/local/daos/transaction_details_dao_test.dart: ... - CRUD insertDetail crea un detalle correctamente        00:12 +669: /home/bootcamp/Proyectos-2026/Proyectos-Varios/Finanzas-Familiares-AS/test/data/local/daos/transaction_details_dao_test.dart: ... - CRUD insertDetail crea un detalle correctamente        00:12 +670: /home/bootcamp/Proyectos-2026/Proyectos-Varios/Finanzas-Familiares-AS/test/data/local/daos/budgets_dao_test.dart: ... - getBudgetsForMonth retorna todos los presupuestos activos del mes  00:12 +671: /home/bootcamp/Proyectos-2026/Proyectos-Varios/Finanzas-Familiares-AS/test/data/local/daos/transaction_details_dao_test.dart: ... - CRUD insertDetails inserta múltiples detalles          00:12 +672: /home/bootcamp/Proyectos-2026/Proyectos-Varios/Finanzas-Familiares-AS/test/data/local/daos/transaction_details_dao_test.dart: ... - CRUD insertDetails inserta múltiples detalles          00:12 +673: /home/bootcamp/Proyectos-2026/Proyectos-Varios/Finanzas-Familiares-AS/test/data/local/daos/budgets_dao_test.dart: ... - getBudgetsForMonth retorna lista vacía para mes sin presupuestos   00:12 +674: /home/bootcamp/Proyectos-2026/Proyectos-Varios/Finanzas-Familiares-AS/test/data/local/daos/payment_methods_dao_test.dart: ... - CRUD insertMethod crea un método de pago correctamente     00:12 +675: /home/bootcamp/Proyectos-2026/Proyectos-Varios/Finanzas-Familiares-AS/test/data/local/daos/payment_methods_dao_test.dart: ... - CRUD insertMethod crea un método de pago correctamente     00:12 +676: /home/bootcamp/Proyectos-2026/Proyectos-Varios/Finanzas-Familiares-AS/test/data/local/daos/payment_methods_dao_test.dart: ... - CRUD insertMethod crea un método de pago correctamente     00:12 +677: /home/bootcamp/Proyectos-2026/Proyectos-Varios/Finanzas-Familiares-AS/test/data/local/daos/payment_methods_dao_test.dart: ... - CRUD insertMethod crea un método de pago correctamente     00:12 +678: /home/bootcamp/Proyectos-2026/Proyectos-Varios/Finanzas-Familiares-AS/test/data/local/daos/payment_methods_dao_test.dart: ... - CRUD insertMethod crea un método de pago correctamente     00:12 +679: /home/bootcamp/Proyectos-2026/Proyectos-Varios/Finanzas-Familiares-AS/test/data/local/daos/payment_methods_dao_test.dart: ... - CRUD insertMethod crea un método de pago correctamente     00:12 +680: /home/bootcamp/Proyectos-2026/Proyectos-Varios/Finanzas-Familiares-AS/test/data/local/daos/payment_methods_dao_test.dart: ... - CRUD insertMethod crea un método de pago correctamente     00:12 +681: /home/bootcamp/Proyectos-2026/Proyectos-Varios/Finanzas-Familiares-AS/test/data/local/daos/payment_methods_dao_test.dart: ... - CRUD insertMethod crea un método de pago correctamente     00:12 +682: /home/bootcamp/Proyectos-2026/Proyectos-Varios/Finanzas-Familiares-AS/test/data/local/daos/payment_methods_dao_test.dart: ... - CRUD insertMethod crea un método de pago correctamente     00:12 +683: /home/bootcamp/Proyectos-2026/Proyectos-Varios/Finanzas-Familiares-AS/test/data/local/daos/payment_methods_dao_test.dart: ... - CRUD insertMethod crea un método de pago correctamente     00:12 +684: /home/bootcamp/Proyectos-2026/Proyectos-Varios/Finanzas-Familiares-AS/test/data/local/daos/payment_methods_dao_test.dart: ... - CRUD insertMethod crea un método de pago correctamente     00:12 +685: /home/bootcamp/Proyectos-2026/Proyectos-Varios/Finanzas-Familiares-AS/test/data/local/daos/payment_methods_dao_test.dart: ... - CRUD insertMethod crea un método de pago correctamente     00:12 +686: /home/bootcamp/Proyectos-2026/Proyectos-Varios/Finanzas-Familiares-AS/test/data/local/daos/payment_methods_dao_test.dart: ... - CRUD insertMethod crea un método de pago correctamente     00:12 +687: /home/bootcamp/Proyectos-2026/Proyectos-Varios/Finanzas-Familiares-AS/test/data/local/daos/payment_methods_dao_test.dart: ... - CRUD insertMethod crea un método de pago correctamente     00:12 +688: /home/bootcamp/Proyectos-2026/Proyectos-Varios/Finanzas-Familiares-AS/test/data/local/daos/payment_methods_dao_test.dart: ... - CRUD insertMethod crea un método de pago correctamente     00:12 +689: /home/bootcamp/Proyectos-2026/Proyectos-Varios/Finanzas-Familiares-AS/test/data/local/daos/payment_methods_dao_test.dart: ... - CRUD insertMethod crea un método de pago correctamente     00:12 +690: /home/bootcamp/Proyectos-2026/Proyectos-Varios/Finanzas-Familiares-AS/test/data/local/daos/payment_methods_dao_test.dart: ... - CRUD insertMethod crea un método de pago correctamente     00:12 +690: /home/bootcamp/Proyectos-2026/Proyectos-Varios/Finanzas-Familiares-AS/test/data/local/daos/payment_methods_dao_test.dart: PaymentMethodsDao - CRUD insertMethods inserta múltiples métodos 00:12 +691: /home/bootcamp/Proyectos-2026/Proyectos-Varios/Finanzas-Familiares-AS/test/data/local/daos/payment_methods_dao_test.dart: PaymentMethodsDao - CRUD insertMethods inserta múltiples métodos 00:13 +691: /home/bootcamp/Proyectos-2026/Proyectos-Varios/Finanzas-Familiares-AS/test/data/local/daos/payment_methods_dao_test.dart: ... - CRUD getMethodById retorna null para ID inexistente        00:13 +692: /home/bootcamp/Proyectos-2026/Proyectos-Varios/Finanzas-Familiares-AS/test/data/local/daos/payment_methods_dao_test.dart: ... - CRUD getMethodById retorna null para ID inexistente        00:13 +692: /home/bootcamp/Proyectos-2026/Proyectos-Varios/Finanzas-Familiares-AS/test/data/local/daos/payment_methods_dao_test.dart: PaymentMethodsDao - CRUD updateMethod actualiza correctamente    00:13 +693: /home/bootcamp/Proyectos-2026/Proyectos-Varios/Finanzas-Familiares-AS/test/data/local/daos/payment_methods_dao_test.dart: PaymentMethodsDao - CRUD updateMethod actualiza correctamente    00:13 +693: /home/bootcamp/Proyectos-2026/Proyectos-Varios/Finanzas-Familiares-AS/test/data/local/daos/payment_methods_dao_test.dart: ... - CRUD deactivateMethod desactiva un método (soft delete)    00:13 +694: /home/bootcamp/Proyectos-2026/Proyectos-Varios/Finanzas-Familiares-AS/test/data/local/daos/payment_methods_dao_test.dart: ... - CRUD deactivateMethod desactiva un método (soft delete)    00:13 +694: /home/bootcamp/Proyectos-2026/Proyectos-Varios/Finanzas-Familiares-AS/test/data/local/daos/payment_methods_dao_test.dart: ... - Consultas getAllActiveMethods solo retorna métodos activos 00:13 +695: /home/bootcamp/Proyectos-2026/Proyectos-Varios/Finanzas-Familiares-AS/test/data/local/daos/payment_methods_dao_test.dart: ... - Consultas getAllActiveMethods solo retorna métodos activos 00:13 +695: /home/bootcamp/Proyectos-2026/Proyectos-Varios/Finanzas-Familiares-AS/test/data/local/daos/payment_methods_dao_test.dart: ... - Consultas getAllActiveMethods ordena por isDefault primero 00:13 +696: /home/bootcamp/Proyectos-2026/Proyectos-Varios/Finanzas-Familiares-AS/test/data/local/daos/recurring_transactions_dao_test.dart: ... getAll retorna lista vacía inicialmente               00:13 +697: /home/bootcamp/Proyectos-2026/Proyectos-Varios/Finanzas-Familiares-AS/test/data/local/daos/recurring_transactions_dao_test.dart: ... getAll retorna lista vacía inicialmente               00:13 +698: /home/bootcamp/Proyectos-2026/Proyectos-Varios/Finanzas-Familiares-AS/test/data/local/daos/recurring_transactions_dao_test.dart: ... getAll retorna lista vacía inicialmente               00:13 +699: /home/bootcamp/Proyectos-2026/Proyectos-Varios/Finanzas-Familiares-AS/test/data/local/daos/recurring_transactions_dao_test.dart: ... getAll retorna lista vacía inicialmente               00:13 +700: /home/bootcamp/Proyectos-2026/Proyectos-Varios/Finanzas-Familiares-AS/test/data/local/daos/recurring_transactions_dao_test.dart: ... getAll retorna lista vacía inicialmente               00:13 +701: /home/bootcamp/Proyectos-2026/Proyectos-Varios/Finanzas-Familiares-AS/test/data/local/daos/recurring_transactions_dao_test.dart: ... getAll retorna lista vacía inicialmente               00:13 +702: /home/bootcamp/Proyectos-2026/Proyectos-Varios/Finanzas-Familiares-AS/test/data/local/daos/recurring_transactions_dao_test.dart: ... getAll retorna lista vacía inicialmente               00:13 +703: /home/bootcamp/Proyectos-2026/Proyectos-Varios/Finanzas-Familiares-AS/test/data/local/daos/recurring_transactions_dao_test.dart: ... getAll retorna lista vacía inicialmente               00:13 +704: /home/bootcamp/Proyectos-2026/Proyectos-Varios/Finanzas-Familiares-AS/test/data/local/daos/recurring_transactions_dao_test.dart: ... getAll retorna lista vacía inicialmente               00:13 +704: /home/bootcamp/Proyectos-2026/Proyectos-Varios/Finanzas-Familiares-AS/test/data/local/daos/recurring_transactions_dao_test.dart: ... insert agrega una transacción recurrente              00:13 +705: /home/bootcamp/Proyectos-2026/Proyectos-Varios/Finanzas-Familiares-AS/test/data/local/daos/savings_goals_dao_test.dart: SavingsGoalsDao getActiveGoals retorna lista vacía inicialmente    00:13 +706: /home/bootcamp/Proyectos-2026/Proyectos-Varios/Finanzas-Familiares-AS/test/data/local/daos/savings_goals_dao_test.dart: SavingsGoalsDao getActiveGoals retorna lista vacía inicialmente    00:13 +707: /home/bootcamp/Proyectos-2026/Proyectos-Varios/Finanzas-Familiares-AS/test/data/local/daos/savings_goals_dao_test.dart: SavingsGoalsDao getActiveGoals retorna lista vacía inicialmente    00:13 +708: /home/bootcamp/Proyectos-2026/Proyectos-Varios/Finanzas-Familiares-AS/test/data/local/daos/savings_goals_dao_test.dart: SavingsGoalsDao getActiveGoals retorna lista vacía inicialmente    00:13 +709: /home/bootcamp/Proyectos-2026/Proyectos-Varios/Finanzas-Familiares-AS/test/data/local/daos/savings_goals_dao_test.dart: SavingsGoalsDao getActiveGoals retorna lista vacía inicialmente    00:13 +710: /home/bootcamp/Proyectos-2026/Proyectos-Varios/Finanzas-Familiares-AS/test/data/local/daos/savings_goals_dao_test.dart: SavingsGoalsDao getActiveGoals retorna lista vacía inicialmente    00:13 +711: /home/bootcamp/Proyectos-2026/Proyectos-Varios/Finanzas-Familiares-AS/test/data/local/daos/savings_goals_dao_test.dart: SavingsGoalsDao getActiveGoals retorna lista vacía inicialmente    00:13 +712: /home/bootcamp/Proyectos-2026/Proyectos-Varios/Finanzas-Familiares-AS/test/data/local/daos/savings_goals_dao_test.dart: SavingsGoalsDao getActiveGoals retorna lista vacía inicialmente    00:13 +713: /home/bootcamp/Proyectos-2026/Proyectos-Varios/Finanzas-Familiares-AS/test/data/local/daos/savings_goals_dao_test.dart: SavingsGoalsDao getActiveGoals retorna lista vacía inicialmente    00:13 +714: /home/bootcamp/Proyectos-2026/Proyectos-Varios/Finanzas-Familiares-AS/test/data/local/daos/savings_goals_dao_test.dart: SavingsGoalsDao getActiveGoals retorna lista vacía inicialmente    00:13 +715: /home/bootcamp/Proyectos-2026/Proyectos-Varios/Finanzas-Familiares-AS/test/data/local/daos/savings_goals_dao_test.dart: SavingsGoalsDao getActiveGoals retorna lista vacía inicialmente    00:13 +715: /home/bootcamp/Proyectos-2026/Proyectos-Varios/Finanzas-Familiares-AS/test/data/local/daos/savings_goals_dao_test.dart: SavingsGoalsDao insertGoal agrega una meta de ahorro               00:13 +716: /home/bootcamp/Proyectos-2026/Proyectos-Varios/Finanzas-Familiares-AS/test/data/local/daos/savings_goals_dao_test.dart: SavingsGoalsDao insertGoal agrega una meta de ahorro               00:13 +716: /home/bootcamp/Proyectos-2026/Proyectos-Varios/Finanzas-Familiares-AS/test/data/local/daos/savings_goals_dao_test.dart: SavingsGoalsDao getGoalById retorna la meta correcta               00:13 +717: /home/bootcamp/Proyectos-2026/Proyectos-Varios/Finanzas-Familiares-AS/test/data/local/daos/savings_goals_dao_test.dart: SavingsGoalsDao getGoalById retorna la meta correcta               00:13 +717: /home/bootcamp/Proyectos-2026/Proyectos-Varios/Finanzas-Familiares-AS/test/data/local/daos/savings_goals_dao_test.dart: SavingsGoalsDao getGoalById retorna null si no existe              00:13 +718: /home/bootcamp/Proyectos-2026/Proyectos-Varios/Finanzas-Familiares-AS/test/data/local/daos/savings_goals_dao_test.dart: SavingsGoalsDao getGoalById retorna null si no existe              00:13 +718: /home/bootcamp/Proyectos-2026/Proyectos-Varios/Finanzas-Familiares-AS/test/data/local/daos/savings_goals_dao_test.dart: SavingsGoalsDao getActiveGoals solo retorna metas activas          00:13 +719: /home/bootcamp/Proyectos-2026/Proyectos-Varios/Finanzas-Familiares-AS/test/data/local/daos/savings_goals_dao_test.dart: SavingsGoalsDao getActiveGoals solo retorna metas activas          00:13 +719: /home/bootcamp/Proyectos-2026/Proyectos-Varios/Finanzas-Familiares-AS/test/data/local/daos/savings_goals_dao_test.dart: SavingsGoalsDao getCompletedGoals solo retorna metas completadas   00:13 +720: /home/bootcamp/Proyectos-2026/Proyectos-Varios/Finanzas-Familiares-AS/test/data/local/daos/families_dao_test.dart: FamiliesDao - Families createFamily crea una familia correctamente      00:13 +721: /home/bootcamp/Proyectos-2026/Proyectos-Varios/Finanzas-Familiares-AS/test/data/local/daos/families_dao_test.dart: FamiliesDao - Families createFamily crea una familia correctamente      00:13 +722: /home/bootcamp/Proyectos-2026/Proyectos-Varios/Finanzas-Familiares-AS/test/data/local/daos/families_dao_test.dart: FamiliesDao - Families createFamily crea una familia correctamente      00:13 +723: /home/bootcamp/Proyectos-2026/Proyectos-Varios/Finanzas-Familiares-AS/test/data/local/daos/families_dao_test.dart: FamiliesDao - Families createFamily crea una familia correctamente      00:13 +724: /home/bootcamp/Proyectos-2026/Proyectos-Varios/Finanzas-Familiares-AS/test/data/local/daos/families_dao_test.dart: FamiliesDao - Families createFamily crea una familia correctamente      00:13 +725: /home/bootcamp/Proyectos-2026/Proyectos-Varios/Finanzas-Familiares-AS/test/data/local/daos/families_dao_test.dart: FamiliesDao - Families createFamily crea una familia correctamente      00:13 +726: /home/bootcamp/Proyectos-2026/Proyectos-Varios/Finanzas-Familiares-AS/test/data/local/daos/families_dao_test.dart: FamiliesDao - Families createFamily crea una familia correctamente      00:13 +727: /home/bootcamp/Proyectos-2026/Proyectos-Varios/Finanzas-Familiares-AS/test/data/local/daos/families_dao_test.dart: FamiliesDao - Families createFamily crea una familia correctamente      00:13 +728: /home/bootcamp/Proyectos-2026/Proyectos-Varios/Finanzas-Familiares-AS/test/data/local/daos/families_dao_test.dart: FamiliesDao - Families createFamily crea una familia correctamente      00:13 +729: /home/bootcamp/Proyectos-2026/Proyectos-Varios/Finanzas-Familiares-AS/test/data/local/daos/families_dao_test.dart: FamiliesDao - Families createFamily crea una familia correctamente      00:13 +730: /home/bootcamp/Proyectos-2026/Proyectos-Varios/Finanzas-Familiares-AS/test/data/local/daos/families_dao_test.dart: FamiliesDao - Families createFamily crea una familia correctamente      00:13 +731: /home/bootcamp/Proyectos-2026/Proyectos-Varios/Finanzas-Familiares-AS/test/data/local/daos/families_dao_test.dart: FamiliesDao - Families createFamily crea una familia correctamente      00:13 +732: /home/bootcamp/Proyectos-2026/Proyectos-Varios/Finanzas-Familiares-AS/test/data/local/daos/families_dao_test.dart: FamiliesDao - Families createFamily crea una familia correctamente      00:13 +733: ... TransactionAttachmentsDao insertAttachment agrega un adjunto                                                                                                                           00:13 +734: ... TransactionAttachmentsDao insertAttachment agrega un adjunto                                                                                                                           00:13 +735: ... TransactionAttachmentsDao insertAttachment agrega un adjunto                                                                                                                           00:13 +736: ... TransactionAttachmentsDao insertAttachment agrega un adjunto                                                                                                                           00:13 +737: ... TransactionAttachmentsDao insertAttachment agrega un adjunto                                                                                                                           00:13 +738: ... TransactionAttachmentsDao insertAttachment agrega un adjunto                                                                                                                           00:13 +739: ... TransactionAttachmentsDao insertAttachment agrega un adjunto                                                                                                                           00:13 +740: ... TransactionAttachmentsDao insertAttachment agrega un adjunto                                                                                                                           00:13 +741: ... TransactionAttachmentsDao insertAttachment agrega un adjunto                                                                                                                           00:13 +742: ... TransactionAttachmentsDao insertAttachment agrega un adjunto                                                                                                                           00:13 +743: ... TransactionAttachmentsDao insertAttachment agrega un adjunto                                                                                                                           00:13 +744: ... TransactionAttachmentsDao insertAttachment agrega un adjunto                                                                                                                           00:13 +745: ... TransactionAttachmentsDao insertAttachment agrega un adjunto                                                                                                                           00:13 +746: ... TransactionAttachmentsDao insertAttachment agrega un adjunto                                                                                                                           00:13 +747: /home/bootcamp/Proyectos-2026/Proyectos-Varios/Finanzas-Familiares-AS/test/data/local/daos/families_dao_test.dart: ... - Invitations getInvitationByToken encuentra invitación válida      00:13 +748: /home/bootcamp/Proyectos-2026/Proyectos-Varios/Finanzas-Familiares-AS/test/data/local/daos/transaction_attachments_dao_test.dart: ... retorna lista vacía si no hay adjuntos               00:13 +749: /home/bootcamp/Proyectos-2026/Proyectos-Varios/Finanzas-Familiares-AS/test/data/local/daos/families_dao_test.dart: FamiliesDao - Invitations acceptInvitation actualiza estado             00:13 +750: /home/bootcamp/Proyectos-2026/Proyectos-Varios/Finanzas-Familiares-AS/test/data/local/daos/transaction_attachments_dao_test.dart: ... getAttachmentById retorna el adjunto correcto        00:13 +751: /home/bootcamp/Proyectos-2026/Proyectos-Varios/Finanzas-Familiares-AS/test/data/local/daos/transaction_attachments_dao_test.dart: ... getAttachmentById retorna el adjunto correcto        00:13 +752: /home/bootcamp/Proyectos-2026/Proyectos-Varios/Finanzas-Familiares-AS/test/data/local/daos/transaction_attachments_dao_test.dart: ... getAttachmentById retorna el adjunto correcto        00:13 +752: /home/bootcamp/Proyectos-2026/Proyectos-Varios/Finanzas-Familiares-AS/test/data/local/daos/families_dao_test.dart: ... - SharedAccounts updateSharedAccountPermissions actualiza permisos  00:13 +753: /home/bootcamp/Proyectos-2026/Proyectos-Varios/Finanzas-Familiares-AS/test/data/local/daos/transaction_attachments_dao_test.dart: ... getAttachmentById retorna null si no existe          00:13 +754: /home/bootcamp/Proyectos-2026/Proyectos-Varios/Finanzas-Familiares-AS/test/data/local/daos/transaction_attachments_dao_test.dart: ... getAttachmentById retorna null si no existe          00:13 +754: /home/bootcamp/Proyectos-2026/Proyectos-Varios/Finanzas-Familiares-AS/test/data/local/daos/families_dao_test.dart: FamiliesDao - SharedAccounts unshareAccount elimina cuenta compartida   00:13 +755: /home/bootcamp/Proyectos-2026/Proyectos-Varios/Finanzas-Familiares-AS/test/data/local/daos/transaction_attachments_dao_test.dart: ... retorna solo adjuntos no sincronizados               00:13 +756: /home/bootcamp/Proyectos-2026/Proyectos-Varios/Finanzas-Familiares-AS/test/data/local/daos/transaction_attachments_dao_test.dart: ... retorna solo adjuntos no sincronizados               00:13 +756: /home/bootcamp/Proyectos-2026/Proyectos-Varios/Finanzas-Familiares-AS/test/data/local/daos/transaction_attachments_dao_test.dart: ... markAsSynced actualiza el estado de sincronización   00:13 +757: /home/bootcamp/Proyectos-2026/Proyectos-Varios/Finanzas-Familiares-AS/test/integration/accounting_integration_test.dart: ... Tests recordExpense crea transacción y asientos contables     00:13 +758: /home/bootcamp/Proyectos-2026/Proyectos-Varios/Finanzas-Familiares-AS/test/integration/accounting_integration_test.dart: ... Tests recordExpense crea transacción y asientos contables     00:13 +759: /home/bootcamp/Proyectos-2026/Proyectos-Varios/Finanzas-Familiares-AS/test/integration/accounting_integration_test.dart: ... Tests recordExpense crea transacción y asientos contables     00:13 +760: /home/bootcamp/Proyectos-2026/Proyectos-Varios/Finanzas-Familiares-AS/test/integration/accounting_integration_test.dart: ... Tests recordExpense crea transacción y asientos contables     00:13 +761: /home/bootcamp/Proyectos-2026/Proyectos-Varios/Finanzas-Familiares-AS/test/integration/accounting_integration_test.dart: ... Tests recordExpense crea transacción y asientos contables     00:13 +762: /home/bootcamp/Proyectos-2026/Proyectos-Varios/Finanzas-Familiares-AS/test/integration/accounting_integration_test.dart: ... Tests recordExpense crea transacción y asientos contables     00:13 +763: /home/bootcamp/Proyectos-2026/Proyectos-Varios/Finanzas-Familiares-AS/test/integration/accounting_integration_test.dart: ... Tests recordExpense crea transacción y asientos contables     00:13 +764: /home/bootcamp/Proyectos-2026/Proyectos-Varios/Finanzas-Familiares-AS/test/integration/accounting_integration_test.dart: ... Tests recordExpense crea transacción y asientos contables     00:14 +764: /home/bootcamp/Proyectos-2026/Proyectos-Varios/Finanzas-Familiares-AS/test/integration/accounting_integration_test.dart: ... Tests recordExpense crea transacción y asientos contables     00:14 +765: /home/bootcamp/Proyectos-2026/Proyectos-Varios/Finanzas-Familiares-AS/test/integration/accounting_integrity_test.dart: ... de Transacciones múltiples transacciones mantienen consistencia 00:14 +766: /home/bootcamp/Proyectos-2026/Proyectos-Varios/Finanzas-Familiares-AS/test/integration/accounting_integrity_test.dart: ... de Transacciones múltiples transacciones mantienen consistencia 00:14 +767: /home/bootcamp/Proyectos-2026/Proyectos-Varios/Finanzas-Familiares-AS/test/integration/accounting_integrity_test.dart: ... de Transacciones múltiples transacciones mantienen consistencia 00:14 +768: /home/bootcamp/Proyectos-2026/Proyectos-Varios/Finanzas-Familiares-AS/test/integration/accounting_integrity_test.dart: ... de Transacciones múltiples transacciones mantienen consistencia 00:14 +769: /home/bootcamp/Proyectos-2026/Proyectos-Varios/Finanzas-Familiares-AS/test/integration/accounting_integrity_test.dart: ... de Transacciones múltiples transacciones mantienen consistencia 00:14 +770: /home/bootcamp/Proyectos-2026/Proyectos-Varios/Finanzas-Familiares-AS/test/integration/accounting_integration_test.dart: ... Tests recordIncome aumenta balance de cuenta correctamente    00:14 +771: /home/bootcamp/Proyectos-2026/Proyectos-Varios/Finanzas-Familiares-AS/test/integration/full_backup_flow_test.dart: E2E: Creación de Backup crea backup con datos y verifica integridad     00:14 +772: /home/bootcamp/Proyectos-2026/Proyectos-Varios/Finanzas-Familiares-AS/test/integration/full_backup_flow_test.dart: E2E: Creación de Backup crea backup con datos y verifica integridad     00:14 +773: /home/bootcamp/Proyectos-2026/Proyectos-Varios/Finanzas-Familiares-AS/test/integration/full_backup_flow_test.dart: E2E: Creación de Backup crea backup con datos y verifica integridad     00:14 +774: /home/bootcamp/Proyectos-2026/Proyectos-Varios/Finanzas-Familiares-AS/test/integration/full_backup_flow_test.dart: E2E: Creación de Backup crea backup con datos y verifica integridad     00:14 +775: /home/bootcamp/Proyectos-2026/Proyectos-Varios/Finanzas-Familiares-AS/test/integration/full_backup_flow_test.dart: E2E: Creación de Backup crea backup con datos y verifica integridad     00:14 +776: /home/bootcamp/Proyectos-2026/Proyectos-Varios/Finanzas-Familiares-AS/test/integration/full_backup_flow_test.dart: E2E: Creación de Backup crea backup con datos y verifica integridad     00:14 +777: /home/bootcamp/Proyectos-2026/Proyectos-Varios/Finanzas-Familiares-AS/test/integration/full_backup_flow_test.dart: E2E: Creación de Backup crea backup con datos y verifica integridad     00:14 +778: /home/bootcamp/Proyectos-2026/Proyectos-Varios/Finanzas-Familiares-AS/test/integration/full_backup_flow_test.dart: E2E: Creación de Backup crea backup con datos y verifica integridad     00:14 +778: /home/bootcamp/Proyectos-2026/Proyectos-Varios/Finanzas-Familiares-AS/test/integration/full_backup_flow_test.dart: E2E: Creación de Backup crea backup con datos y verifica integridad     
WARNING (drift): It looks like you've created the database class AppDatabase multiple times. When these two databases use the same QueryExecutor, race conditions will occur and might corrupt the database. 
Try to follow the advice at https://drift.simonbinder.eu/faq/#using-the-database or, if you know what you're doing, set driftRuntimeOptions.dontWarnAboutMultipleDatabases = true
Here is the stacktrace from when the database was opened a second time:
#0      GeneratedDatabase._handleInstantiated (package:drift/src/runtime/api/db_base.dart:96:30)
#1      GeneratedDatabase._whenConstructed (package:drift/src/runtime/api/db_base.dart:73:12)
#2      new GeneratedDatabase (package:drift/src/runtime/api/db_base.dart:64:5)
#3      new _$AppDatabase (package:finanzas_familiares/data/local/database.g.dart:14435:36)
#4      new AppDatabase.forTesting (package:finanzas_familiares/data/local/database.dart)
#5      BackupService.validateBackup (package:finanzas_familiares/application/services/backup_service.dart:237:34)
<asynchronous suspension>
#6      main.<anonymous closure>.<anonymous closure> (file:///home/bootcamp/Proyectos-2026/Proyectos-Varios/Finanzas-Familiares-AS/test/integration/full_backup_flow_test.dart:81:26)
<asynchronous suspension>
#7      Declarer.test.<anonymous closure>.<anonymous closure> (package:test_api/src/backend/declarer.dart:242:9)
<asynchronous suspension>
#8      Declarer.test.<anonymous closure> (package:test_api/src/backend/declarer.dart:240:7)
<asynchronous suspension>
#9      Invoker._waitForOutstandingCallbacks.<anonymous closure> (package:test_api/src/backend/invoker.dart:282:9)
<asynchronous suspension>
This warning will only appear on debug builds.
WARNING (drift): It looks like you've created the database class AppDatabase multiple times. When these two databases use the same QueryExecutor, race conditions will occur and might corrupt the database. 
Try to follow the advice at https://drift.simonbinder.eu/faq/#using-the-database or, if you know what you're doing, set driftRuntimeOptions.dontWarnAboutMultipleDatabases = true
Here is the stacktrace from when the database was opened a second time:
#0      GeneratedDatabase._handleInstantiated (package:drift/src/runtime/api/db_base.dart:96:30)
#1      GeneratedDatabase._whenConstructed (package:drift/src/runtime/api/db_base.dart:73:12)
#2      new GeneratedDatabase (package:drift/src/runtime/api/db_base.dart:64:5)
#3      new _$AppDatabase (package:finanzas_familiares/data/local/database.g.dart:14435:36)
#4      new AppDatabase.forTesting (package:finanzas_familiares/data/local/database.dart)
#5      main.<anonymous closure>.<anonymous closure> (file:///home/bootcamp/Proyectos-2026/Proyectos-Varios/Finanzas-Familiares-AS/test/integration/full_backup_flow_test.dart:88:36)
<asynchronous suspension>
#6      Declarer.test.<anonymous closure>.<anonymous closure> (package:test_api/src/backend/declarer.dart:242:9)
<asynchronous suspension>
#7      Declarer.test.<anonymous closure> (package:test_api/src/backend/declarer.dart:240:7)
<asynchronous suspension>
#8      Invoker._waitForOutstandingCallbacks.<anonymous closure> (package:test_api/src/backend/invoker.dart:282:9)
<asynchronous suspension>
This warning will only appear on debug builds.
00:14 +779: /home/bootcamp/Proyectos-2026/Proyectos-Varios/Finanzas-Familiares-AS/test/integration/full_backup_flow_test.dart: E2E: Creación de Backup crea backup con datos y verifica integridad     00:14 +779: /home/bootcamp/Proyectos-2026/Proyectos-Varios/Finanzas-Familiares-AS/test/integration/full_backup_flow_test.dart: E2E: Creación de Backup backup automático respeta límite de retención   00:14 +780: /home/bootcamp/Proyectos-2026/Proyectos-Varios/Finanzas-Familiares-AS/test/integration/full_backup_flow_test.dart: E2E: Creación de Backup backup automático respeta límite de retención   00:14 +780: /home/bootcamp/Proyectos-2026/Proyectos-Varios/Finanzas-Familiares-AS/test/integration/full_backup_flow_test.dart: E2E: Validación de Backup detecta backup corrupto                       00:14 +780: /home/bootcamp/Proyectos-2026/Proyectos-Varios/Finanzas-Familiares-AS/test/integration/full_backup_flow_test.dart: E2E: Validación de Backup detecta backup corrupto                       
WARNING (drift): It looks like you've created the database class AppDatabase multiple times. When these two databases use the same QueryExecutor, race conditions will occur and might corrupt the database. 
Try to follow the advice at https://drift.simonbinder.eu/faq/#using-the-database or, if you know what you're doing, set driftRuntimeOptions.dontWarnAboutMultipleDatabases = true
Here is the stacktrace from when the database was opened a second time:
#0      GeneratedDatabase._handleInstantiated (package:drift/src/runtime/api/db_base.dart:96:30)
#1      GeneratedDatabase._whenConstructed (package:drift/src/runtime/api/db_base.dart:73:12)
#2      new GeneratedDatabase (package:drift/src/runtime/api/db_base.dart:64:5)
#3      new _$AppDatabase (package:finanzas_familiares/data/local/database.g.dart:14435:36)
#4      new AppDatabase.forTesting (package:finanzas_familiares/data/local/database.dart)
#5      BackupService.validateBackup (package:finanzas_familiares/application/services/backup_service.dart:237:34)
<asynchronous suspension>
#6      main.<anonymous closure>.<anonymous closure> (file:///home/bootcamp/Proyectos-2026/Proyectos-Varios/Finanzas-Familiares-AS/test/integration/full_backup_flow_test.dart:177:26)
<asynchronous suspension>
#7      Declarer.test.<anonymous closure>.<anonymous closure> (package:test_api/src/backend/declarer.dart:242:9)
<asynchronous suspension>
#8      Declarer.test.<anonymous closure> (package:test_api/src/backend/declarer.dart:240:7)
<asynchronous suspension>
#9      Invoker._waitForOutstandingCallbacks.<anonymous closure> (package:test_api/src/backend/invoker.dart:282:9)
<asynchronous suspension>
This warning will only appear on debug builds.
00:14 +781: /home/bootcamp/Proyectos-2026/Proyectos-Varios/Finanzas-Familiares-AS/test/presentation/screens/main_shell_test.dart: (setUpAll)                                                           00:14 +781: /home/bootcamp/Proyectos-2026/Proyectos-Varios/Finanzas-Familiares-AS/test/integration/full_backup_flow_test.dart: E2E: Validación de Backup valida backup existente correctamente         00:14 +781: /home/bootcamp/Proyectos-2026/Proyectos-Varios/Finanzas-Familiares-AS/test/integration/full_backup_flow_test.dart: E2E: Validación de Backup valida backup existente correctamente         
WARNING (drift): It looks like you've created the database class AppDatabase multiple times. When these two databases use the same QueryExecutor, race conditions will occur and might corrupt the database. 
Try to follow the advice at https://drift.simonbinder.eu/faq/#using-the-database or, if you know what you're doing, set driftRuntimeOptions.dontWarnAboutMultipleDatabases = true
Here is the stacktrace from when the database was opened a second time:
#0      GeneratedDatabase._handleInstantiated (package:drift/src/runtime/api/db_base.dart:96:30)
#1      GeneratedDatabase._whenConstructed (package:drift/src/runtime/api/db_base.dart:73:12)
#2      new GeneratedDatabase (package:drift/src/runtime/api/db_base.dart:64:5)
#3      new _$AppDatabase (package:finanzas_familiares/data/local/database.g.dart:14435:36)
#4      new AppDatabase.forTesting (package:finanzas_familiares/data/local/database.dart)
#5      BackupService.validateBackup (package:finanzas_familiares/application/services/backup_service.dart:237:34)
<asynchronous suspension>
#6      main.<anonymous closure>.<anonymous closure> (file:///home/bootcamp/Proyectos-2026/Proyectos-Varios/Finanzas-Familiares-AS/test/integration/full_backup_flow_test.dart:196:26)
<asynchronous suspension>
#7      Declarer.test.<anonymous closure>.<anonymous closure> (package:test_api/src/backend/declarer.dart:242:9)
<asynchronous suspension>
#8      Declarer.test.<anonymous closure> (package:test_api/src/backend/declarer.dart:240:7)
<asynchronous suspension>
#9      Invoker._waitForOutstandingCallbacks.<anonymous closure> (package:test_api/src/backend/invoker.dart:282:9)
<asynchronous suspension>
This warning will only appear on debug builds.
00:14 +782: /home/bootcamp/Proyectos-2026/Proyectos-Varios/Finanzas-Familiares-AS/test/presentation/screens/main_shell_test.dart: MainShell muestra NavigationBar con 5 destinos                       00:15 +782: /home/bootcamp/Proyectos-2026/Proyectos-Varios/Finanzas-Familiares-AS/test/presentation/screens/main_shell_test.dart: MainShell muestra NavigationBar con 5 destinos                       00:15 +782: /home/bootcamp/Proyectos-2026/Proyectos-Varios/Finanzas-Familiares-AS/test/presentation/screens/main_shell_test.dart: MainShell muestra NavigationBar con 5 destinos                       
[DASHBOARD] Iniciando carga...
[DASHBOARD] Obteniendo datos...
[DASHBOARD] Cuentas: 0, Categorías: 104
[DASHBOARD] Transacciones: 0, Presupuestos: 0
[DASHBOARD] Calculando resumen...
[DASHBOARD] Resumen calculado OK
00:16 +783: /home/bootcamp/Proyectos-2026/Proyectos-Varios/Finanzas-Familiares-AS/test/presentation/screens/transactions_screen_test.dart: TransactionsScreen muestra título Movimientos               00:16 +784: /home/bootcamp/Proyectos-2026/Proyectos-Varios/Finanzas-Familiares-AS/test/presentation/screens/main_shell_test.dart: MainShell muestra etiquetas de navegación                            00:16 +784: /home/bootcamp/Proyectos-2026/Proyectos-Varios/Finanzas-Familiares-AS/test/presentation/screens/main_shell_test.dart: MainShell muestra etiquetas de navegación                            
[DASHBOARD] Iniciando carga...
[DASHBOARD] Obteniendo datos...
00:16 +785: /home/bootcamp/Proyectos-2026/Proyectos-Varios/Finanzas-Familiares-AS/test/presentation/screens/main_shell_test.dart: MainShell muestra etiquetas de navegación                            00:16 +785 -1: loading /home/bootcamp/Proyectos-2026/Proyectos-Varios/Finanzas-Familiares-AS/test/presentation/screens/onboarding_screen_test.dart [E]                                                 
  Failed to load "/home/bootcamp/Proyectos-2026/Proyectos-Varios/Finanzas-Familiares-AS/test/presentation/screens/onboarding_screen_test.dart":
  Compilation failed for testPath=/home/bootcamp/Proyectos-2026/Proyectos-Varios/Finanzas-Familiares-AS/test/presentation/screens/onboarding_screen_test.dart: test/presentation/screens/onboarding_screen_test.dart:39:55: Error: The argument type 'MockOnboardingService' can't be assigned to the parameter type 'OnboardingService'.
   - 'MockOnboardingService' is from 'test/presentation/screens/onboarding_screen_test.dart'.
   - 'OnboardingService' is from 'package:finanzas_familiares/application/providers/onboarding_provider.dart' ('lib/application/providers/onboarding_provider.dart').
            onboardingServiceProvider.overrideWithValue(MockOnboardingService()),
                                                        ^
  test/presentation/screens/onboarding_screen_test.dart:159:55: Error: The argument type 'MockOnboardingService' can't be assigned to the parameter type 'OnboardingService'.
   - 'MockOnboardingService' is from 'test/presentation/screens/onboarding_screen_test.dart'.
   - 'OnboardingService' is from 'package:finanzas_familiares/application/providers/onboarding_provider.dart' ('lib/application/providers/onboarding_provider.dart').
            onboardingServiceProvider.overrideWithValue(MockOnboardingService()),
                                                        ^
  .

To run this test again: /home/bootcamp/flutter/bin/cache/dart-sdk/bin/dart test /home/bootcamp/Proyectos-2026/Proyectos-Varios/Finanzas-Familiares-AS/test/presentation/screens/onboarding_screen_test.dart -p vm --plain-name 'loading /home/bootcamp/Proyectos-2026/Proyectos-Varios/Finanzas-Familiares-AS/test/presentation/screens/onboarding_screen_test.dart'
00:16 +785 -1: /home/bootcamp/Proyectos-2026/Proyectos-Varios/Finanzas-Familiares-AS/test/presentation/screens/main_shell_test.dart: MainShell muestra etiquetas de navegación                         00:16 +785 -1: /home/bootcamp/Proyectos-2026/Proyectos-Varios/Finanzas-Familiares-AS/test/presentation/screens/main_shell_test.dart: MainShell muestra etiquetas de navegación                         
[DASHBOARD] Cuentas: 0, Categorías: 104
[DASHBOARD] Transacciones: 0, Presupuestos: 0
[DASHBOARD] Calculando resumen...
[DASHBOARD] Resumen calculado OK
00:16 +786 -1: /home/bootcamp/Proyectos-2026/Proyectos-Varios/Finanzas-Familiares-AS/test/presentation/screens/main_shell_test.dart: MainShell muestra etiquetas de navegación                         00:16 +787 -1: /home/bootcamp/Proyectos-2026/Proyectos-Varios/Finanzas-Familiares-AS/test/presentation/screens/budgets_screen_test.dart: BudgetsScreen muestra título Presupuestos                     00:16 +787 -1: /home/bootcamp/Proyectos-2026/Proyectos-Varios/Finanzas-Familiares-AS/test/presentation/screens/main_shell_test.dart: MainShell muestra FABs para nueva transacción y asistente IA      
[DASHBOARD] Iniciando carga...
[DASHBOARD] Obteniendo datos...
00:16 +788 -1: /home/bootcamp/Proyectos-2026/Proyectos-Varios/Finanzas-Familiares-AS/test/presentation/screens/budgets_screen_test.dart: BudgetsScreen muestra título Presupuestos                     00:16 +788 -1: /home/bootcamp/Proyectos-2026/Proyectos-Varios/Finanzas-Familiares-AS/test/presentation/screens/main_shell_test.dart: MainShell muestra FABs para nueva transacción y asistente IA      
[DASHBOARD] Cuentas: 0, Categorías: 104
[DASHBOARD] Transacciones: 0, Presupuestos: 0
[DASHBOARD] Calculando resumen...
[DASHBOARD] Resumen calculado OK
00:16 +788 -1: /home/bootcamp/Proyectos-2026/Proyectos-Varios/Finanzas-Familiares-AS/test/presentation/screens/budgets_screen_test.dart: BudgetsScreen muestra título Presupuestos                     00:16 +789 -1: /home/bootcamp/Proyectos-2026/Proyectos-Varios/Finanzas-Familiares-AS/test/presentation/screens/budgets_screen_test.dart: BudgetsScreen muestra título Presupuestos                     00:16 +789 -1: /home/bootcamp/Proyectos-2026/Proyectos-Varios/Finanzas-Familiares-AS/test/presentation/screens/main_shell_test.dart: MainShell cambia de tab al tocar destino                          
[DASHBOARD] Iniciando carga...
[DASHBOARD] Obteniendo datos...
00:16 +790 -1: /home/bootcamp/Proyectos-2026/Proyectos-Varios/Finanzas-Familiares-AS/test/presentation/screens/budgets_screen_test.dart: BudgetsScreen muestra título Presupuestos                     00:16 +791 -1: /home/bootcamp/Proyectos-2026/Proyectos-Varios/Finanzas-Familiares-AS/test/presentation/screens/budgets_screen_test.dart: BudgetsScreen muestra título Presupuestos                     00:16 +792 -1: /home/bootcamp/Proyectos-2026/Proyectos-Varios/Finanzas-Familiares-AS/test/presentation/screens/budgets_screen_test.dart: BudgetsScreen muestra título Presupuestos                     00:16 +793 -1: /home/bootcamp/Proyectos-2026/Proyectos-Varios/Finanzas-Familiares-AS/test/presentation/screens/budgets_screen_test.dart: BudgetsScreen muestra título Presupuestos                     00:16 +793 -1: /home/bootcamp/Proyectos-2026/Proyectos-Varios/Finanzas-Familiares-AS/test/presentation/screens/main_shell_test.dart: MainShell cambia de tab al tocar destino                          
[DASHBOARD] Cuentas: 0, Categorías: 104
[DASHBOARD] Transacciones: 0, Presupuestos: 0
[DASHBOARD] Calculando resumen...
[DASHBOARD] Resumen calculado OK
00:17 +794 -1: /home/bootcamp/Proyectos-2026/Proyectos-Varios/Finanzas-Familiares-AS/test/presentation/screens/budgets_screen_test.dart: BudgetsScreen muestra título Presupuestos                     00:17 +794 -1: /home/bootcamp/Proyectos-2026/Proyectos-Varios/Finanzas-Familiares-AS/test/presentation/screens/main_shell_test.dart: MainShell abre sheet de acciones rápidas al tocar FAB Nueva Transacción
[DASHBOARD] Iniciando carga...
[DASHBOARD] Obteniendo datos...
00:17 +795 -1: ... RecurringTransactionsScreen muestra título Pagos Recurrentes                                                                                                                        00:17 +796 -1: ... RecurringTransactionsScreen muestra título Pagos Recurrentes                                                                                                                        00:17 +796 -1: /home/bootcamp/Proyectos-2026/Proyectos-Varios/Finanzas-Familiares-AS/test/presentation/screens/main_shell_test.dart: MainShell abre sheet de acciones rápidas al tocar FAB Nueva Transacción
[DASHBOARD] Cuentas: 0, Categorías: 104
[DASHBOARD] Transacciones: 0, Presupuestos: 0
[DASHBOARD] Calculando resumen...
[DASHBOARD] Resumen calculado OK
00:17 +797 -1: ... RecurringTransactionsScreen muestra título Pagos Recurrentes                                                                                                                        00:17 +798 -1: /home/bootcamp/Proyectos-2026/Proyectos-Varios/Finanzas-Familiares-AS/test/presentation/screens/main_shell_test.dart: ... abre sheet de acciones rápidas al tocar FAB Nueva Transacción 00:17 +799 -1: /home/bootcamp/Proyectos-2026/Proyectos-Varios/Finanzas-Familiares-AS/test/presentation/screens/main_shell_test.dart: ... abre sheet de acciones rápidas al tocar FAB Nueva Transacción 00:17 +800 -1: /home/bootcamp/Proyectos-2026/Proyectos-Varios/Finanzas-Familiares-AS/test/presentation/screens/main_shell_test.dart: ... abre sheet de acciones rápidas al tocar FAB Nueva Transacción 00:17 +801 -1: /home/bootcamp/Proyectos-2026/Proyectos-Varios/Finanzas-Familiares-AS/test/presentation/screens/budgets_screen_test.dart: BudgetsScreen muestra presupuesto cuando existe               00:17 +801 -1: /home/bootcamp/Proyectos-2026/Proyectos-Varios/Finanzas-Familiares-AS/test/presentation/screens/main_shell_test.dart: MainShell muestra FAB del asistente IA                            
[DASHBOARD] Iniciando carga...
[DASHBOARD] Obteniendo datos...
00:17 +802 -1: /home/bootcamp/Proyectos-2026/Proyectos-Varios/Finanzas-Familiares-AS/test/presentation/screens/budgets_screen_test.dart: BudgetsScreen muestra presupuesto cuando existe               00:17 +803 -1: /home/bootcamp/Proyectos-2026/Proyectos-Varios/Finanzas-Familiares-AS/test/presentation/screens/budgets_screen_test.dart: BudgetsScreen muestra presupuesto cuando existe               00:17 +803 -1: /home/bootcamp/Proyectos-2026/Proyectos-Varios/Finanzas-Familiares-AS/test/presentation/screens/main_shell_test.dart: MainShell muestra FAB del asistente IA                            
[DASHBOARD] Cuentas: 0, Categorías: 104
[DASHBOARD] Transacciones: 0, Presupuestos: 0
[DASHBOARD] Calculando resumen...
[DASHBOARD] Resumen calculado OK
00:17 +804 -1: /home/bootcamp/Proyectos-2026/Proyectos-Varios/Finanzas-Familiares-AS/test/presentation/screens/main_shell_test.dart: MainShell muestra FAB del asistente IA                            00:17 +805 -1: /home/bootcamp/Proyectos-2026/Proyectos-Varios/Finanzas-Familiares-AS/test/presentation/screens/main_shell_test.dart: MainShell muestra FAB del asistente IA                            00:17 +806 -1: /home/bootcamp/Proyectos-2026/Proyectos-Varios/Finanzas-Familiares-AS/test/presentation/screens/main_shell_test.dart: MainShell muestra FAB del asistente IA                            00:17 +807 -1: /home/bootcamp/Proyectos-2026/Proyectos-Varios/Finanzas-Familiares-AS/test/presentation/screens/main_shell_test.dart: MainShell muestra FAB del asistente IA                            00:17 +808 -1: /home/bootcamp/Proyectos-2026/Proyectos-Varios/Finanzas-Familiares-AS/test/presentation/screens/main_shell_test.dart: MainShell muestra FAB del asistente IA                            00:17 +809 -1: /home/bootcamp/Proyectos-2026/Proyectos-Varios/Finanzas-Familiares-AS/test/presentation/screens/main_shell_test.dart: MainShell muestra FAB del asistente IA                            00:17 +810 -1: /home/bootcamp/Proyectos-2026/Proyectos-Varios/Finanzas-Familiares-AS/test/presentation/screens/recurring_transactions_screen_test.dart: ... abre formulario al presionar FAB           00:17 +811 -1: /home/bootcamp/Proyectos-2026/Proyectos-Varios/Finanzas-Familiares-AS/test/presentation/screens/recurring_transactions_screen_test.dart: ... abre formulario al presionar FAB           00:17 +812 -1: /home/bootcamp/Proyectos-2026/Proyectos-Varios/Finanzas-Familiares-AS/test/presentation/screens/recurring_transactions_screen_test.dart: ... abre formulario al presionar FAB           00:17 +813 -1: /home/bootcamp/Proyectos-2026/Proyectos-Varios/Finanzas-Familiares-AS/test/presentation/screens/recurring_transactions_screen_test.dart: ... abre formulario al presionar FAB           00:17 +814 -1: /home/bootcamp/Proyectos-2026/Proyectos-Varios/Finanzas-Familiares-AS/test/presentation/screens/recurring_transactions_screen_test.dart: ... abre formulario al presionar FAB           00:17 +815 -1: /home/bootcamp/Proyectos-2026/Proyectos-Varios/Finanzas-Familiares-AS/test/presentation/screens/recurring_transactions_screen_test.dart: ... abre formulario al presionar FAB           00:17 +816 -1: /home/bootcamp/Proyectos-2026/Proyectos-Varios/Finanzas-Familiares-AS/test/presentation/screens/recurring_transactions_screen_test.dart: ... abre formulario al presionar FAB           00:18 +816 -1: /home/bootcamp/Proyectos-2026/Proyectos-Varios/Finanzas-Familiares-AS/test/presentation/screens/recurring_transactions_screen_test.dart: ... abre formulario al presionar FAB           00:18 +817 -1: /home/bootcamp/Proyectos-2026/Proyectos-Varios/Finanzas-Familiares-AS/test/presentation/screens/recurring_transactions_screen_test.dart: ... abre formulario al presionar FAB           00:18 +818 -1: /home/bootcamp/Proyectos-2026/Proyectos-Varios/Finanzas-Familiares-AS/test/presentation/screens/recurring_transactions_screen_test.dart: ... abre formulario al presionar FAB           00:18 +819 -1: /home/bootcamp/Proyectos-2026/Proyectos-Varios/Finanzas-Familiares-AS/test/presentation/screens/recurring_transactions_screen_test.dart: ... abre formulario al presionar FAB           00:18 +820 -1: /home/bootcamp/Proyectos-2026/Proyectos-Varios/Finanzas-Familiares-AS/test/presentation/screens/recurring_transactions_screen_test.dart: ... abre formulario al presionar FAB           00:18 +820 -1: ... RecurringTransactionsScreen formulario tiene campos requeridos                                                                                                                      00:18 +821 -1: /home/bootcamp/Proyectos-2026/Proyectos-Varios/Finanzas-Familiares-AS/test/presentation/screens/accounts_screen_test.dart: (setUpAll)                                                   00:18 +821 -1: /home/bootcamp/Proyectos-2026/Proyectos-Varios/Finanzas-Familiares-AS/test/presentation/screens/recurring_transactions_screen_test.dart: ... formulario tiene selector de tipo          00:18 +822 -1: /home/bootcamp/Proyectos-2026/Proyectos-Varios/Finanzas-Familiares-AS/test/presentation/screens/accounts_screen_test.dart: AccountsScreen muestra título Mis Cuentas                    00:18 +823 -1: /home/bootcamp/Proyectos-2026/Proyectos-Varios/Finanzas-Familiares-AS/test/presentation/screens/accounts_screen_test.dart: AccountsScreen muestra título Mis Cuentas                    00:19 +823 -1: /home/bootcamp/Proyectos-2026/Proyectos-Varios/Finanzas-Familiares-AS/test/presentation/screens/accounts_screen_test.dart: AccountsScreen muestra título Mis Cuentas                    00:19 +824 -1: /home/bootcamp/Proyectos-2026/Proyectos-Varios/Finanzas-Familiares-AS/test/presentation/screens/accounts_screen_test.dart: AccountsScreen muestra título Mis Cuentas                    00:19 +824 -1: /home/bootcamp/Proyectos-2026/Proyectos-Varios/Finanzas-Familiares-AS/test/presentation/screens/accounts_screen_test.dart: AccountsScreen muestra botón de refresh                      00:19 +825 -1: /home/bootcamp/Proyectos-2026/Proyectos-Varios/Finanzas-Familiares-AS/test/presentation/screens/accounts_screen_test.dart: AccountsScreen muestra botón de refresh                      00:19 +825 -1: /home/bootcamp/Proyectos-2026/Proyectos-Varios/Finanzas-Familiares-AS/test/presentation/screens/accounts_screen_test.dart: AccountsScreen muestra mensaje vacío sin cuentas             00:19 +826 -1: /home/bootcamp/Proyectos-2026/Proyectos-Varios/Finanzas-Familiares-AS/test/presentation/screens/accounts_screen_test.dart: AccountsScreen muestra mensaje vacío sin cuentas             00:19 +826 -1: /home/bootcamp/Proyectos-2026/Proyectos-Varios/Finanzas-Familiares-AS/test/presentation/screens/accounts_screen_test.dart: AccountsScreen muestra tarjeta de Balance Total              00:19 +827 -1: /home/bootcamp/Proyectos-2026/Proyectos-Varios/Finanzas-Familiares-AS/test/presentation/screens/accounts_screen_test.dart: AccountsScreen muestra tarjeta de Balance Total              00:19 +827 -1: /home/bootcamp/Proyectos-2026/Proyectos-Varios/Finanzas-Familiares-AS/test/presentation/screens/accounts_screen_test.dart: AccountsScreen muestra cuenta cuando existe                  00:19 +828 -1: /home/bootcamp/Proyectos-2026/Proyectos-Varios/Finanzas-Familiares-AS/test/presentation/screens/accounts_screen_test.dart: AccountsScreen muestra cuenta cuando existe                  00:19 +828 -1: /home/bootcamp/Proyectos-2026/Proyectos-Varios/Finanzas-Familiares-AS/test/presentation/screens/accounts_screen_test.dart: AccountsScreen muestra múltiples cuentas                     00:19 +829 -1: /home/bootcamp/Proyectos-2026/Proyectos-Varios/Finanzas-Familiares-AS/test/presentation/screens/accounts_screen_test.dart: AccountsScreen muestra múltiples cuentas                     00:19 +829 -1: /home/bootcamp/Proyectos-2026/Proyectos-Varios/Finanzas-Familiares-AS/test/presentation/screens/accounts_screen_test.dart: AccountsScreen muestra balance con formato de moneda         00:19 +830 -1: /home/bootcamp/Proyectos-2026/Proyectos-Varios/Finanzas-Familiares-AS/test/presentation/screens/accounts_screen_test.dart: AccountsScreen muestra balance con formato de moneda         00:19 +830 -1: /home/bootcamp/Proyectos-2026/Proyectos-Varios/Finanzas-Familiares-AS/test/presentation/screens/accounts_screen_test.dart: AccountsScreen botón refresh funciona sin errores            00:19 +831 -1: /home/bootcamp/Proyectos-2026/Proyectos-Varios/Finanzas-Familiares-AS/test/presentation/screens/family_screen_test.dart: FamilyScreen Widget muestra título Mis Familias                00:19 +832 -1: /home/bootcamp/Proyectos-2026/Proyectos-Varios/Finanzas-Familiares-AS/test/presentation/screens/family_screen_test.dart: FamilyScreen Widget muestra título Mis Familias                00:19 +833 -1: /home/bootcamp/Proyectos-2026/Proyectos-Varios/Finanzas-Familiares-AS/test/presentation/screens/family_screen_test.dart: FamilyScreen Widget muestra título Mis Familias                00:20 +833 -1: /home/bootcamp/Proyectos-2026/Proyectos-Varios/Finanzas-Familiares-AS/test/presentation/screens/family_screen_test.dart: FamilyScreen Widget muestra título Mis Familias                00:20 +834 -1: /home/bootcamp/Proyectos-2026/Proyectos-Varios/Finanzas-Familiares-AS/test/presentation/screens/family_screen_test.dart: FamilyScreen Widget muestra título Mis Familias                00:20 +835 -1: /home/bootcamp/Proyectos-2026/Proyectos-Varios/Finanzas-Familiares-AS/test/presentation/screens/family_screen_test.dart: FamilyScreen Widget muestra título Mis Familias                00:20 +836 -1: /home/bootcamp/Proyectos-2026/Proyectos-Varios/Finanzas-Familiares-AS/test/presentation/screens/statistics_screen_test.dart: StatisticsScreen muestra título Estadísticas               00:20 +837 -1: /home/bootcamp/Proyectos-2026/Proyectos-Varios/Finanzas-Familiares-AS/test/presentation/screens/statistics_screen_test.dart: StatisticsScreen muestra título Estadísticas               00:20 +838 -1: /home/bootcamp/Proyectos-2026/Proyectos-Varios/Finanzas-Familiares-AS/test/presentation/screens/statistics_screen_test.dart: StatisticsScreen muestra título Estadísticas               00:20 +839 -1: /home/bootcamp/Proyectos-2026/Proyectos-Varios/Finanzas-Familiares-AS/test/presentation/screens/statistics_screen_test.dart: StatisticsScreen muestra título Estadísticas               00:20 +840 -1: /home/bootcamp/Proyectos-2026/Proyectos-Varios/Finanzas-Familiares-AS/test/presentation/screens/statistics_screen_test.dart: StatisticsScreen muestra título Estadísticas               00:20 +841 -1: /home/bootcamp/Proyectos-2026/Proyectos-Varios/Finanzas-Familiares-AS/test/presentation/screens/statistics_screen_test.dart: StatisticsScreen muestra título Estadísticas               00:20 +842 -1: /home/bootcamp/Proyectos-2026/Proyectos-Varios/Finanzas-Familiares-AS/test/presentation/screens/category_form_screen_test.dart: ... Widget Tests muestra título Nueva Categoría         00:21 +842 -1: /home/bootcamp/Proyectos-2026/Proyectos-Varios/Finanzas-Familiares-AS/test/presentation/screens/category_form_screen_test.dart: ... Widget Tests muestra título Nueva Categoría         00:21 +843 -1: /home/bootcamp/Proyectos-2026/Proyectos-Varios/Finanzas-Familiares-AS/test/presentation/screens/category_form_screen_test.dart: ... Widget Tests muestra título Nueva Categoría         00:21 +844 -1: /home/bootcamp/Proyectos-2026/Proyectos-Varios/Finanzas-Familiares-AS/test/presentation/screens/category_form_screen_test.dart: ... Widget Tests muestra título Nueva Categoría         00:21 +845 -1: /home/bootcamp/Proyectos-2026/Proyectos-Varios/Finanzas-Familiares-AS/test/presentation/screens/category_form_screen_test.dart: ... Widget Tests muestra título Nueva Categoría         00:21 +846 -1: /home/bootcamp/Proyectos-2026/Proyectos-Varios/Finanzas-Familiares-AS/test/presentation/screens/statistics_screen_test.dart: StatisticsScreen puede navegar a tab Tendencia             00:21 +847 -1: /home/bootcamp/Proyectos-2026/Proyectos-Varios/Finanzas-Familiares-AS/test/presentation/screens/statistics_screen_test.dart: StatisticsScreen puede navegar a tab Tendencia             00:21 +848 -1: /home/bootcamp/Proyectos-2026/Proyectos-Varios/Finanzas-Familiares-AS/test/presentation/screens/category_form_screen_test.dart: ... Widget Tests muestra selector de tipo con 4 opciones00:21 +849 -1: /home/bootcamp/Proyectos-2026/Proyectos-Varios/Finanzas-Familiares-AS/test/presentation/screens/category_form_screen_test.dart: ... Widget Tests muestra selector de tipo con 4 opciones00:21 +850 -1: /home/bootcamp/Proyectos-2026/Proyectos-Varios/Finanzas-Familiares-AS/test/presentation/screens/category_form_screen_test.dart: ... Widget Tests muestra selector de tipo con 4 opciones00:21 +851 -1: /home/bootcamp/Proyectos-2026/Proyectos-Varios/Finanzas-Familiares-AS/test/presentation/screens/savings_goals_screen_test.dart: SavingsGoalsScreen muestra título Metas de Ahorro       00:21 +852 -1: /home/bootcamp/Proyectos-2026/Proyectos-Varios/Finanzas-Familiares-AS/test/presentation/screens/savings_goals_screen_test.dart: SavingsGoalsScreen muestra título Metas de Ahorro       00:21 +853 -1: /home/bootcamp/Proyectos-2026/Proyectos-Varios/Finanzas-Familiares-AS/test/presentation/screens/savings_goals_screen_test.dart: SavingsGoalsScreen muestra título Metas de Ahorro       00:21 +854 -1: /home/bootcamp/Proyectos-2026/Proyectos-Varios/Finanzas-Familiares-AS/test/presentation/screens/savings_goals_screen_test.dart: SavingsGoalsScreen muestra título Metas de Ahorro       00:21 +855 -1: /home/bootcamp/Proyectos-2026/Proyectos-Varios/Finanzas-Familiares-AS/test/presentation/screens/savings_goals_screen_test.dart: SavingsGoalsScreen muestra título Metas de Ahorro       00:21 +856 -1: /home/bootcamp/Proyectos-2026/Proyectos-Varios/Finanzas-Familiares-AS/test/presentation/screens/savings_goals_screen_test.dart: SavingsGoalsScreen muestra título Metas de Ahorro       00:22 +856 -1: /home/bootcamp/Proyectos-2026/Proyectos-Varios/Finanzas-Familiares-AS/test/presentation/screens/savings_goals_screen_test.dart: SavingsGoalsScreen muestra título Metas de Ahorro       00:22 +857 -1: /home/bootcamp/Proyectos-2026/Proyectos-Varios/Finanzas-Familiares-AS/test/presentation/screens/savings_goals_screen_test.dart: SavingsGoalsScreen muestra título Metas de Ahorro       00:22 +858 -1: /home/bootcamp/Proyectos-2026/Proyectos-Varios/Finanzas-Familiares-AS/test/presentation/screens/savings_goals_screen_test.dart: SavingsGoalsScreen muestra título Metas de Ahorro       00:22 +859 -1: /home/bootcamp/Proyectos-2026/Proyectos-Varios/Finanzas-Familiares-AS/test/presentation/screens/savings_goals_screen_test.dart: SavingsGoalsScreen muestra título Metas de Ahorro       00:22 +860 -1: /home/bootcamp/Proyectos-2026/Proyectos-Varios/Finanzas-Familiares-AS/test/presentation/screens/savings_goals_screen_test.dart: SavingsGoalsScreen muestra título Metas de Ahorro       00:22 +861 -1: /home/bootcamp/Proyectos-2026/Proyectos-Varios/Finanzas-Familiares-AS/test/presentation/screens/savings_goals_screen_test.dart: SavingsGoalsScreen muestra título Metas de Ahorro       00:22 +862 -1: /home/bootcamp/Proyectos-2026/Proyectos-Varios/Finanzas-Familiares-AS/test/presentation/screens/savings_goals_screen_test.dart: SavingsGoalsScreen muestra título Metas de Ahorro       00:22 +863 -1: /home/bootcamp/Proyectos-2026/Proyectos-Varios/Finanzas-Familiares-AS/test/presentation/screens/savings_goals_screen_test.dart: SavingsGoalsScreen muestra título Metas de Ahorro       00:22 +864 -1: /home/bootcamp/Proyectos-2026/Proyectos-Varios/Finanzas-Familiares-AS/test/presentation/screens/savings_goals_screen_test.dart: SavingsGoalsScreen muestra título Metas de Ahorro       00:22 +865 -1: /home/bootcamp/Proyectos-2026/Proyectos-Varios/Finanzas-Familiares-AS/test/presentation/screens/savings_goals_screen_test.dart: SavingsGoalsScreen muestra título Metas de Ahorro       00:22 +866 -1: /home/bootcamp/Proyectos-2026/Proyectos-Varios/Finanzas-Familiares-AS/test/presentation/screens/savings_goals_screen_test.dart: SavingsGoalsScreen muestra título Metas de Ahorro       00:22 +867 -1: /home/bootcamp/Proyectos-2026/Proyectos-Varios/Finanzas-Familiares-AS/test/presentation/screens/savings_goals_screen_test.dart: SavingsGoalsScreen muestra título Metas de Ahorro       00:22 +868 -1: /home/bootcamp/Proyectos-2026/Proyectos-Varios/Finanzas-Familiares-AS/test/presentation/screens/savings_goals_screen_test.dart: SavingsGoalsScreen muestra título Metas de Ahorro       00:22 +868 -1: /home/bootcamp/Proyectos-2026/Proyectos-Varios/Finanzas-Familiares-AS/test/presentation/screens/notification_settings_screen_test.dart: NotificationSettingsScreen muestra switch de notificaciones globales
WARNING (drift): It looks like you've created the database class AppDatabase multiple times. When these two databases use the same QueryExecutor, race conditions will occur and might corrupt the database. 
Try to follow the advice at https://drift.simonbinder.eu/faq/#using-the-database or, if you know what you're doing, set driftRuntimeOptions.dontWarnAboutMultipleDatabases = true
Here is the stacktrace from when the database was opened a second time:
#0      GeneratedDatabase._handleInstantiated (package:drift/src/runtime/api/db_base.dart:96:30)
#1      GeneratedDatabase._whenConstructed (package:drift/src/runtime/api/db_base.dart:73:12)
#2      new GeneratedDatabase (package:drift/src/runtime/api/db_base.dart:64:5)
#3      new _$AppDatabase (package:finanzas_familiares/data/local/database.g.dart:14435:36)
#4      new AppDatabase (package:finanzas_familiares/data/local/database.dart:56:19)
#5      appDatabase (package:finanzas_familiares/application/providers/user_settings_provider.dart:49:10)
#6      Provider._create (package:riverpod/src/provider/base.dart:59:57)
#7      ProviderElement.create (package:riverpod/src/provider/base.dart:345:23)
#8      ProviderElementBase.buildState (package:riverpod/src/framework/element.dart:426:7)
#9      ProviderElementBase.mount (package:riverpod/src/framework/element.dart:228:5)
#10     _StateReader._create (package:riverpod/src/framework/container.dart:47:11)
#11     _StateReader.getElement (package:riverpod/src/framework/container.dart:35:52)
#12     ProviderContainer.readProviderElement (package:riverpod/src/framework/container.dart:479:19)
#13     ProviderElementBase._debugAssertCanDependOn.<anonymous closure> (package:riverpod/src/framework/element.dart:624:42)
#14     ProviderElementBase._debugAssertCanDependOn (package:riverpod/src/framework/element.dart:667:8)
#15     ProviderElementBase.watch (package:riverpod/src/framework/element.dart:714:12)
#16     userSettingsRepository (package:finanzas_familiares/application/providers/user_settings_provider.dart:15:24)
#17     Provider._create (package:riverpod/src/provider/base.dart:59:57)
#18     ProviderElement.create (package:riverpod/src/provider/base.dart:345:23)
#19     ProviderElementBase.buildState (package:riverpod/src/framework/element.dart:426:7)
#20     ProviderElementBase.mount (package:riverpod/src/framework/element.dart:228:5)
#21     _StateReader._create (package:riverpod/src/framework/container.dart:47:11)
#22     _StateReader.getElement (package:riverpod/src/framework/container.dart:35:52)
#23     ProviderContainer.readProviderElement (package:riverpod/src/framework/container.dart:479:19)
#24     ProviderElementBase._debugAssertCanDependOn.<anonymous closure> (package:riverpod/src/framework/element.dart:624:42)
#25     ProviderElementBase._debugAssertCanDependOn (package:riverpod/src/framework/element.dart:667:8)
#26     ProviderElementBase.watch (package:riverpod/src/framework/element.dart:714:12)
#27     userSettings (package:finanzas_familiares/application/providers/user_settings_provider.dart:29:26)
#28     StreamProvider._create (package:riverpod/src/stream_provider/base.dart:125:63)
#29     StreamProviderElement.create.<anonymous closure> (package:riverpod/src/stream_provider/base.dart:172:25)
#30     FutureHandlerProviderElementMixin.handleStream.<anonymous closure> (package:riverpod/src/async_notifier/base.dart:309:31)
#31     FutureHandlerProviderElementMixin._handleAsync (package:riverpod/src/async_notifier/base.dart:388:47)
#32     FutureHandlerProviderElementMixin.handleStream (package:riverpod/src/async_notifier/base.dart:303:5)
#33     StreamProviderElement.create (package:riverpod/src/stream_provider/base.dart:169:5)
#34     ProviderElementBase.buildState (package:riverpod/src/framework/element.dart:426:7)
#35     ProviderElementBase.mount (package:riverpod/src/framework/element.dart:228:5)
#36     _StateReader._create (package:riverpod/src/framework/container.dart:47:11)
#37     _StateReader.getElement (package:riverpod/src/framework/container.dart:35:52)
#38     ProviderContainer.readProviderElement (package:riverpod/src/framework/container.dart:479:19)
#39     ProviderElementBase._debugAssertCanDependOn.<anonymous closure> (package:riverpod/src/framework/element.dart:624:42)
#40     ProviderElementBase._debugAssertCanDependOn (package:riverpod/src/framework/element.dart:667:8)
#41     ProviderElementBase.listen (package:riverpod/src/framework/element.dart:761:12)
#42     NotificationSettingsNotifier.build (package:finanzas_familiares/application/providers/notification_provider.dart:56:9)
#43     AutoDisposeAsyncNotifierProviderImpl.runNotifierBuild (package:riverpod/src/async_notifier/auto_dispose.dart:101:54)
#44     AsyncNotifierProviderElement.create.<anonymous closure>.<anonymous closure> (package:riverpod/src/async_notifier/base.dart:547:26)
#45     FutureHandlerProviderElementMixin.handleFuture.<anonymous closure> (package:riverpod/src/async_notifier/base.dart:341:30)
#46     FutureHandlerProviderElementMixin._handleAsync (package:riverpod/src/async_notifier/base.dart:388:47)
#47     FutureHandlerProviderElementMixin.handleFuture (package:riverpod/src/async_notifier/base.dart:335:5)
#48     AsyncNotifierProviderElement.create.<anonymous closure> (package:riverpod/src/async_notifier/base.dart:546:9)
#49     ResultData.when (package:riverpod/src/result.dart:82:16)
#50     AsyncNotifierProviderElement.create (package:riverpod/src/async_notifier/base.dart:541:20)
#51     ProviderElementBase.buildState (package:riverpod/src/framework/element.dart:426:7)
#52     ProviderElementBase.mount (package:riverpod/src/framework/element.dart:228:5)
#53     _StateReader._create (package:riverpod/src/framework/container.dart:47:11)
#54     _StateReader.getElement (package:riverpod/src/framework/container.dart:35:52)
#55     ProviderContainer.readProviderElement.<anonymous closure> (package:riverpod/src/framework/container.dart:440:40)
#56     ProviderContainer.readProviderElement (package:riverpod/src/framework/container.dart:475:8)
#57     ProviderBase.addListener (package:riverpod/src/framework/provider_base.dart:79:26)
#58     ProviderContainer.listen (package:riverpod/src/framework/container.dart:280:21)
#59     ConsumerStatefulElement.watch.<anonymous closure> (package:flutter_riverpod/src/consumer.dart:564:25)
#60     _LinkedHashMapMixin.putIfAbsent (dart:_compact_hash:674:23)
#61     ConsumerStatefulElement.watch (package:flutter_riverpod/src/consumer.dart:557:26)
#62     NotificationSettingsScreen.build (package:finanzas_familiares/presentation/screens/notification_settings_screen.dart:12:31)
#63     _ConsumerState.build (package:flutter_riverpod/src/consumer.dart:476:19)
#64     StatefulElement.build (package:flutter/src/widgets/framework.dart:5833:27)
#65     ConsumerStatefulElement.build (package:flutter_riverpod/src/consumer.dart:539:20)
#66     ComponentElement.performRebuild (package:flutter/src/widgets/framework.dart:5723:15)
#67     StatefulElement.performRebuild (package:flutter/src/widgets/framework.dart:5884:11)
#68     Element.rebuild (package:flutter/src/widgets/framework.dart:5435:7)
#69     ComponentElement._firstBuild (package:flutter/src/widgets/framework.dart:5705:5)
#70     StatefulElement._firstBuild (package:flutter/src/widgets/framework.dart:5875:11)
#71     ComponentElement.mount (package:flutter/src/widgets/framework.dart:5699:5)
#72     Element.inflateWidget (package:flutter/src/widgets/framework.dart:4548:16)
#73     Element.updateChild (package:flutter/src/widgets/framework.dart:4004:18)
#74     SingleChildRenderObjectElement.mount (package:flutter/src/widgets/framework.dart:7018:14)
#75     Element.inflateWidget (package:flutter/src/widgets/framework.dart:4548:16)
#76     Element.updateChild (package:flutter/src/widgets/framework.dart:4004:18)
#77     ComponentElement.performRebuild (package:flutter/src/widgets/framework.dart:5747:16)
#78     Element.rebuild (package:flutter/src/widgets/framework.dart:5435:7)
#79     ComponentElement._firstBuild (package:flutter/src/widgets/framework.dart:5705:5)
#80     ComponentElement.mount (package:flutter/src/widgets/framework.dart:5699:5)
#81     Element.inflateWidget (package:flutter/src/widgets/framework.dart:4548:16)
#82     Element.updateChild (package:flutter/src/widgets/framework.dart:4004:18)
#83     SingleChildRenderObjectElement.mount (package:flutter/src/widgets/framework.dart:7018:14)
#84     Element.inflateWidget (package:flutter/src/widgets/framework.dart:4548:16)
#85     Element.updateChild (package:flutter/src/widgets/framework.dart:4004:18)
#86     SingleChildRenderObjectElement.mount (package:flutter/src/widgets/framework.dart:7018:14)
#87     Element.inflateWidget (package:flutter/src/widgets/framework.dart:4548:16)
#88     Element.updateChild (package:flutter/src/widgets/framework.dart:4004:18)
#89     ComponentElement.performRebuild (package:flutter/src/widgets/framework.dart:5747:16)
#90     StatefulElement.performRebuild (package:flutter/src/widgets/framework.dart:5884:11)
#91     Element.rebuild (package:flutter/src/widgets/framework.dart:5435:7)
#92     ComponentElement._firstBuild (package:flutter/src/widgets/framework.dart:5705:5)
#93     StatefulElement._firstBuild (package:flutter/src/widgets/framework.dart:5875:11)
#94     ComponentElement.mount (package:flutter/src/widgets/framework.dart:5699:5)
#95     Element.inflateWidget (package:flutter/src/widgets/framework.dart:4548:16)
#96     Element.updateChild (package:flutter/src/widgets/framework.dart:4004:18)
#97     SingleChildRenderObjectElement.mount (package:flutter/src/widgets/framework.dart:7018:14)
#98     Element.inflateWidget (package:flutter/src/widgets/framework.dart:4548:16)
#99     Element.updateChild (package:flutter/src/widgets/framework.dart:4004:18)
#100    ComponentElement.performRebuild (package:flutter/src/widgets/framework.dart:5747:16)
#101    StatefulElement.performRebuild (package:flutter/src/widgets/framework.dart:5884:11)
#102    Element.rebuild (package:flutter/src/widgets/framework.dart:5435:7)
#103    ComponentElement._firstBuild (package:flutter/src/widgets/framework.dart:5705:5)
#104    StatefulElement._firstBuild (package:flutter/src/widgets/framework.dart:5875:11)
#105    ComponentElement.mount (package:flutter/src/widgets/framework.dart:5699:5)
#106    Element.inflateWidget (package:flutter/src/widgets/framework.dart:4548:16)
#107    Element.updateChild (package:flutter/src/widgets/framework.dart:4004:18)
#108    SingleChildRenderObjectElement.mount (package:flutter/src/widgets/framework.dart:7018:14)
#109    Element.inflateWidget (package:flutter/src/widgets/framework.dart:4548:16)
#110    Element.updateChild (package:flutter/src/widgets/framework.dart:4004:18)
#111    ComponentElement.performRebuild (package:flutter/src/widgets/framework.dart:5747:16)
#112    StatefulElement.performRebuild (package:flutter/src/widgets/framework.dart:5884:11)
#113    Element.rebuild (package:flutter/src/widgets/framework.dart:5435:7)
#114    ComponentElement._firstBuild (package:flutter/src/widgets/framework.dart:5705:5)
#115    StatefulElement._firstBuild (package:flutter/src/widgets/framework.dart:5875:11)
#116    ComponentElement.mount (package:flutter/src/widgets/framework.dart:5699:5)
#117    Element.inflateWidget (package:flutter/src/widgets/framework.dart:4548:16)
#118    Element.updateChild (package:flutter/src/widgets/framework.dart:4004:18)
#119    ComponentElement.performRebuild (package:flutter/src/widgets/framework.dart:5747:16)
#120    StatefulElement.performRebuild (package:flutter/src/widgets/framework.dart:5884:11)
#121    Element.rebuild (package:flutter/src/widgets/framework.dart:5435:7)
#122    ComponentElement._firstBuild (package:flutter/src/widgets/framework.dart:5705:5)
#123    StatefulElement._firstBuild (package:flutter/src/widgets/framework.dart:5875:11)
#124    ComponentElement.mount (package:flutter/src/widgets/framework.dart:5699:5)
#125    Element.inflateWidget (package:flutter/src/widgets/framework.dart:4548:16)
#126    Element.updateChild (package:flutter/src/widgets/framework.dart:4004:18)
#127    SingleChildRenderObjectElement.mount (package:flutter/src/widgets/framework.dart:7018:14)
#128    Element.inflateWidget (package:flutter/src/widgets/framework.dart:4548:16)
#129    Element.updateChild (package:flutter/src/widgets/framework.dart:4004:18)
#130    ComponentElement.performRebuild (package:flutter/src/widgets/framework.dart:5747:16)
#131    StatefulElement.performRebuild (package:flutter/src/widgets/framework.dart:5884:11)
#132    Element.rebuild (package:flutter/src/widgets/framework.dart:5435:7)
#133    ComponentElement._firstBuild (package:flutter/src/widgets/framework.dart:5705:5)
#134    StatefulElement._firstBuild (package:flutter/src/widgets/framework.dart:5875:11)
#135    ComponentElement.mount (package:flutter/src/widgets/framework.dart:5699:5)
#136    Element.inflateWidget (package:flutter/src/widgets/framework.dart:4548:16)
#137    Element.updateChild (package:flutter/src/widgets/framework.dart:4004:18)
#138    SingleChildRenderObjectElement.mount (package:flutter/src/widgets/framework.dart:7018:14)
#139    Element.inflateWidget (package:flutter/src/widgets/framework.dart:4548:16)
#140    Element.updateChild (package:flutter/src/widgets/framework.dart:4004:18)
#141    ComponentElement.performRebuild (package:flutter/src/widgets/framework.dart:5747:16)
#142    StatefulElement.performRebuild (package:flutter/src/widgets/framework.dart:5884:11)
#143    Element.rebuild (package:flutter/src/widgets/framework.dart:5435:7)
#144    ComponentElement._firstBuild (package:flutter/src/widgets/framework.dart:5705:5)
#145    StatefulElement._firstBuild (package:flutter/src/widgets/framework.dart:5875:11)
#146    ComponentElement.mount (package:flutter/src/widgets/framework.dart:5699:5)
#147    Element.inflateWidget (package:flutter/src/widgets/framework.dart:4548:16)
#148    Element.updateChild (package:flutter/src/widgets/framework.dart:4004:18)
#149    ComponentElement.performRebuild (package:flutter/src/widgets/framework.dart:5747:16)
#150    StatefulElement.performRebuild (package:flutter/src/widgets/framework.dart:5884:11)
#151    Element.rebuild (package:flutter/src/widgets/framework.dart:5435:7)
#152    ComponentElement._firstBuild (package:flutter/src/widgets/framework.dart:5705:5)
#153    StatefulElement._firstBuild (package:flutter/src/widgets/framework.dart:5875:11)
#154    ComponentElement.mount (package:flutter/src/widgets/framework.dart:5699:5)
#155    Element.inflateWidget (package:flutter/src/widgets/framework.dart:4548:16)
#156    Element.updateChild (package:flutter/src/widgets/framework.dart:4004:18)
#157    ComponentElement.performRebuild (package:flutter/src/widgets/framework.dart:5747:16)
#158    Element.rebuild (package:flutter/src/widgets/framework.dart:5435:7)
#159    ComponentElement._firstBuild (package:flutter/src/widgets/framework.dart:5705:5)
#160    ComponentElement.mount (package:flutter/src/widgets/framework.dart:5699:5)
#161    Element.inflateWidget (package:flutter/src/widgets/framework.dart:4548:16)
#162    Element.updateChild (package:flutter/src/widgets/framework.dart:4004:18)
#163    ComponentElement.performRebuild (package:flutter/src/widgets/framework.dart:5747:16)
#164    StatefulElement.performRebuild (package:flutter/src/widgets/framework.dart:5884:11)
#165    Element.rebuild (package:flutter/src/widgets/framework.dart:5435:7)
#166    ComponentElement._firstBuild (package:flutter/src/widgets/framework.dart:5705:5)
#167    StatefulElement._firstBuild (package:flutter/src/widgets/framework.dart:5875:11)
#168    ComponentElement.mount (package:flutter/src/widgets/framework.dart:5699:5)
#169    Element.inflateWidget (package:flutter/src/widgets/framework.dart:4548:16)
#170    Element.updateChild (package:flutter/src/widgets/framework.dart:4004:18)
#171    ComponentElement.performRebuild (package:flutter/src/widgets/framework.dart:5747:16)
#172    StatefulElement.performRebuild (package:flutter/src/widgets/framework.dart:5884:11)
#173    Element.rebuild (package:flutter/src/widgets/framework.dart:5435:7)
#174    ComponentElement._firstBuild (package:flutter/src/widgets/framework.dart:5705:5)
#175    StatefulElement._firstBuild (package:flutter/src/widgets/framework.dart:5875:11)
#176    ComponentElement.mount (package:flutter/src/widgets/framework.dart:5699:5)
#177    Element.inflateWidget (package:flutter/src/widgets/framework.dart:4548:16)
#178    Element.updateChild (package:flutter/src/widgets/framework.dart:4004:18)
#179    SingleChildRenderObjectElement.mount (package:flutter/src/widgets/framework.dart:7018:14)
#180    Element.inflateWidget (package:flutter/src/widgets/framework.dart:4548:16)
#181    Element.updateChild (package:flutter/src/widgets/framework.dart:4004:18)
#182    ComponentElement.performRebuild (package:flutter/src/widgets/framework.dart:5747:16)
#183    Element.rebuild (package:flutter/src/widgets/framework.dart:5435:7)
#184    ComponentElement._firstBuild (package:flutter/src/widgets/framework.dart:5705:5)
#185    ComponentElement.mount (package:flutter/src/widgets/framework.dart:5699:5)
#186    Element.inflateWidget (package:flutter/src/widgets/framework.dart:4548:16)
#187    Element.updateChild (package:flutter/src/widgets/framework.dart:4004:18)
#188    SingleChildRenderObjectElement.mount (package:flutter/src/widgets/framework.dart:7018:14)
#189    Element.inflateWidget (package:flutter/src/widgets/framework.dart:4548:16)
#190    Element.updateChild (package:flutter/src/widgets/framework.dart:4004:18)
#191    ComponentElement.performRebuild (package:flutter/src/widgets/framework.dart:5747:16)
#192    StatefulElement.performRebuild (package:flutter/src/widgets/framework.dart:5884:11)
#193    Element.rebuild (package:flutter/src/widgets/framework.dart:5435:7)
#194    ComponentElement._firstBuild (package:flutter/src/widgets/framework.dart:5705:5)
#195    StatefulElement._firstBuild (package:flutter/src/widgets/framework.dart:5875:11)
#196    ComponentElement.mount (package:flutter/src/widgets/framework.dart:5699:5)
#197    Element.inflateWidget (package:flutter/src/widgets/framework.dart:4548:16)
#198    Element.updateChild (package:flutter/src/widgets/framework.dart:4004:18)
#199    ComponentElement.performRebuild (package:flutter/src/widgets/framework.dart:5747:16)
#200    Element.rebuild (package:flutter/src/widgets/framework.dart:5435:7)
#201    ComponentElement._firstBuild (package:flutter/src/widgets/framework.dart:5705:5)
#202    ComponentElement.mount (package:flutter/src/widgets/framework.dart:5699:5)
#203    Element.inflateWidget (package:flutter/src/widgets/framework.dart:4548:16)
#204    Element.updateChild (package:flutter/src/widgets/framework.dart:4004:18)
#205    ComponentElement.performRebuild (package:flutter/src/widgets/framework.dart:5747:16)
#206    Element.rebuild (package:flutter/src/widgets/framework.dart:5435:7)
#207    ComponentElement._firstBuild (package:flutter/src/widgets/framework.dart:5705:5)
#208    ComponentElement.mount (package:flutter/src/widgets/framework.dart:5699:5)
#209    Element.inflateWidget (package:flutter/src/widgets/framework.dart:4548:16)
#210    Element.updateChild (package:flutter/src/widgets/framework.dart:4004:18)
#211    ComponentElement.performRebuild (package:flutter/src/widgets/framework.dart:5747:16)
#212    StatefulElement.performRebuild (package:flutter/src/widgets/framework.dart:5884:11)
#213    Element.rebuild (package:flutter/src/widgets/framework.dart:5435:7)
#214    ComponentElement._firstBuild (package:flutter/src/widgets/framework.dart:5705:5)
#215    StatefulElement._firstBuild (package:flutter/src/widgets/framework.dart:5875:11)
#216    ComponentElement.mount (package:flutter/src/widgets/framework.dart:5699:5)
#217    Element.inflateWidget (package:flutter/src/widgets/framework.dart:4548:16)
#218    Element.updateChild (package:flutter/src/widgets/framework.dart:4004:18)
#219    ComponentElement.performRebuild (package:flutter/src/widgets/framework.dart:5747:16)
#220    Element.rebuild (package:flutter/src/widgets/framework.dart:5435:7)
#221    ComponentElement._firstBuild (package:flutter/src/widgets/framework.dart:5705:5)
#222    ComponentElement.mount (package:flutter/src/widgets/framework.dart:5699:5)
#223    Element.inflateWidget (package:flutter/src/widgets/framework.dart:4548:16)
#224    Element.updateChild (package:flutter/src/widgets/framework.dart:4004:18)
#225    ComponentElement.performRebuild (package:flutter/src/widgets/framework.dart:5747:16)
#226    Element.rebuild (package:flutter/src/widgets/framework.dart:5435:7)
#227    ComponentElement._firstBuild (package:flutter/src/widgets/framework.dart:5705:5)
#228    ComponentElement.mount (package:flutter/src/widgets/framework.dart:5699:5)
#229    Element.inflateWidget (package:flutter/src/widgets/framework.dart:4548:16)
#230    Element.updateChild (package:flutter/src/widgets/framework.dart:4004:18)
#231    SingleChildRenderObjectElement.mount (package:flutter/src/widgets/framework.dart:7018:14)
#232    Element.inflateWidget (package:flutter/src/widgets/framework.dart:4548:16)
#233    Element.updateChild (package:flutter/src/widgets/framework.dart:4004:18)
#234    ComponentElement.performRebuild (package:flutter/src/widgets/framework.dart:5747:16)
#235    Element.rebuild (package:flutter/src/widgets/framework.dart:5435:7)
#236    ComponentElement._firstBuild (package:flutter/src/widgets/framework.dart:5705:5)
#237    ComponentElement.mount (package:flutter/src/widgets/framework.dart:5699:5)
#238    Element.inflateWidget (package:flutter/src/widgets/framework.dart:4548:16)
#239    Element.updateChild (package:flutter/src/widgets/framework.dart:4004:18)
#240    ComponentElement.performRebuild (package:flutter/src/widgets/framework.dart:5747:16)
#241    Element.rebuild (package:flutter/src/widgets/framework.dart:5435:7)
#242    ComponentElement._firstBuild (package:flutter/src/widgets/framework.dart:5705:5)
#243    ComponentElement.mount (package:flutter/src/widgets/framework.dart:5699:5)
#244    Element.inflateWidget (package:flutter/src/widgets/framework.dart:4548:16)
#245    Element.updateChild (package:flutter/src/widgets/framework.dart:4004:18)
#246    ComponentElement.performRebuild (package:flutter/src/widgets/framework.dart:5747:16)
#247    StatefulElement.performRebuild (package:flutter/src/widgets/framework.dart:5884:11)
#248    Element.rebuild (package:flutter/src/widgets/framework.dart:5435:7)
#249    ComponentElement._firstBuild (package:flutter/src/widgets/framework.dart:5705:5)
#250    StatefulElement._firstBuild (package:flutter/src/widgets/framework.dart:5875:11)
#251    ComponentElement.mount (package:flutter/src/widgets/framework.dart:5699:5)
#252    Element.inflateWidget (package:flutter/src/widgets/framework.dart:4548:16)
#253    Element.updateChild (package:flutter/src/widgets/framework.dart:4004:18)
#254    ComponentElement.performRebuild (package:flutter/src/widgets/framework.dart:5747:16)
#255    StatefulElement.performRebuild (package:flutter/src/widgets/framework.dart:5884:11)
#256    Element.rebuild (package:flutter/src/widgets/framework.dart:5435:7)
#257    ComponentElement._firstBuild (package:flutter/src/widgets/framework.dart:5705:5)
#258    StatefulElement._firstBuild (package:flutter/src/widgets/framework.dart:5875:11)
#259    ComponentElement.mount (package:flutter/src/widgets/framework.dart:5699:5)
#260    Element.inflateWidget (package:flutter/src/widgets/framework.dart:4548:16)
#261    Element.updateChild (package:flutter/src/widgets/framework.dart:4004:18)
#262    ComponentElement.performRebuild (package:flutter/src/widgets/framework.dart:5747:16)
#263    StatefulElement.performRebuild (package:flutter/src/widgets/framework.dart:5884:11)
#264    Element.rebuild (package:flutter/src/widgets/framework.dart:5435:7)
#265    ComponentElement._firstBuild (package:flutter/src/widgets/framework.dart:5705:5)
#266    StatefulElement._firstBuild (package:flutter/src/widgets/framework.dart:5875:11)
#267    ComponentElement.mount (package:flutter/src/widgets/framework.dart:5699:5)
#268    Element.inflateWidget (package:flutter/src/widgets/framework.dart:4548:16)
#269    Element.updateChild (package:flutter/src/widgets/framework.dart:4004:18)
#270    SingleChildRenderObjectElement.mount (package:flutter/src/widgets/framework.dart:7018:14)
#271    Element.inflateWidget (package:flutter/src/widgets/framework.dart:4548:16)
#272    Element.updateChild (package:flutter/src/widgets/framework.dart:4004:18)
#273    ComponentElement.performRebuild (package:flutter/src/widgets/framework.dart:5747:16)
#274    Element.rebuild (package:flutter/src/widgets/framework.dart:5435:7)
#275    ComponentElement._firstBuild (package:flutter/src/widgets/framework.dart:5705:5)
#276    ComponentElement.mount (package:flutter/src/widgets/framework.dart:5699:5)
#277    Element.inflateWidget (package:flutter/src/widgets/framework.dart:4548:16)
#278    Element.updateChild (package:flutter/src/widgets/framework.dart:4004:18)
#279    ComponentElement.performRebuild (package:flutter/src/widgets/framework.dart:5747:16)
#280    Element.rebuild (package:flutter/src/widgets/framework.dart:5435:7)
#281    ComponentElement._firstBuild (package:flutter/src/widgets/framework.dart:5705:5)
#282    ComponentElement.mount (package:flutter/src/widgets/framework.dart:5699:5)
#283    Element.inflateWidget (package:flutter/src/widgets/framework.dart:4548:16)
#284    Element.updateChild (package:flutter/src/widgets/framework.dart:4004:18)
#285    ComponentElement.performRebuild (package:flutter/src/widgets/framework.dart:5747:16)
#286    StatefulElement.performRebuild (package:flutter/src/widgets/framework.dart:5884:11)
#287    Element.rebuild (package:flutter/src/widgets/framework.dart:5435:7)
#288    ComponentElement._firstBuild (package:flutter/src/widgets/framework.dart:5705:5)
#289    StatefulElement._firstBuild (package:flutter/src/widgets/framework.dart:5875:11)
#290    ComponentElement.mount (package:flutter/src/widgets/framework.dart:5699:5)
#291    Element.inflateWidget (package:flutter/src/widgets/framework.dart:4548:16)
#292    Element.updateChild (package:flutter/src/widgets/framework.dart:4004:18)
#293    ComponentElement.performRebuild (package:flutter/src/widgets/framework.dart:5747:16)
#294    StatefulElement.performRebuild (package:flutter/src/widgets/framework.dart:5884:11)
#295    Element.rebuild (package:flutter/src/widgets/framework.dart:5435:7)
#296    ComponentElement._firstBuild (package:flutter/src/widgets/framework.dart:5705:5)
#297    StatefulElement._firstBuild (package:flutter/src/widgets/framework.dart:5875:11)
#298    ComponentElement.mount (package:flutter/src/widgets/framework.dart:5699:5)
#299    Element.inflateWidget (package:flutter/src/widgets/framework.dart:4548:16)
#300    MultiChildRenderObjectElement.inflateWidget (package:flutter/src/widgets/framework.dart:7169:36)
#301    MultiChildRenderObjectElement.mount (package:flutter/src/widgets/framework.dart:7185:32)
#302    Element.inflateWidget (package:flutter/src/widgets/framework.dart:4548:16)
#303    Element.updateChild (package:flutter/src/widgets/framework.dart:4004:18)
#304    ComponentElement.performRebuild (package:flutter/src/widgets/framework.dart:5747:16)
#305    StatefulElement.performRebuild (package:flutter/src/widgets/framework.dart:5884:11)
#306    Element.rebuild (package:flutter/src/widgets/framework.dart:5435:7)
#307    ComponentElement._firstBuild (package:flutter/src/widgets/framework.dart:5705:5)
#308    StatefulElement._firstBuild (package:flutter/src/widgets/framework.dart:5875:11)
#309    ComponentElement.mount (package:flutter/src/widgets/framework.dart:5699:5)
#310    Element.inflateWidget (package:flutter/src/widgets/framework.dart:4548:16)
#311    Element.updateChild (package:flutter/src/widgets/framework.dart:4004:18)
#312    ComponentElement.performRebuild (package:flutter/src/widgets/framework.dart:5747:16)
#313    Element.rebuild (package:flutter/src/widgets/framework.dart:5435:7)
#314    ComponentElement._firstBuild (package:flutter/src/widgets/framework.dart:5705:5)
#315    ComponentElement.mount (package:flutter/src/widgets/framework.dart:5699:5)
#316    Element.inflateWidget (package:flutter/src/widgets/framework.dart:4548:16)
#317    Element.updateChild (package:flutter/src/widgets/framework.dart:4004:18)
#318    ComponentElement.performRebuild (package:flutter/src/widgets/framework.dart:5747:16)
#319    Element.rebuild (package:flutter/src/widgets/framework.dart:5435:7)
#320    ComponentElement._firstBuild (package:flutter/src/widgets/framework.dart:5705:5)
#321    ComponentElement.mount (package:flutter/src/widgets/framework.dart:5699:5)
#322    Element.inflateWidget (package:flutter/src/widgets/framework.dart:4548:16)
#323    Element.updateChild (package:flutter/src/widgets/framework.dart:4004:18)
#324    ComponentElement.performRebuild (package:flutter/src/widgets/framework.dart:5747:16)
#325    StatefulElement.performRebuild (package:flutter/src/widgets/framework.dart:5884:11)
#326    Element.rebuild (package:flutter/src/widgets/framework.dart:5435:7)
#327    ComponentElement._firstBuild (package:flutter/src/widgets/framework.dart:5705:5)
#328    StatefulElement._firstBuild (package:flutter/src/widgets/framework.dart:5875:11)
#329    ComponentElement.mount (package:flutter/src/widgets/framework.dart:5699:5)
#330    Element.inflateWidget (package:flutter/src/widgets/framework.dart:4548:16)
#331    Element.updateChild (package:flutter/src/widgets/framework.dart:4004:18)
#332    ComponentElement.performRebuild (package:flutter/src/widgets/framework.dart:5747:16)
#333    Element.rebuild (package:flutter/src/widgets/framework.dart:5435:7)
#334    ComponentElement._firstBuild (package:flutter/src/widgets/framework.dart:5705:5)
#335    ComponentElement.mount (package:flutter/src/widgets/framework.dart:5699:5)
#336    Element.inflateWidget (package:flutter/src/widgets/framework.dart:4548:16)
#337    Element.updateChild (package:flutter/src/widgets/framework.dart:4004:18)
#338    ComponentElement.performRebuild (package:flutter/src/widgets/framework.dart:5747:16)
#339    StatefulElement.performRebuild (package:flutter/src/widgets/framework.dart:5884:11)
#340    Element.rebuild (package:flutter/src/widgets/framework.dart:5435:7)
#341    ComponentElement._firstBuild (package:flutter/src/widgets/framework.dart:5705:5)
#342    StatefulElement._firstBuild (package:flutter/src/widgets/framework.dart:5875:11)
#343    ComponentElement.mount (package:flutter/src/widgets/framework.dart:5699:5)
#344    Element.inflateWidget (package:flutter/src/widgets/framework.dart:4548:16)
#345    Element.updateChild (package:flutter/src/widgets/framework.dart:4004:18)
#346    ComponentElement.performRebuild (package:flutter/src/widgets/framework.dart:5747:16)
#347    StatefulElement.performRebuild (package:flutter/src/widgets/framework.dart:5884:11)
#348    Element.rebuild (package:flutter/src/widgets/framework.dart:5435:7)
#349    ComponentElement._firstBuild (package:flutter/src/widgets/framework.dart:5705:5)
#350    StatefulElement._firstBuild (package:flutter/src/widgets/framework.dart:5875:11)
#351    ComponentElement.mount (package:flutter/src/widgets/framework.dart:5699:5)
#352    Element.inflateWidget (package:flutter/src/widgets/framework.dart:4548:16)
#353    Element.updateChild (package:flutter/src/widgets/framework.dart:4004:18)
#354    SingleChildRenderObjectElement.mount (package:flutter/src/widgets/framework.dart:7018:14)
#355    Element.inflateWidget (package:flutter/src/widgets/framework.dart:4548:16)
#356    Element.updateChild (package:flutter/src/widgets/framework.dart:4004:18)
#357    SingleChildRenderObjectElement.mount (package:flutter/src/widgets/framework.dart:7018:14)
#358    Element.inflateWidget (package:flutter/src/widgets/framework.dart:4548:16)
#359    Element.updateChild (package:flutter/src/widgets/framework.dart:4004:18)
#360    ComponentElement.performRebuild (package:flutter/src/widgets/framework.dart:5747:16)
#361    Element.rebuild (package:flutter/src/widgets/framework.dart:5435:7)
#362    ComponentElement._firstBuild (package:flutter/src/widgets/framework.dart:5705:5)
#363    ComponentElement.mount (package:flutter/src/widgets/framework.dart:5699:5)
#364    Element.inflateWidget (package:flutter/src/widgets/framework.dart:4548:16)
#365    Element.updateChild (package:flutter/src/widgets/framework.dart:4004:18)
#366    ComponentElement.performRebuild (package:flutter/src/widgets/framework.dart:5747:16)
#367    Element.rebuild (package:flutter/src/widgets/framework.dart:5435:7)
#368    ComponentElement._firstBuild (package:flutter/src/widgets/framework.dart:5705:5)
#369    ComponentElement.mount (package:flutter/src/widgets/framework.dart:5699:5)
#370    Element.inflateWidget (package:flutter/src/widgets/framework.dart:4548:16)
#371    Element.updateChild (package:flutter/src/widgets/framework.dart:4004:18)
#372    ComponentElement.performRebuild (package:flutter/src/widgets/framework.dart:5747:16)
#373    StatefulElement.performRebuild (package:flutter/src/widgets/framework.dart:5884:11)
#374    Element.rebuild (package:flutter/src/widgets/framework.dart:5435:7)
#375    ComponentElement._firstBuild (package:flutter/src/widgets/framework.dart:5705:5)
#376    StatefulElement._firstBuild (package:flutter/src/widgets/framework.dart:5875:11)
#377    ComponentElement.mount (package:flutter/src/widgets/framework.dart:5699:5)
#378    Element.inflateWidget (package:flutter/src/widgets/framework.dart:4548:16)
#379    Element.updateChild (package:flutter/src/widgets/framework.dart:4004:18)
#380    ComponentElement.performRebuild (package:flutter/src/widgets/framework.dart:5747:16)
#381    Element.rebuild (package:flutter/src/widgets/framework.dart:5435:7)
#382    ComponentElement._firstBuild (package:flutter/src/widgets/framework.dart:5705:5)
#383    ComponentElement.mount (package:flutter/src/widgets/framework.dart:5699:5)
#384    Element.inflateWidget (package:flutter/src/widgets/framework.dart:4548:16)
#385    Element.updateChild (package:flutter/src/widgets/framework.dart:4004:18)
#386    SingleChildRenderObjectElement.mount (package:flutter/src/widgets/framework.dart:7018:14)
#387    Element.inflateWidget (package:flutter/src/widgets/framework.dart:4548:16)
#388    Element.updateChild (package:flutter/src/widgets/framework.dart:4004:18)
#389    ComponentElement.performRebuild (package:flutter/src/widgets/framework.dart:5747:16)
#390    StatefulElement.performRebuild (package:flutter/src/widgets/framework.dart:5884:11)
#391    Element.rebuild (package:flutter/src/widgets/framework.dart:5435:7)
#392    ComponentElement._firstBuild (package:flutter/src/widgets/framework.dart:5705:5)
#393    StatefulElement._firstBuild (package:flutter/src/widgets/framework.dart:5875:11)
#394    ComponentElement.mount (package:flutter/src/widgets/framework.dart:5699:5)
#395    Element.inflateWidget (package:flutter/src/widgets/framework.dart:4548:16)
#396    Element.updateChild (package:flutter/src/widgets/framework.dart:4004:18)
#397    ComponentElement.performRebuild (package:flutter/src/widgets/framework.dart:5747:16)
#398    Element.rebuild (package:flutter/src/widgets/framework.dart:5435:7)
#399    ComponentElement._firstBuild (package:flutter/src/widgets/framework.dart:5705:5)
#400    ComponentElement.mount (package:flutter/src/widgets/framework.dart:5699:5)
#401    Element.inflateWidget (package:flutter/src/widgets/framework.dart:4548:16)
#402    Element.updateChild (package:flutter/src/widgets/framework.dart:4004:18)
#403    ComponentElement.performRebuild (package:flutter/src/widgets/framework.dart:5747:16)
#404    Element.rebuild (package:flutter/src/widgets/framework.dart:5435:7)
#405    ComponentElement._firstBuild (package:flutter/src/widgets/framework.dart:5705:5)
#406    ComponentElement.mount (package:flutter/src/widgets/framework.dart:5699:5)
#407    Element.inflateWidget (package:flutter/src/widgets/framework.dart:4548:16)
#408    Element.updateChild (package:flutter/src/widgets/framework.dart:4004:18)
#409    ComponentElement.performRebuild (package:flutter/src/widgets/framework.dart:5747:16)
#410    StatefulElement.performRebuild (package:flutter/src/widgets/framework.dart:5884:11)
#411    Element.rebuild (package:flutter/src/widgets/framework.dart:5435:7)
#412    ComponentElement._firstBuild (package:flutter/src/widgets/framework.dart:5705:5)
#413    StatefulElement._firstBuild (package:flutter/src/widgets/framework.dart:5875:11)
#414    ComponentElement.mount (package:flutter/src/widgets/framework.dart:5699:5)
#415    Element.inflateWidget (package:flutter/src/widgets/framework.dart:4548:16)
#416    Element.updateChild (package:flutter/src/widgets/framework.dart:4004:18)
#417    ComponentElement.performRebuild (package:flutter/src/widgets/framework.dart:5747:16)
#418    Element.rebuild (package:flutter/src/widgets/framework.dart:5435:7)
#419    ComponentElement._firstBuild (package:flutter/src/widgets/framework.dart:5705:5)
#420    ComponentElement.mount (package:flutter/src/widgets/framework.dart:5699:5)
#421    Element.inflateWidget (package:flutter/src/widgets/framework.dart:4548:16)
#422    Element.updateChild (package:flutter/src/widgets/framework.dart:4004:18)
#423    ComponentElement.performRebuild (package:flutter/src/widgets/framework.dart:5747:16)
#424    Element.rebuild (package:flutter/src/widgets/framework.dart:5435:7)
#425    ComponentElement._firstBuild (package:flutter/src/widgets/framework.dart:5705:5)
#426    ComponentElement.mount (package:flutter/src/widgets/framework.dart:5699:5)
#427    Element.inflateWidget (package:flutter/src/widgets/framework.dart:4548:16)
#428    Element.updateChild (package:flutter/src/widgets/framework.dart:4004:18)
#429    ComponentElement.performRebuild (package:flutter/src/widgets/framework.dart:5747:16)
#430    Element.rebuild (package:flutter/src/widgets/framework.dart:5435:7)
#431    ComponentElement._firstBuild (package:flutter/src/widgets/framework.dart:5705:5)
#432    ComponentElement.mount (package:flutter/src/widgets/framework.dart:5699:5)
#433    Element.inflateWidget (package:flutter/src/widgets/framework.dart:4548:16)
#434    Element.updateChild (package:flutter/src/widgets/framework.dart:4004:18)
#435    ComponentElement.performRebuild (package:flutter/src/widgets/framework.dart:5747:16)
#436    Element.rebuild (package:flutter/src/widgets/framework.dart:5435:7)
#437    ComponentElement._firstBuild (package:flutter/src/widgets/framework.dart:5705:5)
#438    ComponentElement.mount (package:flutter/src/widgets/framework.dart:5699:5)
#439    Element.inflateWidget (package:flutter/src/widgets/framework.dart:4548:16)
#440    Element.updateChild (package:flutter/src/widgets/framework.dart:4004:18)
#441    ComponentElement.performRebuild (package:flutter/src/widgets/framework.dart:5747:16)
#442    Element.rebuild (package:flutter/src/widgets/framework.dart:5435:7)
#443    ComponentElement._firstBuild (package:flutter/src/widgets/framework.dart:5705:5)
#444    ComponentElement.mount (package:flutter/src/widgets/framework.dart:5699:5)
#445    Element.inflateWidget (package:flutter/src/widgets/framework.dart:4548:16)
#446    Element.updateChild (package:flutter/src/widgets/framework.dart:4004:18)
#447    ComponentElement.performRebuild (package:flutter/src/widgets/framework.dart:5747:16)
#448    Element.rebuild (package:flutter/src/widgets/framework.dart:5435:7)
#449    ComponentElement._firstBuild (package:flutter/src/widgets/framework.dart:5705:5)
#450    ComponentElement.mount (package:flutter/src/widgets/framework.dart:5699:5)
#451    Element.inflateWidget (package:flutter/src/widgets/framework.dart:4548:16)
#452    Element.updateChild (package:flutter/src/widgets/framework.dart:4004:18)
#453    ComponentElement.performRebuild (package:flutter/src/widgets/framework.dart:5747:16)
#454    Element.rebuild (package:flutter/src/widgets/framework.dart:5435:7)
#455    ComponentElement._firstBuild (package:flutter/src/widgets/framework.dart:5705:5)
#456    ComponentElement.mount (package:flutter/src/widgets/framework.dart:5699:5)
#457    Element.inflateWidget (package:flutter/src/widgets/framework.dart:4548:16)
#458    Element.updateChild (package:flutter/src/widgets/framework.dart:4004:18)
#459    ComponentElement.performRebuild (package:flutter/src/widgets/framework.dart:5747:16)
00:22 +869 -1: /home/bootcamp/Proyectos-2026/Proyectos-Varios/Finanzas-Familiares-AS/test/presentation/screens/savings_goals_screen_test.dart: SavingsGoalsScreen muestra título Metas de Ahorro       00:22 +869 -1: /home/bootcamp/Proyectos-2026/Proyectos-Varios/Finanzas-Familiares-AS/test/presentation/screens/notification_settings_screen_test.dart: NotificationSettingsScreen muestra switch de notificaciones globales
#460    StatefulElement.performRebuild (package:flutter/src/widgets/framework.dart:5884:11)
#461    Element.rebuild (package:flutter/src/widgets/framework.dart:5435:7)
#462    ComponentElement._firstBuild (package:flutter/src/widgets/framework.dart:5705:5)
#463    StatefulElement._firstBuild (package:flutter/src/widgets/framework.dart:5875:11)
#464    ComponentElement.mount (package:flutter/src/widgets/framework.dart:5699:5)
#465    Element.inflateWidget (package:flutter/src/widgets/framework.dart:4548:16)
#466    Element.updateChild (package:flutter/src/widgets/framework.dart:4004:18)
#467    ComponentElement.performRebuild (package:flutter/src/widgets/framework.dart:5747:16)
#468    Element.rebuild (package:flutter/src/widgets/framework.dart:5435:7)
#469    ComponentElement._firstBuild (package:flutter/src/widgets/framework.dart:5705:5)
#470    ComponentElement.mount (package:flutter/src/widgets/framework.dart:5699:5)
#471    Element.inflateWidget (package:flutter/src/widgets/framework.dart:4548:16)
#472    Element.updateChild (package:flutter/src/widgets/framework.dart:4004:18)
#473    ComponentElement.performRebuild (package:flutter/src/widgets/framework.dart:5747:16)
#474    Element.rebuild (package:flutter/src/widgets/framework.dart:5435:7)
#475    ComponentElement._firstBuild (package:flutter/src/widgets/framework.dart:5705:5)
#476    ComponentElement.mount (package:flutter/src/widgets/framework.dart:5699:5)
#477    Element.inflateWidget (package:flutter/src/widgets/framework.dart:4548:16)
#478    Element.updateChild (package:flutter/src/widgets/framework.dart:4004:18)
#479    ComponentElement.performRebuild (package:flutter/src/widgets/framework.dart:5747:16)
#480    StatefulElement.performRebuild (package:flutter/src/widgets/framework.dart:5884:11)
#481    Element.rebuild (package:flutter/src/widgets/framework.dart:5435:7)
#482    ComponentElement._firstBuild (package:flutter/src/widgets/framework.dart:5705:5)
#483    StatefulElement._firstBuild (package:flutter/src/widgets/framework.dart:5875:11)
#484    ComponentElement.mount (package:flutter/src/widgets/framework.dart:5699:5)
#485    Element.inflateWidget (package:flutter/src/widgets/framework.dart:4548:16)
#486    Element.updateChild (package:flutter/src/widgets/framework.dart:4004:18)
#487    SingleChildRenderObjectElement.mount (package:flutter/src/widgets/framework.dart:7018:14)
#488    Element.inflateWidget (package:flutter/src/widgets/framework.dart:4548:16)
#489    Element.updateChild (package:flutter/src/widgets/framework.dart:4004:18)
#490    ComponentElement.performRebuild (package:flutter/src/widgets/framework.dart:5747:16)
#491    StatefulElement.performRebuild (package:flutter/src/widgets/framework.dart:5884:11)
#492    Element.rebuild (package:flutter/src/widgets/framework.dart:5435:7)
#493    ComponentElement._firstBuild (package:flutter/src/widgets/framework.dart:5705:5)
#494    StatefulElement._firstBuild (package:flutter/src/widgets/framework.dart:5875:11)
#495    ComponentElement.mount (package:flutter/src/widgets/framework.dart:5699:5)
#496    Element.inflateWidget (package:flutter/src/widgets/framework.dart:4548:16)
#497    Element.updateChild (package:flutter/src/widgets/framework.dart:4004:18)
#498    ComponentElement.performRebuild (package:flutter/src/widgets/framework.dart:5747:16)
#499    Element.rebuild (package:flutter/src/widgets/framework.dart:5435:7)
#500    ComponentElement._firstBuild (package:flutter/src/widgets/framework.dart:5705:5)
#501    ComponentElement.mount (package:flutter/src/widgets/framework.dart:5699:5)
#502    Element.inflateWidget (package:flutter/src/widgets/framework.dart:4548:16)
#503    Element.updateChild (package:flutter/src/widgets/framework.dart:4004:18)
#504    ComponentElement.performRebuild (package:flutter/src/widgets/framework.dart:5747:16)
#505    Element.rebuild (package:flutter/src/widgets/framework.dart:5435:7)
#506    ComponentElement._firstBuild (package:flutter/src/widgets/framework.dart:5705:5)
#507    ComponentElement.mount (package:flutter/src/widgets/framework.dart:5699:5)
#508    Element.inflateWidget (package:flutter/src/widgets/framework.dart:4548:16)
#509    Element.updateChild (package:flutter/src/widgets/framework.dart:4004:18)
#510    ComponentElement.performRebuild (package:flutter/src/widgets/framework.dart:5747:16)
#511    Element.rebuild (package:flutter/src/widgets/framework.dart:5435:7)
#512    ComponentElement._firstBuild (package:flutter/src/widgets/framework.dart:5705:5)
#513    ComponentElement.mount (package:flutter/src/widgets/framework.dart:5699:5)
#514    Element.inflateWidget (package:flutter/src/widgets/framework.dart:4548:16)
#515    Element.updateChild (package:flutter/src/widgets/framework.dart:4004:18)
#516    ComponentElement.performRebuild (package:flutter/src/widgets/framework.dart:5747:16)
#517    Element.rebuild (package:flutter/src/widgets/framework.dart:5435:7)
#518    ComponentElement._firstBuild (package:flutter/src/widgets/framework.dart:5705:5)
#519    ComponentElement.mount (package:flutter/src/widgets/framework.dart:5699:5)
#520    Element.inflateWidget (package:flutter/src/widgets/framework.dart:4548:16)
#521    Element.updateChild (package:flutter/src/widgets/framework.dart:4004:18)
#522    SingleChildRenderObjectElement.mount (package:flutter/src/widgets/framework.dart:7018:14)
#523    Element.inflateWidget (package:flutter/src/widgets/framework.dart:4548:16)
#524    Element.updateChild (package:flutter/src/widgets/framework.dart:4004:18)
#525    ComponentElement.performRebuild (package:flutter/src/widgets/framework.dart:5747:16)
#526    StatefulElement.performRebuild (package:flutter/src/widgets/framework.dart:5884:11)
#527    Element.rebuild (package:flutter/src/widgets/framework.dart:5435:7)
#528    ComponentElement._firstBuild (package:flutter/src/widgets/framework.dart:5705:5)
#529    StatefulElement._firstBuild (package:flutter/src/widgets/framework.dart:5875:11)
#530    ComponentElement.mount (package:flutter/src/widgets/framework.dart:5699:5)
#531    Element.inflateWidget (package:flutter/src/widgets/framework.dart:4548:16)
#532    Element.updateChild (package:flutter/src/widgets/framework.dart:4004:18)
#533    ComponentElement.performRebuild (package:flutter/src/widgets/framework.dart:5747:16)
#534    StatefulElement.performRebuild (package:flutter/src/widgets/framework.dart:5884:11)
#535    Element.rebuild (package:flutter/src/widgets/framework.dart:5435:7)
#536    ComponentElement._firstBuild (package:flutter/src/widgets/framework.dart:5705:5)
#537    StatefulElement._firstBuild (package:flutter/src/widgets/framework.dart:5875:11)
#538    ComponentElement.mount (package:flutter/src/widgets/framework.dart:5699:5)
#539    Element.inflateWidget (package:flutter/src/widgets/framework.dart:4548:16)
#540    Element.updateChild (package:flutter/src/widgets/framework.dart:4004:18)
#541    SingleChildRenderObjectElement.mount (package:flutter/src/widgets/framework.dart:7018:14)
#542    Element.inflateWidget (package:flutter/src/widgets/framework.dart:4548:16)
#543    Element.updateChild (package:flutter/src/widgets/framework.dart:4004:18)
#544    ComponentElement.performRebuild (package:flutter/src/widgets/framework.dart:5747:16)
#545    Element.rebuild (package:flutter/src/widgets/framework.dart:5435:7)
#546    ComponentElement._firstBuild (package:flutter/src/widgets/framework.dart:5705:5)
#547    ComponentElement.mount (package:flutter/src/widgets/framework.dart:5699:5)
#548    Element.inflateWidget (package:flutter/src/widgets/framework.dart:4548:16)
#549    Element.updateChild (package:flutter/src/widgets/framework.dart:4004:18)
#550    ComponentElement.performRebuild (package:flutter/src/widgets/framework.dart:5747:16)
#551    StatefulElement.performRebuild (package:flutter/src/widgets/framework.dart:5884:11)
#552    Element.rebuild (package:flutter/src/widgets/framework.dart:5435:7)
#553    ComponentElement._firstBuild (package:flutter/src/widgets/framework.dart:5705:5)
#554    StatefulElement._firstBuild (package:flutter/src/widgets/framework.dart:5875:11)
#555    ComponentElement.mount (package:flutter/src/widgets/framework.dart:5699:5)
#556    Element.inflateWidget (package:flutter/src/widgets/framework.dart:4548:16)
#557    Element.updateChild (package:flutter/src/widgets/framework.dart:4004:18)
#558    ComponentElement.performRebuild (package:flutter/src/widgets/framework.dart:5747:16)
#559    StatefulElement.performRebuild (package:flutter/src/widgets/framework.dart:5884:11)
#560    Element.rebuild (package:flutter/src/widgets/framework.dart:5435:7)
#561    ComponentElement._firstBuild (package:flutter/src/widgets/framework.dart:5705:5)
#562    StatefulElement._firstBuild (package:flutter/src/widgets/framework.dart:5875:11)
#563    ComponentElement.mount (package:flutter/src/widgets/framework.dart:5699:5)
#564    Element.inflateWidget (package:flutter/src/widgets/framework.dart:4548:16)
#565    Element.updateChild (package:flutter/src/widgets/framework.dart:4004:18)
#566    ComponentElement.performRebuild (package:flutter/src/widgets/framework.dart:5747:16)
#567    Element.rebuild (package:flutter/src/widgets/framework.dart:5435:7)
#568    ComponentElement._firstBuild (package:flutter/src/widgets/framework.dart:5705:5)
#569    ComponentElement.mount (package:flutter/src/widgets/framework.dart:5699:5)
#570    Element.inflateWidget (package:flutter/src/widgets/framework.dart:4548:16)
#571    Element.updateChild (package:flutter/src/widgets/framework.dart:4004:18)
#572    ComponentElement.performRebuild (package:flutter/src/widgets/framework.dart:5747:16)
#573    StatefulElement.performRebuild (package:flutter/src/widgets/framework.dart:5884:11)
#574    Element.rebuild (package:flutter/src/widgets/framework.dart:5435:7)
#575    ComponentElement._firstBuild (package:flutter/src/widgets/framework.dart:5705:5)
#576    StatefulElement._firstBuild (package:flutter/src/widgets/framework.dart:5875:11)
#577    ComponentElement.mount (package:flutter/src/widgets/framework.dart:5699:5)
#578    Element.inflateWidget (package:flutter/src/widgets/framework.dart:4548:16)
#579    Element.updateChild (package:flutter/src/widgets/framework.dart:4004:18)
#580    SingleChildRenderObjectElement.mount (package:flutter/src/widgets/framework.dart:7018:14)
#581    Element.inflateWidget (package:flutter/src/widgets/framework.dart:4548:16)
#582    Element.updateChild (package:flutter/src/widgets/framework.dart:4004:18)
#583    ComponentElement.performRebuild (package:flutter/src/widgets/framework.dart:5747:16)
#584    Element.rebuild (package:flutter/src/widgets/framework.dart:5435:7)
#585    ComponentElement._firstBuild (package:flutter/src/widgets/framework.dart:5705:5)
#586    ComponentElement.mount (package:flutter/src/widgets/framework.dart:5699:5)
#587    Element.inflateWidget (package:flutter/src/widgets/framework.dart:4548:16)
#588    Element.updateChild (package:flutter/src/widgets/framework.dart:4004:18)
#589    ComponentElement.performRebuild (package:flutter/src/widgets/framework.dart:5747:16)
#590    StatefulElement.performRebuild (package:flutter/src/widgets/framework.dart:5884:11)
#591    Element.rebuild (package:flutter/src/widgets/framework.dart:5435:7)
#592    ComponentElement._firstBuild (package:flutter/src/widgets/framework.dart:5705:5)
#593    StatefulElement._firstBuild (package:flutter/src/widgets/framework.dart:5875:11)
#594    ComponentElement.mount (package:flutter/src/widgets/framework.dart:5699:5)
#595    Element.inflateWidget (package:flutter/src/widgets/framework.dart:4548:16)
#596    Element.updateChild (package:flutter/src/widgets/framework.dart:4004:18)
#597    ComponentElement.performRebuild (package:flutter/src/widgets/framework.dart:5747:16)
#598    StatefulElement.performRebuild (package:flutter/src/widgets/framework.dart:5884:11)
#599    Element.rebuild (package:flutter/src/widgets/framework.dart:5435:7)
#600    ComponentElement._firstBuild (package:flutter/src/widgets/framework.dart:5705:5)
#601    StatefulElement._firstBuild (package:flutter/src/widgets/framework.dart:5875:11)
#602    ComponentElement.mount (package:flutter/src/widgets/framework.dart:5699:5)
#603    Element.inflateWidget (package:flutter/src/widgets/framework.dart:4548:16)
#604    Element.updateChild (package:flutter/src/widgets/framework.dart:4004:18)
#605    ComponentElement.performRebuild (package:flutter/src/widgets/framework.dart:5747:16)
#606    Element.rebuild (package:flutter/src/widgets/framework.dart:5435:7)
#607    ComponentElement._firstBuild (package:flutter/src/widgets/framework.dart:5705:5)
#608    ComponentElement.mount (package:flutter/src/widgets/framework.dart:5699:5)
#609    Element.inflateWidget (package:flutter/src/widgets/framework.dart:4548:16)
#610    Element.updateChild (package:flutter/src/widgets/framework.dart:4004:18)
#611    ComponentElement.performRebuild (package:flutter/src/widgets/framework.dart:5747:16)
#612    StatefulElement.performRebuild (package:flutter/src/widgets/framework.dart:5884:11)
#613    Element.rebuild (package:flutter/src/widgets/framework.dart:5435:7)
#614    ComponentElement._firstBuild (package:flutter/src/widgets/framework.dart:5705:5)
#615    StatefulElement._firstBuild (package:flutter/src/widgets/framework.dart:5875:11)
#616    ComponentElement.mount (package:flutter/src/widgets/framework.dart:5699:5)
#617    Element.inflateWidget (package:flutter/src/widgets/framework.dart:4548:16)
#618    Element.updateChild (package:flutter/src/widgets/framework.dart:4004:18)
#619    SingleChildRenderObjectElement.mount (package:flutter/src/widgets/framework.dart:7018:14)
#620    Element.inflateWidget (package:flutter/src/widgets/framework.dart:4548:16)
#621    Element.updateChild (package:flutter/src/widgets/framework.dart:4004:18)
#622    ComponentElement.performRebuild (package:flutter/src/widgets/framework.dart:5747:16)
#623    Element.rebuild (package:flutter/src/widgets/framework.dart:5435:7)
#624    ComponentElement._firstBuild (package:flutter/src/widgets/framework.dart:5705:5)
#625    ComponentElement.mount (package:flutter/src/widgets/framework.dart:5699:5)
#626    Element.inflateWidget (package:flutter/src/widgets/framework.dart:4548:16)
#627    Element.updateChild (package:flutter/src/widgets/framework.dart:4004:18)
#628    ComponentElement.performRebuild (package:flutter/src/widgets/framework.dart:5747:16)
#629    StatefulElement.performRebuild (package:flutter/src/widgets/framework.dart:5884:11)
#630    Element.rebuild (package:flutter/src/widgets/framework.dart:5435:7)
#631    ComponentElement._firstBuild (package:flutter/src/widgets/framework.dart:5705:5)
#632    StatefulElement._firstBuild (package:flutter/src/widgets/framework.dart:5875:11)
#633    ComponentElement.mount (package:flutter/src/widgets/framework.dart:5699:5)
#634    Element.inflateWidget (package:flutter/src/widgets/framework.dart:4548:16)
#635    Element.updateChild (package:flutter/src/widgets/framework.dart:4004:18)
#636    ComponentElement.performRebuild (package:flutter/src/widgets/framework.dart:5747:16)
#637    StatefulElement.performRebuild (package:flutter/src/widgets/framework.dart:5884:11)
#638    Element.rebuild (package:flutter/src/widgets/framework.dart:5435:7)
#639    ComponentElement._firstBuild (package:flutter/src/widgets/framework.dart:5705:5)
#640    StatefulElement._firstBuild (package:flutter/src/widgets/framework.dart:5875:11)
#641    ComponentElement.mount (package:flutter/src/widgets/framework.dart:5699:5)
#642    Element.inflateWidget (package:flutter/src/widgets/framework.dart:4548:16)
#643    Element.updateChild (package:flutter/src/widgets/framework.dart:4004:18)
#644    ComponentElement.performRebuild (package:flutter/src/widgets/framework.dart:5747:16)
#645    Element.rebuild (package:flutter/src/widgets/framework.dart:5435:7)
#646    ComponentElement._firstBuild (package:flutter/src/widgets/framework.dart:5705:5)
#647    ComponentElement.mount (package:flutter/src/widgets/framework.dart:5699:5)
#648    Element.inflateWidget (package:flutter/src/widgets/framework.dart:4548:16)
#649    Element.updateChild (package:flutter/src/widgets/framework.dart:4004:18)
#650    SingleChildRenderObjectElement.mount (package:flutter/src/widgets/framework.dart:7018:14)
#651    Element.inflateWidget (package:flutter/src/widgets/framework.dart:4548:16)
#652    Element.updateChild (package:flutter/src/widgets/framework.dart:4004:18)
#653    ComponentElement.performRebuild (package:flutter/src/widgets/framework.dart:5747:16)
#654    Element.rebuild (package:flutter/src/widgets/framework.dart:5435:7)
#655    ComponentElement._firstBuild (package:flutter/src/widgets/framework.dart:5705:5)
#656    ComponentElement.mount (package:flutter/src/widgets/framework.dart:5699:5)
#657    Element.inflateWidget (package:flutter/src/widgets/framework.dart:4548:16)
#658    Element.updateChild (package:flutter/src/widgets/framework.dart:4004:18)
#659    ComponentElement.performRebuild (package:flutter/src/widgets/framework.dart:5747:16)
#660    StatefulElement.performRebuild (package:flutter/src/widgets/framework.dart:5884:11)
#661    Element.rebuild (package:flutter/src/widgets/framework.dart:5435:7)
#662    ComponentElement._firstBuild (package:flutter/src/widgets/framework.dart:5705:5)
#663    StatefulElement._firstBuild (package:flutter/src/widgets/framework.dart:5875:11)
#664    ComponentElement.mount (package:flutter/src/widgets/framework.dart:5699:5)
#665    Element.inflateWidget (package:flutter/src/widgets/framework.dart:4548:16)
#666    Element.updateChild (package:flutter/src/widgets/framework.dart:4004:18)
#667    ComponentElement.performRebuild (package:flutter/src/widgets/framework.dart:5747:16)
#668    StatefulElement.performRebuild (package:flutter/src/widgets/framework.dart:5884:11)
#669    Element.rebuild (package:flutter/src/widgets/framework.dart:5435:7)
#670    ComponentElement._firstBuild (package:flutter/src/widgets/framework.dart:5705:5)
#671    StatefulElement._firstBuild (package:flutter/src/widgets/framework.dart:5875:11)
#672    ComponentElement.mount (package:flutter/src/widgets/framework.dart:5699:5)
#673    Element.inflateWidget (package:flutter/src/widgets/framework.dart:4548:16)
#674    Element.updateChild (package:flutter/src/widgets/framework.dart:4004:18)
#675    ComponentElement.performRebuild (package:flutter/src/widgets/framework.dart:5747:16)
#676    Element.rebuild (package:flutter/src/widgets/framework.dart:5435:7)
#677    ComponentElement._firstBuild (package:flutter/src/widgets/framework.dart:5705:5)
#678    ComponentElement.mount (package:flutter/src/widgets/framework.dart:5699:5)
#679    Element.inflateWidget (package:flutter/src/widgets/framework.dart:4548:16)
#680    Element.updateChild (package:flutter/src/widgets/framework.dart:4004:18)
#681    ComponentElement.performRebuild (package:flutter/src/widgets/framework.dart:5747:16)
#682    Element.rebuild (package:flutter/src/widgets/framework.dart:5435:7)
#683    ComponentElement._firstBuild (package:flutter/src/widgets/framework.dart:5705:5)
#684    ComponentElement.mount (package:flutter/src/widgets/framework.dart:5699:5)
#685    Element.inflateWidget (package:flutter/src/widgets/framework.dart:4548:16)
#686    Element.updateChild (package:flutter/src/widgets/framework.dart:4004:18)
#687    ComponentElement.performRebuild (package:flutter/src/widgets/framework.dart:5747:16)
#688    StatefulElement.performRebuild (package:flutter/src/widgets/framework.dart:5884:11)
#689    Element.rebuild (package:flutter/src/widgets/framework.dart:5435:7)
#690    ComponentElement._firstBuild (package:flutter/src/widgets/framework.dart:5705:5)
#691    StatefulElement._firstBuild (package:flutter/src/widgets/framework.dart:5875:11)
#692    ComponentElement.mount (package:flutter/src/widgets/framework.dart:5699:5)
#693    Element.inflateWidget (package:flutter/src/widgets/framework.dart:4548:16)
#694    Element.updateChild (package:flutter/src/widgets/framework.dart:4004:18)
#695    ComponentElement.performRebuild (package:flutter/src/widgets/framework.dart:5747:16)
#696    Element.rebuild (package:flutter/src/widgets/framework.dart:5435:7)
#697    ComponentElement._firstBuild (package:flutter/src/widgets/framework.dart:5705:5)
#698    ComponentElement.mount (package:flutter/src/widgets/framework.dart:5699:5)
#699    Element.inflateWidget (package:flutter/src/widgets/framework.dart:4548:16)
#700    Element.updateChild (package:flutter/src/widgets/framework.dart:4004:18)
#701    ComponentElement.performRebuild (package:flutter/src/widgets/framework.dart:5747:16)
#702    StatefulElement.performRebuild (package:flutter/src/widgets/framework.dart:5884:11)
#703    Element.rebuild (package:flutter/src/widgets/framework.dart:5435:7)
#704    ComponentElement._firstBuild (package:flutter/src/widgets/framework.dart:5705:5)
#705    StatefulElement._firstBuild (package:flutter/src/widgets/framework.dart:5875:11)
#706    ComponentElement.mount (package:flutter/src/widgets/framework.dart:5699:5)
#707    Element.inflateWidget (package:flutter/src/widgets/framework.dart:4548:16)
#708    Element.updateChild (package:flutter/src/widgets/framework.dart:4004:18)
#709    ComponentElement.performRebuild (package:flutter/src/widgets/framework.dart:5747:16)
#710    Element.rebuild (package:flutter/src/widgets/framework.dart:5435:7)
#711    ComponentElement._firstBuild (package:flutter/src/widgets/framework.dart:5705:5)
#712    ComponentElement.mount (package:flutter/src/widgets/framework.dart:5699:5)
#713    Element.inflateWidget (package:flutter/src/widgets/framework.dart:4548:16)
#714    Element.updateChild (package:flutter/src/widgets/framework.dart:4004:18)
#715    ComponentElement.performRebuild (package:flutter/src/widgets/framework.dart:5747:16)
#716    StatefulElement.performRebuild (package:flutter/src/widgets/framework.dart:5884:11)
#717    Element.rebuild (package:flutter/src/widgets/framework.dart:5435:7)
#718    ComponentElement._firstBuild (package:flutter/src/widgets/framework.dart:5705:5)
#719    StatefulElement._firstBuild (package:flutter/src/widgets/framework.dart:5875:11)
#720    ComponentElement.mount (package:flutter/src/widgets/framework.dart:5699:5)
#721    Element.inflateWidget (package:flutter/src/widgets/framework.dart:4548:16)
#722    Element.updateChild (package:flutter/src/widgets/framework.dart:4004:18)
#723    ComponentElement.performRebuild (package:flutter/src/widgets/framework.dart:5747:16)
#724    StatefulElement.performRebuild (package:flutter/src/widgets/framework.dart:5884:11)
#725    Element.rebuild (package:flutter/src/widgets/framework.dart:5435:7)
#726    ComponentElement._firstBuild (package:flutter/src/widgets/framework.dart:5705:5)
#727    StatefulElement._firstBuild (package:flutter/src/widgets/framework.dart:5875:11)
#728    ComponentElement.mount (package:flutter/src/widgets/framework.dart:5699:5)
#729    Element.inflateWidget (package:flutter/src/widgets/framework.dart:4548:16)
#730    Element.updateChild (package:flutter/src/widgets/framework.dart:4004:18)
#731    SingleChildRenderObjectElement.mount (package:flutter/src/widgets/framework.dart:7018:14)
#732    Element.inflateWidget (package:flutter/src/widgets/framework.dart:4548:16)
#733    Element.updateChild (package:flutter/src/widgets/framework.dart:4004:18)
#734    ComponentElement.performRebuild (package:flutter/src/widgets/framework.dart:5747:16)
#735    Element.rebuild (package:flutter/src/widgets/framework.dart:5435:7)
#736    ComponentElement._firstBuild (package:flutter/src/widgets/framework.dart:5705:5)
#737    ComponentElement.mount (package:flutter/src/widgets/framework.dart:5699:5)
#738    Element.inflateWidget (package:flutter/src/widgets/framework.dart:4548:16)
#739    Element.updateChild (package:flutter/src/widgets/framework.dart:4004:18)
#740    ComponentElement.performRebuild (package:flutter/src/widgets/framework.dart:5747:16)
#741    StatefulElement.performRebuild (package:flutter/src/widgets/framework.dart:5884:11)
#742    Element.rebuild (package:flutter/src/widgets/framework.dart:5435:7)
#743    ComponentElement._firstBuild (package:flutter/src/widgets/framework.dart:5705:5)
#744    StatefulElement._firstBuild (package:flutter/src/widgets/framework.dart:5875:11)
#745    ComponentElement.mount (package:flutter/src/widgets/framework.dart:5699:5)
#746    Element.inflateWidget (package:flutter/src/widgets/framework.dart:4548:16)
#747    Element.updateChild (package:flutter/src/widgets/framework.dart:4004:18)
#748    ComponentElement.performRebuild (package:flutter/src/widgets/framework.dart:5747:16)
#749    Element.rebuild (package:flutter/src/widgets/framework.dart:5435:7)
#750    ComponentElement._firstBuild (package:flutter/src/widgets/framework.dart:5705:5)
#751    ComponentElement.mount (package:flutter/src/widgets/framework.dart:5699:5)
#752    Element.inflateWidget (package:flutter/src/widgets/framework.dart:4548:16)
#753    Element.updateChild (package:flutter/src/widgets/framework.dart:4004:18)
#754    ComponentElement.performRebuild (package:flutter/src/widgets/framework.dart:5747:16)
#755    Element.rebuild (package:flutter/src/widgets/framework.dart:5435:7)
#756    ComponentElement._firstBuild (package:flutter/src/widgets/framework.dart:5705:5)
#757    ComponentElement.mount (package:flutter/src/widgets/framework.dart:5699:5)
#758    Element.inflateWidget (package:flutter/src/widgets/framework.dart:4548:16)
#759    Element.updateChild (package:flutter/src/widgets/framework.dart:4004:18)
#760    ComponentElement.performRebuild (package:flutter/src/widgets/framework.dart:5747:16)
#761    StatefulElement.performRebuild (package:flutter/src/widgets/framework.dart:5884:11)
#762    Element.rebuild (package:flutter/src/widgets/framework.dart:5435:7)
#763    ComponentElement._firstBuild (package:flutter/src/widgets/framework.dart:5705:5)
#764    StatefulElement._firstBuild (package:flutter/src/widgets/framework.dart:5875:11)
#765    ComponentElement.mount (package:flutter/src/widgets/framework.dart:5699:5)
#766    Element.inflateWidget (package:flutter/src/widgets/framework.dart:4548:16)
#767    Element.updateChild (package:flutter/src/widgets/framework.dart:4004:18)
#768    ComponentElement.performRebuild (package:flutter/src/widgets/framework.dart:5747:16)
#769    Element.rebuild (package:flutter/src/widgets/framework.dart:5435:7)
#770    ComponentElement._firstBuild (package:flutter/src/widgets/framework.dart:5705:5)
#771    ComponentElement.mount (package:flutter/src/widgets/framework.dart:5699:5)
#772    _UncontrolledProviderScopeElement.mount (package:flutter_riverpod/src/framework.dart:315:11)
#773    Element.inflateWidget (package:flutter/src/widgets/framework.dart:4548:16)
#774    Element.updateChild (package:flutter/src/widgets/framework.dart:4004:18)
#775    ComponentElement.performRebuild (package:flutter/src/widgets/framework.dart:5747:16)
#776    StatefulElement.performRebuild (package:flutter/src/widgets/framework.dart:5884:11)
#777    Element.rebuild (package:flutter/src/widgets/framework.dart:5435:7)
#778    ComponentElement._firstBuild (package:flutter/src/widgets/framework.dart:5705:5)
#779    StatefulElement._firstBuild (package:flutter/src/widgets/framework.dart:5875:11)
#780    ComponentElement.mount (package:flutter/src/widgets/framework.dart:5699:5)
#781    Element.inflateWidget (package:flutter/src/widgets/framework.dart:4548:16)
#782    Element.updateChild (package:flutter/src/widgets/framework.dart:3998:20)
#783    ComponentElement.performRebuild (package:flutter/src/widgets/framework.dart:5747:16)
#784    Element.rebuild (package:flutter/src/widgets/framework.dart:5435:7)
#785    ProxyElement.update (package:flutter/src/widgets/framework.dart:6051:5)
#786    _InheritedNotifierElement.update (package:flutter/src/widgets/inherited_notifier.dart:108:11)
#787    Element.updateChild (package:flutter/src/widgets/framework.dart:3982:15)
#788    ComponentElement.performRebuild (package:flutter/src/widgets/framework.dart:5747:16)
#789    StatefulElement.performRebuild (package:flutter/src/widgets/framework.dart:5884:11)
#790    Element.rebuild (package:flutter/src/widgets/framework.dart:5435:7)
#791    StatefulElement.update (package:flutter/src/widgets/framework.dart:5909:5)
#792    Element.updateChild (package:flutter/src/widgets/framework.dart:3982:15)
#793    ComponentElement.performRebuild (package:flutter/src/widgets/framework.dart:5747:16)
#794    Element.rebuild (package:flutter/src/widgets/framework.dart:5435:7)
#795    ProxyElement.update (package:flutter/src/widgets/framework.dart:6051:5)
#796    _InheritedNotifierElement.update (package:flutter/src/widgets/inherited_notifier.dart:108:11)
#797    Element.updateChild (package:flutter/src/widgets/framework.dart:3982:15)
#798    ComponentElement.performRebuild (package:flutter/src/widgets/framework.dart:5747:16)
#799    StatefulElement.performRebuild (package:flutter/src/widgets/framework.dart:5884:11)
#800    Element.rebuild (package:flutter/src/widgets/framework.dart:5435:7)
#801    StatefulElement.update (package:flutter/src/widgets/framework.dart:5909:5)
#802    Element.updateChild (package:flutter/src/widgets/framework.dart:3982:15)
#803    ComponentElement.performRebuild (package:flutter/src/widgets/framework.dart:5747:16)
#804    StatefulElement.performRebuild (package:flutter/src/widgets/framework.dart:5884:11)
#805    Element.rebuild (package:flutter/src/widgets/framework.dart:5435:7)
#806    StatefulElement.update (package:flutter/src/widgets/framework.dart:5909:5)
#807    Element.updateChild (package:flutter/src/widgets/framework.dart:3982:15)
#808    ComponentElement.performRebuild (package:flutter/src/widgets/framework.dart:5747:16)
#809    Element.rebuild (package:flutter/src/widgets/framework.dart:5435:7)
#810    ProxyElement.update (package:flutter/src/widgets/framework.dart:6051:5)
#811    Element.updateChild (package:flutter/src/widgets/framework.dart:3982:15)
#812    ComponentElement.performRebuild (package:flutter/src/widgets/framework.dart:5747:16)
#813    StatefulElement.performRebuild (package:flutter/src/widgets/framework.dart:5884:11)
#814    Element.rebuild (package:flutter/src/widgets/framework.dart:5435:7)
#815    StatefulElement.update (package:flutter/src/widgets/framework.dart:5909:5)
#816    Element.updateChild (package:flutter/src/widgets/framework.dart:3982:15)
#817    ComponentElement.performRebuild (package:flutter/src/widgets/framework.dart:5747:16)
#818    Element.rebuild (package:flutter/src/widgets/framework.dart:5435:7)
#819    ProxyElement.update (package:flutter/src/widgets/framework.dart:6051:5)
#820    Element.updateChild (package:flutter/src/widgets/framework.dart:3982:15)
#821    ComponentElement.performRebuild (package:flutter/src/widgets/framework.dart:5747:16)
#822    Element.rebuild (package:flutter/src/widgets/framework.dart:5435:7)
#823    ProxyElement.update (package:flutter/src/widgets/framework.dart:6051:5)
#824    Element.updateChild (package:flutter/src/widgets/framework.dart:3982:15)
#825    _RawViewElement._updateChild (package:flutter/src/widgets/view.dart:481:16)
#826    _RawViewElement.update (package:flutter/src/widgets/view.dart:568:5)
#827    Element.updateChild (package:flutter/src/widgets/framework.dart:3982:15)
#828    ComponentElement.performRebuild (package:flutter/src/widgets/framework.dart:5747:16)
#829    Element.rebuild (package:flutter/src/widgets/framework.dart:5435:7)
#830    StatelessElement.update (package:flutter/src/widgets/framework.dart:5797:5)
#831    Element.updateChild (package:flutter/src/widgets/framework.dart:3982:15)
#832    ComponentElement.performRebuild (package:flutter/src/widgets/framework.dart:5747:16)
#833    StatefulElement.performRebuild (package:flutter/src/widgets/framework.dart:5884:11)
#834    Element.rebuild (package:flutter/src/widgets/framework.dart:5435:7)
#835    StatefulElement.update (package:flutter/src/widgets/framework.dart:5909:5)
#836    Element.updateChild (package:flutter/src/widgets/framework.dart:3982:15)
#837    RootElement._rebuild (package:flutter/src/widgets/binding.dart:1716:16)
#838    RootElement.update (package:flutter/src/widgets/binding.dart:1694:5)
#839    RootElement.performRebuild (package:flutter/src/widgets/binding.dart:1708:7)
#840    Element.rebuild (package:flutter/src/widgets/framework.dart:5435:7)
#841    BuildScope._tryRebuild (package:flutter/src/widgets/framework.dart:2695:15)
#842    BuildScope._flushDirtyElements (package:flutter/src/widgets/framework.dart:2752:11)
#843    BuildOwner.buildScope (package:flutter/src/widgets/framework.dart:3056:18)
#844    AutomatedTestWidgetsFlutterBinding.drawFrame (package:flutter_test/src/binding.dart:1506:19)
#845    RendererBinding._handlePersistentFrameCallback (package:flutter/src/rendering/binding.dart:495:5)
#846    SchedulerBinding._invokeFrameCallback (package:flutter/src/scheduler/binding.dart:1434:15)
#847    SchedulerBinding.handleDrawFrame (package:flutter/src/scheduler/binding.dart:1347:9)
#848    AutomatedTestWidgetsFlutterBinding.pump.<anonymous closure> (package:flutter_test/src/binding.dart:1335:9)
#849    _rootRun (dart:async/zone.dart:1525:13)
#850    _CustomZone.run (dart:async/zone.dart:1422:19)
#851    TestAsyncUtils.guard (package:flutter_test/src/test_async_utils.dart:74:41)
#852    AutomatedTestWidgetsFlutterBinding.pump (package:flutter_test/src/binding.dart:1324:27)
#853    WidgetTester.pumpWidget.<anonymous closure> (package:flutter_test/src/widget_tester.dart:598:22)
#854    _rootRun (dart:async/zone.dart:1525:13)
#855    _CustomZone.run (dart:async/zone.dart:1422:19)
#856    TestAsyncUtils.guard (package:flutter_test/src/test_async_utils.dart:74:41)
#857    WidgetTester.pumpWidget (package:flutter_test/src/widget_tester.dart:595:27)
#858    main.<anonymous closure>.<anonymous closure> (file:///home/bootcamp/Proyectos-2026/Proyectos-Varios/Finanzas-Familiares-AS/test/presentation/screens/notification_settings_screen_test.dart:30:20)
#859    testWidgets.<anonymous closure>.<anonymous closure> (package:flutter_test/src/widget_tester.dart:192:29)
<asynchronous suspension>
#860    TestWidgetsFlutterBinding._runTestBody (package:flutter_test/src/binding.dart:1059:5)
<asynchronous suspension>
#861    StackZoneSpecification._registerCallback.<anonymous closure> (package:stack_trace/src/stack_zone_specification.dart:114:42)
<asynchronous suspension>
This warning will only appear on debug builds.
00:22 +870 -1: /home/bootcamp/Proyectos-2026/Proyectos-Varios/Finanzas-Familiares-AS/test/presentation/screens/transaction_form_screen_test.dart: ... Widget Tests muestra título Nueva Transacción    00:22 +871 -1: /home/bootcamp/Proyectos-2026/Proyectos-Varios/Finanzas-Familiares-AS/test/presentation/screens/transaction_form_screen_test.dart: ... Widget Tests muestra título Nueva Transacción    00:22 +872 -1: /home/bootcamp/Proyectos-2026/Proyectos-Varios/Finanzas-Familiares-AS/test/presentation/screens/transaction_form_screen_test.dart: ... Widget Tests muestra título Nueva Transacción    00:22 +872 -1: /home/bootcamp/Proyectos-2026/Proyectos-Varios/Finanzas-Familiares-AS/test/presentation/screens/notification_settings_screen_test.dart: NotificationSettingsScreen muestra switch de notificaciones globales
══╡ EXCEPTION CAUGHT BY FLUTTER TEST FRAMEWORK ╞════════════════════════════════════════════════════
The following TestFailure was thrown running a test:
Expected: exactly one matching candidate
  Actual: _TextWidgetFinder:<Found 0 widgets with text "Activar/desactivar todas las
notificaciones": []>
   Which: means none were found but one was expected

When the exception was thrown, this was the stack:
#4      main.<anonymous closure>.<anonymous closure> (file:///home/bootcamp/Proyectos-2026/Proyectos-Varios/Finanzas-Familiares-AS/test/presentation/screens/notification_settings_screen_test.dart:33:7)
<asynchronous suspension>
#5      testWidgets.<anonymous closure>.<anonymous closure> (package:flutter_test/src/widget_tester.dart:192:15)
<asynchronous suspension>
#6      TestWidgetsFlutterBinding._runTestBody (package:flutter_test/src/binding.dart:1059:5)
<asynchronous suspension>
<asynchronous suspension>
(elided one frame from package:stack_trace)

This was caught by the test expectation on the following line:
  file:///home/bootcamp/Proyectos-2026/Proyectos-Varios/Finanzas-Familiares-AS/test/presentation/screens/notification_settings_screen_test.dart line 33
The test description was:
  muestra switch de notificaciones globales
════════════════════════════════════════════════════════════════════════════════════════════════════
00:22 +872 -2: /home/bootcamp/Proyectos-2026/Proyectos-Varios/Finanzas-Familiares-AS/test/presentation/screens/notification_settings_screen_test.dart: NotificationSettingsScreen muestra switch de notificaciones globales [E]
  Test failed. See exception logs above.
  The test description was: muestra switch de notificaciones globales
  

To run this test again: /home/bootcamp/flutter/bin/cache/dart-sdk/bin/dart test /home/bootcamp/Proyectos-2026/Proyectos-Varios/Finanzas-Familiares-AS/test/presentation/screens/notification_settings_screen_test.dart -p vm --plain-name 'NotificationSettingsScreen muestra switch de notificaciones globales'
00:22 +872 -2: /home/bootcamp/Proyectos-2026/Proyectos-Varios/Finanzas-Familiares-AS/test/presentation/screens/notification_settings_screen_test.dart: NotificationSettingsScreen muestra sección de alertas de presupuesto
WARNING (drift): It looks like you've created the database class AppDatabase multiple times. When these two databases use the same QueryExecutor, race conditions will occur and might corrupt the database. 
Try to follow the advice at https://drift.simonbinder.eu/faq/#using-the-database or, if you know what you're doing, set driftRuntimeOptions.dontWarnAboutMultipleDatabases = true
Here is the stacktrace from when the database was opened a second time:
#0      GeneratedDatabase._handleInstantiated (package:drift/src/runtime/api/db_base.dart:96:30)
#1      GeneratedDatabase._whenConstructed (package:drift/src/runtime/api/db_base.dart:73:12)
#2      new GeneratedDatabase (package:drift/src/runtime/api/db_base.dart:64:5)
#3      new _$AppDatabase (package:finanzas_familiares/data/local/database.g.dart:14435:36)
#4      new AppDatabase (package:finanzas_familiares/data/local/database.dart:56:19)
#5      appDatabase (package:finanzas_familiares/application/providers/user_settings_provider.dart:49:10)
#6      Provider._create (package:riverpod/src/provider/base.dart:59:57)
#7      ProviderElement.create (package:riverpod/src/provider/base.dart:345:23)
#8      ProviderElementBase.buildState (package:riverpod/src/framework/element.dart:426:7)
#9      ProviderElementBase.mount (package:riverpod/src/framework/element.dart:228:5)
#10     _StateReader._create (package:riverpod/src/framework/container.dart:47:11)
#11     _StateReader.getElement (package:riverpod/src/framework/container.dart:35:52)
#12     ProviderContainer.readProviderElement (package:riverpod/src/framework/container.dart:479:19)
#13     ProviderElementBase._debugAssertCanDependOn.<anonymous closure> (package:riverpod/src/framework/element.dart:624:42)
#14     ProviderElementBase._debugAssertCanDependOn (package:riverpod/src/framework/element.dart:667:8)
#15     ProviderElementBase.watch (package:riverpod/src/framework/element.dart:714:12)
#16     userSettingsRepository (package:finanzas_familiares/application/providers/user_settings_provider.dart:15:24)
#17     Provider._create (package:riverpod/src/provider/base.dart:59:57)
#18     ProviderElement.create (package:riverpod/src/provider/base.dart:345:23)
#19     ProviderElementBase.buildState (package:riverpod/src/framework/element.dart:426:7)
#20     ProviderElementBase.mount (package:riverpod/src/framework/element.dart:228:5)
#21     _StateReader._create (package:riverpod/src/framework/container.dart:47:11)
#22     _StateReader.getElement (package:riverpod/src/framework/container.dart:35:52)
#23     ProviderContainer.readProviderElement (package:riverpod/src/framework/container.dart:479:19)
#24     ProviderElementBase._debugAssertCanDependOn.<anonymous closure> (package:riverpod/src/framework/element.dart:624:42)
#25     ProviderElementBase._debugAssertCanDependOn (package:riverpod/src/framework/element.dart:667:8)
#26     ProviderElementBase.watch (package:riverpod/src/framework/element.dart:714:12)
#27     userSettings (package:finanzas_familiares/application/providers/user_settings_provider.dart:29:26)
#28     StreamProvider._create (package:riverpod/src/stream_provider/base.dart:125:63)
#29     StreamProviderElement.create.<anonymous closure> (package:riverpod/src/stream_provider/base.dart:172:25)
#30     FutureHandlerProviderElementMixin.handleStream.<anonymous closure> (package:riverpod/src/async_notifier/base.dart:309:31)
#31     FutureHandlerProviderElementMixin._handleAsync (package:riverpod/src/async_notifier/base.dart:388:47)
#32     FutureHandlerProviderElementMixin.handleStream (package:riverpod/src/async_notifier/base.dart:303:5)
#33     StreamProviderElement.create (package:riverpod/src/stream_provider/base.dart:169:5)
#34     ProviderElementBase.buildState (package:riverpod/src/framework/element.dart:426:7)
#35     ProviderElementBase.mount (package:riverpod/src/framework/element.dart:228:5)
#36     _StateReader._create (package:riverpod/src/framework/container.dart:47:11)
#37     _StateReader.getElement (package:riverpod/src/framework/container.dart:35:52)
#38     ProviderContainer.readProviderElement (package:riverpod/src/framework/container.dart:479:19)
#39     ProviderElementBase._debugAssertCanDependOn.<anonymous closure> (package:riverpod/src/framework/element.dart:624:42)
#40     ProviderElementBase._debugAssertCanDependOn (package:riverpod/src/framework/element.dart:667:8)
#41     ProviderElementBase.listen (package:riverpod/src/framework/element.dart:761:12)
#42     NotificationSettingsNotifier.build (package:finanzas_familiares/application/providers/notification_provider.dart:56:9)
#43     AutoDisposeAsyncNotifierProviderImpl.runNotifierBuild (package:riverpod/src/async_notifier/auto_dispose.dart:101:54)
#44     AsyncNotifierProviderElement.create.<anonymous closure>.<anonymous closure> (package:riverpod/src/async_notifier/base.dart:547:26)
#45     FutureHandlerProviderElementMixin.handleFuture.<anonymous closure> (package:riverpod/src/async_notifier/base.dart:341:30)
#46     FutureHandlerProviderElementMixin._handleAsync (package:riverpod/src/async_notifier/base.dart:388:47)
#47     FutureHandlerProviderElementMixin.handleFuture (package:riverpod/src/async_notifier/base.dart:335:5)
#48     AsyncNotifierProviderElement.create.<anonymous closure> (package:riverpod/src/async_notifier/base.dart:546:9)
#49     ResultData.when (package:riverpod/src/result.dart:82:16)
#50     AsyncNotifierProviderElement.create (package:riverpod/src/async_notifier/base.dart:541:20)
#51     ProviderElementBase.buildState (package:riverpod/src/framework/element.dart:426:7)
#52     ProviderElementBase.mount (package:riverpod/src/framework/element.dart:228:5)
#53     _StateReader._create (package:riverpod/src/framework/container.dart:47:11)
#54     _StateReader.getElement (package:riverpod/src/framework/container.dart:35:52)
#55     ProviderContainer.readProviderElement.<anonymous closure> (package:riverpod/src/framework/container.dart:440:40)
#56     ProviderContainer.readProviderElement (package:riverpod/src/framework/container.dart:475:8)
#57     ProviderBase.addListener (package:riverpod/src/framework/provider_base.dart:79:26)
#58     ProviderContainer.listen (package:riverpod/src/framework/container.dart:280:21)
#59     ConsumerStatefulElement.watch.<anonymous closure> (package:flutter_riverpod/src/consumer.dart:564:25)
#60     _LinkedHashMapMixin.putIfAbsent (dart:_compact_hash:674:23)
#61     ConsumerStatefulElement.watch (package:flutter_riverpod/src/consumer.dart:557:26)
#62     NotificationSettingsScreen.build (package:finanzas_familiares/presentation/screens/notification_settings_screen.dart:12:31)
#63     _ConsumerState.build (package:flutter_riverpod/src/consumer.dart:476:19)
#64     StatefulElement.build (package:flutter/src/widgets/framework.dart:5833:27)
#65     ConsumerStatefulElement.build (package:flutter_riverpod/src/consumer.dart:539:20)
#66     ComponentElement.performRebuild (package:flutter/src/widgets/framework.dart:5723:15)
#67     StatefulElement.performRebuild (package:flutter/src/widgets/framework.dart:5884:11)
#68     Element.rebuild (package:flutter/src/widgets/framework.dart:5435:7)
#69     ComponentElement._firstBuild (package:flutter/src/widgets/framework.dart:5705:5)
#70     StatefulElement._firstBuild (package:flutter/src/widgets/framework.dart:5875:11)
#71     ComponentElement.mount (package:flutter/src/widgets/framework.dart:5699:5)
#72     Element.inflateWidget (package:flutter/src/widgets/framework.dart:4548:16)
#73     Element.updateChild (package:flutter/src/widgets/framework.dart:4004:18)
#74     SingleChildRenderObjectElement.mount (package:flutter/src/widgets/framework.dart:7018:14)
#75     Element.inflateWidget (package:flutter/src/widgets/framework.dart:4548:16)
#76     Element.updateChild (package:flutter/src/widgets/framework.dart:4004:18)
#77     ComponentElement.performRebuild (package:flutter/src/widgets/framework.dart:5747:16)
#78     Element.rebuild (package:flutter/src/widgets/framework.dart:5435:7)
#79     ComponentElement._firstBuild (package:flutter/src/widgets/framework.dart:5705:5)
#80     ComponentElement.mount (package:flutter/src/widgets/framework.dart:5699:5)
#81     Element.inflateWidget (package:flutter/src/widgets/framework.dart:4548:16)
#82     Element.updateChild (package:flutter/src/widgets/framework.dart:4004:18)
#83     SingleChildRenderObjectElement.mount (package:flutter/src/widgets/framework.dart:7018:14)
#84     Element.inflateWidget (package:flutter/src/widgets/framework.dart:4548:16)
#85     Element.updateChild (package:flutter/src/widgets/framework.dart:4004:18)
#86     SingleChildRenderObjectElement.mount (package:flutter/src/widgets/framework.dart:7018:14)
#87     Element.inflateWidget (package:flutter/src/widgets/framework.dart:4548:16)
#88     Element.updateChild (package:flutter/src/widgets/framework.dart:4004:18)
#89     ComponentElement.performRebuild (package:flutter/src/widgets/framework.dart:5747:16)
#90     StatefulElement.performRebuild (package:flutter/src/widgets/framework.dart:5884:11)
#91     Element.rebuild (package:flutter/src/widgets/framework.dart:5435:7)
#92     ComponentElement._firstBuild (package:flutter/src/widgets/framework.dart:5705:5)
#93     StatefulElement._firstBuild (package:flutter/src/widgets/framework.dart:5875:11)
#94     ComponentElement.mount (package:flutter/src/widgets/framework.dart:5699:5)
#95     Element.inflateWidget (package:flutter/src/widgets/framework.dart:4548:16)
#96     Element.updateChild (package:flutter/src/widgets/framework.dart:4004:18)
#97     SingleChildRenderObjectElement.mount (package:flutter/src/widgets/framework.dart:7018:14)
#98     Element.inflateWidget (package:flutter/src/widgets/framework.dart:4548:16)
#99     Element.updateChild (package:flutter/src/widgets/framework.dart:4004:18)
#100    ComponentElement.performRebuild (package:flutter/src/widgets/framework.dart:5747:16)
#101    StatefulElement.performRebuild (package:flutter/src/widgets/framework.dart:5884:11)
#102    Element.rebuild (package:flutter/src/widgets/framework.dart:5435:7)
#103    ComponentElement._firstBuild (package:flutter/src/widgets/framework.dart:5705:5)
#104    StatefulElement._firstBuild (package:flutter/src/widgets/framework.dart:5875:11)
#105    ComponentElement.mount (package:flutter/src/widgets/framework.dart:5699:5)
#106    Element.inflateWidget (package:flutter/src/widgets/framework.dart:4548:16)
#107    Element.updateChild (package:flutter/src/widgets/framework.dart:4004:18)
#108    SingleChildRenderObjectElement.mount (package:flutter/src/widgets/framework.dart:7018:14)
#109    Element.inflateWidget (package:flutter/src/widgets/framework.dart:4548:16)
#110    Element.updateChild (package:flutter/src/widgets/framework.dart:4004:18)
#111    ComponentElement.performRebuild (package:flutter/src/widgets/framework.dart:5747:16)
#112    StatefulElement.performRebuild (package:flutter/src/widgets/framework.dart:5884:11)
#113    Element.rebuild (package:flutter/src/widgets/framework.dart:5435:7)
#114    ComponentElement._firstBuild (package:flutter/src/widgets/framework.dart:5705:5)
#115    StatefulElement._firstBuild (package:flutter/src/widgets/framework.dart:5875:11)
#116    ComponentElement.mount (package:flutter/src/widgets/framework.dart:5699:5)
#117    Element.inflateWidget (package:flutter/src/widgets/framework.dart:4548:16)
#118    Element.updateChild (package:flutter/src/widgets/framework.dart:4004:18)
#119    ComponentElement.performRebuild (package:flutter/src/widgets/framework.dart:5747:16)
#120    StatefulElement.performRebuild (package:flutter/src/widgets/framework.dart:5884:11)
#121    Element.rebuild (package:flutter/src/widgets/framework.dart:5435:7)
#122    ComponentElement._firstBuild (package:flutter/src/widgets/framework.dart:5705:5)
#123    StatefulElement._firstBuild (package:flutter/src/widgets/framework.dart:5875:11)
#124    ComponentElement.mount (package:flutter/src/widgets/framework.dart:5699:5)
#125    Element.inflateWidget (package:flutter/src/widgets/framework.dart:4548:16)
#126    Element.updateChild (package:flutter/src/widgets/framework.dart:4004:18)
#127    SingleChildRenderObjectElement.mount (package:flutter/src/widgets/framework.dart:7018:14)
#128    Element.inflateWidget (package:flutter/src/widgets/framework.dart:4548:16)
#129    Element.updateChild (package:flutter/src/widgets/framework.dart:4004:18)
#130    ComponentElement.performRebuild (package:flutter/src/widgets/framework.dart:5747:16)
#131    StatefulElement.performRebuild (package:flutter/src/widgets/framework.dart:5884:11)
#132    Element.rebuild (package:flutter/src/widgets/framework.dart:5435:7)
#133    ComponentElement._firstBuild (package:flutter/src/widgets/framework.dart:5705:5)
#134    StatefulElement._firstBuild (package:flutter/src/widgets/framework.dart:5875:11)
#135    ComponentElement.mount (package:flutter/src/widgets/framework.dart:5699:5)
#136    Element.inflateWidget (package:flutter/src/widgets/framework.dart:4548:16)
#137    Element.updateChild (package:flutter/src/widgets/framework.dart:4004:18)
#138    SingleChildRenderObjectElement.mount (package:flutter/src/widgets/framework.dart:7018:14)
#139    Element.inflateWidget (package:flutter/src/widgets/framework.dart:4548:16)
#140    Element.updateChild (package:flutter/src/widgets/framework.dart:4004:18)
#141    ComponentElement.performRebuild (package:flutter/src/widgets/framework.dart:5747:16)
#142    StatefulElement.performRebuild (package:flutter/src/widgets/framework.dart:5884:11)
#143    Element.rebuild (package:flutter/src/widgets/framework.dart:5435:7)
#144    ComponentElement._firstBuild (package:flutter/src/widgets/framework.dart:5705:5)
#145    StatefulElement._firstBuild (package:flutter/src/widgets/framework.dart:5875:11)
#146    ComponentElement.mount (package:flutter/src/widgets/framework.dart:5699:5)
#147    Element.inflateWidget (package:flutter/src/widgets/framework.dart:4548:16)
#148    Element.updateChild (package:flutter/src/widgets/framework.dart:4004:18)
#149    ComponentElement.performRebuild (package:flutter/src/widgets/framework.dart:5747:16)
#150    StatefulElement.performRebuild (package:flutter/src/widgets/framework.dart:5884:11)
#151    Element.rebuild (package:flutter/src/widgets/framework.dart:5435:7)
#152    ComponentElement._firstBuild (package:flutter/src/widgets/framework.dart:5705:5)
#153    StatefulElement._firstBuild (package:flutter/src/widgets/framework.dart:5875:11)
#154    ComponentElement.mount (package:flutter/src/widgets/framework.dart:5699:5)
#155    Element.inflateWidget (package:flutter/src/widgets/framework.dart:4548:16)
#156    Element.updateChild (package:flutter/src/widgets/framework.dart:4004:18)
#157    ComponentElement.performRebuild (package:flutter/src/widgets/framework.dart:5747:16)
#158    Element.rebuild (package:flutter/src/widgets/framework.dart:5435:7)
#159    ComponentElement._firstBuild (package:flutter/src/widgets/framework.dart:5705:5)
#160    ComponentElement.mount (package:flutter/src/widgets/framework.dart:5699:5)
#161    Element.inflateWidget (package:flutter/src/widgets/framework.dart:4548:16)
#162    Element.updateChild (package:flutter/src/widgets/framework.dart:4004:18)
#163    ComponentElement.performRebuild (package:flutter/src/widgets/framework.dart:5747:16)
#164    StatefulElement.performRebuild (package:flutter/src/widgets/framework.dart:5884:11)
#165    Element.rebuild (package:flutter/src/widgets/framework.dart:5435:7)
#166    ComponentElement._firstBuild (package:flutter/src/widgets/framework.dart:5705:5)
#167    StatefulElement._firstBuild (package:flutter/src/widgets/framework.dart:5875:11)
#168    ComponentElement.mount (package:flutter/src/widgets/framework.dart:5699:5)
#169    Element.inflateWidget (package:flutter/src/widgets/framework.dart:4548:16)
#170    Element.updateChild (package:flutter/src/widgets/framework.dart:4004:18)
#171    ComponentElement.performRebuild (package:flutter/src/widgets/framework.dart:5747:16)
#172    StatefulElement.performRebuild (package:flutter/src/widgets/framework.dart:5884:11)
#173    Element.rebuild (package:flutter/src/widgets/framework.dart:5435:7)
#174    ComponentElement._firstBuild (package:flutter/src/widgets/framework.dart:5705:5)
#175    StatefulElement._firstBuild (package:flutter/src/widgets/framework.dart:5875:11)
#176    ComponentElement.mount (package:flutter/src/widgets/framework.dart:5699:5)
#177    Element.inflateWidget (package:flutter/src/widgets/framework.dart:4548:16)
#178    Element.updateChild (package:flutter/src/widgets/framework.dart:4004:18)
#179    SingleChildRenderObjectElement.mount (package:flutter/src/widgets/framework.dart:7018:14)
#180    Element.inflateWidget (package:flutter/src/widgets/framework.dart:4548:16)
#181    Element.updateChild (package:flutter/src/widgets/framework.dart:4004:18)
#182    ComponentElement.performRebuild (package:flutter/src/widgets/framework.dart:5747:16)
#183    Element.rebuild (package:flutter/src/widgets/framework.dart:5435:7)
#184    ComponentElement._firstBuild (package:flutter/src/widgets/framework.dart:5705:5)
#185    ComponentElement.mount (package:flutter/src/widgets/framework.dart:5699:5)
#186    Element.inflateWidget (package:flutter/src/widgets/framework.dart:4548:16)
#187    Element.updateChild (package:flutter/src/widgets/framework.dart:4004:18)
#188    SingleChildRenderObjectElement.mount (package:flutter/src/widgets/framework.dart:7018:14)
#189    Element.inflateWidget (package:flutter/src/widgets/framework.dart:4548:16)
#190    Element.updateChild (package:flutter/src/widgets/framework.dart:4004:18)
#191    ComponentElement.performRebuild (package:flutter/src/widgets/framework.dart:5747:16)
#192    StatefulElement.performRebuild (package:flutter/src/widgets/framework.dart:5884:11)
#193    Element.rebuild (package:flutter/src/widgets/framework.dart:5435:7)
#194    ComponentElement._firstBuild (package:flutter/src/widgets/framework.dart:5705:5)
#195    StatefulElement._firstBuild (package:flutter/src/widgets/framework.dart:5875:11)
#196    ComponentElement.mount (package:flutter/src/widgets/framework.dart:5699:5)
#197    Element.inflateWidget (package:flutter/src/widgets/framework.dart:4548:16)
#198    Element.updateChild (package:flutter/src/widgets/framework.dart:4004:18)
#199    ComponentElement.performRebuild (package:flutter/src/widgets/framework.dart:5747:16)
#200    Element.rebuild (package:flutter/src/widgets/framework.dart:5435:7)
#201    ComponentElement._firstBuild (package:flutter/src/widgets/framework.dart:5705:5)
#202    ComponentElement.mount (package:flutter/src/widgets/framework.dart:5699:5)
#203    Element.inflateWidget (package:flutter/src/widgets/framework.dart:4548:16)
#204    Element.updateChild (package:flutter/src/widgets/framework.dart:4004:18)
#205    ComponentElement.performRebuild (package:flutter/src/widgets/framework.dart:5747:16)
#206    Element.rebuild (package:flutter/src/widgets/framework.dart:5435:7)
#207    ComponentElement._firstBuild (package:flutter/src/widgets/framework.dart:5705:5)
#208    ComponentElement.mount (package:flutter/src/widgets/framework.dart:5699:5)
#209    Element.inflateWidget (package:flutter/src/widgets/framework.dart:4548:16)
#210    Element.updateChild (package:flutter/src/widgets/framework.dart:4004:18)
#211    ComponentElement.performRebuild (package:flutter/src/widgets/framework.dart:5747:16)
#212    StatefulElement.performRebuild (package:flutter/src/widgets/framework.dart:5884:11)
#213    Element.rebuild (package:flutter/src/widgets/framework.dart:5435:7)
#214    ComponentElement._firstBuild (package:flutter/src/widgets/framework.dart:5705:5)
#215    StatefulElement._firstBuild (package:flutter/src/widgets/framework.dart:5875:11)
#216    ComponentElement.mount (package:flutter/src/widgets/framework.dart:5699:5)
#217    Element.inflateWidget (package:flutter/src/widgets/framework.dart:4548:16)
#218    Element.updateChild (package:flutter/src/widgets/framework.dart:4004:18)
#219    ComponentElement.performRebuild (package:flutter/src/widgets/framework.dart:5747:16)
#220    Element.rebuild (package:flutter/src/widgets/framework.dart:5435:7)
#221    ComponentElement._firstBuild (package:flutter/src/widgets/framework.dart:5705:5)
#222    ComponentElement.mount (package:flutter/src/widgets/framework.dart:5699:5)
#223    Element.inflateWidget (package:flutter/src/widgets/framework.dart:4548:16)
#224    Element.updateChild (package:flutter/src/widgets/framework.dart:4004:18)
#225    ComponentElement.performRebuild (package:flutter/src/widgets/framework.dart:5747:16)
#226    Element.rebuild (package:flutter/src/widgets/framework.dart:5435:7)
#227    ComponentElement._firstBuild (package:flutter/src/widgets/framework.dart:5705:5)
#228    ComponentElement.mount (package:flutter/src/widgets/framework.dart:5699:5)
#229    Element.inflateWidget (package:flutter/src/widgets/framework.dart:4548:16)
#230    Element.updateChild (package:flutter/src/widgets/framework.dart:4004:18)
#231    SingleChildRenderObjectElement.mount (package:flutter/src/widgets/framework.dart:7018:14)
#232    Element.inflateWidget (package:flutter/src/widgets/framework.dart:4548:16)
#233    Element.updateChild (package:flutter/src/widgets/framework.dart:4004:18)
#234    ComponentElement.performRebuild (package:flutter/src/widgets/framework.dart:5747:16)
#235    Element.rebuild (package:flutter/src/widgets/framework.dart:5435:7)
#236    ComponentElement._firstBuild (package:flutter/src/widgets/framework.dart:5705:5)
#237    ComponentElement.mount (package:flutter/src/widgets/framework.dart:5699:5)
#238    Element.inflateWidget (package:flutter/src/widgets/framework.dart:4548:16)
#239    Element.updateChild (package:flutter/src/widgets/framework.dart:4004:18)
#240    ComponentElement.performRebuild (package:flutter/src/widgets/framework.dart:5747:16)
#241    Element.rebuild (package:flutter/src/widgets/framework.dart:5435:7)
#242    ComponentElement._firstBuild (package:flutter/src/widgets/framework.dart:5705:5)
#243    ComponentElement.mount (package:flutter/src/widgets/framework.dart:5699:5)
#244    Element.inflateWidget (package:flutter/src/widgets/framework.dart:4548:16)
#245    Element.updateChild (package:flutter/src/widgets/framework.dart:4004:18)
#246    ComponentElement.performRebuild (package:flutter/src/widgets/framework.dart:5747:16)
#247    StatefulElement.performRebuild (package:flutter/src/widgets/framework.dart:5884:11)
#248    Element.rebuild (package:flutter/src/widgets/framework.dart:5435:7)
#249    ComponentElement._firstBuild (package:flutter/src/widgets/framework.dart:5705:5)
#250    StatefulElement._firstBuild (package:flutter/src/widgets/framework.dart:5875:11)
#251    ComponentElement.mount (package:flutter/src/widgets/framework.dart:5699:5)
#252    Element.inflateWidget (package:flutter/src/widgets/framework.dart:4548:16)
#253    Element.updateChild (package:flutter/src/widgets/framework.dart:4004:18)
#254    ComponentElement.performRebuild (package:flutter/src/widgets/framework.dart:5747:16)
#255    StatefulElement.performRebuild (package:flutter/src/widgets/framework.dart:5884:11)
#256    Element.rebuild (package:flutter/src/widgets/framework.dart:5435:7)
#257    ComponentElement._firstBuild (package:flutter/src/widgets/framework.dart:5705:5)
#258    StatefulElement._firstBuild (package:flutter/src/widgets/framework.dart:5875:11)
#259    ComponentElement.mount (package:flutter/src/widgets/framework.dart:5699:5)
#260    Element.inflateWidget (package:flutter/src/widgets/framework.dart:4548:16)
#261    Element.updateChild (package:flutter/src/widgets/framework.dart:4004:18)
#262    ComponentElement.performRebuild (package:flutter/src/widgets/framework.dart:5747:16)
#263    StatefulElement.performRebuild (package:flutter/src/widgets/framework.dart:5884:11)
#264    Element.rebuild (package:flutter/src/widgets/framework.dart:5435:7)
#265    ComponentElement._firstBuild (package:flutter/src/widgets/framework.dart:5705:5)
#266    StatefulElement._firstBuild (package:flutter/src/widgets/framework.dart:5875:11)
#267    ComponentElement.mount (package:flutter/src/widgets/framework.dart:5699:5)
#268    Element.inflateWidget (package:flutter/src/widgets/framework.dart:4548:16)
#269    Element.updateChild (package:flutter/src/widgets/framework.dart:4004:18)
#270    SingleChildRenderObjectElement.mount (package:flutter/src/widgets/framework.dart:7018:14)
#271    Element.inflateWidget (package:flutter/src/widgets/framework.dart:4548:16)
#272    Element.updateChild (package:flutter/src/widgets/framework.dart:4004:18)
#273    ComponentElement.performRebuild (package:flutter/src/widgets/framework.dart:5747:16)
#274    Element.rebuild (package:flutter/src/widgets/framework.dart:5435:7)
#275    ComponentElement._firstBuild (package:flutter/src/widgets/framework.dart:5705:5)
#276    ComponentElement.mount (package:flutter/src/widgets/framework.dart:5699:5)
#277    Element.inflateWidget (package:flutter/src/widgets/framework.dart:4548:16)
#278    Element.updateChild (package:flutter/src/widgets/framework.dart:4004:18)
#279    ComponentElement.performRebuild (package:flutter/src/widgets/framework.dart:5747:16)
#280    Element.rebuild (package:flutter/src/widgets/framework.dart:5435:7)
#281    ComponentElement._firstBuild (package:flutter/src/widgets/framework.dart:5705:5)
#282    ComponentElement.mount (package:flutter/src/widgets/framework.dart:5699:5)
#283    Element.inflateWidget (package:flutter/src/widgets/framework.dart:4548:16)
#284    Element.updateChild (package:flutter/src/widgets/framework.dart:4004:18)
#285    ComponentElement.performRebuild (package:flutter/src/widgets/framework.dart:5747:16)
#286    StatefulElement.performRebuild (package:flutter/src/widgets/framework.dart:5884:11)
#287    Element.rebuild (package:flutter/src/widgets/framework.dart:5435:7)
#288    ComponentElement._firstBuild (package:flutter/src/widgets/framework.dart:5705:5)
#289    StatefulElement._firstBuild (package:flutter/src/widgets/framework.dart:5875:11)
#290    ComponentElement.mount (package:flutter/src/widgets/framework.dart:5699:5)
#291    Element.inflateWidget (package:flutter/src/widgets/framework.dart:4548:16)
#292    Element.updateChild (package:flutter/src/widgets/framework.dart:4004:18)
#293    ComponentElement.performRebuild (package:flutter/src/widgets/framework.dart:5747:16)
#294    StatefulElement.performRebuild (package:flutter/src/widgets/framework.dart:5884:11)
#295    Element.rebuild (package:flutter/src/widgets/framework.dart:5435:7)
00:22 +873 -2: /home/bootcamp/Proyectos-2026/Proyectos-Varios/Finanzas-Familiares-AS/test/presentation/screens/transaction_form_screen_test.dart: ... Widget Tests muestra título Nueva Transacción    00:22 +873 -2: /home/bootcamp/Proyectos-2026/Proyectos-Varios/Finanzas-Familiares-AS/test/presentation/screens/notification_settings_screen_test.dart: NotificationSettingsScreen muestra sección de alertas de presupuesto
#296    ComponentElement._firstBuild (package:flutter/src/widgets/framework.dart:5705:5)
#297    StatefulElement._firstBuild (package:flutter/src/widgets/framework.dart:5875:11)
#298    ComponentElement.mount (package:flutter/src/widgets/framework.dart:5699:5)
#299    Element.inflateWidget (package:flutter/src/widgets/framework.dart:4548:16)
#300    MultiChildRenderObjectElement.inflateWidget (package:flutter/src/widgets/framework.dart:7169:36)
#301    MultiChildRenderObjectElement.mount (package:flutter/src/widgets/framework.dart:7185:32)
#302    Element.inflateWidget (package:flutter/src/widgets/framework.dart:4548:16)
#303    Element.updateChild (package:flutter/src/widgets/framework.dart:4004:18)
#304    ComponentElement.performRebuild (package:flutter/src/widgets/framework.dart:5747:16)
#305    StatefulElement.performRebuild (package:flutter/src/widgets/framework.dart:5884:11)
#306    Element.rebuild (package:flutter/src/widgets/framework.dart:5435:7)
#307    ComponentElement._firstBuild (package:flutter/src/widgets/framework.dart:5705:5)
#308    StatefulElement._firstBuild (package:flutter/src/widgets/framework.dart:5875:11)
#309    ComponentElement.mount (package:flutter/src/widgets/framework.dart:5699:5)
#310    Element.inflateWidget (package:flutter/src/widgets/framework.dart:4548:16)
#311    Element.updateChild (package:flutter/src/widgets/framework.dart:4004:18)
#312    ComponentElement.performRebuild (package:flutter/src/widgets/framework.dart:5747:16)
#313    Element.rebuild (package:flutter/src/widgets/framework.dart:5435:7)
#314    ComponentElement._firstBuild (package:flutter/src/widgets/framework.dart:5705:5)
#315    ComponentElement.mount (package:flutter/src/widgets/framework.dart:5699:5)
#316    Element.inflateWidget (package:flutter/src/widgets/framework.dart:4548:16)
#317    Element.updateChild (package:flutter/src/widgets/framework.dart:4004:18)
#318    ComponentElement.performRebuild (package:flutter/src/widgets/framework.dart:5747:16)
#319    Element.rebuild (package:flutter/src/widgets/framework.dart:5435:7)
#320    ComponentElement._firstBuild (package:flutter/src/widgets/framework.dart:5705:5)
#321    ComponentElement.mount (package:flutter/src/widgets/framework.dart:5699:5)
#322    Element.inflateWidget (package:flutter/src/widgets/framework.dart:4548:16)
#323    Element.updateChild (package:flutter/src/widgets/framework.dart:4004:18)
#324    ComponentElement.performRebuild (package:flutter/src/widgets/framework.dart:5747:16)
#325    StatefulElement.performRebuild (package:flutter/src/widgets/framework.dart:5884:11)
#326    Element.rebuild (package:flutter/src/widgets/framework.dart:5435:7)
#327    ComponentElement._firstBuild (package:flutter/src/widgets/framework.dart:5705:5)
#328    StatefulElement._firstBuild (package:flutter/src/widgets/framework.dart:5875:11)
#329    ComponentElement.mount (package:flutter/src/widgets/framework.dart:5699:5)
#330    Element.inflateWidget (package:flutter/src/widgets/framework.dart:4548:16)
#331    Element.updateChild (package:flutter/src/widgets/framework.dart:4004:18)
#332    ComponentElement.performRebuild (package:flutter/src/widgets/framework.dart:5747:16)
#333    Element.rebuild (package:flutter/src/widgets/framework.dart:5435:7)
#334    ComponentElement._firstBuild (package:flutter/src/widgets/framework.dart:5705:5)
#335    ComponentElement.mount (package:flutter/src/widgets/framework.dart:5699:5)
#336    Element.inflateWidget (package:flutter/src/widgets/framework.dart:4548:16)
#337    Element.updateChild (package:flutter/src/widgets/framework.dart:4004:18)
#338    ComponentElement.performRebuild (package:flutter/src/widgets/framework.dart:5747:16)
#339    StatefulElement.performRebuild (package:flutter/src/widgets/framework.dart:5884:11)
#340    Element.rebuild (package:flutter/src/widgets/framework.dart:5435:7)
#341    ComponentElement._firstBuild (package:flutter/src/widgets/framework.dart:5705:5)
#342    StatefulElement._firstBuild (package:flutter/src/widgets/framework.dart:5875:11)
#343    ComponentElement.mount (package:flutter/src/widgets/framework.dart:5699:5)
#344    Element.inflateWidget (package:flutter/src/widgets/framework.dart:4548:16)
#345    Element.updateChild (package:flutter/src/widgets/framework.dart:4004:18)
#346    ComponentElement.performRebuild (package:flutter/src/widgets/framework.dart:5747:16)
#347    StatefulElement.performRebuild (package:flutter/src/widgets/framework.dart:5884:11)
#348    Element.rebuild (package:flutter/src/widgets/framework.dart:5435:7)
#349    ComponentElement._firstBuild (package:flutter/src/widgets/framework.dart:5705:5)
#350    StatefulElement._firstBuild (package:flutter/src/widgets/framework.dart:5875:11)
#351    ComponentElement.mount (package:flutter/src/widgets/framework.dart:5699:5)
#352    Element.inflateWidget (package:flutter/src/widgets/framework.dart:4548:16)
#353    Element.updateChild (package:flutter/src/widgets/framework.dart:4004:18)
#354    SingleChildRenderObjectElement.mount (package:flutter/src/widgets/framework.dart:7018:14)
#355    Element.inflateWidget (package:flutter/src/widgets/framework.dart:4548:16)
#356    Element.updateChild (package:flutter/src/widgets/framework.dart:4004:18)
#357    SingleChildRenderObjectElement.mount (package:flutter/src/widgets/framework.dart:7018:14)
#358    Element.inflateWidget (package:flutter/src/widgets/framework.dart:4548:16)
#359    Element.updateChild (package:flutter/src/widgets/framework.dart:4004:18)
#360    ComponentElement.performRebuild (package:flutter/src/widgets/framework.dart:5747:16)
#361    Element.rebuild (package:flutter/src/widgets/framework.dart:5435:7)
#362    ComponentElement._firstBuild (package:flutter/src/widgets/framework.dart:5705:5)
#363    ComponentElement.mount (package:flutter/src/widgets/framework.dart:5699:5)
#364    Element.inflateWidget (package:flutter/src/widgets/framework.dart:4548:16)
#365    Element.updateChild (package:flutter/src/widgets/framework.dart:4004:18)
#366    ComponentElement.performRebuild (package:flutter/src/widgets/framework.dart:5747:16)
#367    Element.rebuild (package:flutter/src/widgets/framework.dart:5435:7)
#368    ComponentElement._firstBuild (package:flutter/src/widgets/framework.dart:5705:5)
#369    ComponentElement.mount (package:flutter/src/widgets/framework.dart:5699:5)
#370    Element.inflateWidget (package:flutter/src/widgets/framework.dart:4548:16)
#371    Element.updateChild (package:flutter/src/widgets/framework.dart:4004:18)
#372    ComponentElement.performRebuild (package:flutter/src/widgets/framework.dart:5747:16)
#373    StatefulElement.performRebuild (package:flutter/src/widgets/framework.dart:5884:11)
#374    Element.rebuild (package:flutter/src/widgets/framework.dart:5435:7)
#375    ComponentElement._firstBuild (package:flutter/src/widgets/framework.dart:5705:5)
#376    StatefulElement._firstBuild (package:flutter/src/widgets/framework.dart:5875:11)
#377    ComponentElement.mount (package:flutter/src/widgets/framework.dart:5699:5)
#378    Element.inflateWidget (package:flutter/src/widgets/framework.dart:4548:16)
#379    Element.updateChild (package:flutter/src/widgets/framework.dart:4004:18)
#380    ComponentElement.performRebuild (package:flutter/src/widgets/framework.dart:5747:16)
#381    Element.rebuild (package:flutter/src/widgets/framework.dart:5435:7)
#382    ComponentElement._firstBuild (package:flutter/src/widgets/framework.dart:5705:5)
#383    ComponentElement.mount (package:flutter/src/widgets/framework.dart:5699:5)
#384    Element.inflateWidget (package:flutter/src/widgets/framework.dart:4548:16)
#385    Element.updateChild (package:flutter/src/widgets/framework.dart:4004:18)
#386    SingleChildRenderObjectElement.mount (package:flutter/src/widgets/framework.dart:7018:14)
#387    Element.inflateWidget (package:flutter/src/widgets/framework.dart:4548:16)
#388    Element.updateChild (package:flutter/src/widgets/framework.dart:4004:18)
#389    ComponentElement.performRebuild (package:flutter/src/widgets/framework.dart:5747:16)
#390    StatefulElement.performRebuild (package:flutter/src/widgets/framework.dart:5884:11)
#391    Element.rebuild (package:flutter/src/widgets/framework.dart:5435:7)
#392    ComponentElement._firstBuild (package:flutter/src/widgets/framework.dart:5705:5)
#393    StatefulElement._firstBuild (package:flutter/src/widgets/framework.dart:5875:11)
#394    ComponentElement.mount (package:flutter/src/widgets/framework.dart:5699:5)
#395    Element.inflateWidget (package:flutter/src/widgets/framework.dart:4548:16)
#396    Element.updateChild (package:flutter/src/widgets/framework.dart:4004:18)
#397    ComponentElement.performRebuild (package:flutter/src/widgets/framework.dart:5747:16)
#398    Element.rebuild (package:flutter/src/widgets/framework.dart:5435:7)
#399    ComponentElement._firstBuild (package:flutter/src/widgets/framework.dart:5705:5)
#400    ComponentElement.mount (package:flutter/src/widgets/framework.dart:5699:5)
#401    Element.inflateWidget (package:flutter/src/widgets/framework.dart:4548:16)
#402    Element.updateChild (package:flutter/src/widgets/framework.dart:4004:18)
#403    ComponentElement.performRebuild (package:flutter/src/widgets/framework.dart:5747:16)
#404    Element.rebuild (package:flutter/src/widgets/framework.dart:5435:7)
#405    ComponentElement._firstBuild (package:flutter/src/widgets/framework.dart:5705:5)
#406    ComponentElement.mount (package:flutter/src/widgets/framework.dart:5699:5)
#407    Element.inflateWidget (package:flutter/src/widgets/framework.dart:4548:16)
#408    Element.updateChild (package:flutter/src/widgets/framework.dart:4004:18)
#409    ComponentElement.performRebuild (package:flutter/src/widgets/framework.dart:5747:16)
#410    StatefulElement.performRebuild (package:flutter/src/widgets/framework.dart:5884:11)
#411    Element.rebuild (package:flutter/src/widgets/framework.dart:5435:7)
#412    ComponentElement._firstBuild (package:flutter/src/widgets/framework.dart:5705:5)
#413    StatefulElement._firstBuild (package:flutter/src/widgets/framework.dart:5875:11)
#414    ComponentElement.mount (package:flutter/src/widgets/framework.dart:5699:5)
#415    Element.inflateWidget (package:flutter/src/widgets/framework.dart:4548:16)
#416    Element.updateChild (package:flutter/src/widgets/framework.dart:4004:18)
#417    ComponentElement.performRebuild (package:flutter/src/widgets/framework.dart:5747:16)
#418    Element.rebuild (package:flutter/src/widgets/framework.dart:5435:7)
#419    ComponentElement._firstBuild (package:flutter/src/widgets/framework.dart:5705:5)
#420    ComponentElement.mount (package:flutter/src/widgets/framework.dart:5699:5)
#421    Element.inflateWidget (package:flutter/src/widgets/framework.dart:4548:16)
#422    Element.updateChild (package:flutter/src/widgets/framework.dart:4004:18)
#423    ComponentElement.performRebuild (package:flutter/src/widgets/framework.dart:5747:16)
#424    Element.rebuild (package:flutter/src/widgets/framework.dart:5435:7)
#425    ComponentElement._firstBuild (package:flutter/src/widgets/framework.dart:5705:5)
#426    ComponentElement.mount (package:flutter/src/widgets/framework.dart:5699:5)
#427    Element.inflateWidget (package:flutter/src/widgets/framework.dart:4548:16)
#428    Element.updateChild (package:flutter/src/widgets/framework.dart:4004:18)
#429    ComponentElement.performRebuild (package:flutter/src/widgets/framework.dart:5747:16)
#430    Element.rebuild (package:flutter/src/widgets/framework.dart:5435:7)
#431    ComponentElement._firstBuild (package:flutter/src/widgets/framework.dart:5705:5)
#432    ComponentElement.mount (package:flutter/src/widgets/framework.dart:5699:5)
#433    Element.inflateWidget (package:flutter/src/widgets/framework.dart:4548:16)
#434    Element.updateChild (package:flutter/src/widgets/framework.dart:4004:18)
#435    ComponentElement.performRebuild (package:flutter/src/widgets/framework.dart:5747:16)
#436    Element.rebuild (package:flutter/src/widgets/framework.dart:5435:7)
#437    ComponentElement._firstBuild (package:flutter/src/widgets/framework.dart:5705:5)
#438    ComponentElement.mount (package:flutter/src/widgets/framework.dart:5699:5)
#439    Element.inflateWidget (package:flutter/src/widgets/framework.dart:4548:16)
#440    Element.updateChild (package:flutter/src/widgets/framework.dart:4004:18)
#441    ComponentElement.performRebuild (package:flutter/src/widgets/framework.dart:5747:16)
#442    Element.rebuild (package:flutter/src/widgets/framework.dart:5435:7)
#443    ComponentElement._firstBuild (package:flutter/src/widgets/framework.dart:5705:5)
#444    ComponentElement.mount (package:flutter/src/widgets/framework.dart:5699:5)
#445    Element.inflateWidget (package:flutter/src/widgets/framework.dart:4548:16)
#446    Element.updateChild (package:flutter/src/widgets/framework.dart:4004:18)
#447    ComponentElement.performRebuild (package:flutter/src/widgets/framework.dart:5747:16)
#448    Element.rebuild (package:flutter/src/widgets/framework.dart:5435:7)
#449    ComponentElement._firstBuild (package:flutter/src/widgets/framework.dart:5705:5)
#450    ComponentElement.mount (package:flutter/src/widgets/framework.dart:5699:5)
#451    Element.inflateWidget (package:flutter/src/widgets/framework.dart:4548:16)
#452    Element.updateChild (package:flutter/src/widgets/framework.dart:4004:18)
#453    ComponentElement.performRebuild (package:flutter/src/widgets/framework.dart:5747:16)
#454    Element.rebuild (package:flutter/src/widgets/framework.dart:5435:7)
#455    ComponentElement._firstBuild (package:flutter/src/widgets/framework.dart:5705:5)
#456    ComponentElement.mount (package:flutter/src/widgets/framework.dart:5699:5)
#457    Element.inflateWidget (package:flutter/src/widgets/framework.dart:4548:16)
#458    Element.updateChild (package:flutter/src/widgets/framework.dart:4004:18)
#459    ComponentElement.performRebuild (package:flutter/src/widgets/framework.dart:5747:16)
#460    StatefulElement.performRebuild (package:flutter/src/widgets/framework.dart:5884:11)
#461    Element.rebuild (package:flutter/src/widgets/framework.dart:5435:7)
#462    ComponentElement._firstBuild (package:flutter/src/widgets/framework.dart:5705:5)
#463    StatefulElement._firstBuild (package:flutter/src/widgets/framework.dart:5875:11)
#464    ComponentElement.mount (package:flutter/src/widgets/framework.dart:5699:5)
#465    Element.inflateWidget (package:flutter/src/widgets/framework.dart:4548:16)
#466    Element.updateChild (package:flutter/src/widgets/framework.dart:4004:18)
#467    ComponentElement.performRebuild (package:flutter/src/widgets/framework.dart:5747:16)
#468    Element.rebuild (package:flutter/src/widgets/framework.dart:5435:7)
#469    ComponentElement._firstBuild (package:flutter/src/widgets/framework.dart:5705:5)
#470    ComponentElement.mount (package:flutter/src/widgets/framework.dart:5699:5)
#471    Element.inflateWidget (package:flutter/src/widgets/framework.dart:4548:16)
#472    Element.updateChild (package:flutter/src/widgets/framework.dart:4004:18)
#473    ComponentElement.performRebuild (package:flutter/src/widgets/framework.dart:5747:16)
#474    Element.rebuild (package:flutter/src/widgets/framework.dart:5435:7)
#475    ComponentElement._firstBuild (package:flutter/src/widgets/framework.dart:5705:5)
#476    ComponentElement.mount (package:flutter/src/widgets/framework.dart:5699:5)
#477    Element.inflateWidget (package:flutter/src/widgets/framework.dart:4548:16)
#478    Element.updateChild (package:flutter/src/widgets/framework.dart:4004:18)
#479    ComponentElement.performRebuild (package:flutter/src/widgets/framework.dart:5747:16)
#480    StatefulElement.performRebuild (package:flutter/src/widgets/framework.dart:5884:11)
#481    Element.rebuild (package:flutter/src/widgets/framework.dart:5435:7)
#482    ComponentElement._firstBuild (package:flutter/src/widgets/framework.dart:5705:5)
#483    StatefulElement._firstBuild (package:flutter/src/widgets/framework.dart:5875:11)
#484    ComponentElement.mount (package:flutter/src/widgets/framework.dart:5699:5)
#485    Element.inflateWidget (package:flutter/src/widgets/framework.dart:4548:16)
#486    Element.updateChild (package:flutter/src/widgets/framework.dart:4004:18)
#487    SingleChildRenderObjectElement.mount (package:flutter/src/widgets/framework.dart:7018:14)
#488    Element.inflateWidget (package:flutter/src/widgets/framework.dart:4548:16)
#489    Element.updateChild (package:flutter/src/widgets/framework.dart:4004:18)
#490    ComponentElement.performRebuild (package:flutter/src/widgets/framework.dart:5747:16)
#491    StatefulElement.performRebuild (package:flutter/src/widgets/framework.dart:5884:11)
#492    Element.rebuild (package:flutter/src/widgets/framework.dart:5435:7)
#493    ComponentElement._firstBuild (package:flutter/src/widgets/framework.dart:5705:5)
#494    StatefulElement._firstBuild (package:flutter/src/widgets/framework.dart:5875:11)
#495    ComponentElement.mount (package:flutter/src/widgets/framework.dart:5699:5)
#496    Element.inflateWidget (package:flutter/src/widgets/framework.dart:4548:16)
#497    Element.updateChild (package:flutter/src/widgets/framework.dart:4004:18)
#498    ComponentElement.performRebuild (package:flutter/src/widgets/framework.dart:5747:16)
#499    Element.rebuild (package:flutter/src/widgets/framework.dart:5435:7)
#500    ComponentElement._firstBuild (package:flutter/src/widgets/framework.dart:5705:5)
#501    ComponentElement.mount (package:flutter/src/widgets/framework.dart:5699:5)
#502    Element.inflateWidget (package:flutter/src/widgets/framework.dart:4548:16)
#503    Element.updateChild (package:flutter/src/widgets/framework.dart:4004:18)
#504    ComponentElement.performRebuild (package:flutter/src/widgets/framework.dart:5747:16)
#505    Element.rebuild (package:flutter/src/widgets/framework.dart:5435:7)
#506    ComponentElement._firstBuild (package:flutter/src/widgets/framework.dart:5705:5)
#507    ComponentElement.mount (package:flutter/src/widgets/framework.dart:5699:5)
#508    Element.inflateWidget (package:flutter/src/widgets/framework.dart:4548:16)
#509    Element.updateChild (package:flutter/src/widgets/framework.dart:4004:18)
#510    ComponentElement.performRebuild (package:flutter/src/widgets/framework.dart:5747:16)
#511    Element.rebuild (package:flutter/src/widgets/framework.dart:5435:7)
#512    ComponentElement._firstBuild (package:flutter/src/widgets/framework.dart:5705:5)
#513    ComponentElement.mount (package:flutter/src/widgets/framework.dart:5699:5)
#514    Element.inflateWidget (package:flutter/src/widgets/framework.dart:4548:16)
#515    Element.updateChild (package:flutter/src/widgets/framework.dart:4004:18)
#516    ComponentElement.performRebuild (package:flutter/src/widgets/framework.dart:5747:16)
#517    Element.rebuild (package:flutter/src/widgets/framework.dart:5435:7)
#518    ComponentElement._firstBuild (package:flutter/src/widgets/framework.dart:5705:5)
#519    ComponentElement.mount (package:flutter/src/widgets/framework.dart:5699:5)
#520    Element.inflateWidget (package:flutter/src/widgets/framework.dart:4548:16)
#521    Element.updateChild (package:flutter/src/widgets/framework.dart:4004:18)
#522    SingleChildRenderObjectElement.mount (package:flutter/src/widgets/framework.dart:7018:14)
#523    Element.inflateWidget (package:flutter/src/widgets/framework.dart:4548:16)
#524    Element.updateChild (package:flutter/src/widgets/framework.dart:4004:18)
#525    ComponentElement.performRebuild (package:flutter/src/widgets/framework.dart:5747:16)
#526    StatefulElement.performRebuild (package:flutter/src/widgets/framework.dart:5884:11)
#527    Element.rebuild (package:flutter/src/widgets/framework.dart:5435:7)
#528    ComponentElement._firstBuild (package:flutter/src/widgets/framework.dart:5705:5)
#529    StatefulElement._firstBuild (package:flutter/src/widgets/framework.dart:5875:11)
#530    ComponentElement.mount (package:flutter/src/widgets/framework.dart:5699:5)
#531    Element.inflateWidget (package:flutter/src/widgets/framework.dart:4548:16)
#532    Element.updateChild (package:flutter/src/widgets/framework.dart:4004:18)
#533    ComponentElement.performRebuild (package:flutter/src/widgets/framework.dart:5747:16)
#534    StatefulElement.performRebuild (package:flutter/src/widgets/framework.dart:5884:11)
#535    Element.rebuild (package:flutter/src/widgets/framework.dart:5435:7)
#536    ComponentElement._firstBuild (package:flutter/src/widgets/framework.dart:5705:5)
#537    StatefulElement._firstBuild (package:flutter/src/widgets/framework.dart:5875:11)
#538    ComponentElement.mount (package:flutter/src/widgets/framework.dart:5699:5)
#539    Element.inflateWidget (package:flutter/src/widgets/framework.dart:4548:16)
#540    Element.updateChild (package:flutter/src/widgets/framework.dart:4004:18)
#541    SingleChildRenderObjectElement.mount (package:flutter/src/widgets/framework.dart:7018:14)
#542    Element.inflateWidget (package:flutter/src/widgets/framework.dart:4548:16)
#543    Element.updateChild (package:flutter/src/widgets/framework.dart:4004:18)
#544    ComponentElement.performRebuild (package:flutter/src/widgets/framework.dart:5747:16)
#545    Element.rebuild (package:flutter/src/widgets/framework.dart:5435:7)
#546    ComponentElement._firstBuild (package:flutter/src/widgets/framework.dart:5705:5)
#547    ComponentElement.mount (package:flutter/src/widgets/framework.dart:5699:5)
#548    Element.inflateWidget (package:flutter/src/widgets/framework.dart:4548:16)
#549    Element.updateChild (package:flutter/src/widgets/framework.dart:4004:18)
#550    ComponentElement.performRebuild (package:flutter/src/widgets/framework.dart:5747:16)
#551    StatefulElement.performRebuild (package:flutter/src/widgets/framework.dart:5884:11)
#552    Element.rebuild (package:flutter/src/widgets/framework.dart:5435:7)
#553    ComponentElement._firstBuild (package:flutter/src/widgets/framework.dart:5705:5)
#554    StatefulElement._firstBuild (package:flutter/src/widgets/framework.dart:5875:11)
#555    ComponentElement.mount (package:flutter/src/widgets/framework.dart:5699:5)
#556    Element.inflateWidget (package:flutter/src/widgets/framework.dart:4548:16)
#557    Element.updateChild (package:flutter/src/widgets/framework.dart:4004:18)
#558    ComponentElement.performRebuild (package:flutter/src/widgets/framework.dart:5747:16)
#559    StatefulElement.performRebuild (package:flutter/src/widgets/framework.dart:5884:11)
#560    Element.rebuild (package:flutter/src/widgets/framework.dart:5435:7)
#561    ComponentElement._firstBuild (package:flutter/src/widgets/framework.dart:5705:5)
#562    StatefulElement._firstBuild (package:flutter/src/widgets/framework.dart:5875:11)
#563    ComponentElement.mount (package:flutter/src/widgets/framework.dart:5699:5)
#564    Element.inflateWidget (package:flutter/src/widgets/framework.dart:4548:16)
#565    Element.updateChild (package:flutter/src/widgets/framework.dart:4004:18)
#566    ComponentElement.performRebuild (package:flutter/src/widgets/framework.dart:5747:16)
#567    Element.rebuild (package:flutter/src/widgets/framework.dart:5435:7)
#568    ComponentElement._firstBuild (package:flutter/src/widgets/framework.dart:5705:5)
#569    ComponentElement.mount (package:flutter/src/widgets/framework.dart:5699:5)
#570    Element.inflateWidget (package:flutter/src/widgets/framework.dart:4548:16)
#571    Element.updateChild (package:flutter/src/widgets/framework.dart:4004:18)
#572    ComponentElement.performRebuild (package:flutter/src/widgets/framework.dart:5747:16)
#573    StatefulElement.performRebuild (package:flutter/src/widgets/framework.dart:5884:11)
#574    Element.rebuild (package:flutter/src/widgets/framework.dart:5435:7)
#575    ComponentElement._firstBuild (package:flutter/src/widgets/framework.dart:5705:5)
#576    StatefulElement._firstBuild (package:flutter/src/widgets/framework.dart:5875:11)
#577    ComponentElement.mount (package:flutter/src/widgets/framework.dart:5699:5)
#578    Element.inflateWidget (package:flutter/src/widgets/framework.dart:4548:16)
#579    Element.updateChild (package:flutter/src/widgets/framework.dart:4004:18)
#580    SingleChildRenderObjectElement.mount (package:flutter/src/widgets/framework.dart:7018:14)
#581    Element.inflateWidget (package:flutter/src/widgets/framework.dart:4548:16)
#582    Element.updateChild (package:flutter/src/widgets/framework.dart:4004:18)
#583    ComponentElement.performRebuild (package:flutter/src/widgets/framework.dart:5747:16)
#584    Element.rebuild (package:flutter/src/widgets/framework.dart:5435:7)
#585    ComponentElement._firstBuild (package:flutter/src/widgets/framework.dart:5705:5)
#586    ComponentElement.mount (package:flutter/src/widgets/framework.dart:5699:5)
#587    Element.inflateWidget (package:flutter/src/widgets/framework.dart:4548:16)
#588    Element.updateChild (package:flutter/src/widgets/framework.dart:4004:18)
#589    ComponentElement.performRebuild (package:flutter/src/widgets/framework.dart:5747:16)
#590    StatefulElement.performRebuild (package:flutter/src/widgets/framework.dart:5884:11)
#591    Element.rebuild (package:flutter/src/widgets/framework.dart:5435:7)
#592    ComponentElement._firstBuild (package:flutter/src/widgets/framework.dart:5705:5)
#593    StatefulElement._firstBuild (package:flutter/src/widgets/framework.dart:5875:11)
#594    ComponentElement.mount (package:flutter/src/widgets/framework.dart:5699:5)
#595    Element.inflateWidget (package:flutter/src/widgets/framework.dart:4548:16)
#596    Element.updateChild (package:flutter/src/widgets/framework.dart:4004:18)
#597    ComponentElement.performRebuild (package:flutter/src/widgets/framework.dart:5747:16)
#598    StatefulElement.performRebuild (package:flutter/src/widgets/framework.dart:5884:11)
#599    Element.rebuild (package:flutter/src/widgets/framework.dart:5435:7)
#600    ComponentElement._firstBuild (package:flutter/src/widgets/framework.dart:5705:5)
#601    StatefulElement._firstBuild (package:flutter/src/widgets/framework.dart:5875:11)
#602    ComponentElement.mount (package:flutter/src/widgets/framework.dart:5699:5)
#603    Element.inflateWidget (package:flutter/src/widgets/framework.dart:4548:16)
#604    Element.updateChild (package:flutter/src/widgets/framework.dart:4004:18)
#605    ComponentElement.performRebuild (package:flutter/src/widgets/framework.dart:5747:16)
#606    Element.rebuild (package:flutter/src/widgets/framework.dart:5435:7)
#607    ComponentElement._firstBuild (package:flutter/src/widgets/framework.dart:5705:5)
#608    ComponentElement.mount (package:flutter/src/widgets/framework.dart:5699:5)
#609    Element.inflateWidget (package:flutter/src/widgets/framework.dart:4548:16)
#610    Element.updateChild (package:flutter/src/widgets/framework.dart:4004:18)
#611    ComponentElement.performRebuild (package:flutter/src/widgets/framework.dart:5747:16)
#612    StatefulElement.performRebuild (package:flutter/src/widgets/framework.dart:5884:11)
#613    Element.rebuild (package:flutter/src/widgets/framework.dart:5435:7)
#614    ComponentElement._firstBuild (package:flutter/src/widgets/framework.dart:5705:5)
#615    StatefulElement._firstBuild (package:flutter/src/widgets/framework.dart:5875:11)
#616    ComponentElement.mount (package:flutter/src/widgets/framework.dart:5699:5)
#617    Element.inflateWidget (package:flutter/src/widgets/framework.dart:4548:16)
#618    Element.updateChild (package:flutter/src/widgets/framework.dart:4004:18)
#619    SingleChildRenderObjectElement.mount (package:flutter/src/widgets/framework.dart:7018:14)
#620    Element.inflateWidget (package:flutter/src/widgets/framework.dart:4548:16)
#621    Element.updateChild (package:flutter/src/widgets/framework.dart:4004:18)
#622    ComponentElement.performRebuild (package:flutter/src/widgets/framework.dart:5747:16)
#623    Element.rebuild (package:flutter/src/widgets/framework.dart:5435:7)
#624    ComponentElement._firstBuild (package:flutter/src/widgets/framework.dart:5705:5)
#625    ComponentElement.mount (package:flutter/src/widgets/framework.dart:5699:5)
#626    Element.inflateWidget (package:flutter/src/widgets/framework.dart:4548:16)
#627    Element.updateChild (package:flutter/src/widgets/framework.dart:4004:18)
#628    ComponentElement.performRebuild (package:flutter/src/widgets/framework.dart:5747:16)
#629    StatefulElement.performRebuild (package:flutter/src/widgets/framework.dart:5884:11)
#630    Element.rebuild (package:flutter/src/widgets/framework.dart:5435:7)
#631    ComponentElement._firstBuild (package:flutter/src/widgets/framework.dart:5705:5)
#632    StatefulElement._firstBuild (package:flutter/src/widgets/framework.dart:5875:11)
#633    ComponentElement.mount (package:flutter/src/widgets/framework.dart:5699:5)
#634    Element.inflateWidget (package:flutter/src/widgets/framework.dart:4548:16)
#635    Element.updateChild (package:flutter/src/widgets/framework.dart:4004:18)
#636    ComponentElement.performRebuild (package:flutter/src/widgets/framework.dart:5747:16)
#637    StatefulElement.performRebuild (package:flutter/src/widgets/framework.dart:5884:11)
#638    Element.rebuild (package:flutter/src/widgets/framework.dart:5435:7)
#639    ComponentElement._firstBuild (package:flutter/src/widgets/framework.dart:5705:5)
#640    StatefulElement._firstBuild (package:flutter/src/widgets/framework.dart:5875:11)
#641    ComponentElement.mount (package:flutter/src/widgets/framework.dart:5699:5)
#642    Element.inflateWidget (package:flutter/src/widgets/framework.dart:4548:16)
#643    Element.updateChild (package:flutter/src/widgets/framework.dart:4004:18)
#644    ComponentElement.performRebuild (package:flutter/src/widgets/framework.dart:5747:16)
#645    Element.rebuild (package:flutter/src/widgets/framework.dart:5435:7)
#646    ComponentElement._firstBuild (package:flutter/src/widgets/framework.dart:5705:5)
#647    ComponentElement.mount (package:flutter/src/widgets/framework.dart:5699:5)
#648    Element.inflateWidget (package:flutter/src/widgets/framework.dart:4548:16)
#649    Element.updateChild (package:flutter/src/widgets/framework.dart:4004:18)
#650    SingleChildRenderObjectElement.mount (package:flutter/src/widgets/framework.dart:7018:14)
#651    Element.inflateWidget (package:flutter/src/widgets/framework.dart:4548:16)
#652    Element.updateChild (package:flutter/src/widgets/framework.dart:4004:18)
#653    ComponentElement.performRebuild (package:flutter/src/widgets/framework.dart:5747:16)
#654    Element.rebuild (package:flutter/src/widgets/framework.dart:5435:7)
#655    ComponentElement._firstBuild (package:flutter/src/widgets/framework.dart:5705:5)
#656    ComponentElement.mount (package:flutter/src/widgets/framework.dart:5699:5)
#657    Element.inflateWidget (package:flutter/src/widgets/framework.dart:4548:16)
#658    Element.updateChild (package:flutter/src/widgets/framework.dart:4004:18)
#659    ComponentElement.performRebuild (package:flutter/src/widgets/framework.dart:5747:16)
#660    StatefulElement.performRebuild (package:flutter/src/widgets/framework.dart:5884:11)
#661    Element.rebuild (package:flutter/src/widgets/framework.dart:5435:7)
#662    ComponentElement._firstBuild (package:flutter/src/widgets/framework.dart:5705:5)
#663    StatefulElement._firstBuild (package:flutter/src/widgets/framework.dart:5875:11)
#664    ComponentElement.mount (package:flutter/src/widgets/framework.dart:5699:5)
#665    Element.inflateWidget (package:flutter/src/widgets/framework.dart:4548:16)
#666    Element.updateChild (package:flutter/src/widgets/framework.dart:4004:18)
#667    ComponentElement.performRebuild (package:flutter/src/widgets/framework.dart:5747:16)
#668    StatefulElement.performRebuild (package:flutter/src/widgets/framework.dart:5884:11)
#669    Element.rebuild (package:flutter/src/widgets/framework.dart:5435:7)
#670    ComponentElement._firstBuild (package:flutter/src/widgets/framework.dart:5705:5)
#671    StatefulElement._firstBuild (package:flutter/src/widgets/framework.dart:5875:11)
#672    ComponentElement.mount (package:flutter/src/widgets/framework.dart:5699:5)
#673    Element.inflateWidget (package:flutter/src/widgets/framework.dart:4548:16)
#674    Element.updateChild (package:flutter/src/widgets/framework.dart:4004:18)
#675    ComponentElement.performRebuild (package:flutter/src/widgets/framework.dart:5747:16)
#676    Element.rebuild (package:flutter/src/widgets/framework.dart:5435:7)
#677    ComponentElement._firstBuild (package:flutter/src/widgets/framework.dart:5705:5)
#678    ComponentElement.mount (package:flutter/src/widgets/framework.dart:5699:5)
#679    Element.inflateWidget (package:flutter/src/widgets/framework.dart:4548:16)
#680    Element.updateChild (package:flutter/src/widgets/framework.dart:4004:18)
#681    ComponentElement.performRebuild (package:flutter/src/widgets/framework.dart:5747:16)
#682    Element.rebuild (package:flutter/src/widgets/framework.dart:5435:7)
#683    ComponentElement._firstBuild (package:flutter/src/widgets/framework.dart:5705:5)
#684    ComponentElement.mount (package:flutter/src/widgets/framework.dart:5699:5)
#685    Element.inflateWidget (package:flutter/src/widgets/framework.dart:4548:16)
#686    Element.updateChild (package:flutter/src/widgets/framework.dart:4004:18)
#687    ComponentElement.performRebuild (package:flutter/src/widgets/framework.dart:5747:16)
#688    StatefulElement.performRebuild (package:flutter/src/widgets/framework.dart:5884:11)
#689    Element.rebuild (package:flutter/src/widgets/framework.dart:5435:7)
#690    ComponentElement._firstBuild (package:flutter/src/widgets/framework.dart:5705:5)
#691    StatefulElement._firstBuild (package:flutter/src/widgets/framework.dart:5875:11)
#692    ComponentElement.mount (package:flutter/src/widgets/framework.dart:5699:5)
#693    Element.inflateWidget (package:flutter/src/widgets/framework.dart:4548:16)
#694    Element.updateChild (package:flutter/src/widgets/framework.dart:4004:18)
#695    ComponentElement.performRebuild (package:flutter/src/widgets/framework.dart:5747:16)
#696    Element.rebuild (package:flutter/src/widgets/framework.dart:5435:7)
#697    ComponentElement._firstBuild (package:flutter/src/widgets/framework.dart:5705:5)
#698    ComponentElement.mount (package:flutter/src/widgets/framework.dart:5699:5)
#699    Element.inflateWidget (package:flutter/src/widgets/framework.dart:4548:16)
#700    Element.updateChild (package:flutter/src/widgets/framework.dart:4004:18)
#701    ComponentElement.performRebuild (package:flutter/src/widgets/framework.dart:5747:16)
#702    StatefulElement.performRebuild (package:flutter/src/widgets/framework.dart:5884:11)
#703    Element.rebuild (package:flutter/src/widgets/framework.dart:5435:7)
#704    ComponentElement._firstBuild (package:flutter/src/widgets/framework.dart:5705:5)
#705    StatefulElement._firstBuild (package:flutter/src/widgets/framework.dart:5875:11)
#706    ComponentElement.mount (package:flutter/src/widgets/framework.dart:5699:5)
#707    Element.inflateWidget (package:flutter/src/widgets/framework.dart:4548:16)
#708    Element.updateChild (package:flutter/src/widgets/framework.dart:4004:18)
#709    ComponentElement.performRebuild (package:flutter/src/widgets/framework.dart:5747:16)
#710    Element.rebuild (package:flutter/src/widgets/framework.dart:5435:7)
#711    ComponentElement._firstBuild (package:flutter/src/widgets/framework.dart:5705:5)
#712    ComponentElement.mount (package:flutter/src/widgets/framework.dart:5699:5)
#713    Element.inflateWidget (package:flutter/src/widgets/framework.dart:4548:16)
#714    Element.updateChild (package:flutter/src/widgets/framework.dart:4004:18)
#715    ComponentElement.performRebuild (package:flutter/src/widgets/framework.dart:5747:16)
#716    StatefulElement.performRebuild (package:flutter/src/widgets/framework.dart:5884:11)
#717    Element.rebuild (package:flutter/src/widgets/framework.dart:5435:7)
#718    ComponentElement._firstBuild (package:flutter/src/widgets/framework.dart:5705:5)
#719    StatefulElement._firstBuild (package:flutter/src/widgets/framework.dart:5875:11)
#720    ComponentElement.mount (package:flutter/src/widgets/framework.dart:5699:5)
#721    Element.inflateWidget (package:flutter/src/widgets/framework.dart:4548:16)
#722    Element.updateChild (package:flutter/src/widgets/framework.dart:4004:18)
#723    ComponentElement.performRebuild (package:flutter/src/widgets/framework.dart:5747:16)
#724    StatefulElement.performRebuild (package:flutter/src/widgets/framework.dart:5884:11)
#725    Element.rebuild (package:flutter/src/widgets/framework.dart:5435:7)
#726    ComponentElement._firstBuild (package:flutter/src/widgets/framework.dart:5705:5)
#727    StatefulElement._firstBuild (package:flutter/src/widgets/framework.dart:5875:11)
#728    ComponentElement.mount (package:flutter/src/widgets/framework.dart:5699:5)
#729    Element.inflateWidget (package:flutter/src/widgets/framework.dart:4548:16)
#730    Element.updateChild (package:flutter/src/widgets/framework.dart:4004:18)
#731    SingleChildRenderObjectElement.mount (package:flutter/src/widgets/framework.dart:7018:14)
#732    Element.inflateWidget (package:flutter/src/widgets/framework.dart:4548:16)
#733    Element.updateChild (package:flutter/src/widgets/framework.dart:4004:18)
#734    ComponentElement.performRebuild (package:flutter/src/widgets/framework.dart:5747:16)
#735    Element.rebuild (package:flutter/src/widgets/framework.dart:5435:7)
#736    ComponentElement._firstBuild (package:flutter/src/widgets/framework.dart:5705:5)
#737    ComponentElement.mount (package:flutter/src/widgets/framework.dart:5699:5)
#738    Element.inflateWidget (package:flutter/src/widgets/framework.dart:4548:16)
#739    Element.updateChild (package:flutter/src/widgets/framework.dart:4004:18)
#740    ComponentElement.performRebuild (package:flutter/src/widgets/framework.dart:5747:16)
#741    StatefulElement.performRebuild (package:flutter/src/widgets/framework.dart:5884:11)
#742    Element.rebuild (package:flutter/src/widgets/framework.dart:5435:7)
#743    ComponentElement._firstBuild (package:flutter/src/widgets/framework.dart:5705:5)
#744    StatefulElement._firstBuild (package:flutter/src/widgets/framework.dart:5875:11)
#745    ComponentElement.mount (package:flutter/src/widgets/framework.dart:5699:5)
#746    Element.inflateWidget (package:flutter/src/widgets/framework.dart:4548:16)
#747    Element.updateChild (package:flutter/src/widgets/framework.dart:4004:18)
#748    ComponentElement.performRebuild (package:flutter/src/widgets/framework.dart:5747:16)
#749    Element.rebuild (package:flutter/src/widgets/framework.dart:5435:7)
#750    ComponentElement._firstBuild (package:flutter/src/widgets/framework.dart:5705:5)
#751    ComponentElement.mount (package:flutter/src/widgets/framework.dart:5699:5)
#752    Element.inflateWidget (package:flutter/src/widgets/framework.dart:4548:16)
#753    Element.updateChild (package:flutter/src/widgets/framework.dart:4004:18)
#754    ComponentElement.performRebuild (package:flutter/src/widgets/framework.dart:5747:16)
#755    Element.rebuild (package:flutter/src/widgets/framework.dart:5435:7)
#756    ComponentElement._firstBuild (package:flutter/src/widgets/framework.dart:5705:5)
#757    ComponentElement.mount (package:flutter/src/widgets/framework.dart:5699:5)
#758    Element.inflateWidget (package:flutter/src/widgets/framework.dart:4548:16)
#759    Element.updateChild (package:flutter/src/widgets/framework.dart:4004:18)
#760    ComponentElement.performRebuild (package:flutter/src/widgets/framework.dart:5747:16)
#761    StatefulElement.performRebuild (package:flutter/src/widgets/framework.dart:5884:11)
#762    Element.rebuild (package:flutter/src/widgets/framework.dart:5435:7)
#763    ComponentElement._firstBuild (package:flutter/src/widgets/framework.dart:5705:5)
#764    StatefulElement._firstBuild (package:flutter/src/widgets/framework.dart:5875:11)
#765    ComponentElement.mount (package:flutter/src/widgets/framework.dart:5699:5)
#766    Element.inflateWidget (package:flutter/src/widgets/framework.dart:4548:16)
#767    Element.updateChild (package:flutter/src/widgets/framework.dart:4004:18)
#768    ComponentElement.performRebuild (package:flutter/src/widgets/framework.dart:5747:16)
#769    Element.rebuild (package:flutter/src/widgets/framework.dart:5435:7)
#770    ComponentElement._firstBuild (package:flutter/src/widgets/framework.dart:5705:5)
#771    ComponentElement.mount (package:flutter/src/widgets/framework.dart:5699:5)
#772    _UncontrolledProviderScopeElement.mount (package:flutter_riverpod/src/framework.dart:315:11)
#773    Element.inflateWidget (package:flutter/src/widgets/framework.dart:4548:16)
#774    Element.updateChild (package:flutter/src/widgets/framework.dart:4004:18)
#775    ComponentElement.performRebuild (package:flutter/src/widgets/framework.dart:5747:16)
#776    StatefulElement.performRebuild (package:flutter/src/widgets/framework.dart:5884:11)
#777    Element.rebuild (package:flutter/src/widgets/framework.dart:5435:7)
#778    ComponentElement._firstBuild (package:flutter/src/widgets/framework.dart:5705:5)
#779    StatefulElement._firstBuild (package:flutter/src/widgets/framework.dart:5875:11)
#780    ComponentElement.mount (package:flutter/src/widgets/framework.dart:5699:5)
#781    Element.inflateWidget (package:flutter/src/widgets/framework.dart:4548:16)
#782    Element.updateChild (package:flutter/src/widgets/framework.dart:3998:20)
#783    ComponentElement.performRebuild (package:flutter/src/widgets/framework.dart:5747:16)
#784    Element.rebuild (package:flutter/src/widgets/framework.dart:5435:7)
#785    ProxyElement.update (package:flutter/src/widgets/framework.dart:6051:5)
#786    _InheritedNotifierElement.update (package:flutter/src/widgets/inherited_notifier.dart:108:11)
#787    Element.updateChild (package:flutter/src/widgets/framework.dart:3982:15)
#788    ComponentElement.performRebuild (package:flutter/src/widgets/framework.dart:5747:16)
#789    StatefulElement.performRebuild (package:flutter/src/widgets/framework.dart:5884:11)
#790    Element.rebuild (package:flutter/src/widgets/framework.dart:5435:7)
#791    StatefulElement.update (package:flutter/src/widgets/framework.dart:5909:5)
#792    Element.updateChild (package:flutter/src/widgets/framework.dart:3982:15)
#793    ComponentElement.performRebuild (package:flutter/src/widgets/framework.dart:5747:16)
#794    Element.rebuild (package:flutter/src/widgets/framework.dart:5435:7)
#795    ProxyElement.update (package:flutter/src/widgets/framework.dart:6051:5)
#796    _InheritedNotifierElement.update (package:flutter/src/widgets/inherited_notifier.dart:108:11)
#797    Element.updateChild (package:flutter/src/widgets/framework.dart:3982:15)
#798    ComponentElement.performRebuild (package:flutter/src/widgets/framework.dart:5747:16)
#799    StatefulElement.performRebuild (package:flutter/src/widgets/framework.dart:5884:11)
#800    Element.rebuild (package:flutter/src/widgets/framework.dart:5435:7)
#801    StatefulElement.update (package:flutter/src/widgets/framework.dart:5909:5)
#802    Element.updateChild (package:flutter/src/widgets/framework.dart:3982:15)
#803    ComponentElement.performRebuild (package:flutter/src/widgets/framework.dart:5747:16)
#804    StatefulElement.performRebuild (package:flutter/src/widgets/framework.dart:5884:11)
#805    Element.rebuild (package:flutter/src/widgets/framework.dart:5435:7)
#806    StatefulElement.update (package:flutter/src/widgets/framework.dart:5909:5)
#807    Element.updateChild (package:flutter/src/widgets/framework.dart:3982:15)
#808    ComponentElement.performRebuild (package:flutter/src/widgets/framework.dart:5747:16)
#809    Element.rebuild (package:flutter/src/widgets/framework.dart:5435:7)
#810    ProxyElement.update (package:flutter/src/widgets/framework.dart:6051:5)
#811    Element.updateChild (package:flutter/src/widgets/framework.dart:3982:15)
#812    ComponentElement.performRebuild (package:flutter/src/widgets/framework.dart:5747:16)
#813    StatefulElement.performRebuild (package:flutter/src/widgets/framework.dart:5884:11)
#814    Element.rebuild (package:flutter/src/widgets/framework.dart:5435:7)
#815    StatefulElement.update (package:flutter/src/widgets/framework.dart:5909:5)
#816    Element.updateChild (package:flutter/src/widgets/framework.dart:3982:15)
#817    ComponentElement.performRebuild (package:flutter/src/widgets/framework.dart:5747:16)
#818    Element.rebuild (package:flutter/src/widgets/framework.dart:5435:7)
#819    ProxyElement.update (package:flutter/src/widgets/framework.dart:6051:5)
#820    Element.updateChild (package:flutter/src/widgets/framework.dart:3982:15)
#821    ComponentElement.performRebuild (package:flutter/src/widgets/framework.dart:5747:16)
#822    Element.rebuild (package:flutter/src/widgets/framework.dart:5435:7)
#823    ProxyElement.update (package:flutter/src/widgets/framework.dart:6051:5)
#824    Element.updateChild (package:flutter/src/widgets/framework.dart:3982:15)
#825    _RawViewElement._updateChild (package:flutter/src/widgets/view.dart:481:16)
#826    _RawViewElement.update (package:flutter/src/widgets/view.dart:568:5)
#827    Element.updateChild (package:flutter/src/widgets/framework.dart:3982:15)
#828    ComponentElement.performRebuild (package:flutter/src/widgets/framework.dart:5747:16)
#829    Element.rebuild (package:flutter/src/widgets/framework.dart:5435:7)
#830    StatelessElement.update (package:flutter/src/widgets/framework.dart:5797:5)
#831    Element.updateChild (package:flutter/src/widgets/framework.dart:3982:15)
#832    ComponentElement.performRebuild (package:flutter/src/widgets/framework.dart:5747:16)
#833    StatefulElement.performRebuild (package:flutter/src/widgets/framework.dart:5884:11)
#834    Element.rebuild (package:flutter/src/widgets/framework.dart:5435:7)
#835    StatefulElement.update (package:flutter/src/widgets/framework.dart:5909:5)
#836    Element.updateChild (package:flutter/src/widgets/framework.dart:3982:15)
#837    RootElement._rebuild (package:flutter/src/widgets/binding.dart:1716:16)
#838    RootElement.update (package:flutter/src/widgets/binding.dart:1694:5)
#839    RootElement.performRebuild (package:flutter/src/widgets/binding.dart:1708:7)
#840    Element.rebuild (package:flutter/src/widgets/framework.dart:5435:7)
#841    BuildScope._tryRebuild (package:flutter/src/widgets/framework.dart:2695:15)
#842    BuildScope._flushDirtyElements (package:flutter/src/widgets/framework.dart:2752:11)
#843    BuildOwner.buildScope (package:flutter/src/widgets/framework.dart:3056:18)
#844    AutomatedTestWidgetsFlutterBinding.drawFrame (package:flutter_test/src/binding.dart:1506:19)
#845    RendererBinding._handlePersistentFrameCallback (package:flutter/src/rendering/binding.dart:495:5)
#846    SchedulerBinding._invokeFrameCallback (package:flutter/src/scheduler/binding.dart:1434:15)
#847    SchedulerBinding.handleDrawFrame (package:flutter/src/scheduler/binding.dart:1347:9)
#848    AutomatedTestWidgetsFlutterBinding.pump.<anonymous closure> (package:flutter_test/src/binding.dart:1335:9)
#849    _rootRun (dart:async/zone.dart:1525:13)
#850    _CustomZone.run (dart:async/zone.dart:1422:19)
#851    TestAsyncUtils.guard (package:flutter_test/src/test_async_utils.dart:74:41)
#852    AutomatedTestWidgetsFlutterBinding.pump (package:flutter_test/src/binding.dart:1324:27)
#853    WidgetTester.pumpWidget.<anonymous closure> (package:flutter_test/src/widget_tester.dart:598:22)
#854    _rootRun (dart:async/zone.dart:1525:13)
#855    _CustomZone.run (dart:async/zone.dart:1422:19)
#856    TestAsyncUtils.guard (package:flutter_test/src/test_async_utils.dart:74:41)
#857    WidgetTester.pumpWidget (package:flutter_test/src/widget_tester.dart:595:27)
#858    main.<anonymous closure>.<anonymous closure> (file:///home/bootcamp/Proyectos-2026/Proyectos-Varios/Finanzas-Familiares-AS/test/presentation/screens/notification_settings_screen_test.dart:38:20)
#859    testWidgets.<anonymous closure>.<anonymous closure> (package:flutter_test/src/widget_tester.dart:192:29)
<asynchronous suspension>
#860    TestWidgetsFlutterBinding._runTestBody (package:flutter_test/src/binding.dart:1059:5)
<asynchronous suspension>
#861    StackZoneSpecification._registerCallback.<anonymous closure> (package:stack_trace/src/stack_zone_specification.dart:114:42)
<asynchronous suspension>
This warning will only appear on debug builds.
══╡ EXCEPTION CAUGHT BY FLUTTER TEST FRAMEWORK ╞════════════════════════════════════════════════════
The following TestFailure was thrown running a test:
Expected: exactly one matching candidate
  Actual: _TextWidgetFinder:<Found 0 widgets with text "Alertas de Presupuesto": []>
   Which: means none were found but one was expected

When the exception was thrown, this was the stack:
#4      main.<anonymous closure>.<anonymous closure> (file:///home/bootcamp/Proyectos-2026/Proyectos-Varios/Finanzas-Familiares-AS/test/presentation/screens/notification_settings_screen_test.dart:41:7)
<asynchronous suspension>
#5      testWidgets.<anonymous closure>.<anonymous closure> (package:flutter_test/src/widget_tester.dart:192:15)
<asynchronous suspension>
#6      TestWidgetsFlutterBinding._runTestBody (package:flutter_test/src/binding.dart:1059:5)
<asynchronous suspension>
<asynchronous suspension>
(elided one frame from package:stack_trace)

This was caught by the test expectation on the following line:
  file:///home/bootcamp/Proyectos-2026/Proyectos-Varios/Finanzas-Familiares-AS/test/presentation/screens/notification_settings_screen_test.dart line 41
The test description was:
  muestra sección de alertas de presupuesto
════════════════════════════════════════════════════════════════════════════════════════════════════
00:22 +873 -3: /home/bootcamp/Proyectos-2026/Proyectos-Varios/Finanzas-Familiares-AS/test/presentation/screens/notification_settings_screen_test.dart: NotificationSettingsScreen muestra sección de alertas de presupuesto [E]
  Test failed. See exception logs above.
  The test description was: muestra sección de alertas de presupuesto
  

To run this test again: /home/bootcamp/flutter/bin/cache/dart-sdk/bin/dart test /home/bootcamp/Proyectos-2026/Proyectos-Varios/Finanzas-Familiares-AS/test/presentation/screens/notification_settings_screen_test.dart -p vm --plain-name 'NotificationSettingsScreen muestra sección de alertas de presupuesto'
00:23 +873 -3: /home/bootcamp/Proyectos-2026/Proyectos-Varios/Finanzas-Familiares-AS/test/presentation/screens/notification_settings_screen_test.dart: NotificationSettingsScreen muestra sección de recordatorios
WARNING (drift): It looks like you've created the database class AppDatabase multiple times. When these two databases use the same QueryExecutor, race conditions will occur and might corrupt the database. 
Try to follow the advice at https://drift.simonbinder.eu/faq/#using-the-database or, if you know what you're doing, set driftRuntimeOptions.dontWarnAboutMultipleDatabases = true
Here is the stacktrace from when the database was opened a second time:
#0      GeneratedDatabase._handleInstantiated (package:drift/src/runtime/api/db_base.dart:96:30)
#1      GeneratedDatabase._whenConstructed (package:drift/src/runtime/api/db_base.dart:73:12)
#2      new GeneratedDatabase (package:drift/src/runtime/api/db_base.dart:64:5)
#3      new _$AppDatabase (package:finanzas_familiares/data/local/database.g.dart:14435:36)
#4      new AppDatabase (package:finanzas_familiares/data/local/database.dart:56:19)
#5      appDatabase (package:finanzas_familiares/application/providers/user_settings_provider.dart:49:10)
#6      Provider._create (package:riverpod/src/provider/base.dart:59:57)
#7      ProviderElement.create (package:riverpod/src/provider/base.dart:345:23)
#8      ProviderElementBase.buildState (package:riverpod/src/framework/element.dart:426:7)
#9      ProviderElementBase.mount (package:riverpod/src/framework/element.dart:228:5)
#10     _StateReader._create (package:riverpod/src/framework/container.dart:47:11)
#11     _StateReader.getElement (package:riverpod/src/framework/container.dart:35:52)
#12     ProviderContainer.readProviderElement (package:riverpod/src/framework/container.dart:479:19)
#13     ProviderElementBase._debugAssertCanDependOn.<anonymous closure> (package:riverpod/src/framework/element.dart:624:42)
#14     ProviderElementBase._debugAssertCanDependOn (package:riverpod/src/framework/element.dart:667:8)
#15     ProviderElementBase.watch (package:riverpod/src/framework/element.dart:714:12)
#16     userSettingsRepository (package:finanzas_familiares/application/providers/user_settings_provider.dart:15:24)
#17     Provider._create (package:riverpod/src/provider/base.dart:59:57)
#18     ProviderElement.create (package:riverpod/src/provider/base.dart:345:23)
#19     ProviderElementBase.buildState (package:riverpod/src/framework/element.dart:426:7)
#20     ProviderElementBase.mount (package:riverpod/src/framework/element.dart:228:5)
#21     _StateReader._create (package:riverpod/src/framework/container.dart:47:11)
#22     _StateReader.getElement (package:riverpod/src/framework/container.dart:35:52)
#23     ProviderContainer.readProviderElement (package:riverpod/src/framework/container.dart:479:19)
#24     ProviderElementBase._debugAssertCanDependOn.<anonymous closure> (package:riverpod/src/framework/element.dart:624:42)
#25     ProviderElementBase._debugAssertCanDependOn (package:riverpod/src/framework/element.dart:667:8)
#26     ProviderElementBase.watch (package:riverpod/src/framework/element.dart:714:12)
#27     userSettings (package:finanzas_familiares/application/providers/user_settings_provider.dart:29:26)
#28     StreamProvider._create (package:riverpod/src/stream_provider/base.dart:125:63)
#29     StreamProviderElement.create.<anonymous closure> (package:riverpod/src/stream_provider/base.dart:172:25)
#30     FutureHandlerProviderElementMixin.handleStream.<anonymous closure> (package:riverpod/src/async_notifier/base.dart:309:31)
#31     FutureHandlerProviderElementMixin._handleAsync (package:riverpod/src/async_notifier/base.dart:388:47)
#32     FutureHandlerProviderElementMixin.handleStream (package:riverpod/src/async_notifier/base.dart:303:5)
#33     StreamProviderElement.create (package:riverpod/src/stream_provider/base.dart:169:5)
#34     ProviderElementBase.buildState (package:riverpod/src/framework/element.dart:426:7)
#35     ProviderElementBase.mount (package:riverpod/src/framework/element.dart:228:5)
#36     _StateReader._create (package:riverpod/src/framework/container.dart:47:11)
#37     _StateReader.getElement (package:riverpod/src/framework/container.dart:35:52)
#38     ProviderContainer.readProviderElement (package:riverpod/src/framework/container.dart:479:19)
#39     ProviderElementBase._debugAssertCanDependOn.<anonymous closure> (package:riverpod/src/framework/element.dart:624:42)
#40     ProviderElementBase._debugAssertCanDependOn (package:riverpod/src/framework/element.dart:667:8)
#41     ProviderElementBase.listen (package:riverpod/src/framework/element.dart:761:12)
#42     NotificationSettingsNotifier.build (package:finanzas_familiares/application/providers/notification_provider.dart:56:9)
#43     AutoDisposeAsyncNotifierProviderImpl.runNotifierBuild (package:riverpod/src/async_notifier/auto_dispose.dart:101:54)
#44     AsyncNotifierProviderElement.create.<anonymous closure>.<anonymous closure> (package:riverpod/src/async_notifier/base.dart:547:26)
#45     FutureHandlerProviderElementMixin.handleFuture.<anonymous closure> (package:riverpod/src/async_notifier/base.dart:341:30)
#46     FutureHandlerProviderElementMixin._handleAsync (package:riverpod/src/async_notifier/base.dart:388:47)
#47     FutureHandlerProviderElementMixin.handleFuture (package:riverpod/src/async_notifier/base.dart:335:5)
#48     AsyncNotifierProviderElement.create.<anonymous closure> (package:riverpod/src/async_notifier/base.dart:546:9)
#49     ResultData.when (package:riverpod/src/result.dart:82:16)
#50     AsyncNotifierProviderElement.create (package:riverpod/src/async_notifier/base.dart:541:20)
#51     ProviderElementBase.buildState (package:riverpod/src/framework/element.dart:426:7)
#52     ProviderElementBase.mount (package:riverpod/src/framework/element.dart:228:5)
#53     _StateReader._create (package:riverpod/src/framework/container.dart:47:11)
#54     _StateReader.getElement (package:riverpod/src/framework/container.dart:35:52)
#55     ProviderContainer.readProviderElement.<anonymous closure> (package:riverpod/src/framework/container.dart:440:40)
#56     ProviderContainer.readProviderElement (package:riverpod/src/framework/container.dart:475:8)
#57     ProviderBase.addListener (package:riverpod/src/framework/provider_base.dart:79:26)
#58     ProviderContainer.listen (package:riverpod/src/framework/container.dart:280:21)
#59     ConsumerStatefulElement.watch.<anonymous closure> (package:flutter_riverpod/src/consumer.dart:564:25)
#60     _LinkedHashMapMixin.putIfAbsent (dart:_compact_hash:674:23)
#61     ConsumerStatefulElement.watch (package:flutter_riverpod/src/consumer.dart:557:26)
#62     NotificationSettingsScreen.build (package:finanzas_familiares/presentation/screens/notification_settings_screen.dart:12:31)
#63     _ConsumerState.build (package:flutter_riverpod/src/consumer.dart:476:19)
#64     StatefulElement.build (package:flutter/src/widgets/framework.dart:5833:27)
#65     ConsumerStatefulElement.build (package:flutter_riverpod/src/consumer.dart:539:20)
#66     ComponentElement.performRebuild (package:flutter/src/widgets/framework.dart:5723:15)
#67     StatefulElement.performRebuild (package:flutter/src/widgets/framework.dart:5884:11)
#68     Element.rebuild (package:flutter/src/widgets/framework.dart:5435:7)
#69     ComponentElement._firstBuild (package:flutter/src/widgets/framework.dart:5705:5)
#70     StatefulElement._firstBuild (package:flutter/src/widgets/framework.dart:5875:11)
#71     ComponentElement.mount (package:flutter/src/widgets/framework.dart:5699:5)
#72     Element.inflateWidget (package:flutter/src/widgets/framework.dart:4548:16)
#73     Element.updateChild (package:flutter/src/widgets/framework.dart:4004:18)
#74     SingleChildRenderObjectElement.mount (package:flutter/src/widgets/framework.dart:7018:14)
#75     Element.inflateWidget (package:flutter/src/widgets/framework.dart:4548:16)
#76     Element.updateChild (package:flutter/src/widgets/framework.dart:4004:18)
#77     ComponentElement.performRebuild (package:flutter/src/widgets/framework.dart:5747:16)
#78     Element.rebuild (package:flutter/src/widgets/framework.dart:5435:7)
#79     ComponentElement._firstBuild (package:flutter/src/widgets/framework.dart:5705:5)
#80     ComponentElement.mount (package:flutter/src/widgets/framework.dart:5699:5)
#81     Element.inflateWidget (package:flutter/src/widgets/framework.dart:4548:16)
#82     Element.updateChild (package:flutter/src/widgets/framework.dart:4004:18)
#83     SingleChildRenderObjectElement.mount (package:flutter/src/widgets/framework.dart:7018:14)
#84     Element.inflateWidget (package:flutter/src/widgets/framework.dart:4548:16)
#85     Element.updateChild (package:flutter/src/widgets/framework.dart:4004:18)
#86     SingleChildRenderObjectElement.mount (package:flutter/src/widgets/framework.dart:7018:14)
#87     Element.inflateWidget (package:flutter/src/widgets/framework.dart:4548:16)
#88     Element.updateChild (package:flutter/src/widgets/framework.dart:4004:18)
#89     ComponentElement.performRebuild (package:flutter/src/widgets/framework.dart:5747:16)
#90     StatefulElement.performRebuild (package:flutter/src/widgets/framework.dart:5884:11)
#91     Element.rebuild (package:flutter/src/widgets/framework.dart:5435:7)
#92     ComponentElement._firstBuild (package:flutter/src/widgets/framework.dart:5705:5)
#93     StatefulElement._firstBuild (package:flutter/src/widgets/framework.dart:5875:11)
#94     ComponentElement.mount (package:flutter/src/widgets/framework.dart:5699:5)
#95     Element.inflateWidget (package:flutter/src/widgets/framework.dart:4548:16)
#96     Element.updateChild (package:flutter/src/widgets/framework.dart:4004:18)
#97     SingleChildRenderObjectElement.mount (package:flutter/src/widgets/framework.dart:7018:14)
#98     Element.inflateWidget (package:flutter/src/widgets/framework.dart:4548:16)
#99     Element.updateChild (package:flutter/src/widgets/framework.dart:4004:18)
#100    ComponentElement.performRebuild (package:flutter/src/widgets/framework.dart:5747:16)
#101    StatefulElement.performRebuild (package:flutter/src/widgets/framework.dart:5884:11)
#102    Element.rebuild (package:flutter/src/widgets/framework.dart:5435:7)
#103    ComponentElement._firstBuild (package:flutter/src/widgets/framework.dart:5705:5)
#104    StatefulElement._firstBuild (package:flutter/src/widgets/framework.dart:5875:11)
#105    ComponentElement.mount (package:flutter/src/widgets/framework.dart:5699:5)
#106    Element.inflateWidget (package:flutter/src/widgets/framework.dart:4548:16)
#107    Element.updateChild (package:flutter/src/widgets/framework.dart:4004:18)
#108    SingleChildRenderObjectElement.mount (package:flutter/src/widgets/framework.dart:7018:14)
#109    Element.inflateWidget (package:flutter/src/widgets/framework.dart:4548:16)
#110    Element.updateChild (package:flutter/src/widgets/framework.dart:4004:18)
#111    ComponentElement.performRebuild (package:flutter/src/widgets/framework.dart:5747:16)
#112    StatefulElement.performRebuild (package:flutter/src/widgets/framework.dart:5884:11)
#113    Element.rebuild (package:flutter/src/widgets/framework.dart:5435:7)
#114    ComponentElement._firstBuild (package:flutter/src/widgets/framework.dart:5705:5)
#115    StatefulElement._firstBuild (package:flutter/src/widgets/framework.dart:5875:11)
#116    ComponentElement.mount (package:flutter/src/widgets/framework.dart:5699:5)
#117    Element.inflateWidget (package:flutter/src/widgets/framework.dart:4548:16)
#118    Element.updateChild (package:flutter/src/widgets/framework.dart:4004:18)
#119    ComponentElement.performRebuild (package:flutter/src/widgets/framework.dart:5747:16)
#120    StatefulElement.performRebuild (package:flutter/src/widgets/framework.dart:5884:11)
#121    Element.rebuild (package:flutter/src/widgets/framework.dart:5435:7)
#122    ComponentElement._firstBuild (package:flutter/src/widgets/framework.dart:5705:5)
#123    StatefulElement._firstBuild (package:flutter/src/widgets/framework.dart:5875:11)
#124    ComponentElement.mount (package:flutter/src/widgets/framework.dart:5699:5)
#125    Element.inflateWidget (package:flutter/src/widgets/framework.dart:4548:16)
#126    Element.updateChild (package:flutter/src/widgets/framework.dart:4004:18)
#127    SingleChildRenderObjectElement.mount (package:flutter/src/widgets/framework.dart:7018:14)
#128    Element.inflateWidget (package:flutter/src/widgets/framework.dart:4548:16)
#129    Element.updateChild (package:flutter/src/widgets/framework.dart:4004:18)
#130    ComponentElement.performRebuild (package:flutter/src/widgets/framework.dart:5747:16)
#131    StatefulElement.performRebuild (package:flutter/src/widgets/framework.dart:5884:11)
#132    Element.rebuild (package:flutter/src/widgets/framework.dart:5435:7)
#133    ComponentElement._firstBuild (package:flutter/src/widgets/framework.dart:5705:5)
#134    StatefulElement._firstBuild (package:flutter/src/widgets/framework.dart:5875:11)
#135    ComponentElement.mount (package:flutter/src/widgets/framework.dart:5699:5)
#136    Element.inflateWidget (package:flutter/src/widgets/framework.dart:4548:16)
#137    Element.updateChild (package:flutter/src/widgets/framework.dart:4004:18)
#138    SingleChildRenderObjectElement.mount (package:flutter/src/widgets/framework.dart:7018:14)
#139    Element.inflateWidget (package:flutter/src/widgets/framework.dart:4548:16)
#140    Element.updateChild (package:flutter/src/widgets/framework.dart:4004:18)
#141    ComponentElement.performRebuild (package:flutter/src/widgets/framework.dart:5747:16)
#142    StatefulElement.performRebuild (package:flutter/src/widgets/framework.dart:5884:11)
#143    Element.rebuild (package:flutter/src/widgets/framework.dart:5435:7)
#144    ComponentElement._firstBuild (package:flutter/src/widgets/framework.dart:5705:5)
#145    StatefulElement._firstBuild (package:flutter/src/widgets/framework.dart:5875:11)
#146    ComponentElement.mount (package:flutter/src/widgets/framework.dart:5699:5)
#147    Element.inflateWidget (package:flutter/src/widgets/framework.dart:4548:16)
#148    Element.updateChild (package:flutter/src/widgets/framework.dart:4004:18)
#149    ComponentElement.performRebuild (package:flutter/src/widgets/framework.dart:5747:16)
#150    StatefulElement.performRebuild (package:flutter/src/widgets/framework.dart:5884:11)
#151    Element.rebuild (package:flutter/src/widgets/framework.dart:5435:7)
#152    ComponentElement._firstBuild (package:flutter/src/widgets/framework.dart:5705:5)
#153    StatefulElement._firstBuild (package:flutter/src/widgets/framework.dart:5875:11)
#154    ComponentElement.mount (package:flutter/src/widgets/framework.dart:5699:5)
#155    Element.inflateWidget (package:flutter/src/widgets/framework.dart:4548:16)
#156    Element.updateChild (package:flutter/src/widgets/framework.dart:4004:18)
#157    ComponentElement.performRebuild (package:flutter/src/widgets/framework.dart:5747:16)
#158    Element.rebuild (package:flutter/src/widgets/framework.dart:5435:7)
#159    ComponentElement._firstBuild (package:flutter/src/widgets/framework.dart:5705:5)
#160    ComponentElement.mount (package:flutter/src/widgets/framework.dart:5699:5)
#161    Element.inflateWidget (package:flutter/src/widgets/framework.dart:4548:16)
#162    Element.updateChild (package:flutter/src/widgets/framework.dart:4004:18)
#163    ComponentElement.performRebuild (package:flutter/src/widgets/framework.dart:5747:16)
#164    StatefulElement.performRebuild (package:flutter/src/widgets/framework.dart:5884:11)
#165    Element.rebuild (package:flutter/src/widgets/framework.dart:5435:7)
#166    ComponentElement._firstBuild (package:flutter/src/widgets/framework.dart:5705:5)
#167    StatefulElement._firstBuild (package:flutter/src/widgets/framework.dart:5875:11)
#168    ComponentElement.mount (package:flutter/src/widgets/framework.dart:5699:5)
#169    Element.inflateWidget (package:flutter/src/widgets/framework.dart:4548:16)
#170    Element.updateChild (package:flutter/src/widgets/framework.dart:4004:18)
#171    ComponentElement.performRebuild (package:flutter/src/widgets/framework.dart:5747:16)
#172    StatefulElement.performRebuild (package:flutter/src/widgets/framework.dart:5884:11)
#173    Element.rebuild (package:flutter/src/widgets/framework.dart:5435:7)
#174    ComponentElement._firstBuild (package:flutter/src/widgets/framework.dart:5705:5)
#175    StatefulElement._firstBuild (package:flutter/src/widgets/framework.dart:5875:11)
#176    ComponentElement.mount (package:flutter/src/widgets/framework.dart:5699:5)
#177    Element.inflateWidget (package:flutter/src/widgets/framework.dart:4548:16)
#178    Element.updateChild (package:flutter/src/widgets/framework.dart:4004:18)
#179    SingleChildRenderObjectElement.mount (package:flutter/src/widgets/framework.dart:7018:14)
#180    Element.inflateWidget (package:flutter/src/widgets/framework.dart:4548:16)
#181    Element.updateChild (package:flutter/src/widgets/framework.dart:4004:18)
#182    ComponentElement.performRebuild (package:flutter/src/widgets/framework.dart:5747:16)
#183    Element.rebuild (package:flutter/src/widgets/framework.dart:5435:7)
#184    ComponentElement._firstBuild (package:flutter/src/widgets/framework.dart:5705:5)
#185    ComponentElement.mount (package:flutter/src/widgets/framework.dart:5699:5)
#186    Element.inflateWidget (package:flutter/src/widgets/framework.dart:4548:16)
#187    Element.updateChild (package:flutter/src/widgets/framework.dart:4004:18)
#188    SingleChildRenderObjectElement.mount (package:flutter/src/widgets/framework.dart:7018:14)
#189    Element.inflateWidget (package:flutter/src/widgets/framework.dart:4548:16)
#190    Element.updateChild (package:flutter/src/widgets/framework.dart:4004:18)
#191    ComponentElement.performRebuild (package:flutter/src/widgets/framework.dart:5747:16)
#192    StatefulElement.performRebuild (package:flutter/src/widgets/framework.dart:5884:11)
#193    Element.rebuild (package:flutter/src/widgets/framework.dart:5435:7)
#194    ComponentElement._firstBuild (package:flutter/src/widgets/framework.dart:5705:5)
#195    StatefulElement._firstBuild (package:flutter/src/widgets/framework.dart:5875:11)
#196    ComponentElement.mount (package:flutter/src/widgets/framework.dart:5699:5)
#197    Element.inflateWidget (package:flutter/src/widgets/framework.dart:4548:16)
#198    Element.updateChild (package:flutter/src/widgets/framework.dart:4004:18)
#199    ComponentElement.performRebuild (package:flutter/src/widgets/framework.dart:5747:16)
#200    Element.rebuild (package:flutter/src/widgets/framework.dart:5435:7)
#201    ComponentElement._firstBuild (package:flutter/src/widgets/framework.dart:5705:5)
#202    ComponentElement.mount (package:flutter/src/widgets/framework.dart:5699:5)
#203    Element.inflateWidget (package:flutter/src/widgets/framework.dart:4548:16)
#204    Element.updateChild (package:flutter/src/widgets/framework.dart:4004:18)
#205    ComponentElement.performRebuild (package:flutter/src/widgets/framework.dart:5747:16)
#206    Element.rebuild (package:flutter/src/widgets/framework.dart:5435:7)
#207    ComponentElement._firstBuild (package:flutter/src/widgets/framework.dart:5705:5)
#208    ComponentElement.mount (package:flutter/src/widgets/framework.dart:5699:5)
#209    Element.inflateWidget (package:flutter/src/widgets/framework.dart:4548:16)
#210    Element.updateChild (package:flutter/src/widgets/framework.dart:4004:18)
#211    ComponentElement.performRebuild (package:flutter/src/widgets/framework.dart:5747:16)
#212    StatefulElement.performRebuild (package:flutter/src/widgets/framework.dart:5884:11)
#213    Element.rebuild (package:flutter/src/widgets/framework.dart:5435:7)
#214    ComponentElement._firstBuild (package:flutter/src/widgets/framework.dart:5705:5)
#215    StatefulElement._firstBuild (package:flutter/src/widgets/framework.dart:5875:11)
#216    ComponentElement.mount (package:flutter/src/widgets/framework.dart:5699:5)
#217    Element.inflateWidget (package:flutter/src/widgets/framework.dart:4548:16)
#218    Element.updateChild (package:flutter/src/widgets/framework.dart:4004:18)
#219    ComponentElement.performRebuild (package:flutter/src/widgets/framework.dart:5747:16)
#220    Element.rebuild (package:flutter/src/widgets/framework.dart:5435:7)
#221    ComponentElement._firstBuild (package:flutter/src/widgets/framework.dart:5705:5)
#222    ComponentElement.mount (package:flutter/src/widgets/framework.dart:5699:5)
#223    Element.inflateWidget (package:flutter/src/widgets/framework.dart:4548:16)
#224    Element.updateChild (package:flutter/src/widgets/framework.dart:4004:18)
#225    ComponentElement.performRebuild (package:flutter/src/widgets/framework.dart:5747:16)
#226    Element.rebuild (package:flutter/src/widgets/framework.dart:5435:7)
#227    ComponentElement._firstBuild (package:flutter/src/widgets/framework.dart:5705:5)
#228    ComponentElement.mount (package:flutter/src/widgets/framework.dart:5699:5)
#229    Element.inflateWidget (package:flutter/src/widgets/framework.dart:4548:16)
#230    Element.updateChild (package:flutter/src/widgets/framework.dart:4004:18)
#231    SingleChildRenderObjectElement.mount (package:flutter/src/widgets/framework.dart:7018:14)
#232    Element.inflateWidget (package:flutter/src/widgets/framework.dart:4548:16)
#233    Element.updateChild (package:flutter/src/widgets/framework.dart:4004:18)
#234    ComponentElement.performRebuild (package:flutter/src/widgets/framework.dart:5747:16)
#235    Element.rebuild (package:flutter/src/widgets/framework.dart:5435:7)
#236    ComponentElement._firstBuild (package:flutter/src/widgets/framework.dart:5705:5)
#237    ComponentElement.mount (package:flutter/src/widgets/framework.dart:5699:5)
#238    Element.inflateWidget (package:flutter/src/widgets/framework.dart:4548:16)
#239    Element.updateChild (package:flutter/src/widgets/framework.dart:4004:18)
#240    ComponentElement.performRebuild (package:flutter/src/widgets/framework.dart:5747:16)
#241    Element.rebuild (package:flutter/src/widgets/framework.dart:5435:7)
#242    ComponentElement._firstBuild (package:flutter/src/widgets/framework.dart:5705:5)
#243    ComponentElement.mount (package:flutter/src/widgets/framework.dart:5699:5)
#244    Element.inflateWidget (package:flutter/src/widgets/framework.dart:4548:16)
#245    Element.updateChild (package:flutter/src/widgets/framework.dart:4004:18)
#246    ComponentElement.performRebuild (package:flutter/src/widgets/framework.dart:5747:16)
#247    StatefulElement.performRebuild (package:flutter/src/widgets/framework.dart:5884:11)
#248    Element.rebuild (package:flutter/src/widgets/framework.dart:5435:7)
#249    ComponentElement._firstBuild (package:flutter/src/widgets/framework.dart:5705:5)
#250    StatefulElement._firstBuild (package:flutter/src/widgets/framework.dart:5875:11)
#251    ComponentElement.mount (package:flutter/src/widgets/framework.dart:5699:5)
#252    Element.inflateWidget (package:flutter/src/widgets/framework.dart:4548:16)
#253    Element.updateChild (package:flutter/src/widgets/framework.dart:4004:18)
#254    ComponentElement.performRebuild (package:flutter/src/widgets/framework.dart:5747:16)
#255    StatefulElement.performRebuild (package:flutter/src/widgets/framework.dart:5884:11)
#256    Element.rebuild (package:flutter/src/widgets/framework.dart:5435:7)
#257    ComponentElement._firstBuild (package:flutter/src/widgets/framework.dart:5705:5)
#258    StatefulElement._firstBuild (package:flutter/src/widgets/framework.dart:5875:11)
#259    ComponentElement.mount (package:flutter/src/widgets/framework.dart:5699:5)
#260    Element.inflateWidget (package:flutter/src/widgets/framework.dart:4548:16)
#261    Element.updateChild (package:flutter/src/widgets/framework.dart:4004:18)
#262    ComponentElement.performRebuild (package:flutter/src/widgets/framework.dart:5747:16)
#263    StatefulElement.performRebuild (package:flutter/src/widgets/framework.dart:5884:11)
#264    Element.rebuild (package:flutter/src/widgets/framework.dart:5435:7)
#265    ComponentElement._firstBuild (package:flutter/src/widgets/framework.dart:5705:5)
#266    StatefulElement._firstBuild (package:flutter/src/widgets/framework.dart:5875:11)
#267    ComponentElement.mount (package:flutter/src/widgets/framework.dart:5699:5)
#268    Element.inflateWidget (package:flutter/src/widgets/framework.dart:4548:16)
#269    Element.updateChild (package:flutter/src/widgets/framework.dart:4004:18)
#270    SingleChildRenderObjectElement.mount (package:flutter/src/widgets/framework.dart:7018:14)
#271    Element.inflateWidget (package:flutter/src/widgets/framework.dart:4548:16)
#272    Element.updateChild (package:flutter/src/widgets/framework.dart:4004:18)
#273    ComponentElement.performRebuild (package:flutter/src/widgets/framework.dart:5747:16)
#274    Element.rebuild (package:flutter/src/widgets/framework.dart:5435:7)
#275    ComponentElement._firstBuild (package:flutter/src/widgets/framework.dart:5705:5)
#276    ComponentElement.mount (package:flutter/src/widgets/framework.dart:5699:5)
#277    Element.inflateWidget (package:flutter/src/widgets/framework.dart:4548:16)
#278    Element.updateChild (package:flutter/src/widgets/framework.dart:4004:18)
#279    ComponentElement.performRebuild (package:flutter/src/widgets/framework.dart:5747:16)
#280    Element.rebuild (package:flutter/src/widgets/framework.dart:5435:7)
#281    ComponentElement._firstBuild (package:flutter/src/widgets/framework.dart:5705:5)
#282    ComponentElement.mount (package:flutter/src/widgets/framework.dart:5699:5)
#283    Element.inflateWidget (package:flutter/src/widgets/framework.dart:4548:16)
#284    Element.updateChild (package:flutter/src/widgets/framework.dart:4004:18)
#285    ComponentElement.performRebuild (package:flutter/src/widgets/framework.dart:5747:16)
#286    StatefulElement.performRebuild (package:flutter/src/widgets/framework.dart:5884:11)
#287    Element.rebuild (package:flutter/src/widgets/framework.dart:5435:7)
#288    ComponentElement._firstBuild (package:flutter/src/widgets/framework.dart:5705:5)
#289    StatefulElement._firstBuild (package:flutter/src/widgets/framework.dart:5875:11)
#290    ComponentElement.mount (package:flutter/src/widgets/framework.dart:5699:5)
#291    Element.inflateWidget (package:flutter/src/widgets/framework.dart:4548:16)
#292    Element.updateChild (package:flutter/src/widgets/framework.dart:4004:18)
#293    ComponentElement.performRebuild (package:flutter/src/widgets/framework.dart:5747:16)
#294    StatefulElement.performRebuild (package:flutter/src/widgets/framework.dart:5884:11)
#295    Element.rebuild (package:flutter/src/widgets/framework.dart:5435:7)
#296    ComponentElement._firstBuild (package:flutter/src/widgets/framework.dart:5705:5)
#297    StatefulElement._firstBuild (package:flutter/src/widgets/framework.dart:5875:11)
#298    ComponentElement.mount (package:flutter/src/widgets/framework.dart:5699:5)
#299    Element.inflateWidget (package:flutter/src/widgets/framework.dart:4548:16)
#300    MultiChildRenderObjectElement.inflateWidget (package:flutter/src/widgets/framework.dart:7169:36)
#301    MultiChildRenderObjectElement.mount (package:flutter/src/widgets/framework.dart:7185:32)
#302    Element.inflateWidget (package:flutter/src/widgets/framework.dart:4548:16)
#303    Element.updateChild (package:flutter/src/widgets/framework.dart:4004:18)
#304    ComponentElement.performRebuild (package:flutter/src/widgets/framework.dart:5747:16)
#305    StatefulElement.performRebuild (package:flutter/src/widgets/framework.dart:5884:11)
#306    Element.rebuild (package:flutter/src/widgets/framework.dart:5435:7)
#307    ComponentElement._firstBuild (package:flutter/src/widgets/framework.dart:5705:5)
#308    StatefulElement._firstBuild (package:flutter/src/widgets/framework.dart:5875:11)
#309    ComponentElement.mount (package:flutter/src/widgets/framework.dart:5699:5)
#310    Element.inflateWidget (package:flutter/src/widgets/framework.dart:4548:16)
#311    Element.updateChild (package:flutter/src/widgets/framework.dart:4004:18)
#312    ComponentElement.performRebuild (package:flutter/src/widgets/framework.dart:5747:16)
#313    Element.rebuild (package:flutter/src/widgets/framework.dart:5435:7)
#314    ComponentElement._firstBuild (package:flutter/src/widgets/framework.dart:5705:5)
#315    ComponentElement.mount (package:flutter/src/widgets/framework.dart:5699:5)
#316    Element.inflateWidget (package:flutter/src/widgets/framework.dart:4548:16)
#317    Element.updateChild (package:flutter/src/widgets/framework.dart:4004:18)
#318    ComponentElement.performRebuild (package:flutter/src/widgets/framework.dart:5747:16)
#319    Element.rebuild (package:flutter/src/widgets/framework.dart:5435:7)
#320    ComponentElement._firstBuild (package:flutter/src/widgets/framework.dart:5705:5)
#321    ComponentElement.mount (package:flutter/src/widgets/framework.dart:5699:5)
#322    Element.inflateWidget (package:flutter/src/widgets/framework.dart:4548:16)
#323    Element.updateChild (package:flutter/src/widgets/framework.dart:4004:18)
#324    ComponentElement.performRebuild (package:flutter/src/widgets/framework.dart:5747:16)
#325    StatefulElement.performRebuild (package:flutter/src/widgets/framework.dart:5884:11)
#326    Element.rebuild (package:flutter/src/widgets/framework.dart:5435:7)
#327    ComponentElement._firstBuild (package:flutter/src/widgets/framework.dart:5705:5)
#328    StatefulElement._firstBuild (package:flutter/src/widgets/framework.dart:5875:11)
#329    ComponentElement.mount (package:flutter/src/widgets/framework.dart:5699:5)
#330    Element.inflateWidget (package:flutter/src/widgets/framework.dart:4548:16)
#331    Element.updateChild (package:flutter/src/widgets/framework.dart:4004:18)
#332    ComponentElement.performRebuild (package:flutter/src/widgets/framework.dart:5747:16)
#333    Element.rebuild (package:flutter/src/widgets/framework.dart:5435:7)
#334    ComponentElement._firstBuild (package:flutter/src/widgets/framework.dart:5705:5)
#335    ComponentElement.mount (package:flutter/src/widgets/framework.dart:5699:5)
#336    Element.inflateWidget (package:flutter/src/widgets/framework.dart:4548:16)
#337    Element.updateChild (package:flutter/src/widgets/framework.dart:4004:18)
#338    ComponentElement.performRebuild (package:flutter/src/widgets/framework.dart:5747:16)
#339    StatefulElement.performRebuild (package:flutter/src/widgets/framework.dart:5884:11)
#340    Element.rebuild (package:flutter/src/widgets/framework.dart:5435:7)
#341    ComponentElement._firstBuild (package:flutter/src/widgets/framework.dart:5705:5)
#342    StatefulElement._firstBuild (package:flutter/src/widgets/framework.dart:5875:11)
#343    ComponentElement.mount (package:flutter/src/widgets/framework.dart:5699:5)
#344    Element.inflateWidget (package:flutter/src/widgets/framework.dart:4548:16)
#345    Element.updateChild (package:flutter/src/widgets/framework.dart:4004:18)
#346    ComponentElement.performRebuild (package:flutter/src/widgets/framework.dart:5747:16)
#347    StatefulElement.performRebuild (package:flutter/src/widgets/framework.dart:5884:11)
#348    Element.rebuild (package:flutter/src/widgets/framework.dart:5435:7)
#349    ComponentElement._firstBuild (package:flutter/src/widgets/framework.dart:5705:5)
#350    StatefulElement._firstBuild (package:flutter/src/widgets/framework.dart:5875:11)
#351    ComponentElement.mount (package:flutter/src/widgets/framework.dart:5699:5)
#352    Element.inflateWidget (package:flutter/src/widgets/framework.dart:4548:16)
#353    Element.updateChild (package:flutter/src/widgets/framework.dart:4004:18)
#354    SingleChildRenderObjectElement.mount (package:flutter/src/widgets/framework.dart:7018:14)
#355    Element.inflateWidget (package:flutter/src/widgets/framework.dart:4548:16)
#356    Element.updateChild (package:flutter/src/widgets/framework.dart:4004:18)
#357    SingleChildRenderObjectElement.mount (package:flutter/src/widgets/framework.dart:7018:14)
#358    Element.inflateWidget (package:flutter/src/widgets/framework.dart:4548:16)
#359    Element.updateChild (package:flutter/src/widgets/framework.dart:4004:18)
#360    ComponentElement.performRebuild (package:flutter/src/widgets/framework.dart:5747:16)
#361    Element.rebuild (package:flutter/src/widgets/framework.dart:5435:7)
#362    ComponentElement._firstBuild (package:flutter/src/widgets/framework.dart:5705:5)
#363    ComponentElement.mount (package:flutter/src/widgets/framework.dart:5699:5)
#364    Element.inflateWidget (package:flutter/src/widgets/framework.dart:4548:16)
#365    Element.updateChild (package:flutter/src/widgets/framework.dart:4004:18)
#366    ComponentElement.performRebuild (package:flutter/src/widgets/framework.dart:5747:16)
#367    Element.rebuild (package:flutter/src/widgets/framework.dart:5435:7)
#368    ComponentElement._firstBuild (package:flutter/src/widgets/framework.dart:5705:5)
#369    ComponentElement.mount (package:flutter/src/widgets/framework.dart:5699:5)
#370    Element.inflateWidget (package:flutter/src/widgets/framework.dart:4548:16)
#371    Element.updateChild (package:flutter/src/widgets/framework.dart:4004:18)
#372    ComponentElement.performRebuild (package:flutter/src/widgets/framework.dart:5747:16)
#373    StatefulElement.performRebuild (package:flutter/src/widgets/framework.dart:5884:11)
#374    Element.rebuild (package:flutter/src/widgets/framework.dart:5435:7)
#375    ComponentElement._firstBuild (package:flutter/src/widgets/framework.dart:5705:5)
#376    StatefulElement._firstBuild (package:flutter/src/widgets/framework.dart:5875:11)
#377    ComponentElement.mount (package:flutter/src/widgets/framework.dart:5699:5)
#378    Element.inflateWidget (package:flutter/src/widgets/framework.dart:4548:16)
#379    Element.updateChild (package:flutter/src/widgets/framework.dart:4004:18)
#380    ComponentElement.performRebuild (package:flutter/src/widgets/framework.dart:5747:16)
#381    Element.rebuild (package:flutter/src/widgets/framework.dart:5435:7)
#382    ComponentElement._firstBuild (package:flutter/src/widgets/framework.dart:5705:5)
#383    ComponentElement.mount (package:flutter/src/widgets/framework.dart:5699:5)
#384    Element.inflateWidget (package:flutter/src/widgets/framework.dart:4548:16)
#385    Element.updateChild (package:flutter/src/widgets/framework.dart:4004:18)
#386    SingleChildRenderObjectElement.mount (package:flutter/src/widgets/framework.dart:7018:14)
#387    Element.inflateWidget (package:flutter/src/widgets/framework.dart:4548:16)
#388    Element.updateChild (package:flutter/src/widgets/framework.dart:4004:18)
#389    ComponentElement.performRebuild (package:flutter/src/widgets/framework.dart:5747:16)
#390    StatefulElement.performRebuild (package:flutter/src/widgets/framework.dart:5884:11)
#391    Element.rebuild (package:flutter/src/widgets/framework.dart:5435:7)
#392    ComponentElement._firstBuild (package:flutter/src/widgets/framework.dart:5705:5)
#393    StatefulElement._firstBuild (package:flutter/src/widgets/framework.dart:5875:11)
#394    ComponentElement.mount (package:flutter/src/widgets/framework.dart:5699:5)
#395    Element.inflateWidget (package:flutter/src/widgets/framework.dart:4548:16)
#396    Element.updateChild (package:flutter/src/widgets/framework.dart:4004:18)
#397    ComponentElement.performRebuild (package:flutter/src/widgets/framework.dart:5747:16)
#398    Element.rebuild (package:flutter/src/widgets/framework.dart:5435:7)
#399    ComponentElement._firstBuild (package:flutter/src/widgets/framework.dart:5705:5)
#400    ComponentElement.mount (package:flutter/src/widgets/framework.dart:5699:5)
#401    Element.inflateWidget (package:flutter/src/widgets/framework.dart:4548:16)
#402    Element.updateChild (package:flutter/src/widgets/framework.dart:4004:18)
#403    ComponentElement.performRebuild (package:flutter/src/widgets/framework.dart:5747:16)
#404    Element.rebuild (package:flutter/src/widgets/framework.dart:5435:7)
#405    ComponentElement._firstBuild (package:flutter/src/widgets/framework.dart:5705:5)
#406    ComponentElement.mount (package:flutter/src/widgets/framework.dart:5699:5)
#407    Element.inflateWidget (package:flutter/src/widgets/framework.dart:4548:16)
#408    Element.updateChild (package:flutter/src/widgets/framework.dart:4004:18)
#409    ComponentElement.performRebuild (package:flutter/src/widgets/framework.dart:5747:16)
#410    StatefulElement.performRebuild (package:flutter/src/widgets/framework.dart:5884:11)
#411    Element.rebuild (package:flutter/src/widgets/framework.dart:5435:7)
#412    ComponentElement._firstBuild (package:flutter/src/widgets/framework.dart:5705:5)
#413    StatefulElement._firstBuild (package:flutter/src/widgets/framework.dart:5875:11)
#414    ComponentElement.mount (package:flutter/src/widgets/framework.dart:5699:5)
#415    Element.inflateWidget (package:flutter/src/widgets/framework.dart:4548:16)
#416    Element.updateChild (package:flutter/src/widgets/framework.dart:4004:18)
#417    ComponentElement.performRebuild (package:flutter/src/widgets/framework.dart:5747:16)
#418    Element.rebuild (package:flutter/src/widgets/framework.dart:5435:7)
#419    ComponentElement._firstBuild (package:flutter/src/widgets/framework.dart:5705:5)
#420    ComponentElement.mount (package:flutter/src/widgets/framework.dart:5699:5)
#421    Element.inflateWidget (package:flutter/src/widgets/framework.dart:4548:16)
#422    Element.updateChild (package:flutter/src/widgets/framework.dart:4004:18)
#423    ComponentElement.performRebuild (package:flutter/src/widgets/framework.dart:5747:16)
#424    Element.rebuild (package:flutter/src/widgets/framework.dart:5435:7)
#425    ComponentElement._firstBuild (package:flutter/src/widgets/framework.dart:5705:5)
#426    ComponentElement.mount (package:flutter/src/widgets/framework.dart:5699:5)
#427    Element.inflateWidget (package:flutter/src/widgets/framework.dart:4548:16)
#428    Element.updateChild (package:flutter/src/widgets/framework.dart:4004:18)
#429    ComponentElement.performRebuild (package:flutter/src/widgets/framework.dart:5747:16)
#430    Element.rebuild (package:flutter/src/widgets/framework.dart:5435:7)
#431    ComponentElement._firstBuild (package:flutter/src/widgets/framework.dart:5705:5)
#432    ComponentElement.mount (package:flutter/src/widgets/framework.dart:5699:5)
#433    Element.inflateWidget (package:flutter/src/widgets/framework.dart:4548:16)
#434    Element.updateChild (package:flutter/src/widgets/framework.dart:4004:18)
#435    ComponentElement.performRebuild (package:flutter/src/widgets/framework.dart:5747:16)
#436    Element.rebuild (package:flutter/src/widgets/framework.dart:5435:7)
#437    ComponentElement._firstBuild (package:flutter/src/widgets/framework.dart:5705:5)
#438    ComponentElement.mount (package:flutter/src/widgets/framework.dart:5699:5)
#439    Element.inflateWidget (package:flutter/src/widgets/framework.dart:4548:16)
#440    Element.updateChild (package:flutter/src/widgets/framework.dart:4004:18)
#441    ComponentElement.performRebuild (package:flutter/src/widgets/framework.dart:5747:16)
#442    Element.rebuild (package:flutter/src/widgets/framework.dart:5435:7)
#443    ComponentElement._firstBuild (package:flutter/src/widgets/framework.dart:5705:5)
#444    ComponentElement.mount (package:flutter/src/widgets/framework.dart:5699:5)
#445    Element.inflateWidget (package:flutter/src/widgets/framework.dart:4548:16)
#446    Element.updateChild (package:flutter/src/widgets/framework.dart:4004:18)
#447    ComponentElement.performRebuild (package:flutter/src/widgets/framework.dart:5747:16)
#448    Element.rebuild (package:flutter/src/widgets/framework.dart:5435:7)
#449    ComponentElement._firstBuild (package:flutter/src/widgets/framework.dart:5705:5)
#450    ComponentElement.mount (package:flutter/src/widgets/framework.dart:5699:5)
#451    Element.inflateWidget (package:flutter/src/widgets/framework.dart:4548:16)
#452    Element.updateChild (package:flutter/src/widgets/framework.dart:4004:18)
#453    ComponentElement.performRebuild (package:flutter/src/widgets/framework.dart:5747:16)
#454    Element.rebuild (package:flutter/src/widgets/framework.dart:5435:7)
#455    ComponentElement._firstBuild (package:flutter/src/widgets/framework.dart:5705:5)
#456    ComponentElement.mount (package:flutter/src/widgets/framework.dart:5699:5)
#457    Element.inflateWidget (package:flutter/src/widgets/framework.dart:4548:16)
#458    Element.updateChild (package:flutter/src/widgets/framework.dart:4004:18)
#459    ComponentElement.performRebuild (package:flutter/src/widgets/framework.dart:5747:16)
#460    StatefulElement.performRebuild (package:flutter/src/widgets/framework.dart:5884:11)
#461    Element.rebuild (package:flutter/src/widgets/framework.dart:5435:7)
#462    ComponentElement._firstBuild (package:flutter/src/widgets/framework.dart:5705:5)
#463    StatefulElement._firstBuild (package:flutter/src/widgets/framework.dart:5875:11)
#464    ComponentElement.mount (package:flutter/src/widgets/framework.dart:5699:5)
#465    Element.inflateWidget (package:flutter/src/widgets/framework.dart:4548:16)
#466    Element.updateChild (package:flutter/src/widgets/framework.dart:4004:18)
#467    ComponentElement.performRebuild (package:flutter/src/widgets/framework.dart:5747:16)
#468    Element.rebuild (package:flutter/src/widgets/framework.dart:5435:7)
#469    ComponentElement._firstBuild (package:flutter/src/widgets/framework.dart:5705:5)
#470    ComponentElement.mount (package:flutter/src/widgets/framework.dart:5699:5)
#471    Element.inflateWidget (package:flutter/src/widgets/framework.dart:4548:16)
#472    Element.updateChild (package:flutter/src/widgets/framework.dart:4004:18)
#473    ComponentElement.performRebuild (package:flutter/src/widgets/framework.dart:5747:16)
#474    Element.rebuild (package:flutter/src/widgets/framework.dart:5435:7)
#475    ComponentElement._firstBuild (package:flutter/src/widgets/framework.dart:5705:5)
#476    ComponentElement.mount (package:flutter/src/widgets/framework.dart:5699:5)
#477    Element.inflateWidget (package:flutter/src/widgets/framework.dart:4548:16)
#478    Element.updateChild (package:flutter/src/widgets/framework.dart:4004:18)
#479    ComponentElement.performRebuild (package:flutter/src/widgets/framework.dart:5747:16)
#480    StatefulElement.performRebuild (package:flutter/src/widgets/framework.dart:5884:11)
#481    Element.rebuild (package:flutter/src/widgets/framework.dart:5435:7)
#482    ComponentElement._firstBuild (package:flutter/src/widgets/framework.dart:5705:5)
#483    StatefulElement._firstBuild (package:flutter/src/widgets/framework.dart:5875:11)
#484    ComponentElement.mount (package:flutter/src/widgets/framework.dart:5699:5)
#485    Element.inflateWidget (package:flutter/src/widgets/framework.dart:4548:16)
#486    Element.updateChild (package:flutter/src/widgets/framework.dart:4004:18)
#487    SingleChildRenderObjectElement.mount (package:flutter/src/widgets/framework.dart:7018:14)
#488    Element.inflateWidget (package:flutter/src/widgets/framework.dart:4548:16)
#489    Element.updateChild (package:flutter/src/widgets/framework.dart:4004:18)
#490    ComponentElement.performRebuild (package:flutter/src/widgets/framework.dart:5747:16)
#491    StatefulElement.performRebuild (package:flutter/src/widgets/framework.dart:5884:11)
#492    Element.rebuild (package:flutter/src/widgets/framework.dart:5435:7)
#493    ComponentElement._firstBuild (package:flutter/src/widgets/framework.dart:5705:5)
#494    StatefulElement._firstBuild (package:flutter/src/widgets/framework.dart:5875:11)
#495    ComponentElement.mount (package:flutter/src/widgets/framework.dart:5699:5)
#496    Element.inflateWidget (package:flutter/src/widgets/framework.dart:4548:16)
#497    Element.updateChild (package:flutter/src/widgets/framework.dart:4004:18)
#498    ComponentElement.performRebuild (package:flutter/src/widgets/framework.dart:5747:16)
#499    Element.rebuild (package:flutter/src/widgets/framework.dart:5435:7)
#500    ComponentElement._firstBuild (package:flutter/src/widgets/framework.dart:5705:5)
#501    ComponentElement.mount (package:flutter/src/widgets/framework.dart:5699:5)
#502    Element.inflateWidget (package:flutter/src/widgets/framework.dart:4548:16)
#503    Element.updateChild (package:flutter/src/widgets/framework.dart:4004:18)
#504    ComponentElement.performRebuild (package:flutter/src/widgets/framework.dart:5747:16)
#505    Element.rebuild (package:flutter/src/widgets/framework.dart:5435:7)
#506    ComponentElement._firstBuild (package:flutter/src/widgets/framework.dart:5705:5)
#507    ComponentElement.mount (package:flutter/src/widgets/framework.dart:5699:5)
#508    Element.inflateWidget (package:flutter/src/widgets/framework.dart:4548:16)
#509    Element.updateChild (package:flutter/src/widgets/framework.dart:4004:18)
#510    ComponentElement.performRebuild (package:flutter/src/widgets/framework.dart:5747:16)
#511    Element.rebuild (package:flutter/src/widgets/framework.dart:5435:7)
#512    ComponentElement._firstBuild (package:flutter/src/widgets/framework.dart:5705:5)
#513    ComponentElement.mount (package:flutter/src/widgets/framework.dart:5699:5)
#514    Element.inflateWidget (package:flutter/src/widgets/framework.dart:4548:16)
#515    Element.updateChild (package:flutter/src/widgets/framework.dart:4004:18)
#516    ComponentElement.performRebuild (package:flutter/src/widgets/framework.dart:5747:16)
#517    Element.rebuild (package:flutter/src/widgets/framework.dart:5435:7)
#518    ComponentElement._firstBuild (package:flutter/src/widgets/framework.dart:5705:5)
#519    ComponentElement.mount (package:flutter/src/widgets/framework.dart:5699:5)
#520    Element.inflateWidget (package:flutter/src/widgets/framework.dart:4548:16)
#521    Element.updateChild (package:flutter/src/widgets/framework.dart:4004:18)
#522    SingleChildRenderObjectElement.mount (package:flutter/src/widgets/framework.dart:7018:14)
#523    Element.inflateWidget (package:flutter/src/widgets/framework.dart:4548:16)
#524    Element.updateChild (package:flutter/src/widgets/framework.dart:4004:18)
#525    ComponentElement.performRebuild (package:flutter/src/widgets/framework.dart:5747:16)
#526    StatefulElement.performRebuild (package:flutter/src/widgets/framework.dart:5884:11)
#527    Element.rebuild (package:flutter/src/widgets/framework.dart:5435:7)
#528    ComponentElement._firstBuild (package:flutter/src/widgets/framework.dart:5705:5)
#529    StatefulElement._firstBuild (package:flutter/src/widgets/framework.dart:5875:11)
#530    ComponentElement.mount (package:flutter/src/widgets/framework.dart:5699:5)
#531    Element.inflateWidget (package:flutter/src/widgets/framework.dart:4548:16)
#532    Element.updateChild (package:flutter/src/widgets/framework.dart:4004:18)
#533    ComponentElement.performRebuild (package:flutter/src/widgets/framework.dart:5747:16)
#534    StatefulElement.performRebuild (package:flutter/src/widgets/framework.dart:5884:11)
#535    Element.rebuild (package:flutter/src/widgets/framework.dart:5435:7)
#536    ComponentElement._firstBuild (package:flutter/src/widgets/framework.dart:5705:5)
#537    StatefulElement._firstBuild (package:flutter/src/widgets/framework.dart:5875:11)
#538    ComponentElement.mount (package:flutter/src/widgets/framework.dart:5699:5)
#539    Element.inflateWidget (package:flutter/src/widgets/framework.dart:4548:16)
#540    Element.updateChild (package:flutter/src/widgets/framework.dart:4004:18)
#541    SingleChildRenderObjectElement.mount (package:flutter/src/widgets/framework.dart:7018:14)
#542    Element.inflateWidget (package:flutter/src/widgets/framework.dart:4548:16)
#543    Element.updateChild (package:flutter/src/widgets/framework.dart:4004:18)
#544    ComponentElement.performRebuild (package:flutter/src/widgets/framework.dart:5747:16)
#545    Element.rebuild (package:flutter/src/widgets/framework.dart:5435:7)
#546    ComponentElement._firstBuild (package:flutter/src/widgets/framework.dart:5705:5)
#547    ComponentElement.mount (package:flutter/src/widgets/framework.dart:5699:5)
#548    Element.inflateWidget (package:flutter/src/widgets/framework.dart:4548:16)
#549    Element.updateChild (package:flutter/src/widgets/framework.dart:4004:18)
#550    ComponentElement.performRebuild (package:flutter/src/widgets/framework.dart:5747:16)
#551    StatefulElement.performRebuild (package:flutter/src/widgets/framework.dart:5884:11)
#552    Element.rebuild (package:flutter/src/widgets/framework.dart:5435:7)
#553    ComponentElement._firstBuild (package:flutter/src/widgets/framework.dart:5705:5)
#554    StatefulElement._firstBuild (package:flutter/src/widgets/framework.dart:5875:11)
#555    ComponentElement.mount (package:flutter/src/widgets/framework.dart:5699:5)
#556    Element.inflateWidget (package:flutter/src/widgets/framework.dart:4548:16)
#557    Element.updateChild (package:flutter/src/widgets/framework.dart:4004:18)
#558    ComponentElement.performRebuild (package:flutter/src/widgets/framework.dart:5747:16)
#559    StatefulElement.performRebuild (package:flutter/src/widgets/framework.dart:5884:11)
#560    Element.rebuild (package:flutter/src/widgets/framework.dart:5435:7)
#561    ComponentElement._firstBuild (package:flutter/src/widgets/framework.dart:5705:5)
#562    StatefulElement._firstBuild (package:flutter/src/widgets/framework.dart:5875:11)
#563    ComponentElement.mount (package:flutter/src/widgets/framework.dart:5699:5)
#564    Element.inflateWidget (package:flutter/src/widgets/framework.dart:4548:16)
#565    Element.updateChild (package:flutter/src/widgets/framework.dart:4004:18)
#566    ComponentElement.performRebuild (package:flutter/src/widgets/framework.dart:5747:16)
#567    Element.rebuild (package:flutter/src/widgets/framework.dart:5435:7)
#568    ComponentElement._firstBuild (package:flutter/src/widgets/framework.dart:5705:5)
#569    ComponentElement.mount (package:flutter/src/widgets/framework.dart:5699:5)
#570    Element.inflateWidget (package:flutter/src/widgets/framework.dart:4548:16)
#571    Element.updateChild (package:flutter/src/widgets/framework.dart:4004:18)
#572    ComponentElement.performRebuild (package:flutter/src/widgets/framework.dart:5747:16)
#573    StatefulElement.performRebuild (package:flutter/src/widgets/framework.dart:5884:11)
#574    Element.rebuild (package:flutter/src/widgets/framework.dart:5435:7)
#575    ComponentElement._firstBuild (package:flutter/src/widgets/framework.dart:5705:5)
#576    StatefulElement._firstBuild (package:flutter/src/widgets/framework.dart:5875:11)
#577    ComponentElement.mount (package:flutter/src/widgets/framework.dart:5699:5)
#578    Element.inflateWidget (package:flutter/src/widgets/framework.dart:4548:16)
#579    Element.updateChild (package:flutter/src/widgets/framework.dart:4004:18)
#580    SingleChildRenderObjectElement.mount (package:flutter/src/widgets/framework.dart:7018:14)
#581    Element.inflateWidget (package:flutter/src/widgets/framework.dart:4548:16)
#582    Element.updateChild (package:flutter/src/widgets/framework.dart:4004:18)
#583    ComponentElement.performRebuild (package:flutter/src/widgets/framework.dart:5747:16)
#584    Element.rebuild (package:flutter/src/widgets/framework.dart:5435:7)
#585    ComponentElement._firstBuild (package:flutter/src/widgets/framework.dart:5705:5)
#586    ComponentElement.mount (package:flutter/src/widgets/framework.dart:5699:5)
#587    Element.inflateWidget (package:flutter/src/widgets/framework.dart:4548:16)
#588    Element.updateChild (package:flutter/src/widgets/framework.dart:4004:18)
#589    ComponentElement.performRebuild (package:flutter/src/widgets/framework.dart:5747:16)
#590    StatefulElement.performRebuild (package:flutter/src/widgets/framework.dart:5884:11)
#591    Element.rebuild (package:flutter/src/widgets/framework.dart:5435:7)
#592    ComponentElement._firstBuild (package:flutter/src/widgets/framework.dart:5705:5)
#593    StatefulElement._firstBuild (package:flutter/src/widgets/framework.dart:5875:11)
#594    ComponentElement.mount (package:flutter/src/widgets/framework.dart:5699:5)
#595    Element.inflateWidget (package:flutter/src/widgets/framework.dart:4548:16)
#596    Element.updateChild (package:flutter/src/widgets/framework.dart:4004:18)
#597    ComponentElement.performRebuild (package:flutter/src/widgets/framework.dart:5747:16)
#598    StatefulElement.performRebuild (package:flutter/src/widgets/framework.dart:5884:11)
#599    Element.rebuild (package:flutter/src/widgets/framework.dart:5435:7)
#600    ComponentElement._firstBuild (package:flutter/src/widgets/framework.dart:5705:5)
#601    StatefulElement._firstBuild (package:flutter/src/widgets/framework.dart:5875:11)
#602    ComponentElement.mount (package:flutter/src/widgets/framework.dart:5699:5)
#603    Element.inflateWidget (package:flutter/src/widgets/framework.dart:4548:16)
#604    Element.updateChild (package:flutter/src/widgets/framework.dart:4004:18)
#605    ComponentElement.performRebuild (package:flutter/src/widgets/framework.dart:5747:16)
#606    Element.rebuild (package:flutter/src/widgets/framework.dart:5435:7)
#607    ComponentElement._firstBuild (package:flutter/src/widgets/framework.dart:5705:5)
#608    ComponentElement.mount (package:flutter/src/widgets/framework.dart:5699:5)
#609    Element.inflateWidget (package:flutter/src/widgets/framework.dart:4548:16)
#610    Element.updateChild (package:flutter/src/widgets/framework.dart:4004:18)
#611    ComponentElement.performRebuild (package:flutter/src/widgets/framework.dart:5747:16)
#612    StatefulElement.performRebuild (package:flutter/src/widgets/framework.dart:5884:11)
#613    Element.rebuild (package:flutter/src/widgets/framework.dart:5435:7)
#614    ComponentElement._firstBuild (package:flutter/src/widgets/framework.dart:5705:5)
#615    StatefulElement._firstBuild (package:flutter/src/widgets/framework.dart:5875:11)
#616    ComponentElement.mount (package:flutter/src/widgets/framework.dart:5699:5)
#617    Element.inflateWidget (package:flutter/src/widgets/framework.dart:4548:16)
#618    Element.updateChild (package:flutter/src/widgets/framework.dart:4004:18)
#619    SingleChildRenderObjectElement.mount (package:flutter/src/widgets/framework.dart:7018:14)
#620    Element.inflateWidget (package:flutter/src/widgets/framework.dart:4548:16)
#621    Element.updateChild (package:flutter/src/widgets/framework.dart:4004:18)
#622    ComponentElement.performRebuild (package:flutter/src/widgets/framework.dart:5747:16)
#623    Element.rebuild (package:flutter/src/widgets/framework.dart:5435:7)
#624    ComponentElement._firstBuild (package:flutter/src/widgets/framework.dart:5705:5)
#625    ComponentElement.mount (package:flutter/src/widgets/framework.dart:5699:5)
#626    Element.inflateWidget (package:flutter/src/widgets/framework.dart:4548:16)
#627    Element.updateChild (package:flutter/src/widgets/framework.dart:4004:18)
#628    ComponentElement.performRebuild (package:flutter/src/widgets/framework.dart:5747:16)
#629    StatefulElement.performRebuild (package:flutter/src/widgets/framework.dart:5884:11)
#630    Element.rebuild (package:flutter/src/widgets/framework.dart:5435:7)
#631    ComponentElement._firstBuild (package:flutter/src/widgets/framework.dart:5705:5)
#632    StatefulElement._firstBuild (package:flutter/src/widgets/framework.dart:5875:11)
#633    ComponentElement.mount (package:flutter/src/widgets/framework.dart:5699:5)
#634    Element.inflateWidget (package:flutter/src/widgets/framework.dart:4548:16)
#635    Element.updateChild (package:flutter/src/widgets/framework.dart:4004:18)
#636    ComponentElement.performRebuild (package:flutter/src/widgets/framework.dart:5747:16)
#637    StatefulElement.performRebuild (package:flutter/src/widgets/framework.dart:5884:11)
#638    Element.rebuild (package:flutter/src/widgets/framework.dart:5435:7)
#639    ComponentElement._firstBuild (package:flutter/src/widgets/framework.dart:5705:5)
#640    StatefulElement._firstBuild (package:flutter/src/widgets/framework.dart:5875:11)
#641    ComponentElement.mount (package:flutter/src/widgets/framework.dart:5699:5)
#642    Element.inflateWidget (package:flutter/src/widgets/framework.dart:4548:16)
#643    Element.updateChild (package:flutter/src/widgets/framework.dart:4004:18)
#644    ComponentElement.performRebuild (package:flutter/src/widgets/framework.dart:5747:16)
#645    Element.rebuild (package:flutter/src/widgets/framework.dart:5435:7)
#646    ComponentElement._firstBuild (package:flutter/src/widgets/framework.dart:5705:5)
#647    ComponentElement.mount (package:flutter/src/widgets/framework.dart:5699:5)
#648    Element.inflateWidget (package:flutter/src/widgets/framework.dart:4548:16)
#649    Element.updateChild (package:flutter/src/widgets/framework.dart:4004:18)
#650    SingleChildRenderObjectElement.mount (package:flutter/src/widgets/framework.dart:7018:14)
#651    Element.inflateWidget (package:flutter/src/widgets/framework.dart:4548:16)
#652    Element.updateChild (package:flutter/src/widgets/framework.dart:4004:18)
#653    ComponentElement.performRebuild (package:flutter/src/widgets/framework.dart:5747:16)
#654    Element.rebuild (package:flutter/src/widgets/framework.dart:5435:7)
#655    ComponentElement._firstBuild (package:flutter/src/widgets/framework.dart:5705:5)
#656    ComponentElement.mount (package:flutter/src/widgets/framework.dart:5699:5)
#657    Element.inflateWidget (package:flutter/src/widgets/framework.dart:4548:16)
#658    Element.updateChild (package:flutter/src/widgets/framework.dart:4004:18)
#659    ComponentElement.performRebuild (package:flutter/src/widgets/framework.dart:5747:16)
#660    StatefulElement.performRebuild (package:flutter/src/widgets/framework.dart:5884:11)
#661    Element.rebuild (package:flutter/src/widgets/framework.dart:5435:7)
#662    ComponentElement._firstBuild (package:flutter/src/widgets/framework.dart:5705:5)
#663    StatefulElement._firstBuild (package:flutter/src/widgets/framework.dart:5875:11)
#664    ComponentElement.mount (package:flutter/src/widgets/framework.dart:5699:5)
#665    Element.inflateWidget (package:flutter/src/widgets/framework.dart:4548:16)
#666    Element.updateChild (package:flutter/src/widgets/framework.dart:4004:18)
#667    ComponentElement.performRebuild (package:flutter/src/widgets/framework.dart:5747:16)
#668    StatefulElement.performRebuild (package:flutter/src/widgets/framework.dart:5884:11)
#669    Element.rebuild (package:flutter/src/widgets/framework.dart:5435:7)
#670    ComponentElement._firstBuild (package:flutter/src/widgets/framework.dart:5705:5)
#671    StatefulElement._firstBuild (package:flutter/src/widgets/framework.dart:5875:11)
#672    ComponentElement.mount (package:flutter/src/widgets/framework.dart:5699:5)
#673    Element.inflateWidget (package:flutter/src/widgets/framework.dart:4548:16)
#674    Element.updateChild (package:flutter/src/widgets/framework.dart:4004:18)
#675    ComponentElement.performRebuild (package:flutter/src/widgets/framework.dart:5747:16)
#676    Element.rebuild (package:flutter/src/widgets/framework.dart:5435:7)
#677    ComponentElement._firstBuild (package:flutter/src/widgets/framework.dart:5705:5)
#678    ComponentElement.mount (package:flutter/src/widgets/framework.dart:5699:5)
#679    Element.inflateWidget (package:flutter/src/widgets/framework.dart:4548:16)
#680    Element.updateChild (package:flutter/src/widgets/framework.dart:4004:18)
#681    ComponentElement.performRebuild (package:flutter/src/widgets/framework.dart:5747:16)
#682    Element.rebuild (package:flutter/src/widgets/framework.dart:5435:7)
#683    ComponentElement._firstBuild (package:flutter/src/widgets/framework.dart:5705:5)
#684    ComponentElement.mount (package:flutter/src/widgets/framework.dart:5699:5)
#685    Element.inflateWidget (package:flutter/src/widgets/framework.dart:4548:16)
#686    Element.updateChild (package:flutter/src/widgets/framework.dart:4004:18)
#687    ComponentElement.performRebuild (package:flutter/src/widgets/framework.dart:5747:16)
#688    StatefulElement.performRebuild (package:flutter/src/widgets/framework.dart:5884:11)
#689    Element.rebuild (package:flutter/src/widgets/framework.dart:5435:7)
#690    ComponentElement._firstBuild (package:flutter/src/widgets/framework.dart:5705:5)
#691    StatefulElement._firstBuild (package:flutter/src/widgets/framework.dart:5875:11)
#692    ComponentElement.mount (package:flutter/src/widgets/framework.dart:5699:5)
#693    Element.inflateWidget (package:flutter/src/widgets/framework.dart:4548:16)
#694    Element.updateChild (package:flutter/src/widgets/framework.dart:4004:18)
#695    ComponentElement.performRebuild (package:flutter/src/widgets/framework.dart:5747:16)
#696    Element.rebuild (package:flutter/src/widgets/framework.dart:5435:7)
#697    ComponentElement._firstBuild (package:flutter/src/widgets/framework.dart:5705:5)
#698    ComponentElement.mount (package:flutter/src/widgets/framework.dart:5699:5)
#699    Element.inflateWidget (package:flutter/src/widgets/framework.dart:4548:16)
#700    Element.updateChild (package:flutter/src/widgets/framework.dart:4004:18)
#701    ComponentElement.performRebuild (package:flutter/src/widgets/framework.dart:5747:16)
#702    StatefulElement.performRebuild (package:flutter/src/widgets/framework.dart:5884:11)
#703    Element.rebuild (package:flutter/src/widgets/framework.dart:5435:7)
#704    ComponentElement._firstBuild (package:flutter/src/widgets/framework.dart:5705:5)
#705    StatefulElement._firstBuild (package:flutter/src/widgets/framework.dart:5875:11)
#706    ComponentElement.mount (package:flutter/src/widgets/framework.dart:5699:5)
#707    Element.inflateWidget (package:flutter/src/widgets/framework.dart:4548:16)
#708    Element.updateChild (package:flutter/src/widgets/framework.dart:4004:18)
#709    ComponentElement.performRebuild (package:flutter/src/widgets/framework.dart:5747:16)
#710    Element.rebuild (package:flutter/src/widgets/framework.dart:5435:7)
#711    ComponentElement._firstBuild (package:flutter/src/widgets/framework.dart:5705:5)
#712    ComponentElement.mount (package:flutter/src/widgets/framework.dart:5699:5)
#713    Element.inflateWidget (package:flutter/src/widgets/framework.dart:4548:16)
#714    Element.updateChild (package:flutter/src/widgets/framework.dart:4004:18)
#715    ComponentElement.performRebuild (package:flutter/src/widgets/framework.dart:5747:16)
#716    StatefulElement.performRebuild (package:flutter/src/widgets/framework.dart:5884:11)
#717    Element.rebuild (package:flutter/src/widgets/framework.dart:5435:7)
#718    ComponentElement._firstBuild (package:flutter/src/widgets/framework.dart:5705:5)
#719    StatefulElement._firstBuild (package:flutter/src/widgets/framework.dart:5875:11)
#720    ComponentElement.mount (package:flutter/src/widgets/framework.dart:5699:5)
#721    Element.inflateWidget (package:flutter/src/widgets/framework.dart:4548:16)
#722    Element.updateChild (package:flutter/src/widgets/framework.dart:4004:18)
#723    ComponentElement.performRebuild (package:flutter/src/widgets/framework.dart:5747:16)
#724    StatefulElement.performRebuild (package:flutter/src/widgets/framework.dart:5884:11)
#725    Element.rebuild (package:flutter/src/widgets/framework.dart:5435:7)
#726    ComponentElement._firstBuild (package:flutter/src/widgets/framework.dart:5705:5)
#727    StatefulElement._firstBuild (package:flutter/src/widgets/framework.dart:5875:11)
#728    ComponentElement.mount (package:flutter/src/widgets/framework.dart:5699:5)
#729    Element.inflateWidget (package:flutter/src/widgets/framework.dart:4548:16)
#730    Element.updateChild (package:flutter/src/widgets/framework.dart:4004:18)
#731    SingleChildRenderObjectElement.mount (package:flutter/src/widgets/framework.dart:7018:14)
#732    Element.inflateWidget (package:flutter/src/widgets/framework.dart:4548:16)
#733    Element.updateChild (package:flutter/src/widgets/framework.dart:4004:18)
#734    ComponentElement.performRebuild (package:flutter/src/widgets/framework.dart:5747:16)
#735    Element.rebuild (package:flutter/src/widgets/framework.dart:5435:7)
#736    ComponentElement._firstBuild (package:flutter/src/widgets/framework.dart:5705:5)
#737    ComponentElement.mount (package:flutter/src/widgets/framework.dart:5699:5)
#738    Element.inflateWidget (package:flutter/src/widgets/framework.dart:4548:16)
#739    Element.updateChild (package:flutter/src/widgets/framework.dart:4004:18)
#740    ComponentElement.performRebuild (package:flutter/src/widgets/framework.dart:5747:16)
#741    StatefulElement.performRebuild (package:flutter/src/widgets/framework.dart:5884:11)
#742    Element.rebuild (package:flutter/src/widgets/framework.dart:5435:7)
#743    ComponentElement._firstBuild (package:flutter/src/widgets/framework.dart:5705:5)
#744    StatefulElement._firstBuild (package:flutter/src/widgets/framework.dart:5875:11)
#745    ComponentElement.mount (package:flutter/src/widgets/framework.dart:5699:5)
#746    Element.inflateWidget (package:flutter/src/widgets/framework.dart:4548:16)
#747    Element.updateChild (package:flutter/src/widgets/framework.dart:4004:18)
#748    ComponentElement.performRebuild (package:flutter/src/widgets/framework.dart:5747:16)
#749    Element.rebuild (package:flutter/src/widgets/framework.dart:5435:7)
#750    ComponentElement._firstBuild (package:flutter/src/widgets/framework.dart:5705:5)
#751    ComponentElement.mount (package:flutter/src/widgets/framework.dart:5699:5)
#752    Element.inflateWidget (package:flutter/src/widgets/framework.dart:4548:16)
#753    Element.updateChild (package:flutter/src/widgets/framework.dart:4004:18)
#754    ComponentElement.performRebuild (package:flutter/src/widgets/framework.dart:5747:16)
#755    Element.rebuild (package:flutter/src/widgets/framework.dart:5435:7)
#756    ComponentElement._firstBuild (package:flutter/src/widgets/framework.dart:5705:5)
#757    ComponentElement.mount (package:flutter/src/widgets/framework.dart:5699:5)
#758    Element.inflateWidget (package:flutter/src/widgets/framework.dart:4548:16)
#759    Element.updateChild (package:flutter/src/widgets/framework.dart:4004:18)
#760    ComponentElement.performRebuild (package:flutter/src/widgets/framework.dart:5747:16)
#761    StatefulElement.performRebuild (package:flutter/src/widgets/framework.dart:5884:11)
#762    Element.rebuild (package:flutter/src/widgets/framework.dart:5435:7)
#763    ComponentElement._firstBuild (package:flutter/src/widgets/framework.dart:5705:5)
#764    StatefulElement._firstBuild (package:flutter/src/widgets/framework.dart:5875:11)
#765    ComponentElement.mount (package:flutter/src/widgets/framework.dart:5699:5)
#766    Element.inflateWidget (package:flutter/src/widgets/framework.dart:4548:16)
#767    Element.updateChild (package:flutter/src/widgets/framework.dart:4004:18)
#768    ComponentElement.performRebuild (package:flutter/src/widgets/framework.dart:5747:16)
#769    Element.rebuild (package:flutter/src/widgets/framework.dart:5435:7)
#770    ComponentElement._firstBuild (package:flutter/src/widgets/framework.dart:5705:5)
#771    ComponentElement.mount (package:flutter/src/widgets/framework.dart:5699:5)
#772    _UncontrolledProviderScopeElement.mount (package:flutter_riverpod/src/framework.dart:315:11)
#773    Element.inflateWidget (package:flutter/src/widgets/framework.dart:4548:16)
#774    Element.updateChild (package:flutter/src/widgets/framework.dart:4004:18)
#775    ComponentElement.performRebuild (package:flutter/src/widgets/framework.dart:5747:16)
#776    StatefulElement.performRebuild (package:flutter/src/widgets/framework.dart:5884:11)
#777    Element.rebuild (package:flutter/src/widgets/framework.dart:5435:7)
#778    ComponentElement._firstBuild (package:flutter/src/widgets/framework.dart:5705:5)
#779    StatefulElement._firstBuild (package:flutter/src/widgets/framework.dart:5875:11)
#780    ComponentElement.mount (package:flutter/src/widgets/framework.dart:5699:5)
#781    Element.inflateWidget (package:flutter/src/widgets/framework.dart:4548:16)
#782    Element.updateChild (package:flutter/src/widgets/framework.dart:3998:20)
#783    ComponentElement.performRebuild (package:flutter/src/widgets/framework.dart:5747:16)
#784    Element.rebuild (package:flutter/src/widgets/framework.dart:5435:7)
#785    ProxyElement.update (package:flutter/src/widgets/framework.dart:6051:5)
#786    _InheritedNotifierElement.update (package:flutter/src/widgets/inherited_notifier.dart:108:11)
#787    Element.updateChild (package:flutter/src/widgets/framework.dart:3982:15)
#788    ComponentElement.performRebuild (package:flutter/src/widgets/framework.dart:5747:16)
#789    StatefulElement.performRebuild (package:flutter/src/widgets/framework.dart:5884:11)
#790    Element.rebuild (package:flutter/src/widgets/framework.dart:5435:7)
#791    StatefulElement.update (package:flutter/src/widgets/framework.dart:5909:5)
#792    Element.updateChild (package:flutter/src/widgets/framework.dart:3982:15)
#793    ComponentElement.performRebuild (package:flutter/src/widgets/framework.dart:5747:16)
#794    Element.rebuild (package:flutter/src/widgets/framework.dart:5435:7)
#795    ProxyElement.update (package:flutter/src/widgets/framework.dart:6051:5)
#796    _InheritedNotifierElement.update (package:flutter/src/widgets/inherited_notifier.dart:108:11)
#797    Element.updateChild (package:flutter/src/widgets/framework.dart:3982:15)
#798    ComponentElement.performRebuild (package:flutter/src/widgets/framework.dart:5747:16)
#799    StatefulElement.performRebuild (package:flutter/src/widgets/framework.dart:5884:11)
#800    Element.rebuild (package:flutter/src/widgets/framework.dart:5435:7)
#801    StatefulElement.update (package:flutter/src/widgets/framework.dart:5909:5)
#802    Element.updateChild (package:flutter/src/widgets/framework.dart:3982:15)
#803    ComponentElement.performRebuild (package:flutter/src/widgets/framework.dart:5747:16)
#804    StatefulElement.performRebuild (package:flutter/src/widgets/framework.dart:5884:11)
#805    Element.rebuild (package:flutter/src/widgets/framework.dart:5435:7)
#806    StatefulElement.update (package:flutter/src/widgets/framework.dart:5909:5)
#807    Element.updateChild (package:flutter/src/widgets/framework.dart:3982:15)
#808    ComponentElement.performRebuild (package:flutter/src/widgets/framework.dart:5747:16)
#809    Element.rebuild (package:flutter/src/widgets/framework.dart:5435:7)
#810    ProxyElement.update (package:flutter/src/widgets/framework.dart:6051:5)
#811    Element.updateChild (package:flutter/src/widgets/framework.dart:3982:15)
#812    ComponentElement.performRebuild (package:flutter/src/widgets/framework.dart:5747:16)
#813    StatefulElement.performRebuild (package:flutter/src/widgets/framework.dart:5884:11)
#814    Element.rebuild (package:flutter/src/widgets/framework.dart:5435:7)
#815    StatefulElement.update (package:flutter/src/widgets/framework.dart:5909:5)
#816    Element.updateChild (package:flutter/src/widgets/framework.dart:3982:15)
#817    ComponentElement.performRebuild (package:flutter/src/widgets/framework.dart:5747:16)
#818    Element.rebuild (package:flutter/src/widgets/framework.dart:5435:7)
#819    ProxyElement.update (package:flutter/src/widgets/framework.dart:6051:5)
#820    Element.updateChild (package:flutter/src/widgets/framework.dart:3982:15)
#821    ComponentElement.performRebuild (package:flutter/src/widgets/framework.dart:5747:16)
#822    Element.rebuild (package:flutter/src/widgets/framework.dart:5435:7)
#823    ProxyElement.update (package:flutter/src/widgets/framework.dart:6051:5)
#824    Element.updateChild (package:flutter/src/widgets/framework.dart:3982:15)
#825    _RawViewElement._updateChild (package:flutter/src/widgets/view.dart:481:16)
#826    _RawViewElement.update (package:flutter/src/widgets/view.dart:568:5)
#827    Element.updateChild (package:flutter/src/widgets/framework.dart:3982:15)
#828    ComponentElement.performRebuild (package:flutter/src/widgets/framework.dart:5747:16)
#829    Element.rebuild (package:flutter/src/widgets/framework.dart:5435:7)
#830    StatelessElement.update (package:flutter/src/widgets/framework.dart:5797:5)
#831    Element.updateChild (package:flutter/src/widgets/framework.dart:3982:15)
#832    ComponentElement.performRebuild (package:flutter/src/widgets/framework.dart:5747:16)
#833    StatefulElement.performRebuild (package:flutter/src/widgets/framework.dart:5884:11)
#834    Element.rebuild (package:flutter/src/widgets/framework.dart:5435:7)
#835    StatefulElement.update (package:flutter/src/widgets/framework.dart:5909:5)
#836    Element.updateChild (package:flutter/src/widgets/framework.dart:3982:15)
#837    RootElement._rebuild (package:flutter/src/widgets/binding.dart:1716:16)
#838    RootElement.update (package:flutter/src/widgets/binding.dart:1694:5)
#839    RootElement.performRebuild (package:flutter/src/widgets/binding.dart:1708:7)
#840    Element.rebuild (package:flutter/src/widgets/framework.dart:5435:7)
#841    BuildScope._tryRebuild (package:flutter/src/widgets/framework.dart:2695:15)
#842    BuildScope._flushDirtyElements (package:flutter/src/widgets/framework.dart:2752:11)
#843    BuildOwner.buildScope (package:flutter/src/widgets/framework.dart:3056:18)
#844    AutomatedTestWidgetsFlutterBinding.drawFrame (package:flutter_test/src/binding.dart:1506:19)
#845    RendererBinding._handlePersistentFrameCallback (package:flutter/src/rendering/binding.dart:495:5)
#846    SchedulerBinding._invokeFrameCallback (package:flutter/src/scheduler/binding.dart:1434:15)
#847    SchedulerBinding.handleDrawFrame (package:flutter/src/scheduler/binding.dart:1347:9)
#848    AutomatedTestWidgetsFlutterBinding.pump.<anonymous closure> (package:flutter_test/src/binding.dart:1335:9)
#849    _rootRun (dart:async/zone.dart:1525:13)
#850    _CustomZone.run (dart:async/zone.dart:1422:19)
#851    TestAsyncUtils.guard (package:flutter_test/src/test_async_utils.dart:74:41)
#852    AutomatedTestWidgetsFlutterBinding.pump (package:flutter_test/src/binding.dart:1324:27)
#853    WidgetTester.pumpWidget.<anonymous closure> (package:flutter_test/src/widget_tester.dart:598:22)
#854    _rootRun (dart:async/zone.dart:1525:13)
#855    _CustomZone.run (dart:async/zone.dart:1422:19)
#856    TestAsyncUtils.guard (package:flutter_test/src/test_async_utils.dart:74:41)
#857    WidgetTester.pumpWidget (package:flutter_test/src/widget_tester.dart:595:27)
#858    main.<anonymous closure>.<anonymous closure> (file:///home/bootcamp/Proyectos-2026/Proyectos-Varios/Finanzas-Familiares-AS/test/presentation/screens/notification_settings_screen_test.dart:46:20)
#859    testWidgets.<anonymous closure>.<anonymous closure> (package:flutter_test/src/widget_tester.dart:192:29)
<asynchronous suspension>
#860    TestWidgetsFlutterBinding._runTestBody (package:flutter_test/src/binding.dart:1059:5)
<asynchronous suspension>
#861    StackZoneSpecification._registerCallback.<anonymous closure> (package:stack_trace/src/stack_zone_specification.dart:114:42)
<asynchronous suspension>
This warning will only appear on debug builds.
00:23 +874 -3: /home/bootcamp/Proyectos-2026/Proyectos-Varios/Finanzas-Familiares-AS/test/presentation/screens/transaction_form_screen_test.dart: ... Widget Tests muestra título Nueva Transacción    00:23 +875 -3: /home/bootcamp/Proyectos-2026/Proyectos-Varios/Finanzas-Familiares-AS/test/presentation/screens/transaction_form_screen_test.dart: ... Widget Tests muestra título Nueva Transacción    00:23 +876 -3: /home/bootcamp/Proyectos-2026/Proyectos-Varios/Finanzas-Familiares-AS/test/presentation/screens/transaction_form_screen_test.dart: ... Widget Tests muestra título Nueva Transacción    00:23 +877 -3: /home/bootcamp/Proyectos-2026/Proyectos-Varios/Finanzas-Familiares-AS/test/presentation/screens/transaction_form_screen_test.dart: ... Widget Tests muestra título Nueva Transacción    00:23 +878 -3: /home/bootcamp/Proyectos-2026/Proyectos-Varios/Finanzas-Familiares-AS/test/presentation/screens/transaction_form_screen_test.dart: ... Widget Tests muestra título Nueva Transacción    00:23 +879 -3: /home/bootcamp/Proyectos-2026/Proyectos-Varios/Finanzas-Familiares-AS/test/presentation/screens/transaction_form_screen_test.dart: ... Widget Tests muestra título Nueva Transacción    00:23 +880 -3: /home/bootcamp/Proyectos-2026/Proyectos-Varios/Finanzas-Familiares-AS/test/presentation/screens/transaction_form_screen_test.dart: ... Widget Tests muestra título Nueva Transacción    00:23 +881 -3: /home/bootcamp/Proyectos-2026/Proyectos-Varios/Finanzas-Familiares-AS/test/presentation/screens/transaction_form_screen_test.dart: ... Widget Tests muestra título Nueva Transacción    00:23 +881 -3: /home/bootcamp/Proyectos-2026/Proyectos-Varios/Finanzas-Familiares-AS/test/presentation/screens/notification_settings_screen_test.dart: NotificationSettingsScreen muestra sección de recordatorios
══╡ EXCEPTION CAUGHT BY FLUTTER TEST FRAMEWORK ╞════════════════════════════════════════════════════
The following TestFailure was thrown running a test:
Expected: exactly one matching candidate
  Actual: _TextWidgetFinder:<Found 0 widgets with text "Recordatorios": []>
   Which: means none were found but one was expected

When the exception was thrown, this was the stack:
#4      main.<anonymous closure>.<anonymous closure> (file:///home/bootcamp/Proyectos-2026/Proyectos-Varios/Finanzas-Familiares-AS/test/presentation/screens/notification_settings_screen_test.dart:49:7)
<asynchronous suspension>
#5      testWidgets.<anonymous closure>.<anonymous closure> (package:flutter_test/src/widget_tester.dart:192:15)
<asynchronous suspension>
#6      TestWidgetsFlutterBinding._runTestBody (package:flutter_test/src/binding.dart:1059:5)
<asynchronous suspension>
<asynchronous suspension>
(elided one frame from package:stack_trace)

This was caught by the test expectation on the following line:
  file:///home/bootcamp/Proyectos-2026/Proyectos-Varios/Finanzas-Familiares-AS/test/presentation/screens/notification_settings_screen_test.dart line 49
The test description was:
  muestra sección de recordatorios
════════════════════════════════════════════════════════════════════════════════════════════════════
00:23 +881 -4: /home/bootcamp/Proyectos-2026/Proyectos-Varios/Finanzas-Familiares-AS/test/presentation/screens/notification_settings_screen_test.dart: NotificationSettingsScreen muestra sección de recordatorios [E]
  Test failed. See exception logs above.
  The test description was: muestra sección de recordatorios
  

To run this test again: /home/bootcamp/flutter/bin/cache/dart-sdk/bin/dart test /home/bootcamp/Proyectos-2026/Proyectos-Varios/Finanzas-Familiares-AS/test/presentation/screens/notification_settings_screen_test.dart -p vm --plain-name 'NotificationSettingsScreen muestra sección de recordatorios'
00:23 +881 -4: /home/bootcamp/Proyectos-2026/Proyectos-Varios/Finanzas-Familiares-AS/test/presentation/screens/transaction_form_screen_test.dart: ... Widget Tests muestra título Nueva Transacción    00:23 +881 -4: /home/bootcamp/Proyectos-2026/Proyectos-Varios/Finanzas-Familiares-AS/test/presentation/screens/notification_settings_screen_test.dart: NotificationSettingsScreen muestra información explicativa
WARNING (drift): It looks like you've created the database class AppDatabase multiple times. When these two databases use the same QueryExecutor, race conditions will occur and might corrupt the database. 
Try to follow the advice at https://drift.simonbinder.eu/faq/#using-the-database or, if you know what you're doing, set driftRuntimeOptions.dontWarnAboutMultipleDatabases = true
Here is the stacktrace from when the database was opened a second time:
#0      GeneratedDatabase._handleInstantiated (package:drift/src/runtime/api/db_base.dart:96:30)
#1      GeneratedDatabase._whenConstructed (package:drift/src/runtime/api/db_base.dart:73:12)
#2      new GeneratedDatabase (package:drift/src/runtime/api/db_base.dart:64:5)
#3      new _$AppDatabase (package:finanzas_familiares/data/local/database.g.dart:14435:36)
#4      new AppDatabase (package:finanzas_familiares/data/local/database.dart:56:19)
#5      appDatabase (package:finanzas_familiares/application/providers/user_settings_provider.dart:49:10)
#6      Provider._create (package:riverpod/src/provider/base.dart:59:57)
#7      ProviderElement.create (package:riverpod/src/provider/base.dart:345:23)
#8      ProviderElementBase.buildState (package:riverpod/src/framework/element.dart:426:7)
#9      ProviderElementBase.mount (package:riverpod/src/framework/element.dart:228:5)
#10     _StateReader._create (package:riverpod/src/framework/container.dart:47:11)
#11     _StateReader.getElement (package:riverpod/src/framework/container.dart:35:52)
#12     ProviderContainer.readProviderElement (package:riverpod/src/framework/container.dart:479:19)
#13     ProviderElementBase._debugAssertCanDependOn.<anonymous closure> (package:riverpod/src/framework/element.dart:624:42)
#14     ProviderElementBase._debugAssertCanDependOn (package:riverpod/src/framework/element.dart:667:8)
#15     ProviderElementBase.watch (package:riverpod/src/framework/element.dart:714:12)
#16     userSettingsRepository (package:finanzas_familiares/application/providers/user_settings_provider.dart:15:24)
#17     Provider._create (package:riverpod/src/provider/base.dart:59:57)
#18     ProviderElement.create (package:riverpod/src/provider/base.dart:345:23)
#19     ProviderElementBase.buildState (package:riverpod/src/framework/element.dart:426:7)
#20     ProviderElementBase.mount (package:riverpod/src/framework/element.dart:228:5)
#21     _StateReader._create (package:riverpod/src/framework/container.dart:47:11)
#22     _StateReader.getElement (package:riverpod/src/framework/container.dart:35:52)
#23     ProviderContainer.readProviderElement (package:riverpod/src/framework/container.dart:479:19)
00:23 +882 -4: /home/bootcamp/Proyectos-2026/Proyectos-Varios/Finanzas-Familiares-AS/test/presentation/screens/settings_screen_test.dart: SettingsScreen muestra título Configuración                  00:23 +882 -4: /home/bootcamp/Proyectos-2026/Proyectos-Varios/Finanzas-Familiares-AS/test/presentation/screens/notification_settings_screen_test.dart: NotificationSettingsScreen muestra información explicativa
#24     ProviderElementBase._debugAssertCanDependOn.<anonymous closure> (package:riverpod/src/framework/element.dart:624:42)
#25     ProviderElementBase._debugAssertCanDependOn (package:riverpod/src/framework/element.dart:667:8)
#26     ProviderElementBase.watch (package:riverpod/src/framework/element.dart:714:12)
#27     userSettings (package:finanzas_familiares/application/providers/user_settings_provider.dart:29:26)
#28     StreamProvider._create (package:riverpod/src/stream_provider/base.dart:125:63)
#29     StreamProviderElement.create.<anonymous closure> (package:riverpod/src/stream_provider/base.dart:172:25)
#30     FutureHandlerProviderElementMixin.handleStream.<anonymous closure> (package:riverpod/src/async_notifier/base.dart:309:31)
#31     FutureHandlerProviderElementMixin._handleAsync (package:riverpod/src/async_notifier/base.dart:388:47)
#32     FutureHandlerProviderElementMixin.handleStream (package:riverpod/src/async_notifier/base.dart:303:5)
#33     StreamProviderElement.create (package:riverpod/src/stream_provider/base.dart:169:5)
#34     ProviderElementBase.buildState (package:riverpod/src/framework/element.dart:426:7)
#35     ProviderElementBase.mount (package:riverpod/src/framework/element.dart:228:5)
#36     _StateReader._create (package:riverpod/src/framework/container.dart:47:11)
#37     _StateReader.getElement (package:riverpod/src/framework/container.dart:35:52)
#38     ProviderContainer.readProviderElement (package:riverpod/src/framework/container.dart:479:19)
#39     ProviderElementBase._debugAssertCanDependOn.<anonymous closure> (package:riverpod/src/framework/element.dart:624:42)
#40     ProviderElementBase._debugAssertCanDependOn (package:riverpod/src/framework/element.dart:667:8)
#41     ProviderElementBase.listen (package:riverpod/src/framework/element.dart:761:12)
#42     NotificationSettingsNotifier.build (package:finanzas_familiares/application/providers/notification_provider.dart:56:9)
#43     AutoDisposeAsyncNotifierProviderImpl.runNotifierBuild (package:riverpod/src/async_notifier/auto_dispose.dart:101:54)
#44     AsyncNotifierProviderElement.create.<anonymous closure>.<anonymous closure> (package:riverpod/src/async_notifier/base.dart:547:26)
#45     FutureHandlerProviderElementMixin.handleFuture.<anonymous closure> (package:riverpod/src/async_notifier/base.dart:341:30)
#46     FutureHandlerProviderElementMixin._handleAsync (package:riverpod/src/async_notifier/base.dart:388:47)
#47     FutureHandlerProviderElementMixin.handleFuture (package:riverpod/src/async_notifier/base.dart:335:5)
#48     AsyncNotifierProviderElement.create.<anonymous closure> (package:riverpod/src/async_notifier/base.dart:546:9)
#49     ResultData.when (package:riverpod/src/result.dart:82:16)
#50     AsyncNotifierProviderElement.create (package:riverpod/src/async_notifier/base.dart:541:20)
#51     ProviderElementBase.buildState (package:riverpod/src/framework/element.dart:426:7)
#52     ProviderElementBase.mount (package:riverpod/src/framework/element.dart:228:5)
#53     _StateReader._create (package:riverpod/src/framework/container.dart:47:11)
#54     _StateReader.getElement (package:riverpod/src/framework/container.dart:35:52)
#55     ProviderContainer.readProviderElement.<anonymous closure> (package:riverpod/src/framework/container.dart:440:40)
#56     ProviderContainer.readProviderElement (package:riverpod/src/framework/container.dart:475:8)
#57     ProviderBase.addListener (package:riverpod/src/framework/provider_base.dart:79:26)
#58     ProviderContainer.listen (package:riverpod/src/framework/container.dart:280:21)
#59     ConsumerStatefulElement.watch.<anonymous closure> (package:flutter_riverpod/src/consumer.dart:564:25)
#60     _LinkedHashMapMixin.putIfAbsent (dart:_compact_hash:674:23)
#61     ConsumerStatefulElement.watch (package:flutter_riverpod/src/consumer.dart:557:26)
#62     NotificationSettingsScreen.build (package:finanzas_familiares/presentation/screens/notification_settings_screen.dart:12:31)
#63     _ConsumerState.build (package:flutter_riverpod/src/consumer.dart:476:19)
#64     StatefulElement.build (package:flutter/src/widgets/framework.dart:5833:27)
#65     ConsumerStatefulElement.build (package:flutter_riverpod/src/consumer.dart:539:20)
#66     ComponentElement.performRebuild (package:flutter/src/widgets/framework.dart:5723:15)
#67     StatefulElement.performRebuild (package:flutter/src/widgets/framework.dart:5884:11)
#68     Element.rebuild (package:flutter/src/widgets/framework.dart:5435:7)
#69     ComponentElement._firstBuild (package:flutter/src/widgets/framework.dart:5705:5)
#70     StatefulElement._firstBuild (package:flutter/src/widgets/framework.dart:5875:11)
#71     ComponentElement.mount (package:flutter/src/widgets/framework.dart:5699:5)
#72     Element.inflateWidget (package:flutter/src/widgets/framework.dart:4548:16)
#73     Element.updateChild (package:flutter/src/widgets/framework.dart:4004:18)
#74     SingleChildRenderObjectElement.mount (package:flutter/src/widgets/framework.dart:7018:14)
#75     Element.inflateWidget (package:flutter/src/widgets/framework.dart:4548:16)
#76     Element.updateChild (package:flutter/src/widgets/framework.dart:4004:18)
#77     ComponentElement.performRebuild (package:flutter/src/widgets/framework.dart:5747:16)
#78     Element.rebuild (package:flutter/src/widgets/framework.dart:5435:7)
#79     ComponentElement._firstBuild (package:flutter/src/widgets/framework.dart:5705:5)
#80     ComponentElement.mount (package:flutter/src/widgets/framework.dart:5699:5)
#81     Element.inflateWidget (package:flutter/src/widgets/framework.dart:4548:16)
#82     Element.updateChild (package:flutter/src/widgets/framework.dart:4004:18)
#83     SingleChildRenderObjectElement.mount (package:flutter/src/widgets/framework.dart:7018:14)
#84     Element.inflateWidget (package:flutter/src/widgets/framework.dart:4548:16)
#85     Element.updateChild (package:flutter/src/widgets/framework.dart:4004:18)
#86     SingleChildRenderObjectElement.mount (package:flutter/src/widgets/framework.dart:7018:14)
#87     Element.inflateWidget (package:flutter/src/widgets/framework.dart:4548:16)
#88     Element.updateChild (package:flutter/src/widgets/framework.dart:4004:18)
#89     ComponentElement.performRebuild (package:flutter/src/widgets/framework.dart:5747:16)
#90     StatefulElement.performRebuild (package:flutter/src/widgets/framework.dart:5884:11)
#91     Element.rebuild (package:flutter/src/widgets/framework.dart:5435:7)
#92     ComponentElement._firstBuild (package:flutter/src/widgets/framework.dart:5705:5)
#93     StatefulElement._firstBuild (package:flutter/src/widgets/framework.dart:5875:11)
#94     ComponentElement.mount (package:flutter/src/widgets/framework.dart:5699:5)
#95     Element.inflateWidget (package:flutter/src/widgets/framework.dart:4548:16)
#96     Element.updateChild (package:flutter/src/widgets/framework.dart:4004:18)
#97     SingleChildRenderObjectElement.mount (package:flutter/src/widgets/framework.dart:7018:14)
#98     Element.inflateWidget (package:flutter/src/widgets/framework.dart:4548:16)
#99     Element.updateChild (package:flutter/src/widgets/framework.dart:4004:18)
#100    ComponentElement.performRebuild (package:flutter/src/widgets/framework.dart:5747:16)
#101    StatefulElement.performRebuild (package:flutter/src/widgets/framework.dart:5884:11)
#102    Element.rebuild (package:flutter/src/widgets/framework.dart:5435:7)
#103    ComponentElement._firstBuild (package:flutter/src/widgets/framework.dart:5705:5)
#104    StatefulElement._firstBuild (package:flutter/src/widgets/framework.dart:5875:11)
#105    ComponentElement.mount (package:flutter/src/widgets/framework.dart:5699:5)
#106    Element.inflateWidget (package:flutter/src/widgets/framework.dart:4548:16)
#107    Element.updateChild (package:flutter/src/widgets/framework.dart:4004:18)
#108    SingleChildRenderObjectElement.mount (package:flutter/src/widgets/framework.dart:7018:14)
#109    Element.inflateWidget (package:flutter/src/widgets/framework.dart:4548:16)
#110    Element.updateChild (package:flutter/src/widgets/framework.dart:4004:18)
#111    ComponentElement.performRebuild (package:flutter/src/widgets/framework.dart:5747:16)
#112    StatefulElement.performRebuild (package:flutter/src/widgets/framework.dart:5884:11)
#113    Element.rebuild (package:flutter/src/widgets/framework.dart:5435:7)
#114    ComponentElement._firstBuild (package:flutter/src/widgets/framework.dart:5705:5)
#115    StatefulElement._firstBuild (package:flutter/src/widgets/framework.dart:5875:11)
#116    ComponentElement.mount (package:flutter/src/widgets/framework.dart:5699:5)
#117    Element.inflateWidget (package:flutter/src/widgets/framework.dart:4548:16)
#118    Element.updateChild (package:flutter/src/widgets/framework.dart:4004:18)
#119    ComponentElement.performRebuild (package:flutter/src/widgets/framework.dart:5747:16)
#120    StatefulElement.performRebuild (package:flutter/src/widgets/framework.dart:5884:11)
#121    Element.rebuild (package:flutter/src/widgets/framework.dart:5435:7)
#122    ComponentElement._firstBuild (package:flutter/src/widgets/framework.dart:5705:5)
#123    StatefulElement._firstBuild (package:flutter/src/widgets/framework.dart:5875:11)
#124    ComponentElement.mount (package:flutter/src/widgets/framework.dart:5699:5)
#125    Element.inflateWidget (package:flutter/src/widgets/framework.dart:4548:16)
#126    Element.updateChild (package:flutter/src/widgets/framework.dart:4004:18)
#127    SingleChildRenderObjectElement.mount (package:flutter/src/widgets/framework.dart:7018:14)
#128    Element.inflateWidget (package:flutter/src/widgets/framework.dart:4548:16)
#129    Element.updateChild (package:flutter/src/widgets/framework.dart:4004:18)
#130    ComponentElement.performRebuild (package:flutter/src/widgets/framework.dart:5747:16)
#131    StatefulElement.performRebuild (package:flutter/src/widgets/framework.dart:5884:11)
#132    Element.rebuild (package:flutter/src/widgets/framework.dart:5435:7)
#133    ComponentElement._firstBuild (package:flutter/src/widgets/framework.dart:5705:5)
#134    StatefulElement._firstBuild (package:flutter/src/widgets/framework.dart:5875:11)
#135    ComponentElement.mount (package:flutter/src/widgets/framework.dart:5699:5)
#136    Element.inflateWidget (package:flutter/src/widgets/framework.dart:4548:16)
#137    Element.updateChild (package:flutter/src/widgets/framework.dart:4004:18)
#138    SingleChildRenderObjectElement.mount (package:flutter/src/widgets/framework.dart:7018:14)
#139    Element.inflateWidget (package:flutter/src/widgets/framework.dart:4548:16)
#140    Element.updateChild (package:flutter/src/widgets/framework.dart:4004:18)
#141    ComponentElement.performRebuild (package:flutter/src/widgets/framework.dart:5747:16)
#142    StatefulElement.performRebuild (package:flutter/src/widgets/framework.dart:5884:11)
#143    Element.rebuild (package:flutter/src/widgets/framework.dart:5435:7)
#144    ComponentElement._firstBuild (package:flutter/src/widgets/framework.dart:5705:5)
#145    StatefulElement._firstBuild (package:flutter/src/widgets/framework.dart:5875:11)
#146    ComponentElement.mount (package:flutter/src/widgets/framework.dart:5699:5)
#147    Element.inflateWidget (package:flutter/src/widgets/framework.dart:4548:16)
#148    Element.updateChild (package:flutter/src/widgets/framework.dart:4004:18)
#149    ComponentElement.performRebuild (package:flutter/src/widgets/framework.dart:5747:16)
#150    StatefulElement.performRebuild (package:flutter/src/widgets/framework.dart:5884:11)
#151    Element.rebuild (package:flutter/src/widgets/framework.dart:5435:7)
#152    ComponentElement._firstBuild (package:flutter/src/widgets/framework.dart:5705:5)
#153    StatefulElement._firstBuild (package:flutter/src/widgets/framework.dart:5875:11)
#154    ComponentElement.mount (package:flutter/src/widgets/framework.dart:5699:5)
#155    Element.inflateWidget (package:flutter/src/widgets/framework.dart:4548:16)
#156    Element.updateChild (package:flutter/src/widgets/framework.dart:4004:18)
#157    ComponentElement.performRebuild (package:flutter/src/widgets/framework.dart:5747:16)
#158    Element.rebuild (package:flutter/src/widgets/framework.dart:5435:7)
#159    ComponentElement._firstBuild (package:flutter/src/widgets/framework.dart:5705:5)
#160    ComponentElement.mount (package:flutter/src/widgets/framework.dart:5699:5)
#161    Element.inflateWidget (package:flutter/src/widgets/framework.dart:4548:16)
#162    Element.updateChild (package:flutter/src/widgets/framework.dart:4004:18)
#163    ComponentElement.performRebuild (package:flutter/src/widgets/framework.dart:5747:16)
#164    StatefulElement.performRebuild (package:flutter/src/widgets/framework.dart:5884:11)
#165    Element.rebuild (package:flutter/src/widgets/framework.dart:5435:7)
#166    ComponentElement._firstBuild (package:flutter/src/widgets/framework.dart:5705:5)
#167    StatefulElement._firstBuild (package:flutter/src/widgets/framework.dart:5875:11)
#168    ComponentElement.mount (package:flutter/src/widgets/framework.dart:5699:5)
#169    Element.inflateWidget (package:flutter/src/widgets/framework.dart:4548:16)
#170    Element.updateChild (package:flutter/src/widgets/framework.dart:4004:18)
#171    ComponentElement.performRebuild (package:flutter/src/widgets/framework.dart:5747:16)
#172    StatefulElement.performRebuild (package:flutter/src/widgets/framework.dart:5884:11)
#173    Element.rebuild (package:flutter/src/widgets/framework.dart:5435:7)
#174    ComponentElement._firstBuild (package:flutter/src/widgets/framework.dart:5705:5)
#175    StatefulElement._firstBuild (package:flutter/src/widgets/framework.dart:5875:11)
#176    ComponentElement.mount (package:flutter/src/widgets/framework.dart:5699:5)
#177    Element.inflateWidget (package:flutter/src/widgets/framework.dart:4548:16)
#178    Element.updateChild (package:flutter/src/widgets/framework.dart:4004:18)
#179    SingleChildRenderObjectElement.mount (package:flutter/src/widgets/framework.dart:7018:14)
#180    Element.inflateWidget (package:flutter/src/widgets/framework.dart:4548:16)
#181    Element.updateChild (package:flutter/src/widgets/framework.dart:4004:18)
#182    ComponentElement.performRebuild (package:flutter/src/widgets/framework.dart:5747:16)
#183    Element.rebuild (package:flutter/src/widgets/framework.dart:5435:7)
#184    ComponentElement._firstBuild (package:flutter/src/widgets/framework.dart:5705:5)
#185    ComponentElement.mount (package:flutter/src/widgets/framework.dart:5699:5)
#186    Element.inflateWidget (package:flutter/src/widgets/framework.dart:4548:16)
#187    Element.updateChild (package:flutter/src/widgets/framework.dart:4004:18)
#188    SingleChildRenderObjectElement.mount (package:flutter/src/widgets/framework.dart:7018:14)
#189    Element.inflateWidget (package:flutter/src/widgets/framework.dart:4548:16)
#190    Element.updateChild (package:flutter/src/widgets/framework.dart:4004:18)
#191    ComponentElement.performRebuild (package:flutter/src/widgets/framework.dart:5747:16)
#192    StatefulElement.performRebuild (package:flutter/src/widgets/framework.dart:5884:11)
#193    Element.rebuild (package:flutter/src/widgets/framework.dart:5435:7)
#194    ComponentElement._firstBuild (package:flutter/src/widgets/framework.dart:5705:5)
#195    StatefulElement._firstBuild (package:flutter/src/widgets/framework.dart:5875:11)
#196    ComponentElement.mount (package:flutter/src/widgets/framework.dart:5699:5)
#197    Element.inflateWidget (package:flutter/src/widgets/framework.dart:4548:16)
#198    Element.updateChild (package:flutter/src/widgets/framework.dart:4004:18)
#199    ComponentElement.performRebuild (package:flutter/src/widgets/framework.dart:5747:16)
#200    Element.rebuild (package:flutter/src/widgets/framework.dart:5435:7)
#201    ComponentElement._firstBuild (package:flutter/src/widgets/framework.dart:5705:5)
#202    ComponentElement.mount (package:flutter/src/widgets/framework.dart:5699:5)
#203    Element.inflateWidget (package:flutter/src/widgets/framework.dart:4548:16)
#204    Element.updateChild (package:flutter/src/widgets/framework.dart:4004:18)
#205    ComponentElement.performRebuild (package:flutter/src/widgets/framework.dart:5747:16)
#206    Element.rebuild (package:flutter/src/widgets/framework.dart:5435:7)
#207    ComponentElement._firstBuild (package:flutter/src/widgets/framework.dart:5705:5)
#208    ComponentElement.mount (package:flutter/src/widgets/framework.dart:5699:5)
#209    Element.inflateWidget (package:flutter/src/widgets/framework.dart:4548:16)
#210    Element.updateChild (package:flutter/src/widgets/framework.dart:4004:18)
#211    ComponentElement.performRebuild (package:flutter/src/widgets/framework.dart:5747:16)
#212    StatefulElement.performRebuild (package:flutter/src/widgets/framework.dart:5884:11)
#213    Element.rebuild (package:flutter/src/widgets/framework.dart:5435:7)
#214    ComponentElement._firstBuild (package:flutter/src/widgets/framework.dart:5705:5)
#215    StatefulElement._firstBuild (package:flutter/src/widgets/framework.dart:5875:11)
#216    ComponentElement.mount (package:flutter/src/widgets/framework.dart:5699:5)
#217    Element.inflateWidget (package:flutter/src/widgets/framework.dart:4548:16)
#218    Element.updateChild (package:flutter/src/widgets/framework.dart:4004:18)
#219    ComponentElement.performRebuild (package:flutter/src/widgets/framework.dart:5747:16)
#220    Element.rebuild (package:flutter/src/widgets/framework.dart:5435:7)
#221    ComponentElement._firstBuild (package:flutter/src/widgets/framework.dart:5705:5)
#222    ComponentElement.mount (package:flutter/src/widgets/framework.dart:5699:5)
#223    Element.inflateWidget (package:flutter/src/widgets/framework.dart:4548:16)
#224    Element.updateChild (package:flutter/src/widgets/framework.dart:4004:18)
#225    ComponentElement.performRebuild (package:flutter/src/widgets/framework.dart:5747:16)
#226    Element.rebuild (package:flutter/src/widgets/framework.dart:5435:7)
#227    ComponentElement._firstBuild (package:flutter/src/widgets/framework.dart:5705:5)
#228    ComponentElement.mount (package:flutter/src/widgets/framework.dart:5699:5)
#229    Element.inflateWidget (package:flutter/src/widgets/framework.dart:4548:16)
#230    Element.updateChild (package:flutter/src/widgets/framework.dart:4004:18)
#231    SingleChildRenderObjectElement.mount (package:flutter/src/widgets/framework.dart:7018:14)
#232    Element.inflateWidget (package:flutter/src/widgets/framework.dart:4548:16)
#233    Element.updateChild (package:flutter/src/widgets/framework.dart:4004:18)
#234    ComponentElement.performRebuild (package:flutter/src/widgets/framework.dart:5747:16)
#235    Element.rebuild (package:flutter/src/widgets/framework.dart:5435:7)
#236    ComponentElement._firstBuild (package:flutter/src/widgets/framework.dart:5705:5)
#237    ComponentElement.mount (package:flutter/src/widgets/framework.dart:5699:5)
#238    Element.inflateWidget (package:flutter/src/widgets/framework.dart:4548:16)
#239    Element.updateChild (package:flutter/src/widgets/framework.dart:4004:18)
#240    ComponentElement.performRebuild (package:flutter/src/widgets/framework.dart:5747:16)
#241    Element.rebuild (package:flutter/src/widgets/framework.dart:5435:7)
#242    ComponentElement._firstBuild (package:flutter/src/widgets/framework.dart:5705:5)
#243    ComponentElement.mount (package:flutter/src/widgets/framework.dart:5699:5)
#244    Element.inflateWidget (package:flutter/src/widgets/framework.dart:4548:16)
#245    Element.updateChild (package:flutter/src/widgets/framework.dart:4004:18)
#246    ComponentElement.performRebuild (package:flutter/src/widgets/framework.dart:5747:16)
#247    StatefulElement.performRebuild (package:flutter/src/widgets/framework.dart:5884:11)
#248    Element.rebuild (package:flutter/src/widgets/framework.dart:5435:7)
#249    ComponentElement._firstBuild (package:flutter/src/widgets/framework.dart:5705:5)
#250    StatefulElement._firstBuild (package:flutter/src/widgets/framework.dart:5875:11)
#251    ComponentElement.mount (package:flutter/src/widgets/framework.dart:5699:5)
#252    Element.inflateWidget (package:flutter/src/widgets/framework.dart:4548:16)
#253    Element.updateChild (package:flutter/src/widgets/framework.dart:4004:18)
#254    ComponentElement.performRebuild (package:flutter/src/widgets/framework.dart:5747:16)
#255    StatefulElement.performRebuild (package:flutter/src/widgets/framework.dart:5884:11)
#256    Element.rebuild (package:flutter/src/widgets/framework.dart:5435:7)
#257    ComponentElement._firstBuild (package:flutter/src/widgets/framework.dart:5705:5)
#258    StatefulElement._firstBuild (package:flutter/src/widgets/framework.dart:5875:11)
#259    ComponentElement.mount (package:flutter/src/widgets/framework.dart:5699:5)
#260    Element.inflateWidget (package:flutter/src/widgets/framework.dart:4548:16)
#261    Element.updateChild (package:flutter/src/widgets/framework.dart:4004:18)
#262    ComponentElement.performRebuild (package:flutter/src/widgets/framework.dart:5747:16)
#263    StatefulElement.performRebuild (package:flutter/src/widgets/framework.dart:5884:11)
#264    Element.rebuild (package:flutter/src/widgets/framework.dart:5435:7)
#265    ComponentElement._firstBuild (package:flutter/src/widgets/framework.dart:5705:5)
#266    StatefulElement._firstBuild (package:flutter/src/widgets/framework.dart:5875:11)
#267    ComponentElement.mount (package:flutter/src/widgets/framework.dart:5699:5)
#268    Element.inflateWidget (package:flutter/src/widgets/framework.dart:4548:16)
#269    Element.updateChild (package:flutter/src/widgets/framework.dart:4004:18)
#270    SingleChildRenderObjectElement.mount (package:flutter/src/widgets/framework.dart:7018:14)
#271    Element.inflateWidget (package:flutter/src/widgets/framework.dart:4548:16)
#272    Element.updateChild (package:flutter/src/widgets/framework.dart:4004:18)
#273    ComponentElement.performRebuild (package:flutter/src/widgets/framework.dart:5747:16)
#274    Element.rebuild (package:flutter/src/widgets/framework.dart:5435:7)
#275    ComponentElement._firstBuild (package:flutter/src/widgets/framework.dart:5705:5)
#276    ComponentElement.mount (package:flutter/src/widgets/framework.dart:5699:5)
#277    Element.inflateWidget (package:flutter/src/widgets/framework.dart:4548:16)
#278    Element.updateChild (package:flutter/src/widgets/framework.dart:4004:18)
#279    ComponentElement.performRebuild (package:flutter/src/widgets/framework.dart:5747:16)
#280    Element.rebuild (package:flutter/src/widgets/framework.dart:5435:7)
#281    ComponentElement._firstBuild (package:flutter/src/widgets/framework.dart:5705:5)
#282    ComponentElement.mount (package:flutter/src/widgets/framework.dart:5699:5)
#283    Element.inflateWidget (package:flutter/src/widgets/framework.dart:4548:16)
#284    Element.updateChild (package:flutter/src/widgets/framework.dart:4004:18)
#285    ComponentElement.performRebuild (package:flutter/src/widgets/framework.dart:5747:16)
#286    StatefulElement.performRebuild (package:flutter/src/widgets/framework.dart:5884:11)
#287    Element.rebuild (package:flutter/src/widgets/framework.dart:5435:7)
#288    ComponentElement._firstBuild (package:flutter/src/widgets/framework.dart:5705:5)
#289    StatefulElement._firstBuild (package:flutter/src/widgets/framework.dart:5875:11)
#290    ComponentElement.mount (package:flutter/src/widgets/framework.dart:5699:5)
#291    Element.inflateWidget (package:flutter/src/widgets/framework.dart:4548:16)
#292    Element.updateChild (package:flutter/src/widgets/framework.dart:4004:18)
#293    ComponentElement.performRebuild (package:flutter/src/widgets/framework.dart:5747:16)
#294    StatefulElement.performRebuild (package:flutter/src/widgets/framework.dart:5884:11)
#295    Element.rebuild (package:flutter/src/widgets/framework.dart:5435:7)
#296    ComponentElement._firstBuild (package:flutter/src/widgets/framework.dart:5705:5)
#297    StatefulElement._firstBuild (package:flutter/src/widgets/framework.dart:5875:11)
#298    ComponentElement.mount (package:flutter/src/widgets/framework.dart:5699:5)
#299    Element.inflateWidget (package:flutter/src/widgets/framework.dart:4548:16)
#300    MultiChildRenderObjectElement.inflateWidget (package:flutter/src/widgets/framework.dart:7169:36)
#301    MultiChildRenderObjectElement.mount (package:flutter/src/widgets/framework.dart:7185:32)
#302    Element.inflateWidget (package:flutter/src/widgets/framework.dart:4548:16)
#303    Element.updateChild (package:flutter/src/widgets/framework.dart:4004:18)
#304    ComponentElement.performRebuild (package:flutter/src/widgets/framework.dart:5747:16)
#305    StatefulElement.performRebuild (package:flutter/src/widgets/framework.dart:5884:11)
#306    Element.rebuild (package:flutter/src/widgets/framework.dart:5435:7)
#307    ComponentElement._firstBuild (package:flutter/src/widgets/framework.dart:5705:5)
#308    StatefulElement._firstBuild (package:flutter/src/widgets/framework.dart:5875:11)
#309    ComponentElement.mount (package:flutter/src/widgets/framework.dart:5699:5)
#310    Element.inflateWidget (package:flutter/src/widgets/framework.dart:4548:16)
#311    Element.updateChild (package:flutter/src/widgets/framework.dart:4004:18)
#312    ComponentElement.performRebuild (package:flutter/src/widgets/framework.dart:5747:16)
#313    Element.rebuild (package:flutter/src/widgets/framework.dart:5435:7)
#314    ComponentElement._firstBuild (package:flutter/src/widgets/framework.dart:5705:5)
#315    ComponentElement.mount (package:flutter/src/widgets/framework.dart:5699:5)
#316    Element.inflateWidget (package:flutter/src/widgets/framework.dart:4548:16)
#317    Element.updateChild (package:flutter/src/widgets/framework.dart:4004:18)
#318    ComponentElement.performRebuild (package:flutter/src/widgets/framework.dart:5747:16)
#319    Element.rebuild (package:flutter/src/widgets/framework.dart:5435:7)
#320    ComponentElement._firstBuild (package:flutter/src/widgets/framework.dart:5705:5)
#321    ComponentElement.mount (package:flutter/src/widgets/framework.dart:5699:5)
#322    Element.inflateWidget (package:flutter/src/widgets/framework.dart:4548:16)
#323    Element.updateChild (package:flutter/src/widgets/framework.dart:4004:18)
#324    ComponentElement.performRebuild (package:flutter/src/widgets/framework.dart:5747:16)
#325    StatefulElement.performRebuild (package:flutter/src/widgets/framework.dart:5884:11)
#326    Element.rebuild (package:flutter/src/widgets/framework.dart:5435:7)
#327    ComponentElement._firstBuild (package:flutter/src/widgets/framework.dart:5705:5)
#328    StatefulElement._firstBuild (package:flutter/src/widgets/framework.dart:5875:11)
#329    ComponentElement.mount (package:flutter/src/widgets/framework.dart:5699:5)
#330    Element.inflateWidget (package:flutter/src/widgets/framework.dart:4548:16)
#331    Element.updateChild (package:flutter/src/widgets/framework.dart:4004:18)
#332    ComponentElement.performRebuild (package:flutter/src/widgets/framework.dart:5747:16)
#333    Element.rebuild (package:flutter/src/widgets/framework.dart:5435:7)
#334    ComponentElement._firstBuild (package:flutter/src/widgets/framework.dart:5705:5)
#335    ComponentElement.mount (package:flutter/src/widgets/framework.dart:5699:5)
#336    Element.inflateWidget (package:flutter/src/widgets/framework.dart:4548:16)
#337    Element.updateChild (package:flutter/src/widgets/framework.dart:4004:18)
#338    ComponentElement.performRebuild (package:flutter/src/widgets/framework.dart:5747:16)
#339    StatefulElement.performRebuild (package:flutter/src/widgets/framework.dart:5884:11)
#340    Element.rebuild (package:flutter/src/widgets/framework.dart:5435:7)
#341    ComponentElement._firstBuild (package:flutter/src/widgets/framework.dart:5705:5)
#342    StatefulElement._firstBuild (package:flutter/src/widgets/framework.dart:5875:11)
#343    ComponentElement.mount (package:flutter/src/widgets/framework.dart:5699:5)
#344    Element.inflateWidget (package:flutter/src/widgets/framework.dart:4548:16)
#345    Element.updateChild (package:flutter/src/widgets/framework.dart:4004:18)
#346    ComponentElement.performRebuild (package:flutter/src/widgets/framework.dart:5747:16)
#347    StatefulElement.performRebuild (package:flutter/src/widgets/framework.dart:5884:11)
#348    Element.rebuild (package:flutter/src/widgets/framework.dart:5435:7)
#349    ComponentElement._firstBuild (package:flutter/src/widgets/framework.dart:5705:5)
#350    StatefulElement._firstBuild (package:flutter/src/widgets/framework.dart:5875:11)
#351    ComponentElement.mount (package:flutter/src/widgets/framework.dart:5699:5)
#352    Element.inflateWidget (package:flutter/src/widgets/framework.dart:4548:16)
#353    Element.updateChild (package:flutter/src/widgets/framework.dart:4004:18)
#354    SingleChildRenderObjectElement.mount (package:flutter/src/widgets/framework.dart:7018:14)
#355    Element.inflateWidget (package:flutter/src/widgets/framework.dart:4548:16)
#356    Element.updateChild (package:flutter/src/widgets/framework.dart:4004:18)
#357    SingleChildRenderObjectElement.mount (package:flutter/src/widgets/framework.dart:7018:14)
#358    Element.inflateWidget (package:flutter/src/widgets/framework.dart:4548:16)
#359    Element.updateChild (package:flutter/src/widgets/framework.dart:4004:18)
#360    ComponentElement.performRebuild (package:flutter/src/widgets/framework.dart:5747:16)
#361    Element.rebuild (package:flutter/src/widgets/framework.dart:5435:7)
#362    ComponentElement._firstBuild (package:flutter/src/widgets/framework.dart:5705:5)
#363    ComponentElement.mount (package:flutter/src/widgets/framework.dart:5699:5)
#364    Element.inflateWidget (package:flutter/src/widgets/framework.dart:4548:16)
#365    Element.updateChild (package:flutter/src/widgets/framework.dart:4004:18)
#366    ComponentElement.performRebuild (package:flutter/src/widgets/framework.dart:5747:16)
#367    Element.rebuild (package:flutter/src/widgets/framework.dart:5435:7)
#368    ComponentElement._firstBuild (package:flutter/src/widgets/framework.dart:5705:5)
#369    ComponentElement.mount (package:flutter/src/widgets/framework.dart:5699:5)
#370    Element.inflateWidget (package:flutter/src/widgets/framework.dart:4548:16)
#371    Element.updateChild (package:flutter/src/widgets/framework.dart:4004:18)
#372    ComponentElement.performRebuild (package:flutter/src/widgets/framework.dart:5747:16)
#373    StatefulElement.performRebuild (package:flutter/src/widgets/framework.dart:5884:11)
#374    Element.rebuild (package:flutter/src/widgets/framework.dart:5435:7)
#375    ComponentElement._firstBuild (package:flutter/src/widgets/framework.dart:5705:5)
#376    StatefulElement._firstBuild (package:flutter/src/widgets/framework.dart:5875:11)
#377    ComponentElement.mount (package:flutter/src/widgets/framework.dart:5699:5)
#378    Element.inflateWidget (package:flutter/src/widgets/framework.dart:4548:16)
#379    Element.updateChild (package:flutter/src/widgets/framework.dart:4004:18)
#380    ComponentElement.performRebuild (package:flutter/src/widgets/framework.dart:5747:16)
#381    Element.rebuild (package:flutter/src/widgets/framework.dart:5435:7)
#382    ComponentElement._firstBuild (package:flutter/src/widgets/framework.dart:5705:5)
#383    ComponentElement.mount (package:flutter/src/widgets/framework.dart:5699:5)
#384    Element.inflateWidget (package:flutter/src/widgets/framework.dart:4548:16)
#385    Element.updateChild (package:flutter/src/widgets/framework.dart:4004:18)
#386    SingleChildRenderObjectElement.mount (package:flutter/src/widgets/framework.dart:7018:14)
#387    Element.inflateWidget (package:flutter/src/widgets/framework.dart:4548:16)
#388    Element.updateChild (package:flutter/src/widgets/framework.dart:4004:18)
#389    ComponentElement.performRebuild (package:flutter/src/widgets/framework.dart:5747:16)
#390    StatefulElement.performRebuild (package:flutter/src/widgets/framework.dart:5884:11)
#391    Element.rebuild (package:flutter/src/widgets/framework.dart:5435:7)
#392    ComponentElement._firstBuild (package:flutter/src/widgets/framework.dart:5705:5)
#393    StatefulElement._firstBuild (package:flutter/src/widgets/framework.dart:5875:11)
#394    ComponentElement.mount (package:flutter/src/widgets/framework.dart:5699:5)
#395    Element.inflateWidget (package:flutter/src/widgets/framework.dart:4548:16)
#396    Element.updateChild (package:flutter/src/widgets/framework.dart:4004:18)
#397    ComponentElement.performRebuild (package:flutter/src/widgets/framework.dart:5747:16)
#398    Element.rebuild (package:flutter/src/widgets/framework.dart:5435:7)
#399    ComponentElement._firstBuild (package:flutter/src/widgets/framework.dart:5705:5)
#400    ComponentElement.mount (package:flutter/src/widgets/framework.dart:5699:5)
#401    Element.inflateWidget (package:flutter/src/widgets/framework.dart:4548:16)
#402    Element.updateChild (package:flutter/src/widgets/framework.dart:4004:18)
#403    ComponentElement.performRebuild (package:flutter/src/widgets/framework.dart:5747:16)
#404    Element.rebuild (package:flutter/src/widgets/framework.dart:5435:7)
#405    ComponentElement._firstBuild (package:flutter/src/widgets/framework.dart:5705:5)
#406    ComponentElement.mount (package:flutter/src/widgets/framework.dart:5699:5)
#407    Element.inflateWidget (package:flutter/src/widgets/framework.dart:4548:16)
#408    Element.updateChild (package:flutter/src/widgets/framework.dart:4004:18)
#409    ComponentElement.performRebuild (package:flutter/src/widgets/framework.dart:5747:16)
#410    StatefulElement.performRebuild (package:flutter/src/widgets/framework.dart:5884:11)
#411    Element.rebuild (package:flutter/src/widgets/framework.dart:5435:7)
#412    ComponentElement._firstBuild (package:flutter/src/widgets/framework.dart:5705:5)
#413    StatefulElement._firstBuild (package:flutter/src/widgets/framework.dart:5875:11)
#414    ComponentElement.mount (package:flutter/src/widgets/framework.dart:5699:5)
#415    Element.inflateWidget (package:flutter/src/widgets/framework.dart:4548:16)
#416    Element.updateChild (package:flutter/src/widgets/framework.dart:4004:18)
#417    ComponentElement.performRebuild (package:flutter/src/widgets/framework.dart:5747:16)
#418    Element.rebuild (package:flutter/src/widgets/framework.dart:5435:7)
#419    ComponentElement._firstBuild (package:flutter/src/widgets/framework.dart:5705:5)
#420    ComponentElement.mount (package:flutter/src/widgets/framework.dart:5699:5)
#421    Element.inflateWidget (package:flutter/src/widgets/framework.dart:4548:16)
#422    Element.updateChild (package:flutter/src/widgets/framework.dart:4004:18)
#423    ComponentElement.performRebuild (package:flutter/src/widgets/framework.dart:5747:16)
#424    Element.rebuild (package:flutter/src/widgets/framework.dart:5435:7)
#425    ComponentElement._firstBuild (package:flutter/src/widgets/framework.dart:5705:5)
#426    ComponentElement.mount (package:flutter/src/widgets/framework.dart:5699:5)
#427    Element.inflateWidget (package:flutter/src/widgets/framework.dart:4548:16)
#428    Element.updateChild (package:flutter/src/widgets/framework.dart:4004:18)
#429    ComponentElement.performRebuild (package:flutter/src/widgets/framework.dart:5747:16)
#430    Element.rebuild (package:flutter/src/widgets/framework.dart:5435:7)
#431    ComponentElement._firstBuild (package:flutter/src/widgets/framework.dart:5705:5)
#432    ComponentElement.mount (package:flutter/src/widgets/framework.dart:5699:5)
#433    Element.inflateWidget (package:flutter/src/widgets/framework.dart:4548:16)
#434    Element.updateChild (package:flutter/src/widgets/framework.dart:4004:18)
#435    ComponentElement.performRebuild (package:flutter/src/widgets/framework.dart:5747:16)
#436    Element.rebuild (package:flutter/src/widgets/framework.dart:5435:7)
#437    ComponentElement._firstBuild (package:flutter/src/widgets/framework.dart:5705:5)
#438    ComponentElement.mount (package:flutter/src/widgets/framework.dart:5699:5)
#439    Element.inflateWidget (package:flutter/src/widgets/framework.dart:4548:16)
#440    Element.updateChild (package:flutter/src/widgets/framework.dart:4004:18)
#441    ComponentElement.performRebuild (package:flutter/src/widgets/framework.dart:5747:16)
00:23 +883 -4: /home/bootcamp/Proyectos-2026/Proyectos-Varios/Finanzas-Familiares-AS/test/presentation/screens/settings_screen_test.dart: SettingsScreen muestra título Configuración                  00:23 +883 -4: /home/bootcamp/Proyectos-2026/Proyectos-Varios/Finanzas-Familiares-AS/test/presentation/screens/notification_settings_screen_test.dart: NotificationSettingsScreen muestra información explicativa
#442    Element.rebuild (package:flutter/src/widgets/framework.dart:5435:7)
#443    ComponentElement._firstBuild (package:flutter/src/widgets/framework.dart:5705:5)
#444    ComponentElement.mount (package:flutter/src/widgets/framework.dart:5699:5)
#445    Element.inflateWidget (package:flutter/src/widgets/framework.dart:4548:16)
#446    Element.updateChild (package:flutter/src/widgets/framework.dart:4004:18)
#447    ComponentElement.performRebuild (package:flutter/src/widgets/framework.dart:5747:16)
#448    Element.rebuild (package:flutter/src/widgets/framework.dart:5435:7)
#449    ComponentElement._firstBuild (package:flutter/src/widgets/framework.dart:5705:5)
#450    ComponentElement.mount (package:flutter/src/widgets/framework.dart:5699:5)
#451    Element.inflateWidget (package:flutter/src/widgets/framework.dart:4548:16)
#452    Element.updateChild (package:flutter/src/widgets/framework.dart:4004:18)
#453    ComponentElement.performRebuild (package:flutter/src/widgets/framework.dart:5747:16)
#454    Element.rebuild (package:flutter/src/widgets/framework.dart:5435:7)
#455    ComponentElement._firstBuild (package:flutter/src/widgets/framework.dart:5705:5)
#456    ComponentElement.mount (package:flutter/src/widgets/framework.dart:5699:5)
#457    Element.inflateWidget (package:flutter/src/widgets/framework.dart:4548:16)
#458    Element.updateChild (package:flutter/src/widgets/framework.dart:4004:18)
#459    ComponentElement.performRebuild (package:flutter/src/widgets/framework.dart:5747:16)
#460    StatefulElement.performRebuild (package:flutter/src/widgets/framework.dart:5884:11)
#461    Element.rebuild (package:flutter/src/widgets/framework.dart:5435:7)
#462    ComponentElement._firstBuild (package:flutter/src/widgets/framework.dart:5705:5)
#463    StatefulElement._firstBuild (package:flutter/src/widgets/framework.dart:5875:11)
#464    ComponentElement.mount (package:flutter/src/widgets/framework.dart:5699:5)
#465    Element.inflateWidget (package:flutter/src/widgets/framework.dart:4548:16)
#466    Element.updateChild (package:flutter/src/widgets/framework.dart:4004:18)
#467    ComponentElement.performRebuild (package:flutter/src/widgets/framework.dart:5747:16)
#468    Element.rebuild (package:flutter/src/widgets/framework.dart:5435:7)
#469    ComponentElement._firstBuild (package:flutter/src/widgets/framework.dart:5705:5)
#470    ComponentElement.mount (package:flutter/src/widgets/framework.dart:5699:5)
#471    Element.inflateWidget (package:flutter/src/widgets/framework.dart:4548:16)
#472    Element.updateChild (package:flutter/src/widgets/framework.dart:4004:18)
#473    ComponentElement.performRebuild (package:flutter/src/widgets/framework.dart:5747:16)
#474    Element.rebuild (package:flutter/src/widgets/framework.dart:5435:7)
#475    ComponentElement._firstBuild (package:flutter/src/widgets/framework.dart:5705:5)
#476    ComponentElement.mount (package:flutter/src/widgets/framework.dart:5699:5)
#477    Element.inflateWidget (package:flutter/src/widgets/framework.dart:4548:16)
#478    Element.updateChild (package:flutter/src/widgets/framework.dart:4004:18)
#479    ComponentElement.performRebuild (package:flutter/src/widgets/framework.dart:5747:16)
#480    StatefulElement.performRebuild (package:flutter/src/widgets/framework.dart:5884:11)
#481    Element.rebuild (package:flutter/src/widgets/framework.dart:5435:7)
#482    ComponentElement._firstBuild (package:flutter/src/widgets/framework.dart:5705:5)
#483    StatefulElement._firstBuild (package:flutter/src/widgets/framework.dart:5875:11)
#484    ComponentElement.mount (package:flutter/src/widgets/framework.dart:5699:5)
#485    Element.inflateWidget (package:flutter/src/widgets/framework.dart:4548:16)
#486    Element.updateChild (package:flutter/src/widgets/framework.dart:4004:18)
#487    SingleChildRenderObjectElement.mount (package:flutter/src/widgets/framework.dart:7018:14)
#488    Element.inflateWidget (package:flutter/src/widgets/framework.dart:4548:16)
#489    Element.updateChild (package:flutter/src/widgets/framework.dart:4004:18)
#490    ComponentElement.performRebuild (package:flutter/src/widgets/framework.dart:5747:16)
#491    StatefulElement.performRebuild (package:flutter/src/widgets/framework.dart:5884:11)
#492    Element.rebuild (package:flutter/src/widgets/framework.dart:5435:7)
#493    ComponentElement._firstBuild (package:flutter/src/widgets/framework.dart:5705:5)
#494    StatefulElement._firstBuild (package:flutter/src/widgets/framework.dart:5875:11)
#495    ComponentElement.mount (package:flutter/src/widgets/framework.dart:5699:5)
#496    Element.inflateWidget (package:flutter/src/widgets/framework.dart:4548:16)
#497    Element.updateChild (package:flutter/src/widgets/framework.dart:4004:18)
#498    ComponentElement.performRebuild (package:flutter/src/widgets/framework.dart:5747:16)
#499    Element.rebuild (package:flutter/src/widgets/framework.dart:5435:7)
#500    ComponentElement._firstBuild (package:flutter/src/widgets/framework.dart:5705:5)
#501    ComponentElement.mount (package:flutter/src/widgets/framework.dart:5699:5)
#502    Element.inflateWidget (package:flutter/src/widgets/framework.dart:4548:16)
#503    Element.updateChild (package:flutter/src/widgets/framework.dart:4004:18)
#504    ComponentElement.performRebuild (package:flutter/src/widgets/framework.dart:5747:16)
#505    Element.rebuild (package:flutter/src/widgets/framework.dart:5435:7)
#506    ComponentElement._firstBuild (package:flutter/src/widgets/framework.dart:5705:5)
#507    ComponentElement.mount (package:flutter/src/widgets/framework.dart:5699:5)
#508    Element.inflateWidget (package:flutter/src/widgets/framework.dart:4548:16)
#509    Element.updateChild (package:flutter/src/widgets/framework.dart:4004:18)
#510    ComponentElement.performRebuild (package:flutter/src/widgets/framework.dart:5747:16)
#511    Element.rebuild (package:flutter/src/widgets/framework.dart:5435:7)
#512    ComponentElement._firstBuild (package:flutter/src/widgets/framework.dart:5705:5)
#513    ComponentElement.mount (package:flutter/src/widgets/framework.dart:5699:5)
#514    Element.inflateWidget (package:flutter/src/widgets/framework.dart:4548:16)
#515    Element.updateChild (package:flutter/src/widgets/framework.dart:4004:18)
#516    ComponentElement.performRebuild (package:flutter/src/widgets/framework.dart:5747:16)
#517    Element.rebuild (package:flutter/src/widgets/framework.dart:5435:7)
#518    ComponentElement._firstBuild (package:flutter/src/widgets/framework.dart:5705:5)
#519    ComponentElement.mount (package:flutter/src/widgets/framework.dart:5699:5)
#520    Element.inflateWidget (package:flutter/src/widgets/framework.dart:4548:16)
#521    Element.updateChild (package:flutter/src/widgets/framework.dart:4004:18)
#522    SingleChildRenderObjectElement.mount (package:flutter/src/widgets/framework.dart:7018:14)
#523    Element.inflateWidget (package:flutter/src/widgets/framework.dart:4548:16)
#524    Element.updateChild (package:flutter/src/widgets/framework.dart:4004:18)
#525    ComponentElement.performRebuild (package:flutter/src/widgets/framework.dart:5747:16)
#526    StatefulElement.performRebuild (package:flutter/src/widgets/framework.dart:5884:11)
#527    Element.rebuild (package:flutter/src/widgets/framework.dart:5435:7)
#528    ComponentElement._firstBuild (package:flutter/src/widgets/framework.dart:5705:5)
#529    StatefulElement._firstBuild (package:flutter/src/widgets/framework.dart:5875:11)
#530    ComponentElement.mount (package:flutter/src/widgets/framework.dart:5699:5)
#531    Element.inflateWidget (package:flutter/src/widgets/framework.dart:4548:16)
#532    Element.updateChild (package:flutter/src/widgets/framework.dart:4004:18)
#533    ComponentElement.performRebuild (package:flutter/src/widgets/framework.dart:5747:16)
#534    StatefulElement.performRebuild (package:flutter/src/widgets/framework.dart:5884:11)
#535    Element.rebuild (package:flutter/src/widgets/framework.dart:5435:7)
#536    ComponentElement._firstBuild (package:flutter/src/widgets/framework.dart:5705:5)
#537    StatefulElement._firstBuild (package:flutter/src/widgets/framework.dart:5875:11)
#538    ComponentElement.mount (package:flutter/src/widgets/framework.dart:5699:5)
#539    Element.inflateWidget (package:flutter/src/widgets/framework.dart:4548:16)
#540    Element.updateChild (package:flutter/src/widgets/framework.dart:4004:18)
#541    SingleChildRenderObjectElement.mount (package:flutter/src/widgets/framework.dart:7018:14)
#542    Element.inflateWidget (package:flutter/src/widgets/framework.dart:4548:16)
#543    Element.updateChild (package:flutter/src/widgets/framework.dart:4004:18)
#544    ComponentElement.performRebuild (package:flutter/src/widgets/framework.dart:5747:16)
#545    Element.rebuild (package:flutter/src/widgets/framework.dart:5435:7)
#546    ComponentElement._firstBuild (package:flutter/src/widgets/framework.dart:5705:5)
#547    ComponentElement.mount (package:flutter/src/widgets/framework.dart:5699:5)
#548    Element.inflateWidget (package:flutter/src/widgets/framework.dart:4548:16)
#549    Element.updateChild (package:flutter/src/widgets/framework.dart:4004:18)
#550    ComponentElement.performRebuild (package:flutter/src/widgets/framework.dart:5747:16)
#551    StatefulElement.performRebuild (package:flutter/src/widgets/framework.dart:5884:11)
#552    Element.rebuild (package:flutter/src/widgets/framework.dart:5435:7)
#553    ComponentElement._firstBuild (package:flutter/src/widgets/framework.dart:5705:5)
#554    StatefulElement._firstBuild (package:flutter/src/widgets/framework.dart:5875:11)
#555    ComponentElement.mount (package:flutter/src/widgets/framework.dart:5699:5)
#556    Element.inflateWidget (package:flutter/src/widgets/framework.dart:4548:16)
#557    Element.updateChild (package:flutter/src/widgets/framework.dart:4004:18)
#558    ComponentElement.performRebuild (package:flutter/src/widgets/framework.dart:5747:16)
#559    StatefulElement.performRebuild (package:flutter/src/widgets/framework.dart:5884:11)
#560    Element.rebuild (package:flutter/src/widgets/framework.dart:5435:7)
#561    ComponentElement._firstBuild (package:flutter/src/widgets/framework.dart:5705:5)
#562    StatefulElement._firstBuild (package:flutter/src/widgets/framework.dart:5875:11)
#563    ComponentElement.mount (package:flutter/src/widgets/framework.dart:5699:5)
#564    Element.inflateWidget (package:flutter/src/widgets/framework.dart:4548:16)
#565    Element.updateChild (package:flutter/src/widgets/framework.dart:4004:18)
#566    ComponentElement.performRebuild (package:flutter/src/widgets/framework.dart:5747:16)
#567    Element.rebuild (package:flutter/src/widgets/framework.dart:5435:7)
#568    ComponentElement._firstBuild (package:flutter/src/widgets/framework.dart:5705:5)
#569    ComponentElement.mount (package:flutter/src/widgets/framework.dart:5699:5)
#570    Element.inflateWidget (package:flutter/src/widgets/framework.dart:4548:16)
#571    Element.updateChild (package:flutter/src/widgets/framework.dart:4004:18)
#572    ComponentElement.performRebuild (package:flutter/src/widgets/framework.dart:5747:16)
#573    StatefulElement.performRebuild (package:flutter/src/widgets/framework.dart:5884:11)
#574    Element.rebuild (package:flutter/src/widgets/framework.dart:5435:7)
#575    ComponentElement._firstBuild (package:flutter/src/widgets/framework.dart:5705:5)
#576    StatefulElement._firstBuild (package:flutter/src/widgets/framework.dart:5875:11)
#577    ComponentElement.mount (package:flutter/src/widgets/framework.dart:5699:5)
#578    Element.inflateWidget (package:flutter/src/widgets/framework.dart:4548:16)
#579    Element.updateChild (package:flutter/src/widgets/framework.dart:4004:18)
#580    SingleChildRenderObjectElement.mount (package:flutter/src/widgets/framework.dart:7018:14)
#581    Element.inflateWidget (package:flutter/src/widgets/framework.dart:4548:16)
#582    Element.updateChild (package:flutter/src/widgets/framework.dart:4004:18)
#583    ComponentElement.performRebuild (package:flutter/src/widgets/framework.dart:5747:16)
#584    Element.rebuild (package:flutter/src/widgets/framework.dart:5435:7)
#585    ComponentElement._firstBuild (package:flutter/src/widgets/framework.dart:5705:5)
#586    ComponentElement.mount (package:flutter/src/widgets/framework.dart:5699:5)
#587    Element.inflateWidget (package:flutter/src/widgets/framework.dart:4548:16)
#588    Element.updateChild (package:flutter/src/widgets/framework.dart:4004:18)
#589    ComponentElement.performRebuild (package:flutter/src/widgets/framework.dart:5747:16)
#590    StatefulElement.performRebuild (package:flutter/src/widgets/framework.dart:5884:11)
#591    Element.rebuild (package:flutter/src/widgets/framework.dart:5435:7)
#592    ComponentElement._firstBuild (package:flutter/src/widgets/framework.dart:5705:5)
#593    StatefulElement._firstBuild (package:flutter/src/widgets/framework.dart:5875:11)
#594    ComponentElement.mount (package:flutter/src/widgets/framework.dart:5699:5)
#595    Element.inflateWidget (package:flutter/src/widgets/framework.dart:4548:16)
#596    Element.updateChild (package:flutter/src/widgets/framework.dart:4004:18)
#597    ComponentElement.performRebuild (package:flutter/src/widgets/framework.dart:5747:16)
#598    StatefulElement.performRebuild (package:flutter/src/widgets/framework.dart:5884:11)
#599    Element.rebuild (package:flutter/src/widgets/framework.dart:5435:7)
#600    ComponentElement._firstBuild (package:flutter/src/widgets/framework.dart:5705:5)
#601    StatefulElement._firstBuild (package:flutter/src/widgets/framework.dart:5875:11)
#602    ComponentElement.mount (package:flutter/src/widgets/framework.dart:5699:5)
#603    Element.inflateWidget (package:flutter/src/widgets/framework.dart:4548:16)
#604    Element.updateChild (package:flutter/src/widgets/framework.dart:4004:18)
#605    ComponentElement.performRebuild (package:flutter/src/widgets/framework.dart:5747:16)
#606    Element.rebuild (package:flutter/src/widgets/framework.dart:5435:7)
#607    ComponentElement._firstBuild (package:flutter/src/widgets/framework.dart:5705:5)
#608    ComponentElement.mount (package:flutter/src/widgets/framework.dart:5699:5)
#609    Element.inflateWidget (package:flutter/src/widgets/framework.dart:4548:16)
#610    Element.updateChild (package:flutter/src/widgets/framework.dart:4004:18)
#611    ComponentElement.performRebuild (package:flutter/src/widgets/framework.dart:5747:16)
#612    StatefulElement.performRebuild (package:flutter/src/widgets/framework.dart:5884:11)
#613    Element.rebuild (package:flutter/src/widgets/framework.dart:5435:7)
#614    ComponentElement._firstBuild (package:flutter/src/widgets/framework.dart:5705:5)
#615    StatefulElement._firstBuild (package:flutter/src/widgets/framework.dart:5875:11)
#616    ComponentElement.mount (package:flutter/src/widgets/framework.dart:5699:5)
#617    Element.inflateWidget (package:flutter/src/widgets/framework.dart:4548:16)
#618    Element.updateChild (package:flutter/src/widgets/framework.dart:4004:18)
#619    SingleChildRenderObjectElement.mount (package:flutter/src/widgets/framework.dart:7018:14)
#620    Element.inflateWidget (package:flutter/src/widgets/framework.dart:4548:16)
#621    Element.updateChild (package:flutter/src/widgets/framework.dart:4004:18)
#622    ComponentElement.performRebuild (package:flutter/src/widgets/framework.dart:5747:16)
#623    Element.rebuild (package:flutter/src/widgets/framework.dart:5435:7)
#624    ComponentElement._firstBuild (package:flutter/src/widgets/framework.dart:5705:5)
#625    ComponentElement.mount (package:flutter/src/widgets/framework.dart:5699:5)
#626    Element.inflateWidget (package:flutter/src/widgets/framework.dart:4548:16)
#627    Element.updateChild (package:flutter/src/widgets/framework.dart:4004:18)
#628    ComponentElement.performRebuild (package:flutter/src/widgets/framework.dart:5747:16)
#629    StatefulElement.performRebuild (package:flutter/src/widgets/framework.dart:5884:11)
#630    Element.rebuild (package:flutter/src/widgets/framework.dart:5435:7)
#631    ComponentElement._firstBuild (package:flutter/src/widgets/framework.dart:5705:5)
#632    StatefulElement._firstBuild (package:flutter/src/widgets/framework.dart:5875:11)
#633    ComponentElement.mount (package:flutter/src/widgets/framework.dart:5699:5)
#634    Element.inflateWidget (package:flutter/src/widgets/framework.dart:4548:16)
#635    Element.updateChild (package:flutter/src/widgets/framework.dart:4004:18)
#636    ComponentElement.performRebuild (package:flutter/src/widgets/framework.dart:5747:16)
#637    StatefulElement.performRebuild (package:flutter/src/widgets/framework.dart:5884:11)
#638    Element.rebuild (package:flutter/src/widgets/framework.dart:5435:7)
#639    ComponentElement._firstBuild (package:flutter/src/widgets/framework.dart:5705:5)
#640    StatefulElement._firstBuild (package:flutter/src/widgets/framework.dart:5875:11)
#641    ComponentElement.mount (package:flutter/src/widgets/framework.dart:5699:5)
#642    Element.inflateWidget (package:flutter/src/widgets/framework.dart:4548:16)
#643    Element.updateChild (package:flutter/src/widgets/framework.dart:4004:18)
#644    ComponentElement.performRebuild (package:flutter/src/widgets/framework.dart:5747:16)
#645    Element.rebuild (package:flutter/src/widgets/framework.dart:5435:7)
#646    ComponentElement._firstBuild (package:flutter/src/widgets/framework.dart:5705:5)
#647    ComponentElement.mount (package:flutter/src/widgets/framework.dart:5699:5)
#648    Element.inflateWidget (package:flutter/src/widgets/framework.dart:4548:16)
#649    Element.updateChild (package:flutter/src/widgets/framework.dart:4004:18)
#650    SingleChildRenderObjectElement.mount (package:flutter/src/widgets/framework.dart:7018:14)
#651    Element.inflateWidget (package:flutter/src/widgets/framework.dart:4548:16)
#652    Element.updateChild (package:flutter/src/widgets/framework.dart:4004:18)
#653    ComponentElement.performRebuild (package:flutter/src/widgets/framework.dart:5747:16)
#654    Element.rebuild (package:flutter/src/widgets/framework.dart:5435:7)
#655    ComponentElement._firstBuild (package:flutter/src/widgets/framework.dart:5705:5)
#656    ComponentElement.mount (package:flutter/src/widgets/framework.dart:5699:5)
#657    Element.inflateWidget (package:flutter/src/widgets/framework.dart:4548:16)
#658    Element.updateChild (package:flutter/src/widgets/framework.dart:4004:18)
#659    ComponentElement.performRebuild (package:flutter/src/widgets/framework.dart:5747:16)
#660    StatefulElement.performRebuild (package:flutter/src/widgets/framework.dart:5884:11)
#661    Element.rebuild (package:flutter/src/widgets/framework.dart:5435:7)
#662    ComponentElement._firstBuild (package:flutter/src/widgets/framework.dart:5705:5)
#663    StatefulElement._firstBuild (package:flutter/src/widgets/framework.dart:5875:11)
#664    ComponentElement.mount (package:flutter/src/widgets/framework.dart:5699:5)
#665    Element.inflateWidget (package:flutter/src/widgets/framework.dart:4548:16)
#666    Element.updateChild (package:flutter/src/widgets/framework.dart:4004:18)
#667    ComponentElement.performRebuild (package:flutter/src/widgets/framework.dart:5747:16)
#668    StatefulElement.performRebuild (package:flutter/src/widgets/framework.dart:5884:11)
#669    Element.rebuild (package:flutter/src/widgets/framework.dart:5435:7)
#670    ComponentElement._firstBuild (package:flutter/src/widgets/framework.dart:5705:5)
#671    StatefulElement._firstBuild (package:flutter/src/widgets/framework.dart:5875:11)
#672    ComponentElement.mount (package:flutter/src/widgets/framework.dart:5699:5)
#673    Element.inflateWidget (package:flutter/src/widgets/framework.dart:4548:16)
#674    Element.updateChild (package:flutter/src/widgets/framework.dart:4004:18)
00:23 +883 -4: /home/bootcamp/Proyectos-2026/Proyectos-Varios/Finanzas-Familiares-AS/test/presentation/screens/settings_screen_test.dart: SettingsScreen muestra título Configuración                  00:23 +883 -4: /home/bootcamp/Proyectos-2026/Proyectos-Varios/Finanzas-Familiares-AS/test/presentation/screens/notification_settings_screen_test.dart: NotificationSettingsScreen muestra información explicativa
#675    ComponentElement.performRebuild (package:flutter/src/widgets/framework.dart:5747:16)
#676    Element.rebuild (package:flutter/src/widgets/framework.dart:5435:7)
#677    ComponentElement._firstBuild (package:flutter/src/widgets/framework.dart:5705:5)
#678    ComponentElement.mount (package:flutter/src/widgets/framework.dart:5699:5)
#679    Element.inflateWidget (package:flutter/src/widgets/framework.dart:4548:16)
#680    Element.updateChild (package:flutter/src/widgets/framework.dart:4004:18)
#681    ComponentElement.performRebuild (package:flutter/src/widgets/framework.dart:5747:16)
#682    Element.rebuild (package:flutter/src/widgets/framework.dart:5435:7)
#683    ComponentElement._firstBuild (package:flutter/src/widgets/framework.dart:5705:5)
#684    ComponentElement.mount (package:flutter/src/widgets/framework.dart:5699:5)
#685    Element.inflateWidget (package:flutter/src/widgets/framework.dart:4548:16)
#686    Element.updateChild (package:flutter/src/widgets/framework.dart:4004:18)
#687    ComponentElement.performRebuild (package:flutter/src/widgets/framework.dart:5747:16)
#688    StatefulElement.performRebuild (package:flutter/src/widgets/framework.dart:5884:11)
#689    Element.rebuild (package:flutter/src/widgets/framework.dart:5435:7)
#690    ComponentElement._firstBuild (package:flutter/src/widgets/framework.dart:5705:5)
#691    StatefulElement._firstBuild (package:flutter/src/widgets/framework.dart:5875:11)
#692    ComponentElement.mount (package:flutter/src/widgets/framework.dart:5699:5)
#693    Element.inflateWidget (package:flutter/src/widgets/framework.dart:4548:16)
#694    Element.updateChild (package:flutter/src/widgets/framework.dart:4004:18)
#695    ComponentElement.performRebuild (package:flutter/src/widgets/framework.dart:5747:16)
#696    Element.rebuild (package:flutter/src/widgets/framework.dart:5435:7)
#697    ComponentElement._firstBuild (package:flutter/src/widgets/framework.dart:5705:5)
#698    ComponentElement.mount (package:flutter/src/widgets/framework.dart:5699:5)
#699    Element.inflateWidget (package:flutter/src/widgets/framework.dart:4548:16)
#700    Element.updateChild (package:flutter/src/widgets/framework.dart:4004:18)
#701    ComponentElement.performRebuild (package:flutter/src/widgets/framework.dart:5747:16)
#702    StatefulElement.performRebuild (package:flutter/src/widgets/framework.dart:5884:11)
#703    Element.rebuild (package:flutter/src/widgets/framework.dart:5435:7)
#704    ComponentElement._firstBuild (package:flutter/src/widgets/framework.dart:5705:5)
#705    StatefulElement._firstBuild (package:flutter/src/widgets/framework.dart:5875:11)
#706    ComponentElement.mount (package:flutter/src/widgets/framework.dart:5699:5)
#707    Element.inflateWidget (package:flutter/src/widgets/framework.dart:4548:16)
#708    Element.updateChild (package:flutter/src/widgets/framework.dart:4004:18)
#709    ComponentElement.performRebuild (package:flutter/src/widgets/framework.dart:5747:16)
#710    Element.rebuild (package:flutter/src/widgets/framework.dart:5435:7)
#711    ComponentElement._firstBuild (package:flutter/src/widgets/framework.dart:5705:5)
#712    ComponentElement.mount (package:flutter/src/widgets/framework.dart:5699:5)
#713    Element.inflateWidget (package:flutter/src/widgets/framework.dart:4548:16)
#714    Element.updateChild (package:flutter/src/widgets/framework.dart:4004:18)
#715    ComponentElement.performRebuild (package:flutter/src/widgets/framework.dart:5747:16)
#716    StatefulElement.performRebuild (package:flutter/src/widgets/framework.dart:5884:11)
#717    Element.rebuild (package:flutter/src/widgets/framework.dart:5435:7)
#718    ComponentElement._firstBuild (package:flutter/src/widgets/framework.dart:5705:5)
#719    StatefulElement._firstBuild (package:flutter/src/widgets/framework.dart:5875:11)
#720    ComponentElement.mount (package:flutter/src/widgets/framework.dart:5699:5)
#721    Element.inflateWidget (package:flutter/src/widgets/framework.dart:4548:16)
#722    Element.updateChild (package:flutter/src/widgets/framework.dart:4004:18)
#723    ComponentElement.performRebuild (package:flutter/src/widgets/framework.dart:5747:16)
#724    StatefulElement.performRebuild (package:flutter/src/widgets/framework.dart:5884:11)
#725    Element.rebuild (package:flutter/src/widgets/framework.dart:5435:7)
#726    ComponentElement._firstBuild (package:flutter/src/widgets/framework.dart:5705:5)
#727    StatefulElement._firstBuild (package:flutter/src/widgets/framework.dart:5875:11)
#728    ComponentElement.mount (package:flutter/src/widgets/framework.dart:5699:5)
#729    Element.inflateWidget (package:flutter/src/widgets/framework.dart:4548:16)
#730    Element.updateChild (package:flutter/src/widgets/framework.dart:4004:18)
#731    SingleChildRenderObjectElement.mount (package:flutter/src/widgets/framework.dart:7018:14)
#732    Element.inflateWidget (package:flutter/src/widgets/framework.dart:4548:16)
#733    Element.updateChild (package:flutter/src/widgets/framework.dart:4004:18)
#734    ComponentElement.performRebuild (package:flutter/src/widgets/framework.dart:5747:16)
#735    Element.rebuild (package:flutter/src/widgets/framework.dart:5435:7)
#736    ComponentElement._firstBuild (package:flutter/src/widgets/framework.dart:5705:5)
#737    ComponentElement.mount (package:flutter/src/widgets/framework.dart:5699:5)
#738    Element.inflateWidget (package:flutter/src/widgets/framework.dart:4548:16)
#739    Element.updateChild (package:flutter/src/widgets/framework.dart:4004:18)
#740    ComponentElement.performRebuild (package:flutter/src/widgets/framework.dart:5747:16)
#741    StatefulElement.performRebuild (package:flutter/src/widgets/framework.dart:5884:11)
#742    Element.rebuild (package:flutter/src/widgets/framework.dart:5435:7)
#743    ComponentElement._firstBuild (package:flutter/src/widgets/framework.dart:5705:5)
#744    StatefulElement._firstBuild (package:flutter/src/widgets/framework.dart:5875:11)
#745    ComponentElement.mount (package:flutter/src/widgets/framework.dart:5699:5)
#746    Element.inflateWidget (package:flutter/src/widgets/framework.dart:4548:16)
#747    Element.updateChild (package:flutter/src/widgets/framework.dart:4004:18)
#748    ComponentElement.performRebuild (package:flutter/src/widgets/framework.dart:5747:16)
#749    Element.rebuild (package:flutter/src/widgets/framework.dart:5435:7)
#750    ComponentElement._firstBuild (package:flutter/src/widgets/framework.dart:5705:5)
#751    ComponentElement.mount (package:flutter/src/widgets/framework.dart:5699:5)
#752    Element.inflateWidget (package:flutter/src/widgets/framework.dart:4548:16)
#753    Element.updateChild (package:flutter/src/widgets/framework.dart:4004:18)
#754    ComponentElement.performRebuild (package:flutter/src/widgets/framework.dart:5747:16)
#755    Element.rebuild (package:flutter/src/widgets/framework.dart:5435:7)
#756    ComponentElement._firstBuild (package:flutter/src/widgets/framework.dart:5705:5)
#757    ComponentElement.mount (package:flutter/src/widgets/framework.dart:5699:5)
#758    Element.inflateWidget (package:flutter/src/widgets/framework.dart:4548:16)
#759    Element.updateChild (package:flutter/src/widgets/framework.dart:4004:18)
#760    ComponentElement.performRebuild (package:flutter/src/widgets/framework.dart:5747:16)
#761    StatefulElement.performRebuild (package:flutter/src/widgets/framework.dart:5884:11)
#762    Element.rebuild (package:flutter/src/widgets/framework.dart:5435:7)
#763    ComponentElement._firstBuild (package:flutter/src/widgets/framework.dart:5705:5)
#764    StatefulElement._firstBuild (package:flutter/src/widgets/framework.dart:5875:11)
#765    ComponentElement.mount (package:flutter/src/widgets/framework.dart:5699:5)
#766    Element.inflateWidget (package:flutter/src/widgets/framework.dart:4548:16)
#767    Element.updateChild (package:flutter/src/widgets/framework.dart:4004:18)
#768    ComponentElement.performRebuild (package:flutter/src/widgets/framework.dart:5747:16)
#769    Element.rebuild (package:flutter/src/widgets/framework.dart:5435:7)
#770    ComponentElement._firstBuild (package:flutter/src/widgets/framework.dart:5705:5)
#771    ComponentElement.mount (package:flutter/src/widgets/framework.dart:5699:5)
#772    _UncontrolledProviderScopeElement.mount (package:flutter_riverpod/src/framework.dart:315:11)
#773    Element.inflateWidget (package:flutter/src/widgets/framework.dart:4548:16)
#774    Element.updateChild (package:flutter/src/widgets/framework.dart:4004:18)
#775    ComponentElement.performRebuild (package:flutter/src/widgets/framework.dart:5747:16)
#776    StatefulElement.performRebuild (package:flutter/src/widgets/framework.dart:5884:11)
#777    Element.rebuild (package:flutter/src/widgets/framework.dart:5435:7)
#778    ComponentElement._firstBuild (package:flutter/src/widgets/framework.dart:5705:5)
#779    StatefulElement._firstBuild (package:flutter/src/widgets/framework.dart:5875:11)
#780    ComponentElement.mount (package:flutter/src/widgets/framework.dart:5699:5)
#781    Element.inflateWidget (package:flutter/src/widgets/framework.dart:4548:16)
#782    Element.updateChild (package:flutter/src/widgets/framework.dart:3998:20)
#783    ComponentElement.performRebuild (package:flutter/src/widgets/framework.dart:5747:16)
#784    Element.rebuild (package:flutter/src/widgets/framework.dart:5435:7)
#785    ProxyElement.update (package:flutter/src/widgets/framework.dart:6051:5)
#786    _InheritedNotifierElement.update (package:flutter/src/widgets/inherited_notifier.dart:108:11)
#787    Element.updateChild (package:flutter/src/widgets/framework.dart:3982:15)
#788    ComponentElement.performRebuild (package:flutter/src/widgets/framework.dart:5747:16)
#789    StatefulElement.performRebuild (package:flutter/src/widgets/framework.dart:5884:11)
#790    Element.rebuild (package:flutter/src/widgets/framework.dart:5435:7)
#791    StatefulElement.update (package:flutter/src/widgets/framework.dart:5909:5)
#792    Element.updateChild (package:flutter/src/widgets/framework.dart:3982:15)
#793    ComponentElement.performRebuild (package:flutter/src/widgets/framework.dart:5747:16)
#794    Element.rebuild (package:flutter/src/widgets/framework.dart:5435:7)
#795    ProxyElement.update (package:flutter/src/widgets/framework.dart:6051:5)
#796    _InheritedNotifierElement.update (package:flutter/src/widgets/inherited_notifier.dart:108:11)
#797    Element.updateChild (package:flutter/src/widgets/framework.dart:3982:15)
#798    ComponentElement.performRebuild (package:flutter/src/widgets/framework.dart:5747:16)
#799    StatefulElement.performRebuild (package:flutter/src/widgets/framework.dart:5884:11)
#800    Element.rebuild (package:flutter/src/widgets/framework.dart:5435:7)
#801    StatefulElement.update (package:flutter/src/widgets/framework.dart:5909:5)
#802    Element.updateChild (package:flutter/src/widgets/framework.dart:3982:15)
#803    ComponentElement.performRebuild (package:flutter/src/widgets/framework.dart:5747:16)
#804    StatefulElement.performRebuild (package:flutter/src/widgets/framework.dart:5884:11)
#805    Element.rebuild (package:flutter/src/widgets/framework.dart:5435:7)
#806    StatefulElement.update (package:flutter/src/widgets/framework.dart:5909:5)
#807    Element.updateChild (package:flutter/src/widgets/framework.dart:3982:15)
#808    ComponentElement.performRebuild (package:flutter/src/widgets/framework.dart:5747:16)
#809    Element.rebuild (package:flutter/src/widgets/framework.dart:5435:7)
#810    ProxyElement.update (package:flutter/src/widgets/framework.dart:6051:5)
#811    Element.updateChild (package:flutter/src/widgets/framework.dart:3982:15)
#812    ComponentElement.performRebuild (package:flutter/src/widgets/framework.dart:5747:16)
#813    StatefulElement.performRebuild (package:flutter/src/widgets/framework.dart:5884:11)
#814    Element.rebuild (package:flutter/src/widgets/framework.dart:5435:7)
#815    StatefulElement.update (package:flutter/src/widgets/framework.dart:5909:5)
#816    Element.updateChild (package:flutter/src/widgets/framework.dart:3982:15)
#817    ComponentElement.performRebuild (package:flutter/src/widgets/framework.dart:5747:16)
#818    Element.rebuild (package:flutter/src/widgets/framework.dart:5435:7)
#819    ProxyElement.update (package:flutter/src/widgets/framework.dart:6051:5)
#820    Element.updateChild (package:flutter/src/widgets/framework.dart:3982:15)
#821    ComponentElement.performRebuild (package:flutter/src/widgets/framework.dart:5747:16)
#822    Element.rebuild (package:flutter/src/widgets/framework.dart:5435:7)
#823    ProxyElement.update (package:flutter/src/widgets/framework.dart:6051:5)
#824    Element.updateChild (package:flutter/src/widgets/framework.dart:3982:15)
#825    _RawViewElement._updateChild (package:flutter/src/widgets/view.dart:481:16)
#826    _RawViewElement.update (package:flutter/src/widgets/view.dart:568:5)
#827    Element.updateChild (package:flutter/src/widgets/framework.dart:3982:15)
#828    ComponentElement.performRebuild (package:flutter/src/widgets/framework.dart:5747:16)
#829    Element.rebuild (package:flutter/src/widgets/framework.dart:5435:7)
#830    StatelessElement.update (package:flutter/src/widgets/framework.dart:5797:5)
#831    Element.updateChild (package:flutter/src/widgets/framework.dart:3982:15)
#832    ComponentElement.performRebuild (package:flutter/src/widgets/framework.dart:5747:16)
#833    StatefulElement.performRebuild (package:flutter/src/widgets/framework.dart:5884:11)
#834    Element.rebuild (package:flutter/src/widgets/framework.dart:5435:7)
#835    StatefulElement.update (package:flutter/src/widgets/framework.dart:5909:5)
#836    Element.updateChild (package:flutter/src/widgets/framework.dart:3982:15)
#837    RootElement._rebuild (package:flutter/src/widgets/binding.dart:1716:16)
#838    RootElement.update (package:flutter/src/widgets/binding.dart:1694:5)
#839    RootElement.performRebuild (package:flutter/src/widgets/binding.dart:1708:7)
#840    Element.rebuild (package:flutter/src/widgets/framework.dart:5435:7)
#841    BuildScope._tryRebuild (package:flutter/src/widgets/framework.dart:2695:15)
#842    BuildScope._flushDirtyElements (package:flutter/src/widgets/framework.dart:2752:11)
#843    BuildOwner.buildScope (package:flutter/src/widgets/framework.dart:3056:18)
#844    AutomatedTestWidgetsFlutterBinding.drawFrame (package:flutter_test/src/binding.dart:1506:19)
#845    RendererBinding._handlePersistentFrameCallback (package:flutter/src/rendering/binding.dart:495:5)
#846    SchedulerBinding._invokeFrameCallback (package:flutter/src/scheduler/binding.dart:1434:15)
#847    SchedulerBinding.handleDrawFrame (package:flutter/src/scheduler/binding.dart:1347:9)
#848    AutomatedTestWidgetsFlutterBinding.pump.<anonymous closure> (package:flutter_test/src/binding.dart:1335:9)
#849    _rootRun (dart:async/zone.dart:1525:13)
#850    _CustomZone.run (dart:async/zone.dart:1422:19)
#851    TestAsyncUtils.guard (package:flutter_test/src/test_async_utils.dart:74:41)
#852    AutomatedTestWidgetsFlutterBinding.pump (package:flutter_test/src/binding.dart:1324:27)
#853    WidgetTester.pumpWidget.<anonymous closure> (package:flutter_test/src/widget_tester.dart:598:22)
#854    _rootRun (dart:async/zone.dart:1525:13)
#855    _CustomZone.run (dart:async/zone.dart:1422:19)
#856    TestAsyncUtils.guard (package:flutter_test/src/test_async_utils.dart:74:41)
#857    WidgetTester.pumpWidget (package:flutter_test/src/widget_tester.dart:595:27)
#858    main.<anonymous closure>.<anonymous closure> (file:///home/bootcamp/Proyectos-2026/Proyectos-Varios/Finanzas-Familiares-AS/test/presentation/screens/notification_settings_screen_test.dart:55:20)
#859    testWidgets.<anonymous closure>.<anonymous closure> (package:flutter_test/src/widget_tester.dart:192:29)
<asynchronous suspension>
#860    TestWidgetsFlutterBinding._runTestBody (package:flutter_test/src/binding.dart:1059:5)
<asynchronous suspension>
#861    StackZoneSpecification._registerCallback.<anonymous closure> (package:stack_trace/src/stack_zone_specification.dart:114:42)
<asynchronous suspension>
This warning will only appear on debug builds.
══╡ EXCEPTION CAUGHT BY FLUTTER TEST FRAMEWORK ╞════════════════════════════════════════════════════
The following TestFailure was thrown running a test:
Expected: exactly one matching candidate
  Actual: _TextContainingWidgetFinder:<Found 0 widgets with text containing Las notificaciones te
ayudan: []>
   Which: means none were found but one was expected

When the exception was thrown, this was the stack:
#4      main.<anonymous closure>.<anonymous closure> (file:///home/bootcamp/Proyectos-2026/Proyectos-Varios/Finanzas-Familiares-AS/test/presentation/screens/notification_settings_screen_test.dart:58:7)
<asynchronous suspension>
#5      testWidgets.<anonymous closure>.<anonymous closure> (package:flutter_test/src/widget_tester.dart:192:15)
<asynchronous suspension>
#6      TestWidgetsFlutterBinding._runTestBody (package:flutter_test/src/binding.dart:1059:5)
<asynchronous suspension>
<asynchronous suspension>
(elided one frame from package:stack_trace)

This was caught by the test expectation on the following line:
  file:///home/bootcamp/Proyectos-2026/Proyectos-Varios/Finanzas-Familiares-AS/test/presentation/screens/notification_settings_screen_test.dart line 58
The test description was:
  muestra información explicativa
════════════════════════════════════════════════════════════════════════════════════════════════════
00:23 +883 -5: /home/bootcamp/Proyectos-2026/Proyectos-Varios/Finanzas-Familiares-AS/test/presentation/screens/notification_settings_screen_test.dart: NotificationSettingsScreen muestra información explicativa [E]
  Test failed. See exception logs above.
  The test description was: muestra información explicativa
  

To run this test again: /home/bootcamp/flutter/bin/cache/dart-sdk/bin/dart test /home/bootcamp/Proyectos-2026/Proyectos-Varios/Finanzas-Familiares-AS/test/presentation/screens/notification_settings_screen_test.dart -p vm --plain-name 'NotificationSettingsScreen muestra información explicativa'
00:23 +883 -5: /home/bootcamp/Proyectos-2026/Proyectos-Varios/Finanzas-Familiares-AS/test/presentation/screens/notification_settings_screen_test.dart: NotificationSettingsScreen muestra switches para cada opción
WARNING (drift): It looks like you've created the database class AppDatabase multiple times. When these two databases use the same QueryExecutor, race conditions will occur and might corrupt the database. 
Try to follow the advice at https://drift.simonbinder.eu/faq/#using-the-database or, if you know what you're doing, set driftRuntimeOptions.dontWarnAboutMultipleDatabases = true
Here is the stacktrace from when the database was opened a second time:
#0      GeneratedDatabase._handleInstantiated (package:drift/src/runtime/api/db_base.dart:96:30)
#1      GeneratedDatabase._whenConstructed (package:drift/src/runtime/api/db_base.dart:73:12)
#2      new GeneratedDatabase (package:drift/src/runtime/api/db_base.dart:64:5)
#3      new _$AppDatabase (package:finanzas_familiares/data/local/database.g.dart:14435:36)
#4      new AppDatabase (package:finanzas_familiares/data/local/database.dart:56:19)
#5      appDatabase (package:finanzas_familiares/application/providers/user_settings_provider.dart:49:10)
#6      Provider._create (package:riverpod/src/provider/base.dart:59:57)
#7      ProviderElement.create (package:riverpod/src/provider/base.dart:345:23)
#8      ProviderElementBase.buildState (package:riverpod/src/framework/element.dart:426:7)
#9      ProviderElementBase.mount (package:riverpod/src/framework/element.dart:228:5)
#10     _StateReader._create (package:riverpod/src/framework/container.dart:47:11)
#11     _StateReader.getElement (package:riverpod/src/framework/container.dart:35:52)
#12     ProviderContainer.readProviderElement (package:riverpod/src/framework/container.dart:479:19)
#13     ProviderElementBase._debugAssertCanDependOn.<anonymous closure> (package:riverpod/src/framework/element.dart:624:42)
#14     ProviderElementBase._debugAssertCanDependOn (package:riverpod/src/framework/element.dart:667:8)
#15     ProviderElementBase.watch (package:riverpod/src/framework/element.dart:714:12)
#16     userSettingsRepository (package:finanzas_familiares/application/providers/user_settings_provider.dart:15:24)
#17     Provider._create (package:riverpod/src/provider/base.dart:59:57)
#18     ProviderElement.create (package:riverpod/src/provider/base.dart:345:23)
#19     ProviderElementBase.buildState (package:riverpod/src/framework/element.dart:426:7)
#20     ProviderElementBase.mount (package:riverpod/src/framework/element.dart:228:5)
#21     _StateReader._create (package:riverpod/src/framework/container.dart:47:11)
#22     _StateReader.getElement (package:riverpod/src/framework/container.dart:35:52)
#23     ProviderContainer.readProviderElement (package:riverpod/src/framework/container.dart:479:19)
#24     ProviderElementBase._debugAssertCanDependOn.<anonymous closure> (package:riverpod/src/framework/element.dart:624:42)
#25     ProviderElementBase._debugAssertCanDependOn (package:riverpod/src/framework/element.dart:667:8)
#26     ProviderElementBase.watch (package:riverpod/src/framework/element.dart:714:12)
#27     userSettings (package:finanzas_familiares/application/providers/user_settings_provider.dart:29:26)
#28     StreamProvider._create (package:riverpod/src/stream_provider/base.dart:125:63)
#29     StreamProviderElement.create.<anonymous closure> (package:riverpod/src/stream_provider/base.dart:172:25)
#30     FutureHandlerProviderElementMixin.handleStream.<anonymous closure> (package:riverpod/src/async_notifier/base.dart:309:31)
#31     FutureHandlerProviderElementMixin._handleAsync (package:riverpod/src/async_notifier/base.dart:388:47)
#32     FutureHandlerProviderElementMixin.handleStream (package:riverpod/src/async_notifier/base.dart:303:5)
#33     StreamProviderElement.create (package:riverpod/src/stream_provider/base.dart:169:5)
#34     ProviderElementBase.buildState (package:riverpod/src/framework/element.dart:426:7)
#35     ProviderElementBase.mount (package:riverpod/src/framework/element.dart:228:5)
#36     _StateReader._create (package:riverpod/src/framework/container.dart:47:11)
#37     _StateReader.getElement (package:riverpod/src/framework/container.dart:35:52)
#38     ProviderContainer.readProviderElement (package:riverpod/src/framework/container.dart:479:19)
#39     ProviderElementBase._debugAssertCanDependOn.<anonymous closure> (package:riverpod/src/framework/element.dart:624:42)
#40     ProviderElementBase._debugAssertCanDependOn (package:riverpod/src/framework/element.dart:667:8)
#41     ProviderElementBase.listen (package:riverpod/src/framework/element.dart:761:12)
#42     NotificationSettingsNotifier.build (package:finanzas_familiares/application/providers/notification_provider.dart:56:9)
#43     AutoDisposeAsyncNotifierProviderImpl.runNotifierBuild (package:riverpod/src/async_notifier/auto_dispose.dart:101:54)
#44     AsyncNotifierProviderElement.create.<anonymous closure>.<anonymous closure> (package:riverpod/src/async_notifier/base.dart:547:26)
#45     FutureHandlerProviderElementMixin.handleFuture.<anonymous closure> (package:riverpod/src/async_notifier/base.dart:341:30)
#46     FutureHandlerProviderElementMixin._handleAsync (package:riverpod/src/async_notifier/base.dart:388:47)
#47     FutureHandlerProviderElementMixin.handleFuture (package:riverpod/src/async_notifier/base.dart:335:5)
#48     AsyncNotifierProviderElement.create.<anonymous closure> (package:riverpod/src/async_notifier/base.dart:546:9)
#49     ResultData.when (package:riverpod/src/result.dart:82:16)
#50     AsyncNotifierProviderElement.create (package:riverpod/src/async_notifier/base.dart:541:20)
#51     ProviderElementBase.buildState (package:riverpod/src/framework/element.dart:426:7)
#52     ProviderElementBase.mount (package:riverpod/src/framework/element.dart:228:5)
#53     _StateReader._create (package:riverpod/src/framework/container.dart:47:11)
#54     _StateReader.getElement (package:riverpod/src/framework/container.dart:35:52)
#55     ProviderContainer.readProviderElement.<anonymous closure> (package:riverpod/src/framework/container.dart:440:40)
#56     ProviderContainer.readProviderElement (package:riverpod/src/framework/container.dart:475:8)
#57     ProviderBase.addListener (package:riverpod/src/framework/provider_base.dart:79:26)
#58     ProviderContainer.listen (package:riverpod/src/framework/container.dart:280:21)
#59     ConsumerStatefulElement.watch.<anonymous closure> (package:flutter_riverpod/src/consumer.dart:564:25)
#60     _LinkedHashMapMixin.putIfAbsent (dart:_compact_hash:674:23)
#61     ConsumerStatefulElement.watch (package:flutter_riverpod/src/consumer.dart:557:26)
#62     NotificationSettingsScreen.build (package:finanzas_familiares/presentation/screens/notification_settings_screen.dart:12:31)
#63     _ConsumerState.build (package:flutter_riverpod/src/consumer.dart:476:19)
#64     StatefulElement.build (package:flutter/src/widgets/framework.dart:5833:27)
#65     ConsumerStatefulElement.build (package:flutter_riverpod/src/consumer.dart:539:20)
#66     ComponentElement.performRebuild (package:flutter/src/widgets/framework.dart:5723:15)
#67     StatefulElement.performRebuild (package:flutter/src/widgets/framework.dart:5884:11)
#68     Element.rebuild (package:flutter/src/widgets/framework.dart:5435:7)
#69     ComponentElement._firstBuild (package:flutter/src/widgets/framework.dart:5705:5)
#70     StatefulElement._firstBuild (package:flutter/src/widgets/framework.dart:5875:11)
#71     ComponentElement.mount (package:flutter/src/widgets/framework.dart:5699:5)
#72     Element.inflateWidget (package:flutter/src/widgets/framework.dart:4548:16)
#73     Element.updateChild (package:flutter/src/widgets/framework.dart:4004:18)
#74     SingleChildRenderObjectElement.mount (package:flutter/src/widgets/framework.dart:7018:14)
#75     Element.inflateWidget (package:flutter/src/widgets/framework.dart:4548:16)
#76     Element.updateChild (package:flutter/src/widgets/framework.dart:4004:18)
#77     ComponentElement.performRebuild (package:flutter/src/widgets/framework.dart:5747:16)
#78     Element.rebuild (package:flutter/src/widgets/framework.dart:5435:7)
#79     ComponentElement._firstBuild (package:flutter/src/widgets/framework.dart:5705:5)
#80     ComponentElement.mount (package:flutter/src/widgets/framework.dart:5699:5)
#81     Element.inflateWidget (package:flutter/src/widgets/framework.dart:4548:16)
#82     Element.updateChild (package:flutter/src/widgets/framework.dart:4004:18)
#83     SingleChildRenderObjectElement.mount (package:flutter/src/widgets/framework.dart:7018:14)
#84     Element.inflateWidget (package:flutter/src/widgets/framework.dart:4548:16)
#85     Element.updateChild (package:flutter/src/widgets/framework.dart:4004:18)
#86     SingleChildRenderObjectElement.mount (package:flutter/src/widgets/framework.dart:7018:14)
#87     Element.inflateWidget (package:flutter/src/widgets/framework.dart:4548:16)
#88     Element.updateChild (package:flutter/src/widgets/framework.dart:4004:18)
#89     ComponentElement.performRebuild (package:flutter/src/widgets/framework.dart:5747:16)
#90     StatefulElement.performRebuild (package:flutter/src/widgets/framework.dart:5884:11)
#91     Element.rebuild (package:flutter/src/widgets/framework.dart:5435:7)
#92     ComponentElement._firstBuild (package:flutter/src/widgets/framework.dart:5705:5)
#93     StatefulElement._firstBuild (package:flutter/src/widgets/framework.dart:5875:11)
#94     ComponentElement.mount (package:flutter/src/widgets/framework.dart:5699:5)
#95     Element.inflateWidget (package:flutter/src/widgets/framework.dart:4548:16)
#96     Element.updateChild (package:flutter/src/widgets/framework.dart:4004:18)
#97     SingleChildRenderObjectElement.mount (package:flutter/src/widgets/framework.dart:7018:14)
#98     Element.inflateWidget (package:flutter/src/widgets/framework.dart:4548:16)
#99     Element.updateChild (package:flutter/src/widgets/framework.dart:4004:18)
#100    ComponentElement.performRebuild (package:flutter/src/widgets/framework.dart:5747:16)
#101    StatefulElement.performRebuild (package:flutter/src/widgets/framework.dart:5884:11)
#102    Element.rebuild (package:flutter/src/widgets/framework.dart:5435:7)
#103    ComponentElement._firstBuild (package:flutter/src/widgets/framework.dart:5705:5)
#104    StatefulElement._firstBuild (package:flutter/src/widgets/framework.dart:5875:11)
#105    ComponentElement.mount (package:flutter/src/widgets/framework.dart:5699:5)
#106    Element.inflateWidget (package:flutter/src/widgets/framework.dart:4548:16)
#107    Element.updateChild (package:flutter/src/widgets/framework.dart:4004:18)
#108    SingleChildRenderObjectElement.mount (package:flutter/src/widgets/framework.dart:7018:14)
#109    Element.inflateWidget (package:flutter/src/widgets/framework.dart:4548:16)
#110    Element.updateChild (package:flutter/src/widgets/framework.dart:4004:18)
#111    ComponentElement.performRebuild (package:flutter/src/widgets/framework.dart:5747:16)
#112    StatefulElement.performRebuild (package:flutter/src/widgets/framework.dart:5884:11)
#113    Element.rebuild (package:flutter/src/widgets/framework.dart:5435:7)
#114    ComponentElement._firstBuild (package:flutter/src/widgets/framework.dart:5705:5)
#115    StatefulElement._firstBuild (package:flutter/src/widgets/framework.dart:5875:11)
#116    ComponentElement.mount (package:flutter/src/widgets/framework.dart:5699:5)
#117    Element.inflateWidget (package:flutter/src/widgets/framework.dart:4548:16)
#118    Element.updateChild (package:flutter/src/widgets/framework.dart:4004:18)
#119    ComponentElement.performRebuild (package:flutter/src/widgets/framework.dart:5747:16)
#120    StatefulElement.performRebuild (package:flutter/src/widgets/framework.dart:5884:11)
#121    Element.rebuild (package:flutter/src/widgets/framework.dart:5435:7)
#122    ComponentElement._firstBuild (package:flutter/src/widgets/framework.dart:5705:5)
#123    StatefulElement._firstBuild (package:flutter/src/widgets/framework.dart:5875:11)
#124    ComponentElement.mount (package:flutter/src/widgets/framework.dart:5699:5)
#125    Element.inflateWidget (package:flutter/src/widgets/framework.dart:4548:16)
#126    Element.updateChild (package:flutter/src/widgets/framework.dart:4004:18)
#127    SingleChildRenderObjectElement.mount (package:flutter/src/widgets/framework.dart:7018:14)
#128    Element.inflateWidget (package:flutter/src/widgets/framework.dart:4548:16)
#129    Element.updateChild (package:flutter/src/widgets/framework.dart:4004:18)
#130    ComponentElement.performRebuild (package:flutter/src/widgets/framework.dart:5747:16)
#131    StatefulElement.performRebuild (package:flutter/src/widgets/framework.dart:5884:11)
#132    Element.rebuild (package:flutter/src/widgets/framework.dart:5435:7)
#133    ComponentElement._firstBuild (package:flutter/src/widgets/framework.dart:5705:5)
#134    StatefulElement._firstBuild (package:flutter/src/widgets/framework.dart:5875:11)
#135    ComponentElement.mount (package:flutter/src/widgets/framework.dart:5699:5)
#136    Element.inflateWidget (package:flutter/src/widgets/framework.dart:4548:16)
#137    Element.updateChild (package:flutter/src/widgets/framework.dart:4004:18)
#138    SingleChildRenderObjectElement.mount (package:flutter/src/widgets/framework.dart:7018:14)
#139    Element.inflateWidget (package:flutter/src/widgets/framework.dart:4548:16)
#140    Element.updateChild (package:flutter/src/widgets/framework.dart:4004:18)
#141    ComponentElement.performRebuild (package:flutter/src/widgets/framework.dart:5747:16)
#142    StatefulElement.performRebuild (package:flutter/src/widgets/framework.dart:5884:11)
#143    Element.rebuild (package:flutter/src/widgets/framework.dart:5435:7)
#144    ComponentElement._firstBuild (package:flutter/src/widgets/framework.dart:5705:5)
#145    StatefulElement._firstBuild (package:flutter/src/widgets/framework.dart:5875:11)
#146    ComponentElement.mount (package:flutter/src/widgets/framework.dart:5699:5)
#147    Element.inflateWidget (package:flutter/src/widgets/framework.dart:4548:16)
#148    Element.updateChild (package:flutter/src/widgets/framework.dart:4004:18)
#149    ComponentElement.performRebuild (package:flutter/src/widgets/framework.dart:5747:16)
#150    StatefulElement.performRebuild (package:flutter/src/widgets/framework.dart:5884:11)
#151    Element.rebuild (package:flutter/src/widgets/framework.dart:5435:7)
#152    ComponentElement._firstBuild (package:flutter/src/widgets/framework.dart:5705:5)
#153    StatefulElement._firstBuild (package:flutter/src/widgets/framework.dart:5875:11)
#154    ComponentElement.mount (package:flutter/src/widgets/framework.dart:5699:5)
#155    Element.inflateWidget (package:flutter/src/widgets/framework.dart:4548:16)
#156    Element.updateChild (package:flutter/src/widgets/framework.dart:4004:18)
#157    ComponentElement.performRebuild (package:flutter/src/widgets/framework.dart:5747:16)
#158    Element.rebuild (package:flutter/src/widgets/framework.dart:5435:7)
#159    ComponentElement._firstBuild (package:flutter/src/widgets/framework.dart:5705:5)
#160    ComponentElement.mount (package:flutter/src/widgets/framework.dart:5699:5)
#161    Element.inflateWidget (package:flutter/src/widgets/framework.dart:4548:16)
#162    Element.updateChild (package:flutter/src/widgets/framework.dart:4004:18)
#163    ComponentElement.performRebuild (package:flutter/src/widgets/framework.dart:5747:16)
#164    StatefulElement.performRebuild (package:flutter/src/widgets/framework.dart:5884:11)
#165    Element.rebuild (package:flutter/src/widgets/framework.dart:5435:7)
#166    ComponentElement._firstBuild (package:flutter/src/widgets/framework.dart:5705:5)
#167    StatefulElement._firstBuild (package:flutter/src/widgets/framework.dart:5875:11)
#168    ComponentElement.mount (package:flutter/src/widgets/framework.dart:5699:5)
#169    Element.inflateWidget (package:flutter/src/widgets/framework.dart:4548:16)
#170    Element.updateChild (package:flutter/src/widgets/framework.dart:4004:18)
#171    ComponentElement.performRebuild (package:flutter/src/widgets/framework.dart:5747:16)
#172    StatefulElement.performRebuild (package:flutter/src/widgets/framework.dart:5884:11)
#173    Element.rebuild (package:flutter/src/widgets/framework.dart:5435:7)
#174    ComponentElement._firstBuild (package:flutter/src/widgets/framework.dart:5705:5)
#175    StatefulElement._firstBuild (package:flutter/src/widgets/framework.dart:5875:11)
#176    ComponentElement.mount (package:flutter/src/widgets/framework.dart:5699:5)
#177    Element.inflateWidget (package:flutter/src/widgets/framework.dart:4548:16)
#178    Element.updateChild (package:flutter/src/widgets/framework.dart:4004:18)
#179    SingleChildRenderObjectElement.mount (package:flutter/src/widgets/framework.dart:7018:14)
#180    Element.inflateWidget (package:flutter/src/widgets/framework.dart:4548:16)
#181    Element.updateChild (package:flutter/src/widgets/framework.dart:4004:18)
#182    ComponentElement.performRebuild (package:flutter/src/widgets/framework.dart:5747:16)
#183    Element.rebuild (package:flutter/src/widgets/framework.dart:5435:7)
#184    ComponentElement._firstBuild (package:flutter/src/widgets/framework.dart:5705:5)
#185    ComponentElement.mount (package:flutter/src/widgets/framework.dart:5699:5)
#186    Element.inflateWidget (package:flutter/src/widgets/framework.dart:4548:16)
#187    Element.updateChild (package:flutter/src/widgets/framework.dart:4004:18)
#188    SingleChildRenderObjectElement.mount (package:flutter/src/widgets/framework.dart:7018:14)
#189    Element.inflateWidget (package:flutter/src/widgets/framework.dart:4548:16)
#190    Element.updateChild (package:flutter/src/widgets/framework.dart:4004:18)
#191    ComponentElement.performRebuild (package:flutter/src/widgets/framework.dart:5747:16)
#192    StatefulElement.performRebuild (package:flutter/src/widgets/framework.dart:5884:11)
#193    Element.rebuild (package:flutter/src/widgets/framework.dart:5435:7)
#194    ComponentElement._firstBuild (package:flutter/src/widgets/framework.dart:5705:5)
#195    StatefulElement._firstBuild (package:flutter/src/widgets/framework.dart:5875:11)
#196    ComponentElement.mount (package:flutter/src/widgets/framework.dart:5699:5)
#197    Element.inflateWidget (package:flutter/src/widgets/framework.dart:4548:16)
#198    Element.updateChild (package:flutter/src/widgets/framework.dart:4004:18)
#199    ComponentElement.performRebuild (package:flutter/src/widgets/framework.dart:5747:16)
#200    Element.rebuild (package:flutter/src/widgets/framework.dart:5435:7)
#201    ComponentElement._firstBuild (package:flutter/src/widgets/framework.dart:5705:5)
#202    ComponentElement.mount (package:flutter/src/widgets/framework.dart:5699:5)
#203    Element.inflateWidget (package:flutter/src/widgets/framework.dart:4548:16)
#204    Element.updateChild (package:flutter/src/widgets/framework.dart:4004:18)
#205    ComponentElement.performRebuild (package:flutter/src/widgets/framework.dart:5747:16)
#206    Element.rebuild (package:flutter/src/widgets/framework.dart:5435:7)
#207    ComponentElement._firstBuild (package:flutter/src/widgets/framework.dart:5705:5)
#208    ComponentElement.mount (package:flutter/src/widgets/framework.dart:5699:5)
#209    Element.inflateWidget (package:flutter/src/widgets/framework.dart:4548:16)
#210    Element.updateChild (package:flutter/src/widgets/framework.dart:4004:18)
#211    ComponentElement.performRebuild (package:flutter/src/widgets/framework.dart:5747:16)
#212    StatefulElement.performRebuild (package:flutter/src/widgets/framework.dart:5884:11)
#213    Element.rebuild (package:flutter/src/widgets/framework.dart:5435:7)
#214    ComponentElement._firstBuild (package:flutter/src/widgets/framework.dart:5705:5)
#215    StatefulElement._firstBuild (package:flutter/src/widgets/framework.dart:5875:11)
#216    ComponentElement.mount (package:flutter/src/widgets/framework.dart:5699:5)
#217    Element.inflateWidget (package:flutter/src/widgets/framework.dart:4548:16)
#218    Element.updateChild (package:flutter/src/widgets/framework.dart:4004:18)
#219    ComponentElement.performRebuild (package:flutter/src/widgets/framework.dart:5747:16)
#220    Element.rebuild (package:flutter/src/widgets/framework.dart:5435:7)
#221    ComponentElement._firstBuild (package:flutter/src/widgets/framework.dart:5705:5)
#222    ComponentElement.mount (package:flutter/src/widgets/framework.dart:5699:5)
#223    Element.inflateWidget (package:flutter/src/widgets/framework.dart:4548:16)
#224    Element.updateChild (package:flutter/src/widgets/framework.dart:4004:18)
#225    ComponentElement.performRebuild (package:flutter/src/widgets/framework.dart:5747:16)
#226    Element.rebuild (package:flutter/src/widgets/framework.dart:5435:7)
#227    ComponentElement._firstBuild (package:flutter/src/widgets/framework.dart:5705:5)
#228    ComponentElement.mount (package:flutter/src/widgets/framework.dart:5699:5)
#229    Element.inflateWidget (package:flutter/src/widgets/framework.dart:4548:16)
#230    Element.updateChild (package:flutter/src/widgets/framework.dart:4004:18)
#231    SingleChildRenderObjectElement.mount (package:flutter/src/widgets/framework.dart:7018:14)
#232    Element.inflateWidget (package:flutter/src/widgets/framework.dart:4548:16)
#233    Element.updateChild (package:flutter/src/widgets/framework.dart:4004:18)
#234    ComponentElement.performRebuild (package:flutter/src/widgets/framework.dart:5747:16)
#235    Element.rebuild (package:flutter/src/widgets/framework.dart:5435:7)
#236    ComponentElement._firstBuild (package:flutter/src/widgets/framework.dart:5705:5)
#237    ComponentElement.mount (package:flutter/src/widgets/framework.dart:5699:5)
#238    Element.inflateWidget (package:flutter/src/widgets/framework.dart:4548:16)
#239    Element.updateChild (package:flutter/src/widgets/framework.dart:4004:18)
#240    ComponentElement.performRebuild (package:flutter/src/widgets/framework.dart:5747:16)
#241    Element.rebuild (package:flutter/src/widgets/framework.dart:5435:7)
#242    ComponentElement._firstBuild (package:flutter/src/widgets/framework.dart:5705:5)
#243    ComponentElement.mount (package:flutter/src/widgets/framework.dart:5699:5)
#244    Element.inflateWidget (package:flutter/src/widgets/framework.dart:4548:16)
#245    Element.updateChild (package:flutter/src/widgets/framework.dart:4004:18)
#246    ComponentElement.performRebuild (package:flutter/src/widgets/framework.dart:5747:16)
#247    StatefulElement.performRebuild (package:flutter/src/widgets/framework.dart:5884:11)
#248    Element.rebuild (package:flutter/src/widgets/framework.dart:5435:7)
#249    ComponentElement._firstBuild (package:flutter/src/widgets/framework.dart:5705:5)
#250    StatefulElement._firstBuild (package:flutter/src/widgets/framework.dart:5875:11)
#251    ComponentElement.mount (package:flutter/src/widgets/framework.dart:5699:5)
#252    Element.inflateWidget (package:flutter/src/widgets/framework.dart:4548:16)
#253    Element.updateChild (package:flutter/src/widgets/framework.dart:4004:18)
#254    ComponentElement.performRebuild (package:flutter/src/widgets/framework.dart:5747:16)
#255    StatefulElement.performRebuild (package:flutter/src/widgets/framework.dart:5884:11)
#256    Element.rebuild (package:flutter/src/widgets/framework.dart:5435:7)
#257    ComponentElement._firstBuild (package:flutter/src/widgets/framework.dart:5705:5)
#258    StatefulElement._firstBuild (package:flutter/src/widgets/framework.dart:5875:11)
#259    ComponentElement.mount (package:flutter/src/widgets/framework.dart:5699:5)
#260    Element.inflateWidget (package:flutter/src/widgets/framework.dart:4548:16)
#261    Element.updateChild (package:flutter/src/widgets/framework.dart:4004:18)
#262    ComponentElement.performRebuild (package:flutter/src/widgets/framework.dart:5747:16)
#263    StatefulElement.performRebuild (package:flutter/src/widgets/framework.dart:5884:11)
#264    Element.rebuild (package:flutter/src/widgets/framework.dart:5435:7)
#265    ComponentElement._firstBuild (package:flutter/src/widgets/framework.dart:5705:5)
#266    StatefulElement._firstBuild (package:flutter/src/widgets/framework.dart:5875:11)
#267    ComponentElement.mount (package:flutter/src/widgets/framework.dart:5699:5)
#268    Element.inflateWidget (package:flutter/src/widgets/framework.dart:4548:16)
#269    Element.updateChild (package:flutter/src/widgets/framework.dart:4004:18)
#270    SingleChildRenderObjectElement.mount (package:flutter/src/widgets/framework.dart:7018:14)
#271    Element.inflateWidget (package:flutter/src/widgets/framework.dart:4548:16)
#272    Element.updateChild (package:flutter/src/widgets/framework.dart:4004:18)
#273    ComponentElement.performRebuild (package:flutter/src/widgets/framework.dart:5747:16)
#274    Element.rebuild (package:flutter/src/widgets/framework.dart:5435:7)
#275    ComponentElement._firstBuild (package:flutter/src/widgets/framework.dart:5705:5)
#276    ComponentElement.mount (package:flutter/src/widgets/framework.dart:5699:5)
#277    Element.inflateWidget (package:flutter/src/widgets/framework.dart:4548:16)
#278    Element.updateChild (package:flutter/src/widgets/framework.dart:4004:18)
#279    ComponentElement.performRebuild (package:flutter/src/widgets/framework.dart:5747:16)
#280    Element.rebuild (package:flutter/src/widgets/framework.dart:5435:7)
#281    ComponentElement._firstBuild (package:flutter/src/widgets/framework.dart:5705:5)
#282    ComponentElement.mount (package:flutter/src/widgets/framework.dart:5699:5)
#283    Element.inflateWidget (package:flutter/src/widgets/framework.dart:4548:16)
#284    Element.updateChild (package:flutter/src/widgets/framework.dart:4004:18)
#285    ComponentElement.performRebuild (package:flutter/src/widgets/framework.dart:5747:16)
#286    StatefulElement.performRebuild (package:flutter/src/widgets/framework.dart:5884:11)
#287    Element.rebuild (package:flutter/src/widgets/framework.dart:5435:7)
#288    ComponentElement._firstBuild (package:flutter/src/widgets/framework.dart:5705:5)
#289    StatefulElement._firstBuild (package:flutter/src/widgets/framework.dart:5875:11)
#290    ComponentElement.mount (package:flutter/src/widgets/framework.dart:5699:5)
#291    Element.inflateWidget (package:flutter/src/widgets/framework.dart:4548:16)
#292    Element.updateChild (package:flutter/src/widgets/framework.dart:4004:18)
#293    ComponentElement.performRebuild (package:flutter/src/widgets/framework.dart:5747:16)
#294    StatefulElement.performRebuild (package:flutter/src/widgets/framework.dart:5884:11)
#295    Element.rebuild (package:flutter/src/widgets/framework.dart:5435:7)
#296    ComponentElement._firstBuild (package:flutter/src/widgets/framework.dart:5705:5)
#297    StatefulElement._firstBuild (package:flutter/src/widgets/framework.dart:5875:11)
#298    ComponentElement.mount (package:flutter/src/widgets/framework.dart:5699:5)
#299    Element.inflateWidget (package:flutter/src/widgets/framework.dart:4548:16)
#300    MultiChildRenderObjectElement.inflateWidget (package:flutter/src/widgets/framework.dart:7169:36)
#301    MultiChildRenderObjectElement.mount (package:flutter/src/widgets/framework.dart:7185:32)
#302    Element.inflateWidget (package:flutter/src/widgets/framework.dart:4548:16)
#303    Element.updateChild (package:flutter/src/widgets/framework.dart:4004:18)
#304    ComponentElement.performRebuild (package:flutter/src/widgets/framework.dart:5747:16)
#305    StatefulElement.performRebuild (package:flutter/src/widgets/framework.dart:5884:11)
#306    Element.rebuild (package:flutter/src/widgets/framework.dart:5435:7)
#307    ComponentElement._firstBuild (package:flutter/src/widgets/framework.dart:5705:5)
#308    StatefulElement._firstBuild (package:flutter/src/widgets/framework.dart:5875:11)
#309    ComponentElement.mount (package:flutter/src/widgets/framework.dart:5699:5)
#310    Element.inflateWidget (package:flutter/src/widgets/framework.dart:4548:16)
#311    Element.updateChild (package:flutter/src/widgets/framework.dart:4004:18)
#312    ComponentElement.performRebuild (package:flutter/src/widgets/framework.dart:5747:16)
#313    Element.rebuild (package:flutter/src/widgets/framework.dart:5435:7)
#314    ComponentElement._firstBuild (package:flutter/src/widgets/framework.dart:5705:5)
#315    ComponentElement.mount (package:flutter/src/widgets/framework.dart:5699:5)
#316    Element.inflateWidget (package:flutter/src/widgets/framework.dart:4548:16)
#317    Element.updateChild (package:flutter/src/widgets/framework.dart:4004:18)
#318    ComponentElement.performRebuild (package:flutter/src/widgets/framework.dart:5747:16)
#319    Element.rebuild (package:flutter/src/widgets/framework.dart:5435:7)
#320    ComponentElement._firstBuild (package:flutter/src/widgets/framework.dart:5705:5)
#321    ComponentElement.mount (package:flutter/src/widgets/framework.dart:5699:5)
#322    Element.inflateWidget (package:flutter/src/widgets/framework.dart:4548:16)
#323    Element.updateChild (package:flutter/src/widgets/framework.dart:4004:18)
#324    ComponentElement.performRebuild (package:flutter/src/widgets/framework.dart:5747:16)
#325    StatefulElement.performRebuild (package:flutter/src/widgets/framework.dart:5884:11)
#326    Element.rebuild (package:flutter/src/widgets/framework.dart:5435:7)
#327    ComponentElement._firstBuild (package:flutter/src/widgets/framework.dart:5705:5)
#328    StatefulElement._firstBuild (package:flutter/src/widgets/framework.dart:5875:11)
#329    ComponentElement.mount (package:flutter/src/widgets/framework.dart:5699:5)
#330    Element.inflateWidget (package:flutter/src/widgets/framework.dart:4548:16)
#331    Element.updateChild (package:flutter/src/widgets/framework.dart:4004:18)
#332    ComponentElement.performRebuild (package:flutter/src/widgets/framework.dart:5747:16)
#333    Element.rebuild (package:flutter/src/widgets/framework.dart:5435:7)
#334    ComponentElement._firstBuild (package:flutter/src/widgets/framework.dart:5705:5)
#335    ComponentElement.mount (package:flutter/src/widgets/framework.dart:5699:5)
#336    Element.inflateWidget (package:flutter/src/widgets/framework.dart:4548:16)
#337    Element.updateChild (package:flutter/src/widgets/framework.dart:4004:18)
#338    ComponentElement.performRebuild (package:flutter/src/widgets/framework.dart:5747:16)
#339    StatefulElement.performRebuild (package:flutter/src/widgets/framework.dart:5884:11)
#340    Element.rebuild (package:flutter/src/widgets/framework.dart:5435:7)
#341    ComponentElement._firstBuild (package:flutter/src/widgets/framework.dart:5705:5)
#342    StatefulElement._firstBuild (package:flutter/src/widgets/framework.dart:5875:11)
#343    ComponentElement.mount (package:flutter/src/widgets/framework.dart:5699:5)
#344    Element.inflateWidget (package:flutter/src/widgets/framework.dart:4548:16)
#345    Element.updateChild (package:flutter/src/widgets/framework.dart:4004:18)
#346    ComponentElement.performRebuild (package:flutter/src/widgets/framework.dart:5747:16)
#347    StatefulElement.performRebuild (package:flutter/src/widgets/framework.dart:5884:11)
#348    Element.rebuild (package:flutter/src/widgets/framework.dart:5435:7)
#349    ComponentElement._firstBuild (package:flutter/src/widgets/framework.dart:5705:5)
#350    StatefulElement._firstBuild (package:flutter/src/widgets/framework.dart:5875:11)
#351    ComponentElement.mount (package:flutter/src/widgets/framework.dart:5699:5)
#352    Element.inflateWidget (package:flutter/src/widgets/framework.dart:4548:16)
#353    Element.updateChild (package:flutter/src/widgets/framework.dart:4004:18)
#354    SingleChildRenderObjectElement.mount (package:flutter/src/widgets/framework.dart:7018:14)
#355    Element.inflateWidget (package:flutter/src/widgets/framework.dart:4548:16)
#356    Element.updateChild (package:flutter/src/widgets/framework.dart:4004:18)
#357    SingleChildRenderObjectElement.mount (package:flutter/src/widgets/framework.dart:7018:14)
#358    Element.inflateWidget (package:flutter/src/widgets/framework.dart:4548:16)
#359    Element.updateChild (package:flutter/src/widgets/framework.dart:4004:18)
#360    ComponentElement.performRebuild (package:flutter/src/widgets/framework.dart:5747:16)
#361    Element.rebuild (package:flutter/src/widgets/framework.dart:5435:7)
#362    ComponentElement._firstBuild (package:flutter/src/widgets/framework.dart:5705:5)
#363    ComponentElement.mount (package:flutter/src/widgets/framework.dart:5699:5)
#364    Element.inflateWidget (package:flutter/src/widgets/framework.dart:4548:16)
#365    Element.updateChild (package:flutter/src/widgets/framework.dart:4004:18)
#366    ComponentElement.performRebuild (package:flutter/src/widgets/framework.dart:5747:16)
#367    Element.rebuild (package:flutter/src/widgets/framework.dart:5435:7)
#368    ComponentElement._firstBuild (package:flutter/src/widgets/framework.dart:5705:5)
#369    ComponentElement.mount (package:flutter/src/widgets/framework.dart:5699:5)
#370    Element.inflateWidget (package:flutter/src/widgets/framework.dart:4548:16)
#371    Element.updateChild (package:flutter/src/widgets/framework.dart:4004:18)
#372    ComponentElement.performRebuild (package:flutter/src/widgets/framework.dart:5747:16)
#373    StatefulElement.performRebuild (package:flutter/src/widgets/framework.dart:5884:11)
#374    Element.rebuild (package:flutter/src/widgets/framework.dart:5435:7)
#375    ComponentElement._firstBuild (package:flutter/src/widgets/framework.dart:5705:5)
#376    StatefulElement._firstBuild (package:flutter/src/widgets/framework.dart:5875:11)
#377    ComponentElement.mount (package:flutter/src/widgets/framework.dart:5699:5)
#378    Element.inflateWidget (package:flutter/src/widgets/framework.dart:4548:16)
#379    Element.updateChild (package:flutter/src/widgets/framework.dart:4004:18)
#380    ComponentElement.performRebuild (package:flutter/src/widgets/framework.dart:5747:16)
#381    Element.rebuild (package:flutter/src/widgets/framework.dart:5435:7)
#382    ComponentElement._firstBuild (package:flutter/src/widgets/framework.dart:5705:5)
#383    ComponentElement.mount (package:flutter/src/widgets/framework.dart:5699:5)
#384    Element.inflateWidget (package:flutter/src/widgets/framework.dart:4548:16)
#385    Element.updateChild (package:flutter/src/widgets/framework.dart:4004:18)
#386    SingleChildRenderObjectElement.mount (package:flutter/src/widgets/framework.dart:7018:14)
#387    Element.inflateWidget (package:flutter/src/widgets/framework.dart:4548:16)
#388    Element.updateChild (package:flutter/src/widgets/framework.dart:4004:18)
#389    ComponentElement.performRebuild (package:flutter/src/widgets/framework.dart:5747:16)
#390    StatefulElement.performRebuild (package:flutter/src/widgets/framework.dart:5884:11)
#391    Element.rebuild (package:flutter/src/widgets/framework.dart:5435:7)
#392    ComponentElement._firstBuild (package:flutter/src/widgets/framework.dart:5705:5)
#393    StatefulElement._firstBuild (package:flutter/src/widgets/framework.dart:5875:11)
#394    ComponentElement.mount (package:flutter/src/widgets/framework.dart:5699:5)
#395    Element.inflateWidget (package:flutter/src/widgets/framework.dart:4548:16)
#396    Element.updateChild (package:flutter/src/widgets/framework.dart:4004:18)
#397    ComponentElement.performRebuild (package:flutter/src/widgets/framework.dart:5747:16)
#398    Element.rebuild (package:flutter/src/widgets/framework.dart:5435:7)
#399    ComponentElement._firstBuild (package:flutter/src/widgets/framework.dart:5705:5)
#400    ComponentElement.mount (package:flutter/src/widgets/framework.dart:5699:5)
#401    Element.inflateWidget (package:flutter/src/widgets/framework.dart:4548:16)
#402    Element.updateChild (package:flutter/src/widgets/framework.dart:4004:18)
#403    ComponentElement.performRebuild (package:flutter/src/widgets/framework.dart:5747:16)
#404    Element.rebuild (package:flutter/src/widgets/framework.dart:5435:7)
#405    ComponentElement._firstBuild (package:flutter/src/widgets/framework.dart:5705:5)
#406    ComponentElement.mount (package:flutter/src/widgets/framework.dart:5699:5)
#407    Element.inflateWidget (package:flutter/src/widgets/framework.dart:4548:16)
#408    Element.updateChild (package:flutter/src/widgets/framework.dart:4004:18)
#409    ComponentElement.performRebuild (package:flutter/src/widgets/framework.dart:5747:16)
#410    StatefulElement.performRebuild (package:flutter/src/widgets/framework.dart:5884:11)
#411    Element.rebuild (package:flutter/src/widgets/framework.dart:5435:7)
#412    ComponentElement._firstBuild (package:flutter/src/widgets/framework.dart:5705:5)
#413    StatefulElement._firstBuild (package:flutter/src/widgets/framework.dart:5875:11)
#414    ComponentElement.mount (package:flutter/src/widgets/framework.dart:5699:5)
#415    Element.inflateWidget (package:flutter/src/widgets/framework.dart:4548:16)
#416    Element.updateChild (package:flutter/src/widgets/framework.dart:4004:18)
#417    ComponentElement.performRebuild (package:flutter/src/widgets/framework.dart:5747:16)
#418    Element.rebuild (package:flutter/src/widgets/framework.dart:5435:7)
#419    ComponentElement._firstBuild (package:flutter/src/widgets/framework.dart:5705:5)
#420    ComponentElement.mount (package:flutter/src/widgets/framework.dart:5699:5)
#421    Element.inflateWidget (package:flutter/src/widgets/framework.dart:4548:16)
#422    Element.updateChild (package:flutter/src/widgets/framework.dart:4004:18)
#423    ComponentElement.performRebuild (package:flutter/src/widgets/framework.dart:5747:16)
#424    Element.rebuild (package:flutter/src/widgets/framework.dart:5435:7)
#425    ComponentElement._firstBuild (package:flutter/src/widgets/framework.dart:5705:5)
#426    ComponentElement.mount (package:flutter/src/widgets/framework.dart:5699:5)
#427    Element.inflateWidget (package:flutter/src/widgets/framework.dart:4548:16)
#428    Element.updateChild (package:flutter/src/widgets/framework.dart:4004:18)
#429    ComponentElement.performRebuild (package:flutter/src/widgets/framework.dart:5747:16)
#430    Element.rebuild (package:flutter/src/widgets/framework.dart:5435:7)
#431    ComponentElement._firstBuild (package:flutter/src/widgets/framework.dart:5705:5)
#432    ComponentElement.mount (package:flutter/src/widgets/framework.dart:5699:5)
#433    Element.inflateWidget (package:flutter/src/widgets/framework.dart:4548:16)
#434    Element.updateChild (package:flutter/src/widgets/framework.dart:4004:18)
#435    ComponentElement.performRebuild (package:flutter/src/widgets/framework.dart:5747:16)
#436    Element.rebuild (package:flutter/src/widgets/framework.dart:5435:7)
#437    ComponentElement._firstBuild (package:flutter/src/widgets/framework.dart:5705:5)
#438    ComponentElement.mount (package:flutter/src/widgets/framework.dart:5699:5)
#439    Element.inflateWidget (package:flutter/src/widgets/framework.dart:4548:16)
#440    Element.updateChild (package:flutter/src/widgets/framework.dart:4004:18)
#441    ComponentElement.performRebuild (package:flutter/src/widgets/framework.dart:5747:16)
#442    Element.rebuild (package:flutter/src/widgets/framework.dart:5435:7)
#443    ComponentElement._firstBuild (package:flutter/src/widgets/framework.dart:5705:5)
#444    ComponentElement.mount (package:flutter/src/widgets/framework.dart:5699:5)
#445    Element.inflateWidget (package:flutter/src/widgets/framework.dart:4548:16)
#446    Element.updateChild (package:flutter/src/widgets/framework.dart:4004:18)
#447    ComponentElement.performRebuild (package:flutter/src/widgets/framework.dart:5747:16)
#448    Element.rebuild (package:flutter/src/widgets/framework.dart:5435:7)
#449    ComponentElement._firstBuild (package:flutter/src/widgets/framework.dart:5705:5)
#450    ComponentElement.mount (package:flutter/src/widgets/framework.dart:5699:5)
#451    Element.inflateWidget (package:flutter/src/widgets/framework.dart:4548:16)
#452    Element.updateChild (package:flutter/src/widgets/framework.dart:4004:18)
#453    ComponentElement.performRebuild (package:flutter/src/widgets/framework.dart:5747:16)
#454    Element.rebuild (package:flutter/src/widgets/framework.dart:5435:7)
#455    ComponentElement._firstBuild (package:flutter/src/widgets/framework.dart:5705:5)
#456    ComponentElement.mount (package:flutter/src/widgets/framework.dart:5699:5)
#457    Element.inflateWidget (package:flutter/src/widgets/framework.dart:4548:16)
#458    Element.updateChild (package:flutter/src/widgets/framework.dart:4004:18)
#459    ComponentElement.performRebuild (package:flutter/src/widgets/framework.dart:5747:16)
#460    StatefulElement.performRebuild (package:flutter/src/widgets/framework.dart:5884:11)
#461    Element.rebuild (package:flutter/src/widgets/framework.dart:5435:7)
#462    ComponentElement._firstBuild (package:flutter/src/widgets/framework.dart:5705:5)
#463    StatefulElement._firstBuild (package:flutter/src/widgets/framework.dart:5875:11)
#464    ComponentElement.mount (package:flutter/src/widgets/framework.dart:5699:5)
#465    Element.inflateWidget (package:flutter/src/widgets/framework.dart:4548:16)
#466    Element.updateChild (package:flutter/src/widgets/framework.dart:4004:18)
#467    ComponentElement.performRebuild (package:flutter/src/widgets/framework.dart:5747:16)
#468    Element.rebuild (package:flutter/src/widgets/framework.dart:5435:7)
#469    ComponentElement._firstBuild (package:flutter/src/widgets/framework.dart:5705:5)
#470    ComponentElement.mount (package:flutter/src/widgets/framework.dart:5699:5)
#471    Element.inflateWidget (package:flutter/src/widgets/framework.dart:4548:16)
#472    Element.updateChild (package:flutter/src/widgets/framework.dart:4004:18)
#473    ComponentElement.performRebuild (package:flutter/src/widgets/framework.dart:5747:16)
#474    Element.rebuild (package:flutter/src/widgets/framework.dart:5435:7)
#475    ComponentElement._firstBuild (package:flutter/src/widgets/framework.dart:5705:5)
#476    ComponentElement.mount (package:flutter/src/widgets/framework.dart:5699:5)
#477    Element.inflateWidget (package:flutter/src/widgets/framework.dart:4548:16)
#478    Element.updateChild (package:flutter/src/widgets/framework.dart:4004:18)
#479    ComponentElement.performRebuild (package:flutter/src/widgets/framework.dart:5747:16)
#480    StatefulElement.performRebuild (package:flutter/src/widgets/framework.dart:5884:11)
#481    Element.rebuild (package:flutter/src/widgets/framework.dart:5435:7)
#482    ComponentElement._firstBuild (package:flutter/src/widgets/framework.dart:5705:5)
#483    StatefulElement._firstBuild (package:flutter/src/widgets/framework.dart:5875:11)
#484    ComponentElement.mount (package:flutter/src/widgets/framework.dart:5699:5)
#485    Element.inflateWidget (package:flutter/src/widgets/framework.dart:4548:16)
#486    Element.updateChild (package:flutter/src/widgets/framework.dart:4004:18)
#487    SingleChildRenderObjectElement.mount (package:flutter/src/widgets/framework.dart:7018:14)
#488    Element.inflateWidget (package:flutter/src/widgets/framework.dart:4548:16)
#489    Element.updateChild (package:flutter/src/widgets/framework.dart:4004:18)
#490    ComponentElement.performRebuild (package:flutter/src/widgets/framework.dart:5747:16)
#491    StatefulElement.performRebuild (package:flutter/src/widgets/framework.dart:5884:11)
#492    Element.rebuild (package:flutter/src/widgets/framework.dart:5435:7)
#493    ComponentElement._firstBuild (package:flutter/src/widgets/framework.dart:5705:5)
#494    StatefulElement._firstBuild (package:flutter/src/widgets/framework.dart:5875:11)
#495    ComponentElement.mount (package:flutter/src/widgets/framework.dart:5699:5)
#496    Element.inflateWidget (package:flutter/src/widgets/framework.dart:4548:16)
#497    Element.updateChild (package:flutter/src/widgets/framework.dart:4004:18)
#498    ComponentElement.performRebuild (package:flutter/src/widgets/framework.dart:5747:16)
#499    Element.rebuild (package:flutter/src/widgets/framework.dart:5435:7)
#500    ComponentElement._firstBuild (package:flutter/src/widgets/framework.dart:5705:5)
#501    ComponentElement.mount (package:flutter/src/widgets/framework.dart:5699:5)
#502    Element.inflateWidget (package:flutter/src/widgets/framework.dart:4548:16)
#503    Element.updateChild (package:flutter/src/widgets/framework.dart:4004:18)
#504    ComponentElement.performRebuild (package:flutter/src/widgets/framework.dart:5747:16)
#505    Element.rebuild (package:flutter/src/widgets/framework.dart:5435:7)
#506    ComponentElement._firstBuild (package:flutter/src/widgets/framework.dart:5705:5)
#507    ComponentElement.mount (package:flutter/src/widgets/framework.dart:5699:5)
#508    Element.inflateWidget (package:flutter/src/widgets/framework.dart:4548:16)
#509    Element.updateChild (package:flutter/src/widgets/framework.dart:4004:18)
#510    ComponentElement.performRebuild (package:flutter/src/widgets/framework.dart:5747:16)
#511    Element.rebuild (package:flutter/src/widgets/framework.dart:5435:7)
#512    ComponentElement._firstBuild (package:flutter/src/widgets/framework.dart:5705:5)
#513    ComponentElement.mount (package:flutter/src/widgets/framework.dart:5699:5)
#514    Element.inflateWidget (package:flutter/src/widgets/framework.dart:4548:16)
#515    Element.updateChild (package:flutter/src/widgets/framework.dart:4004:18)
#516    ComponentElement.performRebuild (package:flutter/src/widgets/framework.dart:5747:16)
#517    Element.rebuild (package:flutter/src/widgets/framework.dart:5435:7)
#518    ComponentElement._firstBuild (package:flutter/src/widgets/framework.dart:5705:5)
#519    ComponentElement.mount (package:flutter/src/widgets/framework.dart:5699:5)
#520    Element.inflateWidget (package:flutter/src/widgets/framework.dart:4548:16)
#521    Element.updateChild (package:flutter/src/widgets/framework.dart:4004:18)
#522    SingleChildRenderObjectElement.mount (package:flutter/src/widgets/framework.dart:7018:14)
#523    Element.inflateWidget (package:flutter/src/widgets/framework.dart:4548:16)
#524    Element.updateChild (package:flutter/src/widgets/framework.dart:4004:18)
#525    ComponentElement.performRebuild (package:flutter/src/widgets/framework.dart:5747:16)
#526    StatefulElement.performRebuild (package:flutter/src/widgets/framework.dart:5884:11)
#527    Element.rebuild (package:flutter/src/widgets/framework.dart:5435:7)
#528    ComponentElement._firstBuild (package:flutter/src/widgets/framework.dart:5705:5)
#529    StatefulElement._firstBuild (package:flutter/src/widgets/framework.dart:5875:11)
#530    ComponentElement.mount (package:flutter/src/widgets/framework.dart:5699:5)
#531    Element.inflateWidget (package:flutter/src/widgets/framework.dart:4548:16)
#532    Element.updateChild (package:flutter/src/widgets/framework.dart:4004:18)
#533    ComponentElement.performRebuild (package:flutter/src/widgets/framework.dart:5747:16)
#534    StatefulElement.performRebuild (package:flutter/src/widgets/framework.dart:5884:11)
#535    Element.rebuild (package:flutter/src/widgets/framework.dart:5435:7)
#536    ComponentElement._firstBuild (package:flutter/src/widgets/framework.dart:5705:5)
#537    StatefulElement._firstBuild (package:flutter/src/widgets/framework.dart:5875:11)
#538    ComponentElement.mount (package:flutter/src/widgets/framework.dart:5699:5)
#539    Element.inflateWidget (package:flutter/src/widgets/framework.dart:4548:16)
#540    Element.updateChild (package:flutter/src/widgets/framework.dart:4004:18)
#541    SingleChildRenderObjectElement.mount (package:flutter/src/widgets/framework.dart:7018:14)
#542    Element.inflateWidget (package:flutter/src/widgets/framework.dart:4548:16)
#543    Element.updateChild (package:flutter/src/widgets/framework.dart:4004:18)
#544    ComponentElement.performRebuild (package:flutter/src/widgets/framework.dart:5747:16)
#545    Element.rebuild (package:flutter/src/widgets/framework.dart:5435:7)
#546    ComponentElement._firstBuild (package:flutter/src/widgets/framework.dart:5705:5)
#547    ComponentElement.mount (package:flutter/src/widgets/framework.dart:5699:5)
#548    Element.inflateWidget (package:flutter/src/widgets/framework.dart:4548:16)
#549    Element.updateChild (package:flutter/src/widgets/framework.dart:4004:18)
#550    ComponentElement.performRebuild (package:flutter/src/widgets/framework.dart:5747:16)
#551    StatefulElement.performRebuild (package:flutter/src/widgets/framework.dart:5884:11)
#552    Element.rebuild (package:flutter/src/widgets/framework.dart:5435:7)
#553    ComponentElement._firstBuild (package:flutter/src/widgets/framework.dart:5705:5)
#554    StatefulElement._firstBuild (package:flutter/src/widgets/framework.dart:5875:11)
#555    ComponentElement.mount (package:flutter/src/widgets/framework.dart:5699:5)
#556    Element.inflateWidget (package:flutter/src/widgets/framework.dart:4548:16)
#557    Element.updateChild (package:flutter/src/widgets/framework.dart:4004:18)
#558    ComponentElement.performRebuild (package:flutter/src/widgets/framework.dart:5747:16)
#559    StatefulElement.performRebuild (package:flutter/src/widgets/framework.dart:5884:11)
#560    Element.rebuild (package:flutter/src/widgets/framework.dart:5435:7)
#561    ComponentElement._firstBuild (package:flutter/src/widgets/framework.dart:5705:5)
#562    StatefulElement._firstBuild (package:flutter/src/widgets/framework.dart:5875:11)
#563    ComponentElement.mount (package:flutter/src/widgets/framework.dart:5699:5)
#564    Element.inflateWidget (package:flutter/src/widgets/framework.dart:4548:16)
#565    Element.updateChild (package:flutter/src/widgets/framework.dart:4004:18)
#566    ComponentElement.performRebuild (package:flutter/src/widgets/framework.dart:5747:16)
#567    Element.rebuild (package:flutter/src/widgets/framework.dart:5435:7)
#568    ComponentElement._firstBuild (package:flutter/src/widgets/framework.dart:5705:5)
#569    ComponentElement.mount (package:flutter/src/widgets/framework.dart:5699:5)
#570    Element.inflateWidget (package:flutter/src/widgets/framework.dart:4548:16)
#571    Element.updateChild (package:flutter/src/widgets/framework.dart:4004:18)
#572    ComponentElement.performRebuild (package:flutter/src/widgets/framework.dart:5747:16)
#573    StatefulElement.performRebuild (package:flutter/src/widgets/framework.dart:5884:11)
#574    Element.rebuild (package:flutter/src/widgets/framework.dart:5435:7)
#575    ComponentElement._firstBuild (package:flutter/src/widgets/framework.dart:5705:5)
#576    StatefulElement._firstBuild (package:flutter/src/widgets/framework.dart:5875:11)
#577    ComponentElement.mount (package:flutter/src/widgets/framework.dart:5699:5)
#578    Element.inflateWidget (package:flutter/src/widgets/framework.dart:4548:16)
#579    Element.updateChild (package:flutter/src/widgets/framework.dart:4004:18)
#580    SingleChildRenderObjectElement.mount (package:flutter/src/widgets/framework.dart:7018:14)
#581    Element.inflateWidget (package:flutter/src/widgets/framework.dart:4548:16)
#582    Element.updateChild (package:flutter/src/widgets/framework.dart:4004:18)
#583    ComponentElement.performRebuild (package:flutter/src/widgets/framework.dart:5747:16)
#584    Element.rebuild (package:flutter/src/widgets/framework.dart:5435:7)
#585    ComponentElement._firstBuild (package:flutter/src/widgets/framework.dart:5705:5)
#586    ComponentElement.mount (package:flutter/src/widgets/framework.dart:5699:5)
#587    Element.inflateWidget (package:flutter/src/widgets/framework.dart:4548:16)
#588    Element.updateChild (package:flutter/src/widgets/framework.dart:4004:18)
#589    ComponentElement.performRebuild (package:flutter/src/widgets/framework.dart:5747:16)
#590    StatefulElement.performRebuild (package:flutter/src/widgets/framework.dart:5884:11)
#591    Element.rebuild (package:flutter/src/widgets/framework.dart:5435:7)
#592    ComponentElement._firstBuild (package:flutter/src/widgets/framework.dart:5705:5)
#593    StatefulElement._firstBuild (package:flutter/src/widgets/framework.dart:5875:11)
#594    ComponentElement.mount (package:flutter/src/widgets/framework.dart:5699:5)
#595    Element.inflateWidget (package:flutter/src/widgets/framework.dart:4548:16)
#596    Element.updateChild (package:flutter/src/widgets/framework.dart:4004:18)
#597    ComponentElement.performRebuild (package:flutter/src/widgets/framework.dart:5747:16)
#598    StatefulElement.performRebuild (package:flutter/src/widgets/framework.dart:5884:11)
#599    Element.rebuild (package:flutter/src/widgets/framework.dart:5435:7)
#600    ComponentElement._firstBuild (package:flutter/src/widgets/framework.dart:5705:5)
#601    StatefulElement._firstBuild (package:flutter/src/widgets/framework.dart:5875:11)
#602    ComponentElement.mount (package:flutter/src/widgets/framework.dart:5699:5)
#603    Element.inflateWidget (package:flutter/src/widgets/framework.dart:4548:16)
#604    Element.updateChild (package:flutter/src/widgets/framework.dart:4004:18)
#605    ComponentElement.performRebuild (package:flutter/src/widgets/framework.dart:5747:16)
#606    Element.rebuild (package:flutter/src/widgets/framework.dart:5435:7)
#607    ComponentElement._firstBuild (package:flutter/src/widgets/framework.dart:5705:5)
#608    ComponentElement.mount (package:flutter/src/widgets/framework.dart:5699:5)
#609    Element.inflateWidget (package:flutter/src/widgets/framework.dart:4548:16)
#610    Element.updateChild (package:flutter/src/widgets/framework.dart:4004:18)
#611    ComponentElement.performRebuild (package:flutter/src/widgets/framework.dart:5747:16)
#612    StatefulElement.performRebuild (package:flutter/src/widgets/framework.dart:5884:11)
#613    Element.rebuild (package:flutter/src/widgets/framework.dart:5435:7)
#614    ComponentElement._firstBuild (package:flutter/src/widgets/framework.dart:5705:5)
#615    StatefulElement._firstBuild (package:flutter/src/widgets/framework.dart:5875:11)
#616    ComponentElement.mount (package:flutter/src/widgets/framework.dart:5699:5)
#617    Element.inflateWidget (package:flutter/src/widgets/framework.dart:4548:16)
#618    Element.updateChild (package:flutter/src/widgets/framework.dart:4004:18)
#619    SingleChildRenderObjectElement.mount (package:flutter/src/widgets/framework.dart:7018:14)
#620    Element.inflateWidget (package:flutter/src/widgets/framework.dart:4548:16)
#621    Element.updateChild (package:flutter/src/widgets/framework.dart:4004:18)
#622    ComponentElement.performRebuild (package:flutter/src/widgets/framework.dart:5747:16)
#623    Element.rebuild (package:flutter/src/widgets/framework.dart:5435:7)
#624    ComponentElement._firstBuild (package:flutter/src/widgets/framework.dart:5705:5)
#625    ComponentElement.mount (package:flutter/src/widgets/framework.dart:5699:5)
#626    Element.inflateWidget (package:flutter/src/widgets/framework.dart:4548:16)
#627    Element.updateChild (package:flutter/src/widgets/framework.dart:4004:18)
#628    ComponentElement.performRebuild (package:flutter/src/widgets/framework.dart:5747:16)
#629    StatefulElement.performRebuild (package:flutter/src/widgets/framework.dart:5884:11)
#630    Element.rebuild (package:flutter/src/widgets/framework.dart:5435:7)
#631    ComponentElement._firstBuild (package:flutter/src/widgets/framework.dart:5705:5)
#632    StatefulElement._firstBuild (package:flutter/src/widgets/framework.dart:5875:11)
#633    ComponentElement.mount (package:flutter/src/widgets/framework.dart:5699:5)
#634    Element.inflateWidget (package:flutter/src/widgets/framework.dart:4548:16)
#635    Element.updateChild (package:flutter/src/widgets/framework.dart:4004:18)
#636    ComponentElement.performRebuild (package:flutter/src/widgets/framework.dart:5747:16)
#637    StatefulElement.performRebuild (package:flutter/src/widgets/framework.dart:5884:11)
#638    Element.rebuild (package:flutter/src/widgets/framework.dart:5435:7)
#639    ComponentElement._firstBuild (package:flutter/src/widgets/framework.dart:5705:5)
#640    StatefulElement._firstBuild (package:flutter/src/widgets/framework.dart:5875:11)
#641    ComponentElement.mount (package:flutter/src/widgets/framework.dart:5699:5)
#642    Element.inflateWidget (package:flutter/src/widgets/framework.dart:4548:16)
#643    Element.updateChild (package:flutter/src/widgets/framework.dart:4004:18)
#644    ComponentElement.performRebuild (package:flutter/src/widgets/framework.dart:5747:16)
#645    Element.rebuild (package:flutter/src/widgets/framework.dart:5435:7)
#646    ComponentElement._firstBuild (package:flutter/src/widgets/framework.dart:5705:5)
#647    ComponentElement.mount (package:flutter/src/widgets/framework.dart:5699:5)
#648    Element.inflateWidget (package:flutter/src/widgets/framework.dart:4548:16)
#649    Element.updateChild (package:flutter/src/widgets/framework.dart:4004:18)
#650    SingleChildRenderObjectElement.mount (package:flutter/src/widgets/framework.dart:7018:14)
#651    Element.inflateWidget (package:flutter/src/widgets/framework.dart:4548:16)
#652    Element.updateChild (package:flutter/src/widgets/framework.dart:4004:18)
#653    ComponentElement.performRebuild (package:flutter/src/widgets/framework.dart:5747:16)
#654    Element.rebuild (package:flutter/src/widgets/framework.dart:5435:7)
#655    ComponentElement._firstBuild (package:flutter/src/widgets/framework.dart:5705:5)
#656    ComponentElement.mount (package:flutter/src/widgets/framework.dart:5699:5)
#657    Element.inflateWidget (package:flutter/src/widgets/framework.dart:4548:16)
#658    Element.updateChild (package:flutter/src/widgets/framework.dart:4004:18)
#659    ComponentElement.performRebuild (package:flutter/src/widgets/framework.dart:5747:16)
#660    StatefulElement.performRebuild (package:flutter/src/widgets/framework.dart:5884:11)
#661    Element.rebuild (package:flutter/src/widgets/framework.dart:5435:7)
#662    ComponentElement._firstBuild (package:flutter/src/widgets/framework.dart:5705:5)
#663    StatefulElement._firstBuild (package:flutter/src/widgets/framework.dart:5875:11)
#664    ComponentElement.mount (package:flutter/src/widgets/framework.dart:5699:5)
#665    Element.inflateWidget (package:flutter/src/widgets/framework.dart:4548:16)
#666    Element.updateChild (package:flutter/src/widgets/framework.dart:4004:18)
#667    ComponentElement.performRebuild (package:flutter/src/widgets/framework.dart:5747:16)
#668    StatefulElement.performRebuild (package:flutter/src/widgets/framework.dart:5884:11)
#669    Element.rebuild (package:flutter/src/widgets/framework.dart:5435:7)
#670    ComponentElement._firstBuild (package:flutter/src/widgets/framework.dart:5705:5)
#671    StatefulElement._firstBuild (package:flutter/src/widgets/framework.dart:5875:11)
#672    ComponentElement.mount (package:flutter/src/widgets/framework.dart:5699:5)
#673    Element.inflateWidget (package:flutter/src/widgets/framework.dart:4548:16)
#674    Element.updateChild (package:flutter/src/widgets/framework.dart:4004:18)
#675    ComponentElement.performRebuild (package:flutter/src/widgets/framework.dart:5747:16)
#676    Element.rebuild (package:flutter/src/widgets/framework.dart:5435:7)
#677    ComponentElement._firstBuild (package:flutter/src/widgets/framework.dart:5705:5)
#678    ComponentElement.mount (package:flutter/src/widgets/framework.dart:5699:5)
#679    Element.inflateWidget (package:flutter/src/widgets/framework.dart:4548:16)
#680    Element.updateChild (package:flutter/src/widgets/framework.dart:4004:18)
#681    ComponentElement.performRebuild (package:flutter/src/widgets/framework.dart:5747:16)
#682    Element.rebuild (package:flutter/src/widgets/framework.dart:5435:7)
#683    ComponentElement._firstBuild (package:flutter/src/widgets/framework.dart:5705:5)
#684    ComponentElement.mount (package:flutter/src/widgets/framework.dart:5699:5)
#685    Element.inflateWidget (package:flutter/src/widgets/framework.dart:4548:16)
#686    Element.updateChild (package:flutter/src/widgets/framework.dart:4004:18)
#687    ComponentElement.performRebuild (package:flutter/src/widgets/framework.dart:5747:16)
#688    StatefulElement.performRebuild (package:flutter/src/widgets/framework.dart:5884:11)
#689    Element.rebuild (package:flutter/src/widgets/framework.dart:5435:7)
#690    ComponentElement._firstBuild (package:flutter/src/widgets/framework.dart:5705:5)
#691    StatefulElement._firstBuild (package:flutter/src/widgets/framework.dart:5875:11)
#692    ComponentElement.mount (package:flutter/src/widgets/framework.dart:5699:5)
#693    Element.inflateWidget (package:flutter/src/widgets/framework.dart:4548:16)
#694    Element.updateChild (package:flutter/src/widgets/framework.dart:4004:18)
#695    ComponentElement.performRebuild (package:flutter/src/widgets/framework.dart:5747:16)
#696    Element.rebuild (package:flutter/src/widgets/framework.dart:5435:7)
#697    ComponentElement._firstBuild (package:flutter/src/widgets/framework.dart:5705:5)
#698    ComponentElement.mount (package:flutter/src/widgets/framework.dart:5699:5)
#699    Element.inflateWidget (package:flutter/src/widgets/framework.dart:4548:16)
#700    Element.updateChild (package:flutter/src/widgets/framework.dart:4004:18)
#701    ComponentElement.performRebuild (package:flutter/src/widgets/framework.dart:5747:16)
#702    StatefulElement.performRebuild (package:flutter/src/widgets/framework.dart:5884:11)
#703    Element.rebuild (package:flutter/src/widgets/framework.dart:5435:7)
#704    ComponentElement._firstBuild (package:flutter/src/widgets/framework.dart:5705:5)
00:23 +884 -5: /home/bootcamp/Proyectos-2026/Proyectos-Varios/Finanzas-Familiares-AS/test/presentation/screens/settings_screen_test.dart: SettingsScreen muestra título Configuración                  00:23 +884 -5: /home/bootcamp/Proyectos-2026/Proyectos-Varios/Finanzas-Familiares-AS/test/presentation/screens/notification_settings_screen_test.dart: NotificationSettingsScreen muestra switches para cada opción
#705    StatefulElement._firstBuild (package:flutter/src/widgets/framework.dart:5875:11)
#706    ComponentElement.mount (package:flutter/src/widgets/framework.dart:5699:5)
#707    Element.inflateWidget (package:flutter/src/widgets/framework.dart:4548:16)
#708    Element.updateChild (package:flutter/src/widgets/framework.dart:4004:18)
#709    ComponentElement.performRebuild (package:flutter/src/widgets/framework.dart:5747:16)
#710    Element.rebuild (package:flutter/src/widgets/framework.dart:5435:7)
#711    ComponentElement._firstBuild (package:flutter/src/widgets/framework.dart:5705:5)
#712    ComponentElement.mount (package:flutter/src/widgets/framework.dart:5699:5)
#713    Element.inflateWidget (package:flutter/src/widgets/framework.dart:4548:16)
#714    Element.updateChild (package:flutter/src/widgets/framework.dart:4004:18)
#715    ComponentElement.performRebuild (package:flutter/src/widgets/framework.dart:5747:16)
#716    StatefulElement.performRebuild (package:flutter/src/widgets/framework.dart:5884:11)
#717    Element.rebuild (package:flutter/src/widgets/framework.dart:5435:7)
#718    ComponentElement._firstBuild (package:flutter/src/widgets/framework.dart:5705:5)
#719    StatefulElement._firstBuild (package:flutter/src/widgets/framework.dart:5875:11)
#720    ComponentElement.mount (package:flutter/src/widgets/framework.dart:5699:5)
#721    Element.inflateWidget (package:flutter/src/widgets/framework.dart:4548:16)
#722    Element.updateChild (package:flutter/src/widgets/framework.dart:4004:18)
#723    ComponentElement.performRebuild (package:flutter/src/widgets/framework.dart:5747:16)
#724    StatefulElement.performRebuild (package:flutter/src/widgets/framework.dart:5884:11)
#725    Element.rebuild (package:flutter/src/widgets/framework.dart:5435:7)
#726    ComponentElement._firstBuild (package:flutter/src/widgets/framework.dart:5705:5)
#727    StatefulElement._firstBuild (package:flutter/src/widgets/framework.dart:5875:11)
#728    ComponentElement.mount (package:flutter/src/widgets/framework.dart:5699:5)
#729    Element.inflateWidget (package:flutter/src/widgets/framework.dart:4548:16)
#730    Element.updateChild (package:flutter/src/widgets/framework.dart:4004:18)
#731    SingleChildRenderObjectElement.mount (package:flutter/src/widgets/framework.dart:7018:14)
#732    Element.inflateWidget (package:flutter/src/widgets/framework.dart:4548:16)
#733    Element.updateChild (package:flutter/src/widgets/framework.dart:4004:18)
#734    ComponentElement.performRebuild (package:flutter/src/widgets/framework.dart:5747:16)
#735    Element.rebuild (package:flutter/src/widgets/framework.dart:5435:7)
#736    ComponentElement._firstBuild (package:flutter/src/widgets/framework.dart:5705:5)
#737    ComponentElement.mount (package:flutter/src/widgets/framework.dart:5699:5)
#738    Element.inflateWidget (package:flutter/src/widgets/framework.dart:4548:16)
#739    Element.updateChild (package:flutter/src/widgets/framework.dart:4004:18)
#740    ComponentElement.performRebuild (package:flutter/src/widgets/framework.dart:5747:16)
#741    StatefulElement.performRebuild (package:flutter/src/widgets/framework.dart:5884:11)
#742    Element.rebuild (package:flutter/src/widgets/framework.dart:5435:7)
#743    ComponentElement._firstBuild (package:flutter/src/widgets/framework.dart:5705:5)
#744    StatefulElement._firstBuild (package:flutter/src/widgets/framework.dart:5875:11)
#745    ComponentElement.mount (package:flutter/src/widgets/framework.dart:5699:5)
#746    Element.inflateWidget (package:flutter/src/widgets/framework.dart:4548:16)
#747    Element.updateChild (package:flutter/src/widgets/framework.dart:4004:18)
#748    ComponentElement.performRebuild (package:flutter/src/widgets/framework.dart:5747:16)
#749    Element.rebuild (package:flutter/src/widgets/framework.dart:5435:7)
#750    ComponentElement._firstBuild (package:flutter/src/widgets/framework.dart:5705:5)
#751    ComponentElement.mount (package:flutter/src/widgets/framework.dart:5699:5)
#752    Element.inflateWidget (package:flutter/src/widgets/framework.dart:4548:16)
#753    Element.updateChild (package:flutter/src/widgets/framework.dart:4004:18)
#754    ComponentElement.performRebuild (package:flutter/src/widgets/framework.dart:5747:16)
#755    Element.rebuild (package:flutter/src/widgets/framework.dart:5435:7)
#756    ComponentElement._firstBuild (package:flutter/src/widgets/framework.dart:5705:5)
#757    ComponentElement.mount (package:flutter/src/widgets/framework.dart:5699:5)
#758    Element.inflateWidget (package:flutter/src/widgets/framework.dart:4548:16)
#759    Element.updateChild (package:flutter/src/widgets/framework.dart:4004:18)
#760    ComponentElement.performRebuild (package:flutter/src/widgets/framework.dart:5747:16)
#761    StatefulElement.performRebuild (package:flutter/src/widgets/framework.dart:5884:11)
#762    Element.rebuild (package:flutter/src/widgets/framework.dart:5435:7)
#763    ComponentElement._firstBuild (package:flutter/src/widgets/framework.dart:5705:5)
#764    StatefulElement._firstBuild (package:flutter/src/widgets/framework.dart:5875:11)
#765    ComponentElement.mount (package:flutter/src/widgets/framework.dart:5699:5)
#766    Element.inflateWidget (package:flutter/src/widgets/framework.dart:4548:16)
#767    Element.updateChild (package:flutter/src/widgets/framework.dart:4004:18)
#768    ComponentElement.performRebuild (package:flutter/src/widgets/framework.dart:5747:16)
#769    Element.rebuild (package:flutter/src/widgets/framework.dart:5435:7)
#770    ComponentElement._firstBuild (package:flutter/src/widgets/framework.dart:5705:5)
#771    ComponentElement.mount (package:flutter/src/widgets/framework.dart:5699:5)
#772    _UncontrolledProviderScopeElement.mount (package:flutter_riverpod/src/framework.dart:315:11)
#773    Element.inflateWidget (package:flutter/src/widgets/framework.dart:4548:16)
#774    Element.updateChild (package:flutter/src/widgets/framework.dart:4004:18)
#775    ComponentElement.performRebuild (package:flutter/src/widgets/framework.dart:5747:16)
#776    StatefulElement.performRebuild (package:flutter/src/widgets/framework.dart:5884:11)
#777    Element.rebuild (package:flutter/src/widgets/framework.dart:5435:7)
#778    ComponentElement._firstBuild (package:flutter/src/widgets/framework.dart:5705:5)
#779    StatefulElement._firstBuild (package:flutter/src/widgets/framework.dart:5875:11)
#780    ComponentElement.mount (package:flutter/src/widgets/framework.dart:5699:5)
#781    Element.inflateWidget (package:flutter/src/widgets/framework.dart:4548:16)
#782    Element.updateChild (package:flutter/src/widgets/framework.dart:3998:20)
#783    ComponentElement.performRebuild (package:flutter/src/widgets/framework.dart:5747:16)
#784    Element.rebuild (package:flutter/src/widgets/framework.dart:5435:7)
#785    ProxyElement.update (package:flutter/src/widgets/framework.dart:6051:5)
#786    _InheritedNotifierElement.update (package:flutter/src/widgets/inherited_notifier.dart:108:11)
#787    Element.updateChild (package:flutter/src/widgets/framework.dart:3982:15)
#788    ComponentElement.performRebuild (package:flutter/src/widgets/framework.dart:5747:16)
#789    StatefulElement.performRebuild (package:flutter/src/widgets/framework.dart:5884:11)
#790    Element.rebuild (package:flutter/src/widgets/framework.dart:5435:7)
#791    StatefulElement.update (package:flutter/src/widgets/framework.dart:5909:5)
#792    Element.updateChild (package:flutter/src/widgets/framework.dart:3982:15)
#793    ComponentElement.performRebuild (package:flutter/src/widgets/framework.dart:5747:16)
#794    Element.rebuild (package:flutter/src/widgets/framework.dart:5435:7)
#795    ProxyElement.update (package:flutter/src/widgets/framework.dart:6051:5)
#796    _InheritedNotifierElement.update (package:flutter/src/widgets/inherited_notifier.dart:108:11)
#797    Element.updateChild (package:flutter/src/widgets/framework.dart:3982:15)
#798    ComponentElement.performRebuild (package:flutter/src/widgets/framework.dart:5747:16)
#799    StatefulElement.performRebuild (package:flutter/src/widgets/framework.dart:5884:11)
#800    Element.rebuild (package:flutter/src/widgets/framework.dart:5435:7)
#801    StatefulElement.update (package:flutter/src/widgets/framework.dart:5909:5)
#802    Element.updateChild (package:flutter/src/widgets/framework.dart:3982:15)
#803    ComponentElement.performRebuild (package:flutter/src/widgets/framework.dart:5747:16)
#804    StatefulElement.performRebuild (package:flutter/src/widgets/framework.dart:5884:11)
#805    Element.rebuild (package:flutter/src/widgets/framework.dart:5435:7)
#806    StatefulElement.update (package:flutter/src/widgets/framework.dart:5909:5)
#807    Element.updateChild (package:flutter/src/widgets/framework.dart:3982:15)
#808    ComponentElement.performRebuild (package:flutter/src/widgets/framework.dart:5747:16)
#809    Element.rebuild (package:flutter/src/widgets/framework.dart:5435:7)
#810    ProxyElement.update (package:flutter/src/widgets/framework.dart:6051:5)
#811    Element.updateChild (package:flutter/src/widgets/framework.dart:3982:15)
#812    ComponentElement.performRebuild (package:flutter/src/widgets/framework.dart:5747:16)
#813    StatefulElement.performRebuild (package:flutter/src/widgets/framework.dart:5884:11)
#814    Element.rebuild (package:flutter/src/widgets/framework.dart:5435:7)
#815    StatefulElement.update (package:flutter/src/widgets/framework.dart:5909:5)
#816    Element.updateChild (package:flutter/src/widgets/framework.dart:3982:15)
#817    ComponentElement.performRebuild (package:flutter/src/widgets/framework.dart:5747:16)
#818    Element.rebuild (package:flutter/src/widgets/framework.dart:5435:7)
#819    ProxyElement.update (package:flutter/src/widgets/framework.dart:6051:5)
#820    Element.updateChild (package:flutter/src/widgets/framework.dart:3982:15)
#821    ComponentElement.performRebuild (package:flutter/src/widgets/framework.dart:5747:16)
#822    Element.rebuild (package:flutter/src/widgets/framework.dart:5435:7)
#823    ProxyElement.update (package:flutter/src/widgets/framework.dart:6051:5)
#824    Element.updateChild (package:flutter/src/widgets/framework.dart:3982:15)
#825    _RawViewElement._updateChild (package:flutter/src/widgets/view.dart:481:16)
#826    _RawViewElement.update (package:flutter/src/widgets/view.dart:568:5)
#827    Element.updateChild (package:flutter/src/widgets/framework.dart:3982:15)
#828    ComponentElement.performRebuild (package:flutter/src/widgets/framework.dart:5747:16)
#829    Element.rebuild (package:flutter/src/widgets/framework.dart:5435:7)
#830    StatelessElement.update (package:flutter/src/widgets/framework.dart:5797:5)
#831    Element.updateChild (package:flutter/src/widgets/framework.dart:3982:15)
#832    ComponentElement.performRebuild (package:flutter/src/widgets/framework.dart:5747:16)
#833    StatefulElement.performRebuild (package:flutter/src/widgets/framework.dart:5884:11)
#834    Element.rebuild (package:flutter/src/widgets/framework.dart:5435:7)
#835    StatefulElement.update (package:flutter/src/widgets/framework.dart:5909:5)
#836    Element.updateChild (package:flutter/src/widgets/framework.dart:3982:15)
#837    RootElement._rebuild (package:flutter/src/widgets/binding.dart:1716:16)
#838    RootElement.update (package:flutter/src/widgets/binding.dart:1694:5)
#839    RootElement.performRebuild (package:flutter/src/widgets/binding.dart:1708:7)
#840    Element.rebuild (package:flutter/src/widgets/framework.dart:5435:7)
#841    BuildScope._tryRebuild (package:flutter/src/widgets/framework.dart:2695:15)
#842    BuildScope._flushDirtyElements (package:flutter/src/widgets/framework.dart:2752:11)
#843    BuildOwner.buildScope (package:flutter/src/widgets/framework.dart:3056:18)
#844    AutomatedTestWidgetsFlutterBinding.drawFrame (package:flutter_test/src/binding.dart:1506:19)
#845    RendererBinding._handlePersistentFrameCallback (package:flutter/src/rendering/binding.dart:495:5)
#846    SchedulerBinding._invokeFrameCallback (package:flutter/src/scheduler/binding.dart:1434:15)
#847    SchedulerBinding.handleDrawFrame (package:flutter/src/scheduler/binding.dart:1347:9)
#848    AutomatedTestWidgetsFlutterBinding.pump.<anonymous closure> (package:flutter_test/src/binding.dart:1335:9)
#849    _rootRun (dart:async/zone.dart:1525:13)
#850    _CustomZone.run (dart:async/zone.dart:1422:19)
#851    TestAsyncUtils.guard (package:flutter_test/src/test_async_utils.dart:74:41)
#852    AutomatedTestWidgetsFlutterBinding.pump (package:flutter_test/src/binding.dart:1324:27)
#853    WidgetTester.pumpWidget.<anonymous closure> (package:flutter_test/src/widget_tester.dart:598:22)
#854    _rootRun (dart:async/zone.dart:1525:13)
#855    _CustomZone.run (dart:async/zone.dart:1422:19)
#856    TestAsyncUtils.guard (package:flutter_test/src/test_async_utils.dart:74:41)
#857    WidgetTester.pumpWidget (package:flutter_test/src/widget_tester.dart:595:27)
#858    main.<anonymous closure>.<anonymous closure> (file:///home/bootcamp/Proyectos-2026/Proyectos-Varios/Finanzas-Familiares-AS/test/presentation/screens/notification_settings_screen_test.dart:65:20)
#859    testWidgets.<anonymous closure>.<anonymous closure> (package:flutter_test/src/widget_tester.dart:192:29)
<asynchronous suspension>
#860    TestWidgetsFlutterBinding._runTestBody (package:flutter_test/src/binding.dart:1059:5)
<asynchronous suspension>
#861    StackZoneSpecification._registerCallback.<anonymous closure> (package:stack_trace/src/stack_zone_specification.dart:114:42)
<asynchronous suspension>
This warning will only appear on debug builds.
00:23 +885 -5: /home/bootcamp/Proyectos-2026/Proyectos-Varios/Finanzas-Familiares-AS/test/presentation/screens/settings_screen_test.dart: SettingsScreen muestra título Configuración                  00:23 +885 -5: /home/bootcamp/Proyectos-2026/Proyectos-Varios/Finanzas-Familiares-AS/test/presentation/screens/notification_settings_screen_test.dart: NotificationSettingsScreen muestra switches para cada opción
══╡ EXCEPTION CAUGHT BY FLUTTER TEST FRAMEWORK ╞════════════════════════════════════════════════════
The following TestFailure was thrown running a test:
Expected: at least 4 matching candidates
  Actual: _TypeWidgetFinder:<Found 0 widgets with type "Switch": []>
   Which: means none were found but some were expected

When the exception was thrown, this was the stack:
#4      main.<anonymous closure>.<anonymous closure> (file:///home/bootcamp/Proyectos-2026/Proyectos-Varios/Finanzas-Familiares-AS/test/presentation/screens/notification_settings_screen_test.dart:70:7)
<asynchronous suspension>
#5      testWidgets.<anonymous closure>.<anonymous closure> (package:flutter_test/src/widget_tester.dart:192:15)
<asynchronous suspension>
#6      TestWidgetsFlutterBinding._runTestBody (package:flutter_test/src/binding.dart:1059:5)
<asynchronous suspension>
<asynchronous suspension>
(elided one frame from package:stack_trace)

This was caught by the test expectation on the following line:
  file:///home/bootcamp/Proyectos-2026/Proyectos-Varios/Finanzas-Familiares-AS/test/presentation/screens/notification_settings_screen_test.dart line 70
The test description was:
  muestra switches para cada opción
════════════════════════════════════════════════════════════════════════════════════════════════════
00:23 +885 -6: /home/bootcamp/Proyectos-2026/Proyectos-Varios/Finanzas-Familiares-AS/test/presentation/screens/notification_settings_screen_test.dart: NotificationSettingsScreen muestra switches para cada opción [E]
  Test failed. See exception logs above.
  The test description was: muestra switches para cada opción
  

To run this test again: /home/bootcamp/flutter/bin/cache/dart-sdk/bin/dart test /home/bootcamp/Proyectos-2026/Proyectos-Varios/Finanzas-Familiares-AS/test/presentation/screens/notification_settings_screen_test.dart -p vm --plain-name 'NotificationSettingsScreen muestra switches para cada opción'
00:23 +885 -6: /home/bootcamp/Proyectos-2026/Proyectos-Varios/Finanzas-Familiares-AS/test/presentation/screens/notification_settings_screen_test.dart: NotificationSettingsScreen muestra iconos para cada opción
WARNING (drift): It looks like you've created the database class AppDatabase multiple times. When these two databases use the same QueryExecutor, race conditions will occur and might corrupt the database. 
Try to follow the advice at https://drift.simonbinder.eu/faq/#using-the-database or, if you know what you're doing, set driftRuntimeOptions.dontWarnAboutMultipleDatabases = true
Here is the stacktrace from when the database was opened a second time:
#0      GeneratedDatabase._handleInstantiated (package:drift/src/runtime/api/db_base.dart:96:30)
#1      GeneratedDatabase._whenConstructed (package:drift/src/runtime/api/db_base.dart:73:12)
#2      new GeneratedDatabase (package:drift/src/runtime/api/db_base.dart:64:5)
#3      new _$AppDatabase (package:finanzas_familiares/data/local/database.g.dart:14435:36)
#4      new AppDatabase (package:finanzas_familiares/data/local/database.dart:56:19)
#5      appDatabase (package:finanzas_familiares/application/providers/user_settings_provider.dart:49:10)
#6      Provider._create (package:riverpod/src/provider/base.dart:59:57)
#7      ProviderElement.create (package:riverpod/src/provider/base.dart:345:23)
#8      ProviderElementBase.buildState (package:riverpod/src/framework/element.dart:426:7)
#9      ProviderElementBase.mount (package:riverpod/src/framework/element.dart:228:5)
#10     _StateReader._create (package:riverpod/src/framework/container.dart:47:11)
#11     _StateReader.getElement (package:riverpod/src/framework/container.dart:35:52)
#12     ProviderContainer.readProviderElement (package:riverpod/src/framework/container.dart:479:19)
#13     ProviderElementBase._debugAssertCanDependOn.<anonymous closure> (package:riverpod/src/framework/element.dart:624:42)
#14     ProviderElementBase._debugAssertCanDependOn (package:riverpod/src/framework/element.dart:667:8)
#15     ProviderElementBase.watch (package:riverpod/src/framework/element.dart:714:12)
#16     userSettingsRepository (package:finanzas_familiares/application/providers/user_settings_provider.dart:15:24)
#17     Provider._create (package:riverpod/src/provider/base.dart:59:57)
#18     ProviderElement.create (package:riverpod/src/provider/base.dart:345:23)
#19     ProviderElementBase.buildState (package:riverpod/src/framework/element.dart:426:7)
#20     ProviderElementBase.mount (package:riverpod/src/framework/element.dart:228:5)
#21     _StateReader._create (package:riverpod/src/framework/container.dart:47:11)
#22     _StateReader.getElement (package:riverpod/src/framework/container.dart:35:52)
#23     ProviderContainer.readProviderElement (package:riverpod/src/framework/container.dart:479:19)
#24     ProviderElementBase._debugAssertCanDependOn.<anonymous closure> (package:riverpod/src/framework/element.dart:624:42)
#25     ProviderElementBase._debugAssertCanDependOn (package:riverpod/src/framework/element.dart:667:8)
#26     ProviderElementBase.watch (package:riverpod/src/framework/element.dart:714:12)
#27     userSettings (package:finanzas_familiares/application/providers/user_settings_provider.dart:29:26)
#28     StreamProvider._create (package:riverpod/src/stream_provider/base.dart:125:63)
#29     StreamProviderElement.create.<anonymous closure> (package:riverpod/src/stream_provider/base.dart:172:25)
#30     FutureHandlerProviderElementMixin.handleStream.<anonymous closure> (package:riverpod/src/async_notifier/base.dart:309:31)
#31     FutureHandlerProviderElementMixin._handleAsync (package:riverpod/src/async_notifier/base.dart:388:47)
#32     FutureHandlerProviderElementMixin.handleStream (package:riverpod/src/async_notifier/base.dart:303:5)
#33     StreamProviderElement.create (package:riverpod/src/stream_provider/base.dart:169:5)
#34     ProviderElementBase.buildState (package:riverpod/src/framework/element.dart:426:7)
#35     ProviderElementBase.mount (package:riverpod/src/framework/element.dart:228:5)
#36     _StateReader._create (package:riverpod/src/framework/container.dart:47:11)
#37     _StateReader.getElement (package:riverpod/src/framework/container.dart:35:52)
#38     ProviderContainer.readProviderElement (package:riverpod/src/framework/container.dart:479:19)
#39     ProviderElementBase._debugAssertCanDependOn.<anonymous closure> (package:riverpod/src/framework/element.dart:624:42)
#40     ProviderElementBase._debugAssertCanDependOn (package:riverpod/src/framework/element.dart:667:8)
#41     ProviderElementBase.listen (package:riverpod/src/framework/element.dart:761:12)
#42     NotificationSettingsNotifier.build (package:finanzas_familiares/application/providers/notification_provider.dart:56:9)
#43     AutoDisposeAsyncNotifierProviderImpl.runNotifierBuild (package:riverpod/src/async_notifier/auto_dispose.dart:101:54)
#44     AsyncNotifierProviderElement.create.<anonymous closure>.<anonymous closure> (package:riverpod/src/async_notifier/base.dart:547:26)
#45     FutureHandlerProviderElementMixin.handleFuture.<anonymous closure> (package:riverpod/src/async_notifier/base.dart:341:30)
#46     FutureHandlerProviderElementMixin._handleAsync (package:riverpod/src/async_notifier/base.dart:388:47)
#47     FutureHandlerProviderElementMixin.handleFuture (package:riverpod/src/async_notifier/base.dart:335:5)
#48     AsyncNotifierProviderElement.create.<anonymous closure> (package:riverpod/src/async_notifier/base.dart:546:9)
#49     ResultData.when (package:riverpod/src/result.dart:82:16)
#50     AsyncNotifierProviderElement.create (package:riverpod/src/async_notifier/base.dart:541:20)
#51     ProviderElementBase.buildState (package:riverpod/src/framework/element.dart:426:7)
#52     ProviderElementBase.mount (package:riverpod/src/framework/element.dart:228:5)
#53     _StateReader._create (package:riverpod/src/framework/container.dart:47:11)
#54     _StateReader.getElement (package:riverpod/src/framework/container.dart:35:52)
#55     ProviderContainer.readProviderElement.<anonymous closure> (package:riverpod/src/framework/container.dart:440:40)
#56     ProviderContainer.readProviderElement (package:riverpod/src/framework/container.dart:475:8)
#57     ProviderBase.addListener (package:riverpod/src/framework/provider_base.dart:79:26)
#58     ProviderContainer.listen (package:riverpod/src/framework/container.dart:280:21)
#59     ConsumerStatefulElement.watch.<anonymous closure> (package:flutter_riverpod/src/consumer.dart:564:25)
#60     _LinkedHashMapMixin.putIfAbsent (dart:_compact_hash:674:23)
#61     ConsumerStatefulElement.watch (package:flutter_riverpod/src/consumer.dart:557:26)
#62     NotificationSettingsScreen.build (package:finanzas_familiares/presentation/screens/notification_settings_screen.dart:12:31)
#63     _ConsumerState.build (package:flutter_riverpod/src/consumer.dart:476:19)
#64     StatefulElement.build (package:flutter/src/widgets/framework.dart:5833:27)
#65     ConsumerStatefulElement.build (package:flutter_riverpod/src/consumer.dart:539:20)
#66     ComponentElement.performRebuild (package:flutter/src/widgets/framework.dart:5723:15)
#67     StatefulElement.performRebuild (package:flutter/src/widgets/framework.dart:5884:11)
#68     Element.rebuild (package:flutter/src/widgets/framework.dart:5435:7)
#69     ComponentElement._firstBuild (package:flutter/src/widgets/framework.dart:5705:5)
#70     StatefulElement._firstBuild (package:flutter/src/widgets/framework.dart:5875:11)
#71     ComponentElement.mount (package:flutter/src/widgets/framework.dart:5699:5)
#72     Element.inflateWidget (package:flutter/src/widgets/framework.dart:4548:16)
#73     Element.updateChild (package:flutter/src/widgets/framework.dart:4004:18)
#74     SingleChildRenderObjectElement.mount (package:flutter/src/widgets/framework.dart:7018:14)
#75     Element.inflateWidget (package:flutter/src/widgets/framework.dart:4548:16)
#76     Element.updateChild (package:flutter/src/widgets/framework.dart:4004:18)
#77     ComponentElement.performRebuild (package:flutter/src/widgets/framework.dart:5747:16)
#78     Element.rebuild (package:flutter/src/widgets/framework.dart:5435:7)
#79     ComponentElement._firstBuild (package:flutter/src/widgets/framework.dart:5705:5)
#80     ComponentElement.mount (package:flutter/src/widgets/framework.dart:5699:5)
#81     Element.inflateWidget (package:flutter/src/widgets/framework.dart:4548:16)
#82     Element.updateChild (package:flutter/src/widgets/framework.dart:4004:18)
#83     SingleChildRenderObjectElement.mount (package:flutter/src/widgets/framework.dart:7018:14)
#84     Element.inflateWidget (package:flutter/src/widgets/framework.dart:4548:16)
#85     Element.updateChild (package:flutter/src/widgets/framework.dart:4004:18)
#86     SingleChildRenderObjectElement.mount (package:flutter/src/widgets/framework.dart:7018:14)
#87     Element.inflateWidget (package:flutter/src/widgets/framework.dart:4548:16)
#88     Element.updateChild (package:flutter/src/widgets/framework.dart:4004:18)
#89     ComponentElement.performRebuild (package:flutter/src/widgets/framework.dart:5747:16)
#90     StatefulElement.performRebuild (package:flutter/src/widgets/framework.dart:5884:11)
#91     Element.rebuild (package:flutter/src/widgets/framework.dart:5435:7)
#92     ComponentElement._firstBuild (package:flutter/src/widgets/framework.dart:5705:5)
#93     StatefulElement._firstBuild (package:flutter/src/widgets/framework.dart:5875:11)
#94     ComponentElement.mount (package:flutter/src/widgets/framework.dart:5699:5)
#95     Element.inflateWidget (package:flutter/src/widgets/framework.dart:4548:16)
#96     Element.updateChild (package:flutter/src/widgets/framework.dart:4004:18)
#97     SingleChildRenderObjectElement.mount (package:flutter/src/widgets/framework.dart:7018:14)
#98     Element.inflateWidget (package:flutter/src/widgets/framework.dart:4548:16)
#99     Element.updateChild (package:flutter/src/widgets/framework.dart:4004:18)
#100    ComponentElement.performRebuild (package:flutter/src/widgets/framework.dart:5747:16)
#101    StatefulElement.performRebuild (package:flutter/src/widgets/framework.dart:5884:11)
#102    Element.rebuild (package:flutter/src/widgets/framework.dart:5435:7)
#103    ComponentElement._firstBuild (package:flutter/src/widgets/framework.dart:5705:5)
#104    StatefulElement._firstBuild (package:flutter/src/widgets/framework.dart:5875:11)
#105    ComponentElement.mount (package:flutter/src/widgets/framework.dart:5699:5)
#106    Element.inflateWidget (package:flutter/src/widgets/framework.dart:4548:16)
#107    Element.updateChild (package:flutter/src/widgets/framework.dart:4004:18)
#108    SingleChildRenderObjectElement.mount (package:flutter/src/widgets/framework.dart:7018:14)
#109    Element.inflateWidget (package:flutter/src/widgets/framework.dart:4548:16)
#110    Element.updateChild (package:flutter/src/widgets/framework.dart:4004:18)
#111    ComponentElement.performRebuild (package:flutter/src/widgets/framework.dart:5747:16)
#112    StatefulElement.performRebuild (package:flutter/src/widgets/framework.dart:5884:11)
#113    Element.rebuild (package:flutter/src/widgets/framework.dart:5435:7)
#114    ComponentElement._firstBuild (package:flutter/src/widgets/framework.dart:5705:5)
#115    StatefulElement._firstBuild (package:flutter/src/widgets/framework.dart:5875:11)
#116    ComponentElement.mount (package:flutter/src/widgets/framework.dart:5699:5)
#117    Element.inflateWidget (package:flutter/src/widgets/framework.dart:4548:16)
#118    Element.updateChild (package:flutter/src/widgets/framework.dart:4004:18)
#119    ComponentElement.performRebuild (package:flutter/src/widgets/framework.dart:5747:16)
#120    StatefulElement.performRebuild (package:flutter/src/widgets/framework.dart:5884:11)
#121    Element.rebuild (package:flutter/src/widgets/framework.dart:5435:7)
#122    ComponentElement._firstBuild (package:flutter/src/widgets/framework.dart:5705:5)
#123    StatefulElement._firstBuild (package:flutter/src/widgets/framework.dart:5875:11)
#124    ComponentElement.mount (package:flutter/src/widgets/framework.dart:5699:5)
#125    Element.inflateWidget (package:flutter/src/widgets/framework.dart:4548:16)
#126    Element.updateChild (package:flutter/src/widgets/framework.dart:4004:18)
#127    SingleChildRenderObjectElement.mount (package:flutter/src/widgets/framework.dart:7018:14)
#128    Element.inflateWidget (package:flutter/src/widgets/framework.dart:4548:16)
#129    Element.updateChild (package:flutter/src/widgets/framework.dart:4004:18)
#130    ComponentElement.performRebuild (package:flutter/src/widgets/framework.dart:5747:16)
#131    StatefulElement.performRebuild (package:flutter/src/widgets/framework.dart:5884:11)
#132    Element.rebuild (package:flutter/src/widgets/framework.dart:5435:7)
#133    ComponentElement._firstBuild (package:flutter/src/widgets/framework.dart:5705:5)
#134    StatefulElement._firstBuild (package:flutter/src/widgets/framework.dart:5875:11)
#135    ComponentElement.mount (package:flutter/src/widgets/framework.dart:5699:5)
#136    Element.inflateWidget (package:flutter/src/widgets/framework.dart:4548:16)
#137    Element.updateChild (package:flutter/src/widgets/framework.dart:4004:18)
#138    SingleChildRenderObjectElement.mount (package:flutter/src/widgets/framework.dart:7018:14)
#139    Element.inflateWidget (package:flutter/src/widgets/framework.dart:4548:16)
#140    Element.updateChild (package:flutter/src/widgets/framework.dart:4004:18)
#141    ComponentElement.performRebuild (package:flutter/src/widgets/framework.dart:5747:16)
#142    StatefulElement.performRebuild (package:flutter/src/widgets/framework.dart:5884:11)
#143    Element.rebuild (package:flutter/src/widgets/framework.dart:5435:7)
#144    ComponentElement._firstBuild (package:flutter/src/widgets/framework.dart:5705:5)
#145    StatefulElement._firstBuild (package:flutter/src/widgets/framework.dart:5875:11)
#146    ComponentElement.mount (package:flutter/src/widgets/framework.dart:5699:5)
#147    Element.inflateWidget (package:flutter/src/widgets/framework.dart:4548:16)
#148    Element.updateChild (package:flutter/src/widgets/framework.dart:4004:18)
#149    ComponentElement.performRebuild (package:flutter/src/widgets/framework.dart:5747:16)
#150    StatefulElement.performRebuild (package:flutter/src/widgets/framework.dart:5884:11)
#151    Element.rebuild (package:flutter/src/widgets/framework.dart:5435:7)
#152    ComponentElement._firstBuild (package:flutter/src/widgets/framework.dart:5705:5)
#153    StatefulElement._firstBuild (package:flutter/src/widgets/framework.dart:5875:11)
#154    ComponentElement.mount (package:flutter/src/widgets/framework.dart:5699:5)
#155    Element.inflateWidget (package:flutter/src/widgets/framework.dart:4548:16)
#156    Element.updateChild (package:flutter/src/widgets/framework.dart:4004:18)
#157    ComponentElement.performRebuild (package:flutter/src/widgets/framework.dart:5747:16)
#158    Element.rebuild (package:flutter/src/widgets/framework.dart:5435:7)
#159    ComponentElement._firstBuild (package:flutter/src/widgets/framework.dart:5705:5)
#160    ComponentElement.mount (package:flutter/src/widgets/framework.dart:5699:5)
#161    Element.inflateWidget (package:flutter/src/widgets/framework.dart:4548:16)
#162    Element.updateChild (package:flutter/src/widgets/framework.dart:4004:18)
#163    ComponentElement.performRebuild (package:flutter/src/widgets/framework.dart:5747:16)
#164    StatefulElement.performRebuild (package:flutter/src/widgets/framework.dart:5884:11)
#165    Element.rebuild (package:flutter/src/widgets/framework.dart:5435:7)
#166    ComponentElement._firstBuild (package:flutter/src/widgets/framework.dart:5705:5)
#167    StatefulElement._firstBuild (package:flutter/src/widgets/framework.dart:5875:11)
#168    ComponentElement.mount (package:flutter/src/widgets/framework.dart:5699:5)
#169    Element.inflateWidget (package:flutter/src/widgets/framework.dart:4548:16)
#170    Element.updateChild (package:flutter/src/widgets/framework.dart:4004:18)
#171    ComponentElement.performRebuild (package:flutter/src/widgets/framework.dart:5747:16)
#172    StatefulElement.performRebuild (package:flutter/src/widgets/framework.dart:5884:11)
#173    Element.rebuild (package:flutter/src/widgets/framework.dart:5435:7)
#174    ComponentElement._firstBuild (package:flutter/src/widgets/framework.dart:5705:5)
#175    StatefulElement._firstBuild (package:flutter/src/widgets/framework.dart:5875:11)
#176    ComponentElement.mount (package:flutter/src/widgets/framework.dart:5699:5)
#177    Element.inflateWidget (package:flutter/src/widgets/framework.dart:4548:16)
#178    Element.updateChild (package:flutter/src/widgets/framework.dart:4004:18)
#179    SingleChildRenderObjectElement.mount (package:flutter/src/widgets/framework.dart:7018:14)
#180    Element.inflateWidget (package:flutter/src/widgets/framework.dart:4548:16)
#181    Element.updateChild (package:flutter/src/widgets/framework.dart:4004:18)
#182    ComponentElement.performRebuild (package:flutter/src/widgets/framework.dart:5747:16)
#183    Element.rebuild (package:flutter/src/widgets/framework.dart:5435:7)
#184    ComponentElement._firstBuild (package:flutter/src/widgets/framework.dart:5705:5)
#185    ComponentElement.mount (package:flutter/src/widgets/framework.dart:5699:5)
#186    Element.inflateWidget (package:flutter/src/widgets/framework.dart:4548:16)
#187    Element.updateChild (package:flutter/src/widgets/framework.dart:4004:18)
#188    SingleChildRenderObjectElement.mount (package:flutter/src/widgets/framework.dart:7018:14)
#189    Element.inflateWidget (package:flutter/src/widgets/framework.dart:4548:16)
#190    Element.updateChild (package:flutter/src/widgets/framework.dart:4004:18)
#191    ComponentElement.performRebuild (package:flutter/src/widgets/framework.dart:5747:16)
#192    StatefulElement.performRebuild (package:flutter/src/widgets/framework.dart:5884:11)
#193    Element.rebuild (package:flutter/src/widgets/framework.dart:5435:7)
#194    ComponentElement._firstBuild (package:flutter/src/widgets/framework.dart:5705:5)
#195    StatefulElement._firstBuild (package:flutter/src/widgets/framework.dart:5875:11)
#196    ComponentElement.mount (package:flutter/src/widgets/framework.dart:5699:5)
#197    Element.inflateWidget (package:flutter/src/widgets/framework.dart:4548:16)
#198    Element.updateChild (package:flutter/src/widgets/framework.dart:4004:18)
#199    ComponentElement.performRebuild (package:flutter/src/widgets/framework.dart:5747:16)
#200    Element.rebuild (package:flutter/src/widgets/framework.dart:5435:7)
#201    ComponentElement._firstBuild (package:flutter/src/widgets/framework.dart:5705:5)
#202    ComponentElement.mount (package:flutter/src/widgets/framework.dart:5699:5)
#203    Element.inflateWidget (package:flutter/src/widgets/framework.dart:4548:16)
#204    Element.updateChild (package:flutter/src/widgets/framework.dart:4004:18)
#205    ComponentElement.performRebuild (package:flutter/src/widgets/framework.dart:5747:16)
#206    Element.rebuild (package:flutter/src/widgets/framework.dart:5435:7)
#207    ComponentElement._firstBuild (package:flutter/src/widgets/framework.dart:5705:5)
#208    ComponentElement.mount (package:flutter/src/widgets/framework.dart:5699:5)
#209    Element.inflateWidget (package:flutter/src/widgets/framework.dart:4548:16)
#210    Element.updateChild (package:flutter/src/widgets/framework.dart:4004:18)
#211    ComponentElement.performRebuild (package:flutter/src/widgets/framework.dart:5747:16)
#212    StatefulElement.performRebuild (package:flutter/src/widgets/framework.dart:5884:11)
#213    Element.rebuild (package:flutter/src/widgets/framework.dart:5435:7)
#214    ComponentElement._firstBuild (package:flutter/src/widgets/framework.dart:5705:5)
#215    StatefulElement._firstBuild (package:flutter/src/widgets/framework.dart:5875:11)
#216    ComponentElement.mount (package:flutter/src/widgets/framework.dart:5699:5)
#217    Element.inflateWidget (package:flutter/src/widgets/framework.dart:4548:16)
#218    Element.updateChild (package:flutter/src/widgets/framework.dart:4004:18)
#219    ComponentElement.performRebuild (package:flutter/src/widgets/framework.dart:5747:16)
#220    Element.rebuild (package:flutter/src/widgets/framework.dart:5435:7)
#221    ComponentElement._firstBuild (package:flutter/src/widgets/framework.dart:5705:5)
#222    ComponentElement.mount (package:flutter/src/widgets/framework.dart:5699:5)
#223    Element.inflateWidget (package:flutter/src/widgets/framework.dart:4548:16)
#224    Element.updateChild (package:flutter/src/widgets/framework.dart:4004:18)
#225    ComponentElement.performRebuild (package:flutter/src/widgets/framework.dart:5747:16)
#226    Element.rebuild (package:flutter/src/widgets/framework.dart:5435:7)
#227    ComponentElement._firstBuild (package:flutter/src/widgets/framework.dart:5705:5)
#228    ComponentElement.mount (package:flutter/src/widgets/framework.dart:5699:5)
#229    Element.inflateWidget (package:flutter/src/widgets/framework.dart:4548:16)
#230    Element.updateChild (package:flutter/src/widgets/framework.dart:4004:18)
#231    SingleChildRenderObjectElement.mount (package:flutter/src/widgets/framework.dart:7018:14)
#232    Element.inflateWidget (package:flutter/src/widgets/framework.dart:4548:16)
#233    Element.updateChild (package:flutter/src/widgets/framework.dart:4004:18)
#234    ComponentElement.performRebuild (package:flutter/src/widgets/framework.dart:5747:16)
#235    Element.rebuild (package:flutter/src/widgets/framework.dart:5435:7)
#236    ComponentElement._firstBuild (package:flutter/src/widgets/framework.dart:5705:5)
#237    ComponentElement.mount (package:flutter/src/widgets/framework.dart:5699:5)
#238    Element.inflateWidget (package:flutter/src/widgets/framework.dart:4548:16)
#239    Element.updateChild (package:flutter/src/widgets/framework.dart:4004:18)
#240    ComponentElement.performRebuild (package:flutter/src/widgets/framework.dart:5747:16)
#241    Element.rebuild (package:flutter/src/widgets/framework.dart:5435:7)
#242    ComponentElement._firstBuild (package:flutter/src/widgets/framework.dart:5705:5)
#243    ComponentElement.mount (package:flutter/src/widgets/framework.dart:5699:5)
#244    Element.inflateWidget (package:flutter/src/widgets/framework.dart:4548:16)
#245    Element.updateChild (package:flutter/src/widgets/framework.dart:4004:18)
#246    ComponentElement.performRebuild (package:flutter/src/widgets/framework.dart:5747:16)
#247    StatefulElement.performRebuild (package:flutter/src/widgets/framework.dart:5884:11)
#248    Element.rebuild (package:flutter/src/widgets/framework.dart:5435:7)
#249    ComponentElement._firstBuild (package:flutter/src/widgets/framework.dart:5705:5)
#250    StatefulElement._firstBuild (package:flutter/src/widgets/framework.dart:5875:11)
#251    ComponentElement.mount (package:flutter/src/widgets/framework.dart:5699:5)
#252    Element.inflateWidget (package:flutter/src/widgets/framework.dart:4548:16)
#253    Element.updateChild (package:flutter/src/widgets/framework.dart:4004:18)
#254    ComponentElement.performRebuild (package:flutter/src/widgets/framework.dart:5747:16)
#255    StatefulElement.performRebuild (package:flutter/src/widgets/framework.dart:5884:11)
#256    Element.rebuild (package:flutter/src/widgets/framework.dart:5435:7)
#257    ComponentElement._firstBuild (package:flutter/src/widgets/framework.dart:5705:5)
#258    StatefulElement._firstBuild (package:flutter/src/widgets/framework.dart:5875:11)
#259    ComponentElement.mount (package:flutter/src/widgets/framework.dart:5699:5)
#260    Element.inflateWidget (package:flutter/src/widgets/framework.dart:4548:16)
#261    Element.updateChild (package:flutter/src/widgets/framework.dart:4004:18)
#262    ComponentElement.performRebuild (package:flutter/src/widgets/framework.dart:5747:16)
#263    StatefulElement.performRebuild (package:flutter/src/widgets/framework.dart:5884:11)
#264    Element.rebuild (package:flutter/src/widgets/framework.dart:5435:7)
#265    ComponentElement._firstBuild (package:flutter/src/widgets/framework.dart:5705:5)
#266    StatefulElement._firstBuild (package:flutter/src/widgets/framework.dart:5875:11)
#267    ComponentElement.mount (package:flutter/src/widgets/framework.dart:5699:5)
#268    Element.inflateWidget (package:flutter/src/widgets/framework.dart:4548:16)
#269    Element.updateChild (package:flutter/src/widgets/framework.dart:4004:18)
#270    SingleChildRenderObjectElement.mount (package:flutter/src/widgets/framework.dart:7018:14)
#271    Element.inflateWidget (package:flutter/src/widgets/framework.dart:4548:16)
#272    Element.updateChild (package:flutter/src/widgets/framework.dart:4004:18)
#273    ComponentElement.performRebuild (package:flutter/src/widgets/framework.dart:5747:16)
#274    Element.rebuild (package:flutter/src/widgets/framework.dart:5435:7)
#275    ComponentElement._firstBuild (package:flutter/src/widgets/framework.dart:5705:5)
#276    ComponentElement.mount (package:flutter/src/widgets/framework.dart:5699:5)
#277    Element.inflateWidget (package:flutter/src/widgets/framework.dart:4548:16)
#278    Element.updateChild (package:flutter/src/widgets/framework.dart:4004:18)
#279    ComponentElement.performRebuild (package:flutter/src/widgets/framework.dart:5747:16)
#280    Element.rebuild (package:flutter/src/widgets/framework.dart:5435:7)
#281    ComponentElement._firstBuild (package:flutter/src/widgets/framework.dart:5705:5)
#282    ComponentElement.mount (package:flutter/src/widgets/framework.dart:5699:5)
#283    Element.inflateWidget (package:flutter/src/widgets/framework.dart:4548:16)
#284    Element.updateChild (package:flutter/src/widgets/framework.dart:4004:18)
#285    ComponentElement.performRebuild (package:flutter/src/widgets/framework.dart:5747:16)
#286    StatefulElement.performRebuild (package:flutter/src/widgets/framework.dart:5884:11)
#287    Element.rebuild (package:flutter/src/widgets/framework.dart:5435:7)
#288    ComponentElement._firstBuild (package:flutter/src/widgets/framework.dart:5705:5)
#289    StatefulElement._firstBuild (package:flutter/src/widgets/framework.dart:5875:11)
#290    ComponentElement.mount (package:flutter/src/widgets/framework.dart:5699:5)
#291    Element.inflateWidget (package:flutter/src/widgets/framework.dart:4548:16)
#292    Element.updateChild (package:flutter/src/widgets/framework.dart:4004:18)
#293    ComponentElement.performRebuild (package:flutter/src/widgets/framework.dart:5747:16)
#294    StatefulElement.performRebuild (package:flutter/src/widgets/framework.dart:5884:11)
#295    Element.rebuild (package:flutter/src/widgets/framework.dart:5435:7)
#296    ComponentElement._firstBuild (package:flutter/src/widgets/framework.dart:5705:5)
#297    StatefulElement._firstBuild (package:flutter/src/widgets/framework.dart:5875:11)
#298    ComponentElement.mount (package:flutter/src/widgets/framework.dart:5699:5)
#299    Element.inflateWidget (package:flutter/src/widgets/framework.dart:4548:16)
#300    MultiChildRenderObjectElement.inflateWidget (package:flutter/src/widgets/framework.dart:7169:36)
#301    MultiChildRenderObjectElement.mount (package:flutter/src/widgets/framework.dart:7185:32)
#302    Element.inflateWidget (package:flutter/src/widgets/framework.dart:4548:16)
#303    Element.updateChild (package:flutter/src/widgets/framework.dart:4004:18)
#304    ComponentElement.performRebuild (package:flutter/src/widgets/framework.dart:5747:16)
#305    StatefulElement.performRebuild (package:flutter/src/widgets/framework.dart:5884:11)
#306    Element.rebuild (package:flutter/src/widgets/framework.dart:5435:7)
#307    ComponentElement._firstBuild (package:flutter/src/widgets/framework.dart:5705:5)
#308    StatefulElement._firstBuild (package:flutter/src/widgets/framework.dart:5875:11)
#309    ComponentElement.mount (package:flutter/src/widgets/framework.dart:5699:5)
#310    Element.inflateWidget (package:flutter/src/widgets/framework.dart:4548:16)
#311    Element.updateChild (package:flutter/src/widgets/framework.dart:4004:18)
#312    ComponentElement.performRebuild (package:flutter/src/widgets/framework.dart:5747:16)
#313    Element.rebuild (package:flutter/src/widgets/framework.dart:5435:7)
#314    ComponentElement._firstBuild (package:flutter/src/widgets/framework.dart:5705:5)
#315    ComponentElement.mount (package:flutter/src/widgets/framework.dart:5699:5)
#316    Element.inflateWidget (package:flutter/src/widgets/framework.dart:4548:16)
#317    Element.updateChild (package:flutter/src/widgets/framework.dart:4004:18)
#318    ComponentElement.performRebuild (package:flutter/src/widgets/framework.dart:5747:16)
#319    Element.rebuild (package:flutter/src/widgets/framework.dart:5435:7)
#320    ComponentElement._firstBuild (package:flutter/src/widgets/framework.dart:5705:5)
#321    ComponentElement.mount (package:flutter/src/widgets/framework.dart:5699:5)
#322    Element.inflateWidget (package:flutter/src/widgets/framework.dart:4548:16)
#323    Element.updateChild (package:flutter/src/widgets/framework.dart:4004:18)
#324    ComponentElement.performRebuild (package:flutter/src/widgets/framework.dart:5747:16)
#325    StatefulElement.performRebuild (package:flutter/src/widgets/framework.dart:5884:11)
#326    Element.rebuild (package:flutter/src/widgets/framework.dart:5435:7)
#327    ComponentElement._firstBuild (package:flutter/src/widgets/framework.dart:5705:5)
#328    StatefulElement._firstBuild (package:flutter/src/widgets/framework.dart:5875:11)
#329    ComponentElement.mount (package:flutter/src/widgets/framework.dart:5699:5)
#330    Element.inflateWidget (package:flutter/src/widgets/framework.dart:4548:16)
#331    Element.updateChild (package:flutter/src/widgets/framework.dart:4004:18)
#332    ComponentElement.performRebuild (package:flutter/src/widgets/framework.dart:5747:16)
#333    Element.rebuild (package:flutter/src/widgets/framework.dart:5435:7)
#334    ComponentElement._firstBuild (package:flutter/src/widgets/framework.dart:5705:5)
#335    ComponentElement.mount (package:flutter/src/widgets/framework.dart:5699:5)
#336    Element.inflateWidget (package:flutter/src/widgets/framework.dart:4548:16)
#337    Element.updateChild (package:flutter/src/widgets/framework.dart:4004:18)
#338    ComponentElement.performRebuild (package:flutter/src/widgets/framework.dart:5747:16)
#339    StatefulElement.performRebuild (package:flutter/src/widgets/framework.dart:5884:11)
#340    Element.rebuild (package:flutter/src/widgets/framework.dart:5435:7)
#341    ComponentElement._firstBuild (package:flutter/src/widgets/framework.dart:5705:5)
#342    StatefulElement._firstBuild (package:flutter/src/widgets/framework.dart:5875:11)
#343    ComponentElement.mount (package:flutter/src/widgets/framework.dart:5699:5)
#344    Element.inflateWidget (package:flutter/src/widgets/framework.dart:4548:16)
#345    Element.updateChild (package:flutter/src/widgets/framework.dart:4004:18)
#346    ComponentElement.performRebuild (package:flutter/src/widgets/framework.dart:5747:16)
#347    StatefulElement.performRebuild (package:flutter/src/widgets/framework.dart:5884:11)
#348    Element.rebuild (package:flutter/src/widgets/framework.dart:5435:7)
#349    ComponentElement._firstBuild (package:flutter/src/widgets/framework.dart:5705:5)
#350    StatefulElement._firstBuild (package:flutter/src/widgets/framework.dart:5875:11)
#351    ComponentElement.mount (package:flutter/src/widgets/framework.dart:5699:5)
#352    Element.inflateWidget (package:flutter/src/widgets/framework.dart:4548:16)
#353    Element.updateChild (package:flutter/src/widgets/framework.dart:4004:18)
#354    SingleChildRenderObjectElement.mount (package:flutter/src/widgets/framework.dart:7018:14)
#355    Element.inflateWidget (package:flutter/src/widgets/framework.dart:4548:16)
#356    Element.updateChild (package:flutter/src/widgets/framework.dart:4004:18)
#357    SingleChildRenderObjectElement.mount (package:flutter/src/widgets/framework.dart:7018:14)
#358    Element.inflateWidget (package:flutter/src/widgets/framework.dart:4548:16)
#359    Element.updateChild (package:flutter/src/widgets/framework.dart:4004:18)
#360    ComponentElement.performRebuild (package:flutter/src/widgets/framework.dart:5747:16)
#361    Element.rebuild (package:flutter/src/widgets/framework.dart:5435:7)
#362    ComponentElement._firstBuild (package:flutter/src/widgets/framework.dart:5705:5)
#363    ComponentElement.mount (package:flutter/src/widgets/framework.dart:5699:5)
#364    Element.inflateWidget (package:flutter/src/widgets/framework.dart:4548:16)
#365    Element.updateChild (package:flutter/src/widgets/framework.dart:4004:18)
#366    ComponentElement.performRebuild (package:flutter/src/widgets/framework.dart:5747:16)
#367    Element.rebuild (package:flutter/src/widgets/framework.dart:5435:7)
#368    ComponentElement._firstBuild (package:flutter/src/widgets/framework.dart:5705:5)
#369    ComponentElement.mount (package:flutter/src/widgets/framework.dart:5699:5)
#370    Element.inflateWidget (package:flutter/src/widgets/framework.dart:4548:16)
#371    Element.updateChild (package:flutter/src/widgets/framework.dart:4004:18)
#372    ComponentElement.performRebuild (package:flutter/src/widgets/framework.dart:5747:16)
#373    StatefulElement.performRebuild (package:flutter/src/widgets/framework.dart:5884:11)
#374    Element.rebuild (package:flutter/src/widgets/framework.dart:5435:7)
#375    ComponentElement._firstBuild (package:flutter/src/widgets/framework.dart:5705:5)
#376    StatefulElement._firstBuild (package:flutter/src/widgets/framework.dart:5875:11)
#377    ComponentElement.mount (package:flutter/src/widgets/framework.dart:5699:5)
#378    Element.inflateWidget (package:flutter/src/widgets/framework.dart:4548:16)
#379    Element.updateChild (package:flutter/src/widgets/framework.dart:4004:18)
#380    ComponentElement.performRebuild (package:flutter/src/widgets/framework.dart:5747:16)
#381    Element.rebuild (package:flutter/src/widgets/framework.dart:5435:7)
#382    ComponentElement._firstBuild (package:flutter/src/widgets/framework.dart:5705:5)
#383    ComponentElement.mount (package:flutter/src/widgets/framework.dart:5699:5)
#384    Element.inflateWidget (package:flutter/src/widgets/framework.dart:4548:16)
#385    Element.updateChild (package:flutter/src/widgets/framework.dart:4004:18)
#386    SingleChildRenderObjectElement.mount (package:flutter/src/widgets/framework.dart:7018:14)
#387    Element.inflateWidget (package:flutter/src/widgets/framework.dart:4548:16)
#388    Element.updateChild (package:flutter/src/widgets/framework.dart:4004:18)
#389    ComponentElement.performRebuild (package:flutter/src/widgets/framework.dart:5747:16)
#390    StatefulElement.performRebuild (package:flutter/src/widgets/framework.dart:5884:11)
#391    Element.rebuild (package:flutter/src/widgets/framework.dart:5435:7)
#392    ComponentElement._firstBuild (package:flutter/src/widgets/framework.dart:5705:5)
#393    StatefulElement._firstBuild (package:flutter/src/widgets/framework.dart:5875:11)
#394    ComponentElement.mount (package:flutter/src/widgets/framework.dart:5699:5)
#395    Element.inflateWidget (package:flutter/src/widgets/framework.dart:4548:16)
#396    Element.updateChild (package:flutter/src/widgets/framework.dart:4004:18)
#397    ComponentElement.performRebuild (package:flutter/src/widgets/framework.dart:5747:16)
#398    Element.rebuild (package:flutter/src/widgets/framework.dart:5435:7)
#399    ComponentElement._firstBuild (package:flutter/src/widgets/framework.dart:5705:5)
#400    ComponentElement.mount (package:flutter/src/widgets/framework.dart:5699:5)
#401    Element.inflateWidget (package:flutter/src/widgets/framework.dart:4548:16)
#402    Element.updateChild (package:flutter/src/widgets/framework.dart:4004:18)
#403    ComponentElement.performRebuild (package:flutter/src/widgets/framework.dart:5747:16)
#404    Element.rebuild (package:flutter/src/widgets/framework.dart:5435:7)
#405    ComponentElement._firstBuild (package:flutter/src/widgets/framework.dart:5705:5)
#406    ComponentElement.mount (package:flutter/src/widgets/framework.dart:5699:5)
#407    Element.inflateWidget (package:flutter/src/widgets/framework.dart:4548:16)
#408    Element.updateChild (package:flutter/src/widgets/framework.dart:4004:18)
#409    ComponentElement.performRebuild (package:flutter/src/widgets/framework.dart:5747:16)
#410    StatefulElement.performRebuild (package:flutter/src/widgets/framework.dart:5884:11)
#411    Element.rebuild (package:flutter/src/widgets/framework.dart:5435:7)
#412    ComponentElement._firstBuild (package:flutter/src/widgets/framework.dart:5705:5)
#413    StatefulElement._firstBuild (package:flutter/src/widgets/framework.dart:5875:11)
#414    ComponentElement.mount (package:flutter/src/widgets/framework.dart:5699:5)
#415    Element.inflateWidget (package:flutter/src/widgets/framework.dart:4548:16)
#416    Element.updateChild (package:flutter/src/widgets/framework.dart:4004:18)
#417    ComponentElement.performRebuild (package:flutter/src/widgets/framework.dart:5747:16)
#418    Element.rebuild (package:flutter/src/widgets/framework.dart:5435:7)
#419    ComponentElement._firstBuild (package:flutter/src/widgets/framework.dart:5705:5)
#420    ComponentElement.mount (package:flutter/src/widgets/framework.dart:5699:5)
#421    Element.inflateWidget (package:flutter/src/widgets/framework.dart:4548:16)
#422    Element.updateChild (package:flutter/src/widgets/framework.dart:4004:18)
#423    ComponentElement.performRebuild (package:flutter/src/widgets/framework.dart:5747:16)
#424    Element.rebuild (package:flutter/src/widgets/framework.dart:5435:7)
#425    ComponentElement._firstBuild (package:flutter/src/widgets/framework.dart:5705:5)
#426    ComponentElement.mount (package:flutter/src/widgets/framework.dart:5699:5)
#427    Element.inflateWidget (package:flutter/src/widgets/framework.dart:4548:16)
#428    Element.updateChild (package:flutter/src/widgets/framework.dart:4004:18)
#429    ComponentElement.performRebuild (package:flutter/src/widgets/framework.dart:5747:16)
#430    Element.rebuild (package:flutter/src/widgets/framework.dart:5435:7)
#431    ComponentElement._firstBuild (package:flutter/src/widgets/framework.dart:5705:5)
#432    ComponentElement.mount (package:flutter/src/widgets/framework.dart:5699:5)
#433    Element.inflateWidget (package:flutter/src/widgets/framework.dart:4548:16)
#434    Element.updateChild (package:flutter/src/widgets/framework.dart:4004:18)
#435    ComponentElement.performRebuild (package:flutter/src/widgets/framework.dart:5747:16)
#436    Element.rebuild (package:flutter/src/widgets/framework.dart:5435:7)
#437    ComponentElement._firstBuild (package:flutter/src/widgets/framework.dart:5705:5)
#438    ComponentElement.mount (package:flutter/src/widgets/framework.dart:5699:5)
#439    Element.inflateWidget (package:flutter/src/widgets/framework.dart:4548:16)
#440    Element.updateChild (package:flutter/src/widgets/framework.dart:4004:18)
#441    ComponentElement.performRebuild (package:flutter/src/widgets/framework.dart:5747:16)
#442    Element.rebuild (package:flutter/src/widgets/framework.dart:5435:7)
#443    ComponentElement._firstBuild (package:flutter/src/widgets/framework.dart:5705:5)
#444    ComponentElement.mount (package:flutter/src/widgets/framework.dart:5699:5)
#445    Element.inflateWidget (package:flutter/src/widgets/framework.dart:4548:16)
#446    Element.updateChild (package:flutter/src/widgets/framework.dart:4004:18)
#447    ComponentElement.performRebuild (package:flutter/src/widgets/framework.dart:5747:16)
#448    Element.rebuild (package:flutter/src/widgets/framework.dart:5435:7)
#449    ComponentElement._firstBuild (package:flutter/src/widgets/framework.dart:5705:5)
#450    ComponentElement.mount (package:flutter/src/widgets/framework.dart:5699:5)
#451    Element.inflateWidget (package:flutter/src/widgets/framework.dart:4548:16)
#452    Element.updateChild (package:flutter/src/widgets/framework.dart:4004:18)
#453    ComponentElement.performRebuild (package:flutter/src/widgets/framework.dart:5747:16)
#454    Element.rebuild (package:flutter/src/widgets/framework.dart:5435:7)
#455    ComponentElement._firstBuild (package:flutter/src/widgets/framework.dart:5705:5)
#456    ComponentElement.mount (package:flutter/src/widgets/framework.dart:5699:5)
#457    Element.inflateWidget (package:flutter/src/widgets/framework.dart:4548:16)
#458    Element.updateChild (package:flutter/src/widgets/framework.dart:4004:18)
#459    ComponentElement.performRebuild (package:flutter/src/widgets/framework.dart:5747:16)
#460    StatefulElement.performRebuild (package:flutter/src/widgets/framework.dart:5884:11)
#461    Element.rebuild (package:flutter/src/widgets/framework.dart:5435:7)
#462    ComponentElement._firstBuild (package:flutter/src/widgets/framework.dart:5705:5)
#463    StatefulElement._firstBuild (package:flutter/src/widgets/framework.dart:5875:11)
#464    ComponentElement.mount (package:flutter/src/widgets/framework.dart:5699:5)
#465    Element.inflateWidget (package:flutter/src/widgets/framework.dart:4548:16)
#466    Element.updateChild (package:flutter/src/widgets/framework.dart:4004:18)
#467    ComponentElement.performRebuild (package:flutter/src/widgets/framework.dart:5747:16)
#468    Element.rebuild (package:flutter/src/widgets/framework.dart:5435:7)
#469    ComponentElement._firstBuild (package:flutter/src/widgets/framework.dart:5705:5)
#470    ComponentElement.mount (package:flutter/src/widgets/framework.dart:5699:5)
#471    Element.inflateWidget (package:flutter/src/widgets/framework.dart:4548:16)
#472    Element.updateChild (package:flutter/src/widgets/framework.dart:4004:18)
#473    ComponentElement.performRebuild (package:flutter/src/widgets/framework.dart:5747:16)
#474    Element.rebuild (package:flutter/src/widgets/framework.dart:5435:7)
#475    ComponentElement._firstBuild (package:flutter/src/widgets/framework.dart:5705:5)
#476    ComponentElement.mount (package:flutter/src/widgets/framework.dart:5699:5)
#477    Element.inflateWidget (package:flutter/src/widgets/framework.dart:4548:16)
#478    Element.updateChild (package:flutter/src/widgets/framework.dart:4004:18)
#479    ComponentElement.performRebuild (package:flutter/src/widgets/framework.dart:5747:16)
#480    StatefulElement.performRebuild (package:flutter/src/widgets/framework.dart:5884:11)
#481    Element.rebuild (package:flutter/src/widgets/framework.dart:5435:7)
#482    ComponentElement._firstBuild (package:flutter/src/widgets/framework.dart:5705:5)
#483    StatefulElement._firstBuild (package:flutter/src/widgets/framework.dart:5875:11)
#484    ComponentElement.mount (package:flutter/src/widgets/framework.dart:5699:5)
#485    Element.inflateWidget (package:flutter/src/widgets/framework.dart:4548:16)
#486    Element.updateChild (package:flutter/src/widgets/framework.dart:4004:18)
#487    SingleChildRenderObjectElement.mount (package:flutter/src/widgets/framework.dart:7018:14)
#488    Element.inflateWidget (package:flutter/src/widgets/framework.dart:4548:16)
#489    Element.updateChild (package:flutter/src/widgets/framework.dart:4004:18)
#490    ComponentElement.performRebuild (package:flutter/src/widgets/framework.dart:5747:16)
#491    StatefulElement.performRebuild (package:flutter/src/widgets/framework.dart:5884:11)
#492    Element.rebuild (package:flutter/src/widgets/framework.dart:5435:7)
#493    ComponentElement._firstBuild (package:flutter/src/widgets/framework.dart:5705:5)
#494    StatefulElement._firstBuild (package:flutter/src/widgets/framework.dart:5875:11)
#495    ComponentElement.mount (package:flutter/src/widgets/framework.dart:5699:5)
#496    Element.inflateWidget (package:flutter/src/widgets/framework.dart:4548:16)
#497    Element.updateChild (package:flutter/src/widgets/framework.dart:4004:18)
#498    ComponentElement.performRebuild (package:flutter/src/widgets/framework.dart:5747:16)
#499    Element.rebuild (package:flutter/src/widgets/framework.dart:5435:7)
#500    ComponentElement._firstBuild (package:flutter/src/widgets/framework.dart:5705:5)
#501    ComponentElement.mount (package:flutter/src/widgets/framework.dart:5699:5)
#502    Element.inflateWidget (package:flutter/src/widgets/framework.dart:4548:16)
#503    Element.updateChild (package:flutter/src/widgets/framework.dart:4004:18)
#504    ComponentElement.performRebuild (package:flutter/src/widgets/framework.dart:5747:16)
#505    Element.rebuild (package:flutter/src/widgets/framework.dart:5435:7)
#506    ComponentElement._firstBuild (package:flutter/src/widgets/framework.dart:5705:5)
#507    ComponentElement.mount (package:flutter/src/widgets/framework.dart:5699:5)
#508    Element.inflateWidget (package:flutter/src/widgets/framework.dart:4548:16)
#509    Element.updateChild (package:flutter/src/widgets/framework.dart:4004:18)
#510    ComponentElement.performRebuild (package:flutter/src/widgets/framework.dart:5747:16)
#511    Element.rebuild (package:flutter/src/widgets/framework.dart:5435:7)
#512    ComponentElement._firstBuild (package:flutter/src/widgets/framework.dart:5705:5)
#513    ComponentElement.mount (package:flutter/src/widgets/framework.dart:5699:5)
#514    Element.inflateWidget (package:flutter/src/widgets/framework.dart:4548:16)
#515    Element.updateChild (package:flutter/src/widgets/framework.dart:4004:18)
#516    ComponentElement.performRebuild (package:flutter/src/widgets/framework.dart:5747:16)
#517    Element.rebuild (package:flutter/src/widgets/framework.dart:5435:7)
#518    ComponentElement._firstBuild (package:flutter/src/widgets/framework.dart:5705:5)
#519    ComponentElement.mount (package:flutter/src/widgets/framework.dart:5699:5)
#520    Element.inflateWidget (package:flutter/src/widgets/framework.dart:4548:16)
#521    Element.updateChild (package:flutter/src/widgets/framework.dart:4004:18)
#522    SingleChildRenderObjectElement.mount (package:flutter/src/widgets/framework.dart:7018:14)
#523    Element.inflateWidget (package:flutter/src/widgets/framework.dart:4548:16)
#524    Element.updateChild (package:flutter/src/widgets/framework.dart:4004:18)
#525    ComponentElement.performRebuild (package:flutter/src/widgets/framework.dart:5747:16)
#526    StatefulElement.performRebuild (package:flutter/src/widgets/framework.dart:5884:11)
#527    Element.rebuild (package:flutter/src/widgets/framework.dart:5435:7)
#528    ComponentElement._firstBuild (package:flutter/src/widgets/framework.dart:5705:5)
#529    StatefulElement._firstBuild (package:flutter/src/widgets/framework.dart:5875:11)
#530    ComponentElement.mount (package:flutter/src/widgets/framework.dart:5699:5)
#531    Element.inflateWidget (package:flutter/src/widgets/framework.dart:4548:16)
#532    Element.updateChild (package:flutter/src/widgets/framework.dart:4004:18)
#533    ComponentElement.performRebuild (package:flutter/src/widgets/framework.dart:5747:16)
#534    StatefulElement.performRebuild (package:flutter/src/widgets/framework.dart:5884:11)
#535    Element.rebuild (package:flutter/src/widgets/framework.dart:5435:7)
#536    ComponentElement._firstBuild (package:flutter/src/widgets/framework.dart:5705:5)
#537    StatefulElement._firstBuild (package:flutter/src/widgets/framework.dart:5875:11)
#538    ComponentElement.mount (package:flutter/src/widgets/framework.dart:5699:5)
#539    Element.inflateWidget (package:flutter/src/widgets/framework.dart:4548:16)
#540    Element.updateChild (package:flutter/src/widgets/framework.dart:4004:18)
#541    SingleChildRenderObjectElement.mount (package:flutter/src/widgets/framework.dart:7018:14)
#542    Element.inflateWidget (package:flutter/src/widgets/framework.dart:4548:16)
#543    Element.updateChild (package:flutter/src/widgets/framework.dart:4004:18)
#544    ComponentElement.performRebuild (package:flutter/src/widgets/framework.dart:5747:16)
#545    Element.rebuild (package:flutter/src/widgets/framework.dart:5435:7)
#546    ComponentElement._firstBuild (package:flutter/src/widgets/framework.dart:5705:5)
#547    ComponentElement.mount (package:flutter/src/widgets/framework.dart:5699:5)
#548    Element.inflateWidget (package:flutter/src/widgets/framework.dart:4548:16)
#549    Element.updateChild (package:flutter/src/widgets/framework.dart:4004:18)
#550    ComponentElement.performRebuild (package:flutter/src/widgets/framework.dart:5747:16)
#551    StatefulElement.performRebuild (package:flutter/src/widgets/framework.dart:5884:11)
#552    Element.rebuild (package:flutter/src/widgets/framework.dart:5435:7)
#553    ComponentElement._firstBuild (package:flutter/src/widgets/framework.dart:5705:5)
#554    StatefulElement._firstBuild (package:flutter/src/widgets/framework.dart:5875:11)
#555    ComponentElement.mount (package:flutter/src/widgets/framework.dart:5699:5)
#556    Element.inflateWidget (package:flutter/src/widgets/framework.dart:4548:16)
#557    Element.updateChild (package:flutter/src/widgets/framework.dart:4004:18)
#558    ComponentElement.performRebuild (package:flutter/src/widgets/framework.dart:5747:16)
#559    StatefulElement.performRebuild (package:flutter/src/widgets/framework.dart:5884:11)
#560    Element.rebuild (package:flutter/src/widgets/framework.dart:5435:7)
#561    ComponentElement._firstBuild (package:flutter/src/widgets/framework.dart:5705:5)
#562    StatefulElement._firstBuild (package:flutter/src/widgets/framework.dart:5875:11)
#563    ComponentElement.mount (package:flutter/src/widgets/framework.dart:5699:5)
#564    Element.inflateWidget (package:flutter/src/widgets/framework.dart:4548:16)
#565    Element.updateChild (package:flutter/src/widgets/framework.dart:4004:18)
#566    ComponentElement.performRebuild (package:flutter/src/widgets/framework.dart:5747:16)
#567    Element.rebuild (package:flutter/src/widgets/framework.dart:5435:7)
#568    ComponentElement._firstBuild (package:flutter/src/widgets/framework.dart:5705:5)
#569    ComponentElement.mount (package:flutter/src/widgets/framework.dart:5699:5)
#570    Element.inflateWidget (package:flutter/src/widgets/framework.dart:4548:16)
#571    Element.updateChild (package:flutter/src/widgets/framework.dart:4004:18)
#572    ComponentElement.performRebuild (package:flutter/src/widgets/framework.dart:5747:16)
#573    StatefulElement.performRebuild (package:flutter/src/widgets/framework.dart:5884:11)
#574    Element.rebuild (package:flutter/src/widgets/framework.dart:5435:7)
#575    ComponentElement._firstBuild (package:flutter/src/widgets/framework.dart:5705:5)
#576    StatefulElement._firstBuild (package:flutter/src/widgets/framework.dart:5875:11)
#577    ComponentElement.mount (package:flutter/src/widgets/framework.dart:5699:5)
#578    Element.inflateWidget (package:flutter/src/widgets/framework.dart:4548:16)
#579    Element.updateChild (package:flutter/src/widgets/framework.dart:4004:18)
#580    SingleChildRenderObjectElement.mount (package:flutter/src/widgets/framework.dart:7018:14)
#581    Element.inflateWidget (package:flutter/src/widgets/framework.dart:4548:16)
#582    Element.updateChild (package:flutter/src/widgets/framework.dart:4004:18)
#583    ComponentElement.performRebuild (package:flutter/src/widgets/framework.dart:5747:16)
#584    Element.rebuild (package:flutter/src/widgets/framework.dart:5435:7)
#585    ComponentElement._firstBuild (package:flutter/src/widgets/framework.dart:5705:5)
#586    ComponentElement.mount (package:flutter/src/widgets/framework.dart:5699:5)
#587    Element.inflateWidget (package:flutter/src/widgets/framework.dart:4548:16)
#588    Element.updateChild (package:flutter/src/widgets/framework.dart:4004:18)
#589    ComponentElement.performRebuild (package:flutter/src/widgets/framework.dart:5747:16)
#590    StatefulElement.performRebuild (package:flutter/src/widgets/framework.dart:5884:11)
#591    Element.rebuild (package:flutter/src/widgets/framework.dart:5435:7)
#592    ComponentElement._firstBuild (package:flutter/src/widgets/framework.dart:5705:5)
#593    StatefulElement._firstBuild (package:flutter/src/widgets/framework.dart:5875:11)
#594    ComponentElement.mount (package:flutter/src/widgets/framework.dart:5699:5)
#595    Element.inflateWidget (package:flutter/src/widgets/framework.dart:4548:16)
#596    Element.updateChild (package:flutter/src/widgets/framework.dart:4004:18)
#597    ComponentElement.performRebuild (package:flutter/src/widgets/framework.dart:5747:16)
#598    StatefulElement.performRebuild (package:flutter/src/widgets/framework.dart:5884:11)
#599    Element.rebuild (package:flutter/src/widgets/framework.dart:5435:7)
#600    ComponentElement._firstBuild (package:flutter/src/widgets/framework.dart:5705:5)
#601    StatefulElement._firstBuild (package:flutter/src/widgets/framework.dart:5875:11)
#602    ComponentElement.mount (package:flutter/src/widgets/framework.dart:5699:5)
00:23 +886 -6: /home/bootcamp/Proyectos-2026/Proyectos-Varios/Finanzas-Familiares-AS/test/presentation/screens/settings_screen_test.dart: SettingsScreen muestra título Configuración                  00:23 +886 -6: /home/bootcamp/Proyectos-2026/Proyectos-Varios/Finanzas-Familiares-AS/test/presentation/screens/notification_settings_screen_test.dart: NotificationSettingsScreen muestra iconos para cada opción
#603    Element.inflateWidget (package:flutter/src/widgets/framework.dart:4548:16)
#604    Element.updateChild (package:flutter/src/widgets/framework.dart:4004:18)
#605    ComponentElement.performRebuild (package:flutter/src/widgets/framework.dart:5747:16)
#606    Element.rebuild (package:flutter/src/widgets/framework.dart:5435:7)
#607    ComponentElement._firstBuild (package:flutter/src/widgets/framework.dart:5705:5)
#608    ComponentElement.mount (package:flutter/src/widgets/framework.dart:5699:5)
#609    Element.inflateWidget (package:flutter/src/widgets/framework.dart:4548:16)
#610    Element.updateChild (package:flutter/src/widgets/framework.dart:4004:18)
#611    ComponentElement.performRebuild (package:flutter/src/widgets/framework.dart:5747:16)
#612    StatefulElement.performRebuild (package:flutter/src/widgets/framework.dart:5884:11)
#613    Element.rebuild (package:flutter/src/widgets/framework.dart:5435:7)
#614    ComponentElement._firstBuild (package:flutter/src/widgets/framework.dart:5705:5)
#615    StatefulElement._firstBuild (package:flutter/src/widgets/framework.dart:5875:11)
#616    ComponentElement.mount (package:flutter/src/widgets/framework.dart:5699:5)
#617    Element.inflateWidget (package:flutter/src/widgets/framework.dart:4548:16)
#618    Element.updateChild (package:flutter/src/widgets/framework.dart:4004:18)
#619    SingleChildRenderObjectElement.mount (package:flutter/src/widgets/framework.dart:7018:14)
#620    Element.inflateWidget (package:flutter/src/widgets/framework.dart:4548:16)
#621    Element.updateChild (package:flutter/src/widgets/framework.dart:4004:18)
#622    ComponentElement.performRebuild (package:flutter/src/widgets/framework.dart:5747:16)
#623    Element.rebuild (package:flutter/src/widgets/framework.dart:5435:7)
#624    ComponentElement._firstBuild (package:flutter/src/widgets/framework.dart:5705:5)
#625    ComponentElement.mount (package:flutter/src/widgets/framework.dart:5699:5)
#626    Element.inflateWidget (package:flutter/src/widgets/framework.dart:4548:16)
#627    Element.updateChild (package:flutter/src/widgets/framework.dart:4004:18)
#628    ComponentElement.performRebuild (package:flutter/src/widgets/framework.dart:5747:16)
#629    StatefulElement.performRebuild (package:flutter/src/widgets/framework.dart:5884:11)
#630    Element.rebuild (package:flutter/src/widgets/framework.dart:5435:7)
#631    ComponentElement._firstBuild (package:flutter/src/widgets/framework.dart:5705:5)
#632    StatefulElement._firstBuild (package:flutter/src/widgets/framework.dart:5875:11)
#633    ComponentElement.mount (package:flutter/src/widgets/framework.dart:5699:5)
#634    Element.inflateWidget (package:flutter/src/widgets/framework.dart:4548:16)
#635    Element.updateChild (package:flutter/src/widgets/framework.dart:4004:18)
#636    ComponentElement.performRebuild (package:flutter/src/widgets/framework.dart:5747:16)
#637    StatefulElement.performRebuild (package:flutter/src/widgets/framework.dart:5884:11)
#638    Element.rebuild (package:flutter/src/widgets/framework.dart:5435:7)
#639    ComponentElement._firstBuild (package:flutter/src/widgets/framework.dart:5705:5)
#640    StatefulElement._firstBuild (package:flutter/src/widgets/framework.dart:5875:11)
#641    ComponentElement.mount (package:flutter/src/widgets/framework.dart:5699:5)
#642    Element.inflateWidget (package:flutter/src/widgets/framework.dart:4548:16)
#643    Element.updateChild (package:flutter/src/widgets/framework.dart:4004:18)
#644    ComponentElement.performRebuild (package:flutter/src/widgets/framework.dart:5747:16)
#645    Element.rebuild (package:flutter/src/widgets/framework.dart:5435:7)
#646    ComponentElement._firstBuild (package:flutter/src/widgets/framework.dart:5705:5)
#647    ComponentElement.mount (package:flutter/src/widgets/framework.dart:5699:5)
#648    Element.inflateWidget (package:flutter/src/widgets/framework.dart:4548:16)
#649    Element.updateChild (package:flutter/src/widgets/framework.dart:4004:18)
#650    SingleChildRenderObjectElement.mount (package:flutter/src/widgets/framework.dart:7018:14)
#651    Element.inflateWidget (package:flutter/src/widgets/framework.dart:4548:16)
#652    Element.updateChild (package:flutter/src/widgets/framework.dart:4004:18)
#653    ComponentElement.performRebuild (package:flutter/src/widgets/framework.dart:5747:16)
#654    Element.rebuild (package:flutter/src/widgets/framework.dart:5435:7)
#655    ComponentElement._firstBuild (package:flutter/src/widgets/framework.dart:5705:5)
#656    ComponentElement.mount (package:flutter/src/widgets/framework.dart:5699:5)
#657    Element.inflateWidget (package:flutter/src/widgets/framework.dart:4548:16)
#658    Element.updateChild (package:flutter/src/widgets/framework.dart:4004:18)
#659    ComponentElement.performRebuild (package:flutter/src/widgets/framework.dart:5747:16)
#660    StatefulElement.performRebuild (package:flutter/src/widgets/framework.dart:5884:11)
#661    Element.rebuild (package:flutter/src/widgets/framework.dart:5435:7)
#662    ComponentElement._firstBuild (package:flutter/src/widgets/framework.dart:5705:5)
#663    StatefulElement._firstBuild (package:flutter/src/widgets/framework.dart:5875:11)
#664    ComponentElement.mount (package:flutter/src/widgets/framework.dart:5699:5)
#665    Element.inflateWidget (package:flutter/src/widgets/framework.dart:4548:16)
#666    Element.updateChild (package:flutter/src/widgets/framework.dart:4004:18)
#667    ComponentElement.performRebuild (package:flutter/src/widgets/framework.dart:5747:16)
#668    StatefulElement.performRebuild (package:flutter/src/widgets/framework.dart:5884:11)
#669    Element.rebuild (package:flutter/src/widgets/framework.dart:5435:7)
#670    ComponentElement._firstBuild (package:flutter/src/widgets/framework.dart:5705:5)
#671    StatefulElement._firstBuild (package:flutter/src/widgets/framework.dart:5875:11)
#672    ComponentElement.mount (package:flutter/src/widgets/framework.dart:5699:5)
#673    Element.inflateWidget (package:flutter/src/widgets/framework.dart:4548:16)
#674    Element.updateChild (package:flutter/src/widgets/framework.dart:4004:18)
#675    ComponentElement.performRebuild (package:flutter/src/widgets/framework.dart:5747:16)
#676    Element.rebuild (package:flutter/src/widgets/framework.dart:5435:7)
#677    ComponentElement._firstBuild (package:flutter/src/widgets/framework.dart:5705:5)
#678    ComponentElement.mount (package:flutter/src/widgets/framework.dart:5699:5)
#679    Element.inflateWidget (package:flutter/src/widgets/framework.dart:4548:16)
#680    Element.updateChild (package:flutter/src/widgets/framework.dart:4004:18)
#681    ComponentElement.performRebuild (package:flutter/src/widgets/framework.dart:5747:16)
#682    Element.rebuild (package:flutter/src/widgets/framework.dart:5435:7)
#683    ComponentElement._firstBuild (package:flutter/src/widgets/framework.dart:5705:5)
#684    ComponentElement.mount (package:flutter/src/widgets/framework.dart:5699:5)
#685    Element.inflateWidget (package:flutter/src/widgets/framework.dart:4548:16)
#686    Element.updateChild (package:flutter/src/widgets/framework.dart:4004:18)
#687    ComponentElement.performRebuild (package:flutter/src/widgets/framework.dart:5747:16)
#688    StatefulElement.performRebuild (package:flutter/src/widgets/framework.dart:5884:11)
#689    Element.rebuild (package:flutter/src/widgets/framework.dart:5435:7)
#690    ComponentElement._firstBuild (package:flutter/src/widgets/framework.dart:5705:5)
#691    StatefulElement._firstBuild (package:flutter/src/widgets/framework.dart:5875:11)
#692    ComponentElement.mount (package:flutter/src/widgets/framework.dart:5699:5)
#693    Element.inflateWidget (package:flutter/src/widgets/framework.dart:4548:16)
#694    Element.updateChild (package:flutter/src/widgets/framework.dart:4004:18)
#695    ComponentElement.performRebuild (package:flutter/src/widgets/framework.dart:5747:16)
#696    Element.rebuild (package:flutter/src/widgets/framework.dart:5435:7)
#697    ComponentElement._firstBuild (package:flutter/src/widgets/framework.dart:5705:5)
#698    ComponentElement.mount (package:flutter/src/widgets/framework.dart:5699:5)
#699    Element.inflateWidget (package:flutter/src/widgets/framework.dart:4548:16)
#700    Element.updateChild (package:flutter/src/widgets/framework.dart:4004:18)
#701    ComponentElement.performRebuild (package:flutter/src/widgets/framework.dart:5747:16)
#702    StatefulElement.performRebuild (package:flutter/src/widgets/framework.dart:5884:11)
#703    Element.rebuild (package:flutter/src/widgets/framework.dart:5435:7)
#704    ComponentElement._firstBuild (package:flutter/src/widgets/framework.dart:5705:5)
#705    StatefulElement._firstBuild (package:flutter/src/widgets/framework.dart:5875:11)
#706    ComponentElement.mount (package:flutter/src/widgets/framework.dart:5699:5)
#707    Element.inflateWidget (package:flutter/src/widgets/framework.dart:4548:16)
#708    Element.updateChild (package:flutter/src/widgets/framework.dart:4004:18)
#709    ComponentElement.performRebuild (package:flutter/src/widgets/framework.dart:5747:16)
#710    Element.rebuild (package:flutter/src/widgets/framework.dart:5435:7)
#711    ComponentElement._firstBuild (package:flutter/src/widgets/framework.dart:5705:5)
#712    ComponentElement.mount (package:flutter/src/widgets/framework.dart:5699:5)
#713    Element.inflateWidget (package:flutter/src/widgets/framework.dart:4548:16)
#714    Element.updateChild (package:flutter/src/widgets/framework.dart:4004:18)
#715    ComponentElement.performRebuild (package:flutter/src/widgets/framework.dart:5747:16)
#716    StatefulElement.performRebuild (package:flutter/src/widgets/framework.dart:5884:11)
#717    Element.rebuild (package:flutter/src/widgets/framework.dart:5435:7)
#718    ComponentElement._firstBuild (package:flutter/src/widgets/framework.dart:5705:5)
#719    StatefulElement._firstBuild (package:flutter/src/widgets/framework.dart:5875:11)
#720    ComponentElement.mount (package:flutter/src/widgets/framework.dart:5699:5)
#721    Element.inflateWidget (package:flutter/src/widgets/framework.dart:4548:16)
#722    Element.updateChild (package:flutter/src/widgets/framework.dart:4004:18)
#723    ComponentElement.performRebuild (package:flutter/src/widgets/framework.dart:5747:16)
#724    StatefulElement.performRebuild (package:flutter/src/widgets/framework.dart:5884:11)
#725    Element.rebuild (package:flutter/src/widgets/framework.dart:5435:7)
#726    ComponentElement._firstBuild (package:flutter/src/widgets/framework.dart:5705:5)
#727    StatefulElement._firstBuild (package:flutter/src/widgets/framework.dart:5875:11)
#728    ComponentElement.mount (package:flutter/src/widgets/framework.dart:5699:5)
#729    Element.inflateWidget (package:flutter/src/widgets/framework.dart:4548:16)
#730    Element.updateChild (package:flutter/src/widgets/framework.dart:4004:18)
#731    SingleChildRenderObjectElement.mount (package:flutter/src/widgets/framework.dart:7018:14)
#732    Element.inflateWidget (package:flutter/src/widgets/framework.dart:4548:16)
#733    Element.updateChild (package:flutter/src/widgets/framework.dart:4004:18)
#734    ComponentElement.performRebuild (package:flutter/src/widgets/framework.dart:5747:16)
#735    Element.rebuild (package:flutter/src/widgets/framework.dart:5435:7)
#736    ComponentElement._firstBuild (package:flutter/src/widgets/framework.dart:5705:5)
#737    ComponentElement.mount (package:flutter/src/widgets/framework.dart:5699:5)
#738    Element.inflateWidget (package:flutter/src/widgets/framework.dart:4548:16)
#739    Element.updateChild (package:flutter/src/widgets/framework.dart:4004:18)
#740    ComponentElement.performRebuild (package:flutter/src/widgets/framework.dart:5747:16)
#741    StatefulElement.performRebuild (package:flutter/src/widgets/framework.dart:5884:11)
#742    Element.rebuild (package:flutter/src/widgets/framework.dart:5435:7)
#743    ComponentElement._firstBuild (package:flutter/src/widgets/framework.dart:5705:5)
#744    StatefulElement._firstBuild (package:flutter/src/widgets/framework.dart:5875:11)
#745    ComponentElement.mount (package:flutter/src/widgets/framework.dart:5699:5)
#746    Element.inflateWidget (package:flutter/src/widgets/framework.dart:4548:16)
#747    Element.updateChild (package:flutter/src/widgets/framework.dart:4004:18)
#748    ComponentElement.performRebuild (package:flutter/src/widgets/framework.dart:5747:16)
#749    Element.rebuild (package:flutter/src/widgets/framework.dart:5435:7)
#750    ComponentElement._firstBuild (package:flutter/src/widgets/framework.dart:5705:5)
#751    ComponentElement.mount (package:flutter/src/widgets/framework.dart:5699:5)
#752    Element.inflateWidget (package:flutter/src/widgets/framework.dart:4548:16)
#753    Element.updateChild (package:flutter/src/widgets/framework.dart:4004:18)
#754    ComponentElement.performRebuild (package:flutter/src/widgets/framework.dart:5747:16)
#755    Element.rebuild (package:flutter/src/widgets/framework.dart:5435:7)
#756    ComponentElement._firstBuild (package:flutter/src/widgets/framework.dart:5705:5)
#757    ComponentElement.mount (package:flutter/src/widgets/framework.dart:5699:5)
#758    Element.inflateWidget (package:flutter/src/widgets/framework.dart:4548:16)
#759    Element.updateChild (package:flutter/src/widgets/framework.dart:4004:18)
#760    ComponentElement.performRebuild (package:flutter/src/widgets/framework.dart:5747:16)
#761    StatefulElement.performRebuild (package:flutter/src/widgets/framework.dart:5884:11)
#762    Element.rebuild (package:flutter/src/widgets/framework.dart:5435:7)
#763    ComponentElement._firstBuild (package:flutter/src/widgets/framework.dart:5705:5)
#764    StatefulElement._firstBuild (package:flutter/src/widgets/framework.dart:5875:11)
#765    ComponentElement.mount (package:flutter/src/widgets/framework.dart:5699:5)
#766    Element.inflateWidget (package:flutter/src/widgets/framework.dart:4548:16)
#767    Element.updateChild (package:flutter/src/widgets/framework.dart:4004:18)
#768    ComponentElement.performRebuild (package:flutter/src/widgets/framework.dart:5747:16)
#769    Element.rebuild (package:flutter/src/widgets/framework.dart:5435:7)
#770    ComponentElement._firstBuild (package:flutter/src/widgets/framework.dart:5705:5)
#771    ComponentElement.mount (package:flutter/src/widgets/framework.dart:5699:5)
#772    _UncontrolledProviderScopeElement.mount (package:flutter_riverpod/src/framework.dart:315:11)
#773    Element.inflateWidget (package:flutter/src/widgets/framework.dart:4548:16)
#774    Element.updateChild (package:flutter/src/widgets/framework.dart:4004:18)
#775    ComponentElement.performRebuild (package:flutter/src/widgets/framework.dart:5747:16)
#776    StatefulElement.performRebuild (package:flutter/src/widgets/framework.dart:5884:11)
#777    Element.rebuild (package:flutter/src/widgets/framework.dart:5435:7)
#778    ComponentElement._firstBuild (package:flutter/src/widgets/framework.dart:5705:5)
#779    StatefulElement._firstBuild (package:flutter/src/widgets/framework.dart:5875:11)
#780    ComponentElement.mount (package:flutter/src/widgets/framework.dart:5699:5)
#781    Element.inflateWidget (package:flutter/src/widgets/framework.dart:4548:16)
#782    Element.updateChild (package:flutter/src/widgets/framework.dart:3998:20)
#783    ComponentElement.performRebuild (package:flutter/src/widgets/framework.dart:5747:16)
#784    Element.rebuild (package:flutter/src/widgets/framework.dart:5435:7)
#785    ProxyElement.update (package:flutter/src/widgets/framework.dart:6051:5)
#786    _InheritedNotifierElement.update (package:flutter/src/widgets/inherited_notifier.dart:108:11)
#787    Element.updateChild (package:flutter/src/widgets/framework.dart:3982:15)
#788    ComponentElement.performRebuild (package:flutter/src/widgets/framework.dart:5747:16)
#789    StatefulElement.performRebuild (package:flutter/src/widgets/framework.dart:5884:11)
#790    Element.rebuild (package:flutter/src/widgets/framework.dart:5435:7)
#791    StatefulElement.update (package:flutter/src/widgets/framework.dart:5909:5)
#792    Element.updateChild (package:flutter/src/widgets/framework.dart:3982:15)
#793    ComponentElement.performRebuild (package:flutter/src/widgets/framework.dart:5747:16)
#794    Element.rebuild (package:flutter/src/widgets/framework.dart:5435:7)
#795    ProxyElement.update (package:flutter/src/widgets/framework.dart:6051:5)
#796    _InheritedNotifierElement.update (package:flutter/src/widgets/inherited_notifier.dart:108:11)
#797    Element.updateChild (package:flutter/src/widgets/framework.dart:3982:15)
#798    ComponentElement.performRebuild (package:flutter/src/widgets/framework.dart:5747:16)
#799    StatefulElement.performRebuild (package:flutter/src/widgets/framework.dart:5884:11)
#800    Element.rebuild (package:flutter/src/widgets/framework.dart:5435:7)
#801    StatefulElement.update (package:flutter/src/widgets/framework.dart:5909:5)
#802    Element.updateChild (package:flutter/src/widgets/framework.dart:3982:15)
#803    ComponentElement.performRebuild (package:flutter/src/widgets/framework.dart:5747:16)
#804    StatefulElement.performRebuild (package:flutter/src/widgets/framework.dart:5884:11)
#805    Element.rebuild (package:flutter/src/widgets/framework.dart:5435:7)
#806    StatefulElement.update (package:flutter/src/widgets/framework.dart:5909:5)
#807    Element.updateChild (package:flutter/src/widgets/framework.dart:3982:15)
#808    ComponentElement.performRebuild (package:flutter/src/widgets/framework.dart:5747:16)
#809    Element.rebuild (package:flutter/src/widgets/framework.dart:5435:7)
#810    ProxyElement.update (package:flutter/src/widgets/framework.dart:6051:5)
#811    Element.updateChild (package:flutter/src/widgets/framework.dart:3982:15)
#812    ComponentElement.performRebuild (package:flutter/src/widgets/framework.dart:5747:16)
#813    StatefulElement.performRebuild (package:flutter/src/widgets/framework.dart:5884:11)
#814    Element.rebuild (package:flutter/src/widgets/framework.dart:5435:7)
#815    StatefulElement.update (package:flutter/src/widgets/framework.dart:5909:5)
#816    Element.updateChild (package:flutter/src/widgets/framework.dart:3982:15)
#817    ComponentElement.performRebuild (package:flutter/src/widgets/framework.dart:5747:16)
#818    Element.rebuild (package:flutter/src/widgets/framework.dart:5435:7)
#819    ProxyElement.update (package:flutter/src/widgets/framework.dart:6051:5)
#820    Element.updateChild (package:flutter/src/widgets/framework.dart:3982:15)
#821    ComponentElement.performRebuild (package:flutter/src/widgets/framework.dart:5747:16)
#822    Element.rebuild (package:flutter/src/widgets/framework.dart:5435:7)
#823    ProxyElement.update (package:flutter/src/widgets/framework.dart:6051:5)
#824    Element.updateChild (package:flutter/src/widgets/framework.dart:3982:15)
#825    _RawViewElement._updateChild (package:flutter/src/widgets/view.dart:481:16)
#826    _RawViewElement.update (package:flutter/src/widgets/view.dart:568:5)
#827    Element.updateChild (package:flutter/src/widgets/framework.dart:3982:15)
#828    ComponentElement.performRebuild (package:flutter/src/widgets/framework.dart:5747:16)
#829    Element.rebuild (package:flutter/src/widgets/framework.dart:5435:7)
#830    StatelessElement.update (package:flutter/src/widgets/framework.dart:5797:5)
#831    Element.updateChild (package:flutter/src/widgets/framework.dart:3982:15)
#832    ComponentElement.performRebuild (package:flutter/src/widgets/framework.dart:5747:16)
#833    StatefulElement.performRebuild (package:flutter/src/widgets/framework.dart:5884:11)
#834    Element.rebuild (package:flutter/src/widgets/framework.dart:5435:7)
#835    StatefulElement.update (package:flutter/src/widgets/framework.dart:5909:5)
#836    Element.updateChild (package:flutter/src/widgets/framework.dart:3982:15)
#837    RootElement._rebuild (package:flutter/src/widgets/binding.dart:1716:16)
#838    RootElement.update (package:flutter/src/widgets/binding.dart:1694:5)
#839    RootElement.performRebuild (package:flutter/src/widgets/binding.dart:1708:7)
#840    Element.rebuild (package:flutter/src/widgets/framework.dart:5435:7)
#841    BuildScope._tryRebuild (package:flutter/src/widgets/framework.dart:2695:15)
#842    BuildScope._flushDirtyElements (package:flutter/src/widgets/framework.dart:2752:11)
#843    BuildOwner.buildScope (package:flutter/src/widgets/framework.dart:3056:18)
#844    AutomatedTestWidgetsFlutterBinding.drawFrame (package:flutter_test/src/binding.dart:1506:19)
#845    RendererBinding._handlePersistentFrameCallback (package:flutter/src/rendering/binding.dart:495:5)
#846    SchedulerBinding._invokeFrameCallback (package:flutter/src/scheduler/binding.dart:1434:15)
#847    SchedulerBinding.handleDrawFrame (package:flutter/src/scheduler/binding.dart:1347:9)
#848    AutomatedTestWidgetsFlutterBinding.pump.<anonymous closure> (package:flutter_test/src/binding.dart:1335:9)
#849    _rootRun (dart:async/zone.dart:1525:13)
#850    _CustomZone.run (dart:async/zone.dart:1422:19)
#851    TestAsyncUtils.guard (package:flutter_test/src/test_async_utils.dart:74:41)
#852    AutomatedTestWidgetsFlutterBinding.pump (package:flutter_test/src/binding.dart:1324:27)
#853    WidgetTester.pumpWidget.<anonymous closure> (package:flutter_test/src/widget_tester.dart:598:22)
#854    _rootRun (dart:async/zone.dart:1525:13)
#855    _CustomZone.run (dart:async/zone.dart:1422:19)
#856    TestAsyncUtils.guard (package:flutter_test/src/test_async_utils.dart:74:41)
#857    WidgetTester.pumpWidget (package:flutter_test/src/widget_tester.dart:595:27)
#858    main.<anonymous closure>.<anonymous closure> (file:///home/bootcamp/Proyectos-2026/Proyectos-Varios/Finanzas-Familiares-AS/test/presentation/screens/notification_settings_screen_test.dart:74:20)
#859    testWidgets.<anonymous closure>.<anonymous closure> (package:flutter_test/src/widget_tester.dart:192:29)
<asynchronous suspension>
#860    TestWidgetsFlutterBinding._runTestBody (package:flutter_test/src/binding.dart:1059:5)
<asynchronous suspension>
#861    StackZoneSpecification._registerCallback.<anonymous closure> (package:stack_trace/src/stack_zone_specification.dart:114:42)
<asynchronous suspension>
This warning will only appear on debug builds.
══╡ EXCEPTION CAUGHT BY FLUTTER TEST FRAMEWORK ╞════════════════════════════════════════════════════
The following TestFailure was thrown running a test:
Expected: exactly one matching candidate
  Actual: _IconWidgetFinder:<Found 0 widgets with icon "IconData(U+0E4C3)": []>
   Which: means none were found but one was expected

When the exception was thrown, this was the stack:
#4      main.<anonymous closure>.<anonymous closure> (file:///home/bootcamp/Proyectos-2026/Proyectos-Varios/Finanzas-Familiares-AS/test/presentation/screens/notification_settings_screen_test.dart:77:7)
<asynchronous suspension>
#5      testWidgets.<anonymous closure>.<anonymous closure> (package:flutter_test/src/widget_tester.dart:192:15)
<asynchronous suspension>
#6      TestWidgetsFlutterBinding._runTestBody (package:flutter_test/src/binding.dart:1059:5)
<asynchronous suspension>
<asynchronous suspension>
(elided one frame from package:stack_trace)

This was caught by the test expectation on the following line:
  file:///home/bootcamp/Proyectos-2026/Proyectos-Varios/Finanzas-Familiares-AS/test/presentation/screens/notification_settings_screen_test.dart line 77
The test description was:
  muestra iconos para cada opción
════════════════════════════════════════════════════════════════════════════════════════════════════
00:23 +886 -7: /home/bootcamp/Proyectos-2026/Proyectos-Varios/Finanzas-Familiares-AS/test/presentation/screens/notification_settings_screen_test.dart: NotificationSettingsScreen muestra iconos para cada opción [E]
  Test failed. See exception logs above.
  The test description was: muestra iconos para cada opción
  

To run this test again: /home/bootcamp/flutter/bin/cache/dart-sdk/bin/dart test /home/bootcamp/Proyectos-2026/Proyectos-Varios/Finanzas-Familiares-AS/test/presentation/screens/notification_settings_screen_test.dart -p vm --plain-name 'NotificationSettingsScreen muestra iconos para cada opción'
00:23 +887 -7: /home/bootcamp/Proyectos-2026/Proyectos-Varios/Finanzas-Familiares-AS/test/presentation/screens/settings_screen_test.dart: SettingsScreen muestra título Configuración                  00:23 +888 -7: /home/bootcamp/Proyectos-2026/Proyectos-Varios/Finanzas-Familiares-AS/test/presentation/screens/settings_screen_test.dart: SettingsScreen muestra título Configuración                  00:23 +888 -7: /home/bootcamp/Proyectos-2026/Proyectos-Varios/Finanzas-Familiares-AS/test/presentation/screens/dashboard_screen_test.dart: DashboardScreen muestra título ¿Cómo Voy?                   
[DASHBOARD] Iniciando carga...
[DASHBOARD] Obteniendo datos...
00:23 +889 -7: /home/bootcamp/Proyectos-2026/Proyectos-Varios/Finanzas-Familiares-AS/test/presentation/screens/settings_screen_test.dart: SettingsScreen muestra título Configuración                  00:23 +890 -7: /home/bootcamp/Proyectos-2026/Proyectos-Varios/Finanzas-Familiares-AS/test/presentation/screens/dashboard_screen_test.dart: DashboardScreen muestra título ¿Cómo Voy?                   00:23 +890 -7: /home/bootcamp/Proyectos-2026/Proyectos-Varios/Finanzas-Familiares-AS/test/presentation/screens/settings_screen_test.dart: SettingsScreen muestra sección Apariencia                    
WARNING (drift): It looks like you've created the database class AppDatabase multiple times. When these two databases use the same QueryExecutor, race conditions will occur and might corrupt the database. 
Try to follow the advice at https://drift.simonbinder.eu/faq/#using-the-database or, if you know what you're doing, set driftRuntimeOptions.dontWarnAboutMultipleDatabases = true
Here is the stacktrace from when the database was opened a second time:
#0      GeneratedDatabase._handleInstantiated (package:drift/src/runtime/api/db_base.dart:96:30)
#1      GeneratedDatabase._whenConstructed (package:drift/src/runtime/api/db_base.dart:73:12)
#2      new GeneratedDatabase (package:drift/src/runtime/api/db_base.dart:64:5)
#3      new _$AppDatabase (package:finanzas_familiares/data/local/database.g.dart:14435:36)
#4      new AppDatabase (package:finanzas_familiares/data/local/database.dart:56:19)
00:23 +891 -7: /home/bootcamp/Proyectos-2026/Proyectos-Varios/Finanzas-Familiares-AS/test/presentation/screens/dashboard_screen_test.dart: DashboardScreen muestra título ¿Cómo Voy?                   00:23 +891 -7: /home/bootcamp/Proyectos-2026/Proyectos-Varios/Finanzas-Familiares-AS/test/presentation/screens/settings_screen_test.dart: SettingsScreen muestra sección Apariencia                    
#5      appDatabase (package:finanzas_familiares/application/providers/user_settings_provider.dart:49:10)
#6      Provider._create (package:riverpod/src/provider/base.dart:59:57)
#7      ProviderElement.create (package:riverpod/src/provider/base.dart:345:23)
#8      ProviderElementBase.buildState (package:riverpod/src/framework/element.dart:426:7)
#9      ProviderElementBase.mount (package:riverpod/src/framework/element.dart:228:5)
#10     _StateReader._create (package:riverpod/src/framework/container.dart:47:11)
#11     _StateReader.getElement (package:riverpod/src/framework/container.dart:35:52)
#12     ProviderContainer.readProviderElement (package:riverpod/src/framework/container.dart:479:19)
#13     ProviderElementBase._debugAssertCanDependOn.<anonymous closure> (package:riverpod/src/framework/element.dart:624:42)
#14     ProviderElementBase._debugAssertCanDependOn (package:riverpod/src/framework/element.dart:667:8)
#15     ProviderElementBase.watch (package:riverpod/src/framework/element.dart:714:12)
#16     userSettingsRepository (package:finanzas_familiares/application/providers/user_settings_provider.dart:15:24)
#17     Provider._create (package:riverpod/src/provider/base.dart:59:57)
#18     ProviderElement.create (package:riverpod/src/provider/base.dart:345:23)
#19     ProviderElementBase.buildState (package:riverpod/src/framework/element.dart:426:7)
#20     ProviderElementBase.mount (package:riverpod/src/framework/element.dart:228:5)
#21     _StateReader._create (package:riverpod/src/framework/container.dart:47:11)
#22     _StateReader.getElement (package:riverpod/src/framework/container.dart:35:52)
#23     ProviderContainer.readProviderElement (package:riverpod/src/framework/container.dart:479:19)
#24     ProviderElementBase._debugAssertCanDependOn.<anonymous closure> (package:riverpod/src/framework/element.dart:624:42)
#25     ProviderElementBase._debugAssertCanDependOn (package:riverpod/src/framework/element.dart:667:8)
#26     ProviderElementBase.watch (package:riverpod/src/framework/element.dart:714:12)
#27     userSettings (package:finanzas_familiares/application/providers/user_settings_provider.dart:29:26)
#28     StreamProvider._create (package:riverpod/src/stream_provider/base.dart:125:63)
#29     StreamProviderElement.create.<anonymous closure> (package:riverpod/src/stream_provider/base.dart:172:25)
#30     FutureHandlerProviderElementMixin.handleStream.<anonymous closure> (package:riverpod/src/async_notifier/base.dart:309:31)
#31     FutureHandlerProviderElementMixin._handleAsync (package:riverpod/src/async_notifier/base.dart:388:47)
#32     FutureHandlerProviderElementMixin.handleStream (package:riverpod/src/async_notifier/base.dart:303:5)
#33     StreamProviderElement.create (package:riverpod/src/stream_provider/base.dart:169:5)
#34     ProviderElementBase.buildState (package:riverpod/src/framework/element.dart:426:7)
#35     ProviderElementBase.mount (package:riverpod/src/framework/element.dart:228:5)
#36     _StateReader._create (package:riverpod/src/framework/container.dart:47:11)
#37     _StateReader.getElement (package:riverpod/src/framework/container.dart:35:52)
#38     ProviderContainer.readProviderElement (package:riverpod/src/framework/container.dart:479:19)
#39     ProviderElementBase._debugAssertCanDependOn.<anonymous closure> (package:riverpod/src/framework/element.dart:624:42)
#40     ProviderElementBase._debugAssertCanDependOn (package:riverpod/src/framework/element.dart:667:8)
#41     ProviderElementBase.listen (package:riverpod/src/framework/element.dart:761:12)
#42     ThemeNotifier.build (package:finanzas_familiares/application/providers/theme_provider.dart:30:9)
#43     NotifierProviderImpl.runNotifierBuild (package:riverpod/src/notifier/base.dart:166:38)
#44     NotifierProviderElement.create (package:riverpod/src/notifier/base.dart:212:23)
#45     ProviderElementBase.buildState (package:riverpod/src/framework/element.dart:426:7)
#46     ProviderElementBase.mount (package:riverpod/src/framework/element.dart:228:5)
#47     _StateReader._create (package:riverpod/src/framework/container.dart:47:11)
#48     _StateReader.getElement (package:riverpod/src/framework/container.dart:35:52)
#49     ProviderContainer.readProviderElement.<anonymous closure> (package:riverpod/src/framework/container.dart:440:40)
#50     ProviderContainer.readProviderElement (package:riverpod/src/framework/container.dart:475:8)
#51     ProviderBase.addListener (package:riverpod/src/framework/provider_base.dart:79:26)
#52     ProviderContainer.listen (package:riverpod/src/framework/container.dart:280:21)
#53     ConsumerStatefulElement.watch.<anonymous closure> (package:flutter_riverpod/src/consumer.dart:564:25)
#54     _LinkedHashMapMixin.putIfAbsent (dart:_compact_hash:674:23)
#55     ConsumerStatefulElement.watch (package:flutter_riverpod/src/consumer.dart:557:26)
#56     _ThemeSelector.build (package:finanzas_familiares/presentation/screens/settings_screen.dart:123:29)
#57     _ConsumerState.build (package:flutter_riverpod/src/consumer.dart:476:19)
#58     StatefulElement.build (package:flutter/src/widgets/framework.dart:5833:27)
#59     ConsumerStatefulElement.build (package:flutter_riverpod/src/consumer.dart:539:20)
#60     ComponentElement.performRebuild (package:flutter/src/widgets/framework.dart:5723:15)
#61     StatefulElement.performRebuild (package:flutter/src/widgets/framework.dart:5884:11)
#62     Element.rebuild (package:flutter/src/widgets/framework.dart:5435:7)
#63     ComponentElement._firstBuild (package:flutter/src/widgets/framework.dart:5705:5)
#64     StatefulElement._firstBuild (package:flutter/src/widgets/framework.dart:5875:11)
#65     ComponentElement.mount (package:flutter/src/widgets/framework.dart:5699:5)
#66     Element.inflateWidget (package:flutter/src/widgets/framework.dart:4548:16)
#67     Element.updateChild (package:flutter/src/widgets/framework.dart:4004:18)
#68     SingleChildRenderObjectElement.mount (package:flutter/src/widgets/framework.dart:7018:14)
#69     Element.inflateWidget (package:flutter/src/widgets/framework.dart:4548:16)
#70     Element.updateChild (package:flutter/src/widgets/framework.dart:4004:18)
#71     SingleChildRenderObjectElement.mount (package:flutter/src/widgets/framework.dart:7018:14)
#72     Element.inflateWidget (package:flutter/src/widgets/framework.dart:4548:16)
#73     Element.updateChild (package:flutter/src/widgets/framework.dart:4004:18)
#74     ComponentElement.performRebuild (package:flutter/src/widgets/framework.dart:5747:16)
#75     StatefulElement.performRebuild (package:flutter/src/widgets/framework.dart:5884:11)
#76     Element.rebuild (package:flutter/src/widgets/framework.dart:5435:7)
#77     ComponentElement._firstBuild (package:flutter/src/widgets/framework.dart:5705:5)
#78     StatefulElement._firstBuild (package:flutter/src/widgets/framework.dart:5875:11)
#79     ComponentElement.mount (package:flutter/src/widgets/framework.dart:5699:5)
#80     Element.inflateWidget (package:flutter/src/widgets/framework.dart:4548:16)
#81     Element.updateChild (package:flutter/src/widgets/framework.dart:4004:18)
#82     ComponentElement.performRebuild (package:flutter/src/widgets/framework.dart:5747:16)
#83     Element.rebuild (package:flutter/src/widgets/framework.dart:5435:7)
#84     ComponentElement._firstBuild (package:flutter/src/widgets/framework.dart:5705:5)
#85     ComponentElement.mount (package:flutter/src/widgets/framework.dart:5699:5)
#86     Element.inflateWidget (package:flutter/src/widgets/framework.dart:4548:16)
#87     Element.updateChild (package:flutter/src/widgets/framework.dart:4004:18)
#88     ComponentElement.performRebuild (package:flutter/src/widgets/framework.dart:5747:16)
#89     Element.rebuild (package:flutter/src/widgets/framework.dart:5435:7)
#90     ComponentElement._firstBuild (package:flutter/src/widgets/framework.dart:5705:5)
#91     ComponentElement.mount (package:flutter/src/widgets/framework.dart:5699:5)
#92     Element.inflateWidget (package:flutter/src/widgets/framework.dart:4548:16)
#93     Element.updateChild (package:flutter/src/widgets/framework.dart:4004:18)
#94     ComponentElement.performRebuild (package:flutter/src/widgets/framework.dart:5747:16)
#95     StatefulElement.performRebuild (package:flutter/src/widgets/framework.dart:5884:11)
#96     Element.rebuild (package:flutter/src/widgets/framework.dart:5435:7)
#97     ComponentElement._firstBuild (package:flutter/src/widgets/framework.dart:5705:5)
#98     StatefulElement._firstBuild (package:flutter/src/widgets/framework.dart:5875:11)
#99     ComponentElement.mount (package:flutter/src/widgets/framework.dart:5699:5)
#100    Element.inflateWidget (package:flutter/src/widgets/framework.dart:4548:16)
#101    Element.updateChild (package:flutter/src/widgets/framework.dart:4004:18)
#102    ComponentElement.performRebuild (package:flutter/src/widgets/framework.dart:5747:16)
#103    Element.rebuild (package:flutter/src/widgets/framework.dart:5435:7)
#104    ComponentElement._firstBuild (package:flutter/src/widgets/framework.dart:5705:5)
#105    ComponentElement.mount (package:flutter/src/widgets/framework.dart:5699:5)
#106    Element.inflateWidget (package:flutter/src/widgets/framework.dart:4548:16)
#107    Element.updateChild (package:flutter/src/widgets/framework.dart:4004:18)
#108    SliverMultiBoxAdaptorElement.updateChild (package:flutter/src/widgets/sliver.dart:1001:37)
#109    SliverMultiBoxAdaptorElement.createChild.<anonymous closure> (package:flutter/src/widgets/sliver.dart:985:20)
#110    BuildOwner.buildScope (package:flutter/src/widgets/framework.dart:3046:19)
#111    SliverMultiBoxAdaptorElement.createChild (package:flutter/src/widgets/sliver.dart:975:12)
#112    RenderSliverMultiBoxAdaptor._createOrObtainChild.<anonymous closure> (package:flutter/src/rendering/sliver_multi_box_adaptor.dart:372:23)
#113    RenderObject.invokeLayoutCallback.<anonymous closure> (package:flutter/src/rendering/object.dart:2881:17)
#114    PipelineOwner._enableMutationsToDirtySubtrees (package:flutter/src/rendering/object.dart:1206:15)
#115    RenderObject.invokeLayoutCallback (package:flutter/src/rendering/object.dart:2880:14)
#116    RenderSliverMultiBoxAdaptor._createOrObtainChild (package:flutter/src/rendering/sliver_multi_box_adaptor.dart:360:5)
#117    RenderSliverMultiBoxAdaptor.insertAndLayoutChild (package:flutter/src/rendering/sliver_multi_box_adaptor.dart:523:5)
#118    RenderSliverList.performLayout.advance (package:flutter/src/rendering/sliver_list.dart:242:19)
#119    RenderSliverList.performLayout (package:flutter/src/rendering/sliver_list.dart:283:12)
#120    RenderObject.layout (package:flutter/src/rendering/object.dart:2762:7)
#121    RenderSliverEdgeInsetsPadding.performLayout (package:flutter/src/rendering/sliver_padding.dart:133:12)
#122    RenderSliverPadding.performLayout (package:flutter/src/rendering/sliver_padding.dart:371:11)
#123    RenderObject.layout (package:flutter/src/rendering/object.dart:2762:7)
#124    RenderViewportBase.layoutChildSequence (package:flutter/src/rendering/viewport.dart:673:13)
#125    RenderViewport._attemptLayout (package:flutter/src/rendering/viewport.dart:1684:12)
#126    RenderViewport.performLayout (package:flutter/src/rendering/viewport.dart:1575:20)
#127    RenderObject.layout (package:flutter/src/rendering/object.dart:2762:7)
#128    RenderProxyBoxMixin.performLayout (package:flutter/src/rendering/proxy_box.dart:115:18)
#129    RenderObject.layout (package:flutter/src/rendering/object.dart:2762:7)
#130    RenderProxyBoxMixin.performLayout (package:flutter/src/rendering/proxy_box.dart:115:18)
#131    RenderObject.layout (package:flutter/src/rendering/object.dart:2762:7)
#132    RenderProxyBoxMixin.performLayout (package:flutter/src/rendering/proxy_box.dart:115:18)
#133    RenderObject.layout (package:flutter/src/rendering/object.dart:2762:7)
#134    RenderProxyBoxMixin.performLayout (package:flutter/src/rendering/proxy_box.dart:115:18)
#135    RenderObject.layout (package:flutter/src/rendering/object.dart:2762:7)
#136    RenderProxyBoxMixin.performLayout (package:flutter/src/rendering/proxy_box.dart:115:18)
#137    RenderObject.layout (package:flutter/src/rendering/object.dart:2762:7)
#138    RenderProxyBoxMixin.performLayout (package:flutter/src/rendering/proxy_box.dart:115:18)
#139    RenderObject.layout (package:flutter/src/rendering/object.dart:2762:7)
#140    RenderProxyBoxMixin.performLayout (package:flutter/src/rendering/proxy_box.dart:115:18)
#141    RenderObject.layout (package:flutter/src/rendering/object.dart:2762:7)
#142    RenderProxyBoxMixin.performLayout (package:flutter/src/rendering/proxy_box.dart:115:18)
#143    _RenderCustomClip.performLayout (package:flutter/src/rendering/proxy_box.dart:1481:11)
#144    RenderObject.layout (package:flutter/src/rendering/object.dart:2762:7)
#145    MultiChildLayoutDelegate.layoutChild (package:flutter/src/rendering/custom_layout.dart:180:12)
#146    _ScaffoldLayout.performLayout (package:flutter/src/material/scaffold.dart:1122:7)
#147    MultiChildLayoutDelegate._callPerformLayout (package:flutter/src/rendering/custom_layout.dart:249:7)
#148    RenderCustomMultiChildLayoutBox.performLayout (package:flutter/src/rendering/custom_layout.dart:420:14)
#149    RenderObject.layout (package:flutter/src/rendering/object.dart:2762:7)
#150    RenderProxyBoxMixin.performLayout (package:flutter/src/rendering/proxy_box.dart:115:18)
#151    RenderObject.layout (package:flutter/src/rendering/object.dart:2762:7)
#152    RenderProxyBoxMixin.performLayout (package:flutter/src/rendering/proxy_box.dart:115:18)
#153    _RenderCustomClip.performLayout (package:flutter/src/rendering/proxy_box.dart:1481:11)
#154    RenderObject.layout (package:flutter/src/rendering/object.dart:2762:7)
#155    RenderProxyBoxMixin.performLayout (package:flutter/src/rendering/proxy_box.dart:115:18)
#156    RenderObject.layout (package:flutter/src/rendering/object.dart:2762:7)
#157    RenderProxyBoxMixin.performLayout (package:flutter/src/rendering/proxy_box.dart:115:18)
#158    RenderObject.layout (package:flutter/src/rendering/object.dart:2762:7)
#159    RenderProxyBoxMixin.performLayout (package:flutter/src/rendering/proxy_box.dart:115:18)
#160    RenderObject.layout (package:flutter/src/rendering/object.dart:2762:7)
#161    RenderProxyBoxMixin.performLayout (package:flutter/src/rendering/proxy_box.dart:115:18)
#162    RenderObject.layout (package:flutter/src/rendering/object.dart:2762:7)
#163    RenderProxyBoxMixin.performLayout (package:flutter/src/rendering/proxy_box.dart:115:18)
#164    RenderObject.layout (package:flutter/src/rendering/object.dart:2762:7)
#165    RenderProxyBoxMixin.performLayout (package:flutter/src/rendering/proxy_box.dart:115:18)
#166    RenderObject.layout (package:flutter/src/rendering/object.dart:2762:7)
#167    RenderProxyBoxMixin.performLayout (package:flutter/src/rendering/proxy_box.dart:115:18)
#168    RenderObject.layout (package:flutter/src/rendering/object.dart:2762:7)
#169    RenderProxyBoxMixin.performLayout (package:flutter/src/rendering/proxy_box.dart:115:18)
#170    RenderObject.layout (package:flutter/src/rendering/object.dart:2762:7)
#171    RenderProxyBoxMixin.performLayout (package:flutter/src/rendering/proxy_box.dart:115:18)
#172    RenderObject.layout (package:flutter/src/rendering/object.dart:2762:7)
#173    RenderProxyBoxMixin.performLayout (package:flutter/src/rendering/proxy_box.dart:115:18)
#174    RenderOffstage.performLayout (package:flutter/src/rendering/proxy_box.dart:3848:13)
#175    RenderObject.layout (package:flutter/src/rendering/object.dart:2762:7)
#176    RenderProxyBoxMixin.performLayout (package:flutter/src/rendering/proxy_box.dart:115:18)
#177    RenderObject.layout (package:flutter/src/rendering/object.dart:2762:7)
#178    _RenderTheaterMixin.layoutChild (package:flutter/src/widgets/overlay.dart:1085:13)
#179    _RenderTheater.performLayout (package:flutter/src/widgets/overlay.dart:1430:9)
#180    RenderObject.layout (package:flutter/src/rendering/object.dart:2762:7)
#181    RenderProxyBoxMixin.performLayout (package:flutter/src/rendering/proxy_box.dart:115:18)
#182    RenderObject.layout (package:flutter/src/rendering/object.dart:2762:7)
#183    RenderProxyBoxMixin.performLayout (package:flutter/src/rendering/proxy_box.dart:115:18)
#184    RenderObject.layout (package:flutter/src/rendering/object.dart:2762:7)
#185    RenderProxyBoxMixin.performLayout (package:flutter/src/rendering/proxy_box.dart:115:18)
#186    RenderObject.layout (package:flutter/src/rendering/object.dart:2762:7)
#187    RenderProxyBoxMixin.performLayout (package:flutter/src/rendering/proxy_box.dart:115:18)
#188    RenderCustomPaint.performLayout (package:flutter/src/rendering/custom_paint.dart:574:11)
#189    RenderObject.layout (package:flutter/src/rendering/object.dart:2762:7)
#190    RenderProxyBoxMixin.performLayout (package:flutter/src/rendering/proxy_box.dart:115:18)
#191    RenderObject.layout (package:flutter/src/rendering/object.dart:2762:7)
#192    RenderProxyBoxMixin.performLayout (package:flutter/src/rendering/proxy_box.dart:115:18)
#193    RenderObject.layout (package:flutter/src/rendering/object.dart:2762:7)
#194    RenderProxyBoxMixin.performLayout (package:flutter/src/rendering/proxy_box.dart:115:18)
#195    RenderObject.layout (package:flutter/src/rendering/object.dart:2762:7)
#196    RenderProxyBoxMixin.performLayout (package:flutter/src/rendering/proxy_box.dart:115:18)
#197    RenderObject.layout (package:flutter/src/rendering/object.dart:2762:7)
#198    RenderProxyBoxMixin.performLayout (package:flutter/src/rendering/proxy_box.dart:115:18)
#199    RenderObject.layout (package:flutter/src/rendering/object.dart:2762:7)
#200    RenderProxyBoxMixin.performLayout (package:flutter/src/rendering/proxy_box.dart:115:18)
#201    RenderObject.layout (package:flutter/src/rendering/object.dart:2762:7)
#202    RenderView.performLayout (package:flutter/src/rendering/view.dart:294:12)
#203    RenderObject._layoutWithoutResize (package:flutter/src/rendering/object.dart:2610:7)
#204    PipelineOwner.flushLayout (package:flutter/src/rendering/object.dart:1157:18)
#205    PipelineOwner.flushLayout (package:flutter/src/rendering/object.dart:1170:15)
#206    AutomatedTestWidgetsFlutterBinding.drawFrame (package:flutter_test/src/binding.dart:1508:27)
#207    RendererBinding._handlePersistentFrameCallback (package:flutter/src/rendering/binding.dart:495:5)
#208    SchedulerBinding._invokeFrameCallback (package:flutter/src/scheduler/binding.dart:1434:15)
#209    SchedulerBinding.handleDrawFrame (package:flutter/src/scheduler/binding.dart:1347:9)
#210    AutomatedTestWidgetsFlutterBinding.pump.<anonymous closure> (package:flutter_test/src/binding.dart:1335:9)
#211    _rootRun (dart:async/zone.dart:1525:13)
#212    _CustomZone.run (dart:async/zone.dart:1422:19)
#213    TestAsyncUtils.guard (package:flutter_test/src/test_async_utils.dart:74:41)
#214    AutomatedTestWidgetsFlutterBinding.pump (package:flutter_test/src/binding.dart:1324:27)
#215    WidgetTester.pumpWidget.<anonymous closure> (package:flutter_test/src/widget_tester.dart:598:22)
#216    _rootRun (dart:async/zone.dart:1525:13)
#217    _CustomZone.run (dart:async/zone.dart:1422:19)
#218    TestAsyncUtils.guard (package:flutter_test/src/test_async_utils.dart:74:41)
#219    WidgetTester.pumpWidget (package:flutter_test/src/widget_tester.dart:595:27)
#220    main.<anonymous closure>.<anonymous closure> (file:///home/bootcamp/Proyectos-2026/Proyectos-Varios/Finanzas-Familiares-AS/test/presentation/screens/settings_screen_test.dart:30:20)
#221    testWidgets.<anonymous closure>.<anonymous closure> (package:flutter_test/src/widget_tester.dart:192:29)
<asynchronous suspension>
#222    TestWidgetsFlutterBinding._runTestBody (package:flutter_test/src/binding.dart:1059:5)
<asynchronous suspension>
#223    StackZoneSpecification._registerCallback.<anonymous closure> (package:stack_trace/src/stack_zone_specification.dart:114:42)
<asynchronous suspension>
This warning will only appear on debug builds.
00:24 +891 -7: /home/bootcamp/Proyectos-2026/Proyectos-Varios/Finanzas-Familiares-AS/test/presentation/screens/dashboard_screen_test.dart: DashboardScreen muestra título ¿Cómo Voy?                   00:24 +892 -7: /home/bootcamp/Proyectos-2026/Proyectos-Varios/Finanzas-Familiares-AS/test/presentation/screens/dashboard_screen_test.dart: DashboardScreen muestra título ¿Cómo Voy?                   00:24 +893 -7: /home/bootcamp/Proyectos-2026/Proyectos-Varios/Finanzas-Familiares-AS/test/presentation/screens/dashboard_screen_test.dart: DashboardScreen muestra título ¿Cómo Voy?                   00:24 +893 -7: /home/bootcamp/Proyectos-2026/Proyectos-Varios/Finanzas-Familiares-AS/test/presentation/screens/settings_screen_test.dart: SettingsScreen muestra sección Notificaciones                
WARNING (drift): It looks like you've created the database class AppDatabase multiple times. When these two databases use the same QueryExecutor, race conditions will occur and might corrupt the database. 
Try to follow the advice at https://drift.simonbinder.eu/faq/#using-the-database or, if you know what you're doing, set driftRuntimeOptions.dontWarnAboutMultipleDatabases = true
Here is the stacktrace from when the database was opened a second time:
#0      GeneratedDatabase._handleInstantiated (package:drift/src/runtime/api/db_base.dart:96:30)
#1      GeneratedDatabase._whenConstructed (package:drift/src/runtime/api/db_base.dart:73:12)
#2      new GeneratedDatabase (package:drift/src/runtime/api/db_base.dart:64:5)
#3      new _$AppDatabase (package:finanzas_familiares/data/local/database.g.dart:14435:36)
#4      new AppDatabase (package:finanzas_familiares/data/local/database.dart:56:19)
#5      appDatabase (package:finanzas_familiares/application/providers/user_settings_provider.dart:49:10)
#6      Provider._create (package:riverpod/src/provider/base.dart:59:57)
#7      ProviderElement.create (package:riverpod/src/provider/base.dart:345:23)
#8      ProviderElementBase.buildState (package:riverpod/src/framework/element.dart:426:7)
#9      ProviderElementBase.mount (package:riverpod/src/framework/element.dart:228:5)
#10     _StateReader._create (package:riverpod/src/framework/container.dart:47:11)
#11     _StateReader.getElement (package:riverpod/src/framework/container.dart:35:52)
#12     ProviderContainer.readProviderElement (package:riverpod/src/framework/container.dart:479:19)
#13     ProviderElementBase._debugAssertCanDependOn.<anonymous closure> (package:riverpod/src/framework/element.dart:624:42)
#14     ProviderElementBase._debugAssertCanDependOn (package:riverpod/src/framework/element.dart:667:8)
#15     ProviderElementBase.watch (package:riverpod/src/framework/element.dart:714:12)
#16     userSettingsRepository (package:finanzas_familiares/application/providers/user_settings_provider.dart:15:24)
#17     Provider._create (package:riverpod/src/provider/base.dart:59:57)
#18     ProviderElement.create (package:riverpod/src/provider/base.dart:345:23)
#19     ProviderElementBase.buildState (package:riverpod/src/framework/element.dart:426:7)
#20     ProviderElementBase.mount (package:riverpod/src/framework/element.dart:228:5)
#21     _StateReader._create (package:riverpod/src/framework/container.dart:47:11)
#22     _StateReader.getElement (package:riverpod/src/framework/container.dart:35:52)
#23     ProviderContainer.readProviderElement (package:riverpod/src/framework/container.dart:479:19)
#24     ProviderElementBase._debugAssertCanDependOn.<anonymous closure> (package:riverpod/src/framework/element.dart:624:42)
#25     ProviderElementBase._debugAssertCanDependOn (package:riverpod/src/framework/element.dart:667:8)
#26     ProviderElementBase.watch (package:riverpod/src/framework/element.dart:714:12)
#27     userSettings (package:finanzas_familiares/application/providers/user_settings_provider.dart:29:26)
#28     StreamProvider._create (package:riverpod/src/stream_provider/base.dart:125:63)
#29     StreamProviderElement.create.<anonymous closure> (package:riverpod/src/stream_provider/base.dart:172:25)
#30     FutureHandlerProviderElementMixin.handleStream.<anonymous closure> (package:riverpod/src/async_notifier/base.dart:309:31)
#31     FutureHandlerProviderElementMixin._handleAsync (package:riverpod/src/async_notifier/base.dart:388:47)
#32     FutureHandlerProviderElementMixin.handleStream (package:riverpod/src/async_notifier/base.dart:303:5)
#33     StreamProviderElement.create (package:riverpod/src/stream_provider/base.dart:169:5)
#34     ProviderElementBase.buildState (package:riverpod/src/framework/element.dart:426:7)
#35     ProviderElementBase.mount (package:riverpod/src/framework/element.dart:228:5)
#36     _StateReader._create (package:riverpod/src/framework/container.dart:47:11)
#37     _StateReader.getElement (package:riverpod/src/framework/container.dart:35:52)
#38     ProviderContainer.readProviderElement (package:riverpod/src/framework/container.dart:479:19)
#39     ProviderElementBase._debugAssertCanDependOn.<anonymous closure> (package:riverpod/src/framework/element.dart:624:42)
#40     ProviderElementBase._debugAssertCanDependOn (package:riverpod/src/framework/element.dart:667:8)
#41     ProviderElementBase.listen (package:riverpod/src/framework/element.dart:761:12)
#42     ThemeNotifier.build (package:finanzas_familiares/application/providers/theme_provider.dart:30:9)
#43     NotifierProviderImpl.runNotifierBuild (package:riverpod/src/notifier/base.dart:166:38)
#44     NotifierProviderElement.create (package:riverpod/src/notifier/base.dart:212:23)
#45     ProviderElementBase.buildState (package:riverpod/src/framework/element.dart:426:7)
#46     ProviderElementBase.mount (package:riverpod/src/framework/element.dart:228:5)
#47     _StateReader._create (package:riverpod/src/framework/container.dart:47:11)
#48     _StateReader.getElement (package:riverpod/src/framework/container.dart:35:52)
#49     ProviderContainer.readProviderElement.<anonymous closure> (package:riverpod/src/framework/container.dart:440:40)
#50     ProviderContainer.readProviderElement (package:riverpod/src/framework/container.dart:475:8)
#51     ProviderBase.addListener (package:riverpod/src/framework/provider_base.dart:79:26)
#52     ProviderContainer.listen (package:riverpod/src/framework/container.dart:280:21)
#53     ConsumerStatefulElement.watch.<anonymous closure> (package:flutter_riverpod/src/consumer.dart:564:25)
#54     _LinkedHashMapMixin.putIfAbsent (dart:_compact_hash:674:23)
#55     ConsumerStatefulElement.watch (package:flutter_riverpod/src/consumer.dart:557:26)
#56     _ThemeSelector.build (package:finanzas_familiares/presentation/screens/settings_screen.dart:123:29)
#57     _ConsumerState.build (package:flutter_riverpod/src/consumer.dart:476:19)
#58     StatefulElement.build (package:flutter/src/widgets/framework.dart:5833:27)
#59     ConsumerStatefulElement.build (package:flutter_riverpod/src/consumer.dart:539:20)
#60     ComponentElement.performRebuild (package:flutter/src/widgets/framework.dart:5723:15)
#61     StatefulElement.performRebuild (package:flutter/src/widgets/framework.dart:5884:11)
#62     Element.rebuild (package:flutter/src/widgets/framework.dart:5435:7)
#63     ComponentElement._firstBuild (package:flutter/src/widgets/framework.dart:5705:5)
#64     StatefulElement._firstBuild (package:flutter/src/widgets/framework.dart:5875:11)
#65     ComponentElement.mount (package:flutter/src/widgets/framework.dart:5699:5)
#66     Element.inflateWidget (package:flutter/src/widgets/framework.dart:4548:16)
#67     Element.updateChild (package:flutter/src/widgets/framework.dart:4004:18)
#68     SingleChildRenderObjectElement.mount (package:flutter/src/widgets/framework.dart:7018:14)
#69     Element.inflateWidget (package:flutter/src/widgets/framework.dart:4548:16)
#70     Element.updateChild (package:flutter/src/widgets/framework.dart:4004:18)
#71     SingleChildRenderObjectElement.mount (package:flutter/src/widgets/framework.dart:7018:14)
#72     Element.inflateWidget (package:flutter/src/widgets/framework.dart:4548:16)
#73     Element.updateChild (package:flutter/src/widgets/framework.dart:4004:18)
#74     ComponentElement.performRebuild (package:flutter/src/widgets/framework.dart:5747:16)
#75     StatefulElement.performRebuild (package:flutter/src/widgets/framework.dart:5884:11)
#76     Element.rebuild (package:flutter/src/widgets/framework.dart:5435:7)
#77     ComponentElement._firstBuild (package:flutter/src/widgets/framework.dart:5705:5)
#78     StatefulElement._firstBuild (package:flutter/src/widgets/framework.dart:5875:11)
#79     ComponentElement.mount (package:flutter/src/widgets/framework.dart:5699:5)
#80     Element.inflateWidget (package:flutter/src/widgets/framework.dart:4548:16)
#81     Element.updateChild (package:flutter/src/widgets/framework.dart:4004:18)
#82     ComponentElement.performRebuild (package:flutter/src/widgets/framework.dart:5747:16)
#83     Element.rebuild (package:flutter/src/widgets/framework.dart:5435:7)
#84     ComponentElement._firstBuild (package:flutter/src/widgets/framework.dart:5705:5)
#85     ComponentElement.mount (package:flutter/src/widgets/framework.dart:5699:5)
#86     Element.inflateWidget (package:flutter/src/widgets/framework.dart:4548:16)
#87     Element.updateChild (package:flutter/src/widgets/framework.dart:4004:18)
#88     ComponentElement.performRebuild (package:flutter/src/widgets/framework.dart:5747:16)
#89     Element.rebuild (package:flutter/src/widgets/framework.dart:5435:7)
#90     ComponentElement._firstBuild (package:flutter/src/widgets/framework.dart:5705:5)
#91     ComponentElement.mount (package:flutter/src/widgets/framework.dart:5699:5)
#92     Element.inflateWidget (package:flutter/src/widgets/framework.dart:4548:16)
#93     Element.updateChild (package:flutter/src/widgets/framework.dart:4004:18)
#94     ComponentElement.performRebuild (package:flutter/src/widgets/framework.dart:5747:16)
#95     StatefulElement.performRebuild (package:flutter/src/widgets/framework.dart:5884:11)
#96     Element.rebuild (package:flutter/src/widgets/framework.dart:5435:7)
#97     ComponentElement._firstBuild (package:flutter/src/widgets/framework.dart:5705:5)
#98     StatefulElement._firstBuild (package:flutter/src/widgets/framework.dart:5875:11)
#99     ComponentElement.mount (package:flutter/src/widgets/framework.dart:5699:5)
#100    Element.inflateWidget (package:flutter/src/widgets/framework.dart:4548:16)
#101    Element.updateChild (package:flutter/src/widgets/framework.dart:4004:18)
#102    ComponentElement.performRebuild (package:flutter/src/widgets/framework.dart:5747:16)
#103    Element.rebuild (package:flutter/src/widgets/framework.dart:5435:7)
#104    ComponentElement._firstBuild (package:flutter/src/widgets/framework.dart:5705:5)
#105    ComponentElement.mount (package:flutter/src/widgets/framework.dart:5699:5)
#106    Element.inflateWidget (package:flutter/src/widgets/framework.dart:4548:16)
#107    Element.updateChild (package:flutter/src/widgets/framework.dart:4004:18)
#108    SliverMultiBoxAdaptorElement.updateChild (package:flutter/src/widgets/sliver.dart:1001:37)
#109    SliverMultiBoxAdaptorElement.createChild.<anonymous closure> (package:flutter/src/widgets/sliver.dart:985:20)
#110    BuildOwner.buildScope (package:flutter/src/widgets/framework.dart:3046:19)
#111    SliverMultiBoxAdaptorElement.createChild (package:flutter/src/widgets/sliver.dart:975:12)
#112    RenderSliverMultiBoxAdaptor._createOrObtainChild.<anonymous closure> (package:flutter/src/rendering/sliver_multi_box_adaptor.dart:372:23)
#113    RenderObject.invokeLayoutCallback.<anonymous closure> (package:flutter/src/rendering/object.dart:2881:17)
#114    PipelineOwner._enableMutationsToDirtySubtrees (package:flutter/src/rendering/object.dart:1206:15)
#115    RenderObject.invokeLayoutCallback (package:flutter/src/rendering/object.dart:2880:14)
#116    RenderSliverMultiBoxAdaptor._createOrObtainChild (package:flutter/src/rendering/sliver_multi_box_adaptor.dart:360:5)
#117    RenderSliverMultiBoxAdaptor.insertAndLayoutChild (package:flutter/src/rendering/sliver_multi_box_adaptor.dart:523:5)
#118    RenderSliverList.performLayout.advance (package:flutter/src/rendering/sliver_list.dart:242:19)
#119    RenderSliverList.performLayout (package:flutter/src/rendering/sliver_list.dart:283:12)
#120    RenderObject.layout (package:flutter/src/rendering/object.dart:2762:7)
#121    RenderSliverEdgeInsetsPadding.performLayout (package:flutter/src/rendering/sliver_padding.dart:133:12)
#122    RenderSliverPadding.performLayout (package:flutter/src/rendering/sliver_padding.dart:371:11)
#123    RenderObject.layout (package:flutter/src/rendering/object.dart:2762:7)
#124    RenderViewportBase.layoutChildSequence (package:flutter/src/rendering/viewport.dart:673:13)
#125    RenderViewport._attemptLayout (package:flutter/src/rendering/viewport.dart:1684:12)
#126    RenderViewport.performLayout (package:flutter/src/rendering/viewport.dart:1575:20)
#127    RenderObject.layout (package:flutter/src/rendering/object.dart:2762:7)
#128    RenderProxyBoxMixin.performLayout (package:flutter/src/rendering/proxy_box.dart:115:18)
#129    RenderObject.layout (package:flutter/src/rendering/object.dart:2762:7)
#130    RenderProxyBoxMixin.performLayout (package:flutter/src/rendering/proxy_box.dart:115:18)
#131    RenderObject.layout (package:flutter/src/rendering/object.dart:2762:7)
#132    RenderProxyBoxMixin.performLayout (package:flutter/src/rendering/proxy_box.dart:115:18)
#133    RenderObject.layout (package:flutter/src/rendering/object.dart:2762:7)
#134    RenderProxyBoxMixin.performLayout (package:flutter/src/rendering/proxy_box.dart:115:18)
#135    RenderObject.layout (package:flutter/src/rendering/object.dart:2762:7)
#136    RenderProxyBoxMixin.performLayout (package:flutter/src/rendering/proxy_box.dart:115:18)
#137    RenderObject.layout (package:flutter/src/rendering/object.dart:2762:7)
#138    RenderProxyBoxMixin.performLayout (package:flutter/src/rendering/proxy_box.dart:115:18)
#139    RenderObject.layout (package:flutter/src/rendering/object.dart:2762:7)
#140    RenderProxyBoxMixin.performLayout (package:flutter/src/rendering/proxy_box.dart:115:18)
#141    RenderObject.layout (package:flutter/src/rendering/object.dart:2762:7)
#142    RenderProxyBoxMixin.performLayout (package:flutter/src/rendering/proxy_box.dart:115:18)
#143    _RenderCustomClip.performLayout (package:flutter/src/rendering/proxy_box.dart:1481:11)
#144    RenderObject.layout (package:flutter/src/rendering/object.dart:2762:7)
#145    MultiChildLayoutDelegate.layoutChild (package:flutter/src/rendering/custom_layout.dart:180:12)
#146    _ScaffoldLayout.performLayout (package:flutter/src/material/scaffold.dart:1122:7)
#147    MultiChildLayoutDelegate._callPerformLayout (package:flutter/src/rendering/custom_layout.dart:249:7)
#148    RenderCustomMultiChildLayoutBox.performLayout (package:flutter/src/rendering/custom_layout.dart:420:14)
#149    RenderObject.layout (package:flutter/src/rendering/object.dart:2762:7)
#150    RenderProxyBoxMixin.performLayout (package:flutter/src/rendering/proxy_box.dart:115:18)
#151    RenderObject.layout (package:flutter/src/rendering/object.dart:2762:7)
#152    RenderProxyBoxMixin.performLayout (package:flutter/src/rendering/proxy_box.dart:115:18)
#153    _RenderCustomClip.performLayout (package:flutter/src/rendering/proxy_box.dart:1481:11)
#154    RenderObject.layout (package:flutter/src/rendering/object.dart:2762:7)
#155    RenderProxyBoxMixin.performLayout (package:flutter/src/rendering/proxy_box.dart:115:18)
#156    RenderObject.layout (package:flutter/src/rendering/object.dart:2762:7)
#157    RenderProxyBoxMixin.performLayout (package:flutter/src/rendering/proxy_box.dart:115:18)
#158    RenderObject.layout (package:flutter/src/rendering/object.dart:2762:7)
#159    RenderProxyBoxMixin.performLayout (package:flutter/src/rendering/proxy_box.dart:115:18)
#160    RenderObject.layout (package:flutter/src/rendering/object.dart:2762:7)
#161    RenderProxyBoxMixin.performLayout (package:flutter/src/rendering/proxy_box.dart:115:18)
#162    RenderObject.layout (package:flutter/src/rendering/object.dart:2762:7)
#163    RenderProxyBoxMixin.performLayout (package:flutter/src/rendering/proxy_box.dart:115:18)
#164    RenderObject.layout (package:flutter/src/rendering/object.dart:2762:7)
#165    RenderProxyBoxMixin.performLayout (package:flutter/src/rendering/proxy_box.dart:115:18)
#166    RenderObject.layout (package:flutter/src/rendering/object.dart:2762:7)
#167    RenderProxyBoxMixin.performLayout (package:flutter/src/rendering/proxy_box.dart:115:18)
#168    RenderObject.layout (package:flutter/src/rendering/object.dart:2762:7)
#169    RenderProxyBoxMixin.performLayout (package:flutter/src/rendering/proxy_box.dart:115:18)
#170    RenderObject.layout (package:flutter/src/rendering/object.dart:2762:7)
#171    RenderProxyBoxMixin.performLayout (package:flutter/src/rendering/proxy_box.dart:115:18)
#172    RenderObject.layout (package:flutter/src/rendering/object.dart:2762:7)
#173    RenderProxyBoxMixin.performLayout (package:flutter/src/rendering/proxy_box.dart:115:18)
#174    RenderOffstage.performLayout (package:flutter/src/rendering/proxy_box.dart:3848:13)
#175    RenderObject.layout (package:flutter/src/rendering/object.dart:2762:7)
#176    RenderProxyBoxMixin.performLayout (package:flutter/src/rendering/proxy_box.dart:115:18)
#177    RenderObject.layout (package:flutter/src/rendering/object.dart:2762:7)
#178    _RenderTheaterMixin.layoutChild (package:flutter/src/widgets/overlay.dart:1085:13)
#179    _RenderTheater.performLayout (package:flutter/src/widgets/overlay.dart:1430:9)
#180    RenderObject.layout (package:flutter/src/rendering/object.dart:2762:7)
#181    RenderProxyBoxMixin.performLayout (package:flutter/src/rendering/proxy_box.dart:115:18)
#182    RenderObject.layout (package:flutter/src/rendering/object.dart:2762:7)
#183    RenderProxyBoxMixin.performLayout (package:flutter/src/rendering/proxy_box.dart:115:18)
#184    RenderObject.layout (package:flutter/src/rendering/object.dart:2762:7)
#185    RenderProxyBoxMixin.performLayout (package:flutter/src/rendering/proxy_box.dart:115:18)
#186    RenderObject.layout (package:flutter/src/rendering/object.dart:2762:7)
#187    RenderProxyBoxMixin.performLayout (package:flutter/src/rendering/proxy_box.dart:115:18)
#188    RenderCustomPaint.performLayout (package:flutter/src/rendering/custom_paint.dart:574:11)
#189    RenderObject.layout (package:flutter/src/rendering/object.dart:2762:7)
#190    RenderProxyBoxMixin.performLayout (package:flutter/src/rendering/proxy_box.dart:115:18)
#191    RenderObject.layout (package:flutter/src/rendering/object.dart:2762:7)
#192    RenderProxyBoxMixin.performLayout (package:flutter/src/rendering/proxy_box.dart:115:18)
#193    RenderObject.layout (package:flutter/src/rendering/object.dart:2762:7)
#194    RenderProxyBoxMixin.performLayout (package:flutter/src/rendering/proxy_box.dart:115:18)
#195    RenderObject.layout (package:flutter/src/rendering/object.dart:2762:7)
#196    RenderProxyBoxMixin.performLayout (package:flutter/src/rendering/proxy_box.dart:115:18)
#197    RenderObject.layout (package:flutter/src/rendering/object.dart:2762:7)
#198    RenderProxyBoxMixin.performLayout (package:flutter/src/rendering/proxy_box.dart:115:18)
#199    RenderObject.layout (package:flutter/src/rendering/object.dart:2762:7)
#200    RenderProxyBoxMixin.performLayout (package:flutter/src/rendering/proxy_box.dart:115:18)
#201    RenderObject.layout (package:flutter/src/rendering/object.dart:2762:7)
#202    RenderView.performLayout (package:flutter/src/rendering/view.dart:294:12)
#203    RenderObject._layoutWithoutResize (package:flutter/src/rendering/object.dart:2610:7)
#204    PipelineOwner.flushLayout (package:flutter/src/rendering/object.dart:1157:18)
#205    PipelineOwner.flushLayout (package:flutter/src/rendering/object.dart:1170:15)
#206    AutomatedTestWidgetsFlutterBinding.drawFrame (package:flutter_test/src/binding.dart:1508:27)
#207    RendererBinding._handlePersistentFrameCallback (package:flutter/src/rendering/binding.dart:495:5)
#208    SchedulerBinding._invokeFrameCallback (package:flutter/src/scheduler/binding.dart:1434:15)
#209    SchedulerBinding.handleDrawFrame (package:flutter/src/scheduler/binding.dart:1347:9)
#210    AutomatedTestWidgetsFlutterBinding.pump.<anonymous closure> (package:flutter_test/src/binding.dart:1335:9)
#211    _rootRun (dart:async/zone.dart:1525:13)
#212    _CustomZone.run (dart:async/zone.dart:1422:19)
#213    TestAsyncUtils.guard (package:flutter_test/src/test_async_utils.dart:74:41)
#214    AutomatedTestWidgetsFlutterBinding.pump (package:flutter_test/src/binding.dart:1324:27)
#215    WidgetTester.pumpWidget.<anonymous closure> (package:flutter_test/src/widget_tester.dart:598:22)
#216    _rootRun (dart:async/zone.dart:1525:13)
#217    _CustomZone.run (dart:async/zone.dart:1422:19)
#218    TestAsyncUtils.guard (package:flutter_test/src/test_async_utils.dart:74:41)
#219    WidgetTester.pumpWidget (package:flutter_test/src/widget_tester.dart:595:27)
#220    main.<anonymous closure>.<anonymous closure> (file:///home/bootcamp/Proyectos-2026/Proyectos-Varios/Finanzas-Familiares-AS/test/presentation/screens/settings_screen_test.dart:38:20)
#221    testWidgets.<anonymous closure>.<anonymous closure> (package:flutter_test/src/widget_tester.dart:192:29)
<asynchronous suspension>
#222    TestWidgetsFlutterBinding._runTestBody (package:flutter_test/src/binding.dart:1059:5)
<asynchronous suspension>
#223    StackZoneSpecification._registerCallback.<anonymous closure> (package:stack_trace/src/stack_zone_specification.dart:114:42)
<asynchronous suspension>
This warning will only appear on debug builds.
00:24 +894 -7: /home/bootcamp/Proyectos-2026/Proyectos-Varios/Finanzas-Familiares-AS/test/presentation/screens/dashboard_screen_test.dart: DashboardScreen muestra título ¿Cómo Voy?                   00:24 +894 -7: /home/bootcamp/Proyectos-2026/Proyectos-Varios/Finanzas-Familiares-AS/test/presentation/screens/dashboard_screen_test.dart: DashboardScreen muestra título ¿Cómo Voy?                   
[DASHBOARD] Cuentas: 0, Categorías: 104
[DASHBOARD] Transacciones: 0, Presupuestos: 0
[DASHBOARD] Calculando resumen...
[DASHBOARD] Resumen calculado OK
00:24 +895 -7: /home/bootcamp/Proyectos-2026/Proyectos-Varios/Finanzas-Familiares-AS/test/presentation/screens/dashboard_screen_test.dart: DashboardScreen muestra título ¿Cómo Voy?                   00:24 +896 -7: /home/bootcamp/Proyectos-2026/Proyectos-Varios/Finanzas-Familiares-AS/test/presentation/screens/dashboard_screen_test.dart: DashboardScreen muestra título ¿Cómo Voy?                   00:24 +896 -7: /home/bootcamp/Proyectos-2026/Proyectos-Varios/Finanzas-Familiares-AS/test/presentation/screens/settings_screen_test.dart: SettingsScreen muestra sección Información con versión       
WARNING (drift): It looks like you've created the database class AppDatabase multiple times. When these two databases use the same QueryExecutor, race conditions will occur and might corrupt the database. 
Try to follow the advice at https://drift.simonbinder.eu/faq/#using-the-database or, if you know what you're doing, set driftRuntimeOptions.dontWarnAboutMultipleDatabases = true
Here is the stacktrace from when the database was opened a second time:
#0      GeneratedDatabase._handleInstantiated (package:drift/src/runtime/api/db_base.dart:96:30)
#1      GeneratedDatabase._whenConstructed (package:drift/src/runtime/api/db_base.dart:73:12)
#2      new GeneratedDatabase (package:drift/src/runtime/api/db_base.dart:64:5)
#3      new _$AppDatabase (package:finanzas_familiares/data/local/database.g.dart:14435:36)
#4      new AppDatabase (package:finanzas_familiares/data/local/database.dart:56:19)
#5      appDatabase (package:finanzas_familiares/application/providers/user_settings_provider.dart:49:10)
#6      Provider._create (package:riverpod/src/provider/base.dart:59:57)
#7      ProviderElement.create (package:riverpod/src/provider/base.dart:345:23)
#8      ProviderElementBase.buildState (package:riverpod/src/framework/element.dart:426:7)
#9      ProviderElementBase.mount (package:riverpod/src/framework/element.dart:228:5)
#10     _StateReader._create (package:riverpod/src/framework/container.dart:47:11)
#11     _StateReader.getElement (package:riverpod/src/framework/container.dart:35:52)
#12     ProviderContainer.readProviderElement (package:riverpod/src/framework/container.dart:479:19)
#13     ProviderElementBase._debugAssertCanDependOn.<anonymous closure> (package:riverpod/src/framework/element.dart:624:42)
#14     ProviderElementBase._debugAssertCanDependOn (package:riverpod/src/framework/element.dart:667:8)
#15     ProviderElementBase.watch (package:riverpod/src/framework/element.dart:714:12)
#16     userSettingsRepository (package:finanzas_familiares/application/providers/user_settings_provider.dart:15:24)
#17     Provider._create (package:riverpod/src/provider/base.dart:59:57)
#18     ProviderElement.create (package:riverpod/src/provider/base.dart:345:23)
#19     ProviderElementBase.buildState (package:riverpod/src/framework/element.dart:426:7)
#20     ProviderElementBase.mount (package:riverpod/src/framework/element.dart:228:5)
#21     _StateReader._create (package:riverpod/src/framework/container.dart:47:11)
#22     _StateReader.getElement (package:riverpod/src/framework/container.dart:35:52)
#23     ProviderContainer.readProviderElement (package:riverpod/src/framework/container.dart:479:19)
#24     ProviderElementBase._debugAssertCanDependOn.<anonymous closure> (package:riverpod/src/framework/element.dart:624:42)
#25     ProviderElementBase._debugAssertCanDependOn (package:riverpod/src/framework/element.dart:667:8)
#26     ProviderElementBase.watch (package:riverpod/src/framework/element.dart:714:12)
#27     userSettings (package:finanzas_familiares/application/providers/user_settings_provider.dart:29:26)
#28     StreamProvider._create (package:riverpod/src/stream_provider/base.dart:125:63)
#29     StreamProviderElement.create.<anonymous closure> (package:riverpod/src/stream_provider/base.dart:172:25)
#30     FutureHandlerProviderElementMixin.handleStream.<anonymous closure> (package:riverpod/src/async_notifier/base.dart:309:31)
#31     FutureHandlerProviderElementMixin._handleAsync (package:riverpod/src/async_notifier/base.dart:388:47)
#32     FutureHandlerProviderElementMixin.handleStream (package:riverpod/src/async_notifier/base.dart:303:5)
#33     StreamProviderElement.create (package:riverpod/src/stream_provider/base.dart:169:5)
#34     ProviderElementBase.buildState (package:riverpod/src/framework/element.dart:426:7)
#35     ProviderElementBase.mount (package:riverpod/src/framework/element.dart:228:5)
#36     _StateReader._create (package:riverpod/src/framework/container.dart:47:11)
#37     _StateReader.getElement (package:riverpod/src/framework/container.dart:35:52)
#38     ProviderContainer.readProviderElement (package:riverpod/src/framework/container.dart:479:19)
#39     ProviderElementBase._debugAssertCanDependOn.<anonymous closure> (package:riverpod/src/framework/element.dart:624:42)
#40     ProviderElementBase._debugAssertCanDependOn (package:riverpod/src/framework/element.dart:667:8)
#41     ProviderElementBase.listen (package:riverpod/src/framework/element.dart:761:12)
#42     ThemeNotifier.build (package:finanzas_familiares/application/providers/theme_provider.dart:30:9)
#43     NotifierProviderImpl.runNotifierBuild (package:riverpod/src/notifier/base.dart:166:38)
#44     NotifierProviderElement.create (package:riverpod/src/notifier/base.dart:212:23)
#45     ProviderElementBase.buildState (package:riverpod/src/framework/element.dart:426:7)
#46     ProviderElementBase.mount (package:riverpod/src/framework/element.dart:228:5)
#47     _StateReader._create (package:riverpod/src/framework/container.dart:47:11)
#48     _StateReader.getElement (package:riverpod/src/framework/container.dart:35:52)
#49     ProviderContainer.readProviderElement.<anonymous closure> (package:riverpod/src/framework/container.dart:440:40)
#50     ProviderContainer.readProviderElement (package:riverpod/src/framework/container.dart:475:8)
#51     ProviderBase.addListener (package:riverpod/src/framework/provider_base.dart:79:26)
#52     ProviderContainer.listen (package:riverpod/src/framework/container.dart:280:21)
#53     ConsumerStatefulElement.watch.<anonymous closure> (package:flutter_riverpod/src/consumer.dart:564:25)
#54     _LinkedHashMapMixin.putIfAbsent (dart:_compact_hash:674:23)
#55     ConsumerStatefulElement.watch (package:flutter_riverpod/src/consumer.dart:557:26)
#56     _ThemeSelector.build (package:finanzas_familiares/presentation/screens/settings_screen.dart:123:29)
#57     _ConsumerState.build (package:flutter_riverpod/src/consumer.dart:476:19)
#58     StatefulElement.build (package:flutter/src/widgets/framework.dart:5833:27)
#59     ConsumerStatefulElement.build (package:flutter_riverpod/src/consumer.dart:539:20)
#60     ComponentElement.performRebuild (package:flutter/src/widgets/framework.dart:5723:15)
#61     StatefulElement.performRebuild (package:flutter/src/widgets/framework.dart:5884:11)
#62     Element.rebuild (package:flutter/src/widgets/framework.dart:5435:7)
#63     ComponentElement._firstBuild (package:flutter/src/widgets/framework.dart:5705:5)
#64     StatefulElement._firstBuild (package:flutter/src/widgets/framework.dart:5875:11)
#65     ComponentElement.mount (package:flutter/src/widgets/framework.dart:5699:5)
#66     Element.inflateWidget (package:flutter/src/widgets/framework.dart:4548:16)
#67     Element.updateChild (package:flutter/src/widgets/framework.dart:4004:18)
#68     SingleChildRenderObjectElement.mount (package:flutter/src/widgets/framework.dart:7018:14)
#69     Element.inflateWidget (package:flutter/src/widgets/framework.dart:4548:16)
#70     Element.updateChild (package:flutter/src/widgets/framework.dart:4004:18)
#71     SingleChildRenderObjectElement.mount (package:flutter/src/widgets/framework.dart:7018:14)
#72     Element.inflateWidget (package:flutter/src/widgets/framework.dart:4548:16)
#73     Element.updateChild (package:flutter/src/widgets/framework.dart:4004:18)
#74     ComponentElement.performRebuild (package:flutter/src/widgets/framework.dart:5747:16)
#75     StatefulElement.performRebuild (package:flutter/src/widgets/framework.dart:5884:11)
#76     Element.rebuild (package:flutter/src/widgets/framework.dart:5435:7)
#77     ComponentElement._firstBuild (package:flutter/src/widgets/framework.dart:5705:5)
#78     StatefulElement._firstBuild (package:flutter/src/widgets/framework.dart:5875:11)
#79     ComponentElement.mount (package:flutter/src/widgets/framework.dart:5699:5)
#80     Element.inflateWidget (package:flutter/src/widgets/framework.dart:4548:16)
#81     Element.updateChild (package:flutter/src/widgets/framework.dart:4004:18)
#82     ComponentElement.performRebuild (package:flutter/src/widgets/framework.dart:5747:16)
#83     Element.rebuild (package:flutter/src/widgets/framework.dart:5435:7)
#84     ComponentElement._firstBuild (package:flutter/src/widgets/framework.dart:5705:5)
#85     ComponentElement.mount (package:flutter/src/widgets/framework.dart:5699:5)
#86     Element.inflateWidget (package:flutter/src/widgets/framework.dart:4548:16)
#87     Element.updateChild (package:flutter/src/widgets/framework.dart:4004:18)
#88     ComponentElement.performRebuild (package:flutter/src/widgets/framework.dart:5747:16)
#89     Element.rebuild (package:flutter/src/widgets/framework.dart:5435:7)
#90     ComponentElement._firstBuild (package:flutter/src/widgets/framework.dart:5705:5)
#91     ComponentElement.mount (package:flutter/src/widgets/framework.dart:5699:5)
#92     Element.inflateWidget (package:flutter/src/widgets/framework.dart:4548:16)
#93     Element.updateChild (package:flutter/src/widgets/framework.dart:4004:18)
#94     ComponentElement.performRebuild (package:flutter/src/widgets/framework.dart:5747:16)
#95     StatefulElement.performRebuild (package:flutter/src/widgets/framework.dart:5884:11)
#96     Element.rebuild (package:flutter/src/widgets/framework.dart:5435:7)
#97     ComponentElement._firstBuild (package:flutter/src/widgets/framework.dart:5705:5)
#98     StatefulElement._firstBuild (package:flutter/src/widgets/framework.dart:5875:11)
#99     ComponentElement.mount (package:flutter/src/widgets/framework.dart:5699:5)
#100    Element.inflateWidget (package:flutter/src/widgets/framework.dart:4548:16)
#101    Element.updateChild (package:flutter/src/widgets/framework.dart:4004:18)
#102    ComponentElement.performRebuild (package:flutter/src/widgets/framework.dart:5747:16)
#103    Element.rebuild (package:flutter/src/widgets/framework.dart:5435:7)
#104    ComponentElement._firstBuild (package:flutter/src/widgets/framework.dart:5705:5)
#105    ComponentElement.mount (package:flutter/src/widgets/framework.dart:5699:5)
#106    Element.inflateWidget (package:flutter/src/widgets/framework.dart:4548:16)
#107    Element.updateChild (package:flutter/src/widgets/framework.dart:4004:18)
#108    SliverMultiBoxAdaptorElement.updateChild (package:flutter/src/widgets/sliver.dart:1001:37)
#109    SliverMultiBoxAdaptorElement.createChild.<anonymous closure> (package:flutter/src/widgets/sliver.dart:985:20)
#110    BuildOwner.buildScope (package:flutter/src/widgets/framework.dart:3046:19)
#111    SliverMultiBoxAdaptorElement.createChild (package:flutter/src/widgets/sliver.dart:975:12)
#112    RenderSliverMultiBoxAdaptor._createOrObtainChild.<anonymous closure> (package:flutter/src/rendering/sliver_multi_box_adaptor.dart:372:23)
#113    RenderObject.invokeLayoutCallback.<anonymous closure> (package:flutter/src/rendering/object.dart:2881:17)
#114    PipelineOwner._enableMutationsToDirtySubtrees (package:flutter/src/rendering/object.dart:1206:15)
#115    RenderObject.invokeLayoutCallback (package:flutter/src/rendering/object.dart:2880:14)
#116    RenderSliverMultiBoxAdaptor._createOrObtainChild (package:flutter/src/rendering/sliver_multi_box_adaptor.dart:360:5)
#117    RenderSliverMultiBoxAdaptor.insertAndLayoutChild (package:flutter/src/rendering/sliver_multi_box_adaptor.dart:523:5)
#118    RenderSliverList.performLayout.advance (package:flutter/src/rendering/sliver_list.dart:242:19)
#119    RenderSliverList.performLayout (package:flutter/src/rendering/sliver_list.dart:283:12)
#120    RenderObject.layout (package:flutter/src/rendering/object.dart:2762:7)
#121    RenderSliverEdgeInsetsPadding.performLayout (package:flutter/src/rendering/sliver_padding.dart:133:12)
#122    RenderSliverPadding.performLayout (package:flutter/src/rendering/sliver_padding.dart:371:11)
#123    RenderObject.layout (package:flutter/src/rendering/object.dart:2762:7)
#124    RenderViewportBase.layoutChildSequence (package:flutter/src/rendering/viewport.dart:673:13)
#125    RenderViewport._attemptLayout (package:flutter/src/rendering/viewport.dart:1684:12)
#126    RenderViewport.performLayout (package:flutter/src/rendering/viewport.dart:1575:20)
#127    RenderObject.layout (package:flutter/src/rendering/object.dart:2762:7)
#128    RenderProxyBoxMixin.performLayout (package:flutter/src/rendering/proxy_box.dart:115:18)
#129    RenderObject.layout (package:flutter/src/rendering/object.dart:2762:7)
#130    RenderProxyBoxMixin.performLayout (package:flutter/src/rendering/proxy_box.dart:115:18)
#131    RenderObject.layout (package:flutter/src/rendering/object.dart:2762:7)
#132    RenderProxyBoxMixin.performLayout (package:flutter/src/rendering/proxy_box.dart:115:18)
#133    RenderObject.layout (package:flutter/src/rendering/object.dart:2762:7)
#134    RenderProxyBoxMixin.performLayout (package:flutter/src/rendering/proxy_box.dart:115:18)
#135    RenderObject.layout (package:flutter/src/rendering/object.dart:2762:7)
#136    RenderProxyBoxMixin.performLayout (package:flutter/src/rendering/proxy_box.dart:115:18)
#137    RenderObject.layout (package:flutter/src/rendering/object.dart:2762:7)
#138    RenderProxyBoxMixin.performLayout (package:flutter/src/rendering/proxy_box.dart:115:18)
#139    RenderObject.layout (package:flutter/src/rendering/object.dart:2762:7)
#140    RenderProxyBoxMixin.performLayout (package:flutter/src/rendering/proxy_box.dart:115:18)
#141    RenderObject.layout (package:flutter/src/rendering/object.dart:2762:7)
#142    RenderProxyBoxMixin.performLayout (package:flutter/src/rendering/proxy_box.dart:115:18)
#143    _RenderCustomClip.performLayout (package:flutter/src/rendering/proxy_box.dart:1481:11)
#144    RenderObject.layout (package:flutter/src/rendering/object.dart:2762:7)
#145    MultiChildLayoutDelegate.layoutChild (package:flutter/src/rendering/custom_layout.dart:180:12)
#146    _ScaffoldLayout.performLayout (package:flutter/src/material/scaffold.dart:1122:7)
#147    MultiChildLayoutDelegate._callPerformLayout (package:flutter/src/rendering/custom_layout.dart:249:7)
#148    RenderCustomMultiChildLayoutBox.performLayout (package:flutter/src/rendering/custom_layout.dart:420:14)
#149    RenderObject.layout (package:flutter/src/rendering/object.dart:2762:7)
#150    RenderProxyBoxMixin.performLayout (package:flutter/src/rendering/proxy_box.dart:115:18)
#151    RenderObject.layout (package:flutter/src/rendering/object.dart:2762:7)
#152    RenderProxyBoxMixin.performLayout (package:flutter/src/rendering/proxy_box.dart:115:18)
#153    _RenderCustomClip.performLayout (package:flutter/src/rendering/proxy_box.dart:1481:11)
#154    RenderObject.layout (package:flutter/src/rendering/object.dart:2762:7)
#155    RenderProxyBoxMixin.performLayout (package:flutter/src/rendering/proxy_box.dart:115:18)
#156    RenderObject.layout (package:flutter/src/rendering/object.dart:2762:7)
#157    RenderProxyBoxMixin.performLayout (package:flutter/src/rendering/proxy_box.dart:115:18)
#158    RenderObject.layout (package:flutter/src/rendering/object.dart:2762:7)
#159    RenderProxyBoxMixin.performLayout (package:flutter/src/rendering/proxy_box.dart:115:18)
#160    RenderObject.layout (package:flutter/src/rendering/object.dart:2762:7)
#161    RenderProxyBoxMixin.performLayout (package:flutter/src/rendering/proxy_box.dart:115:18)
#162    RenderObject.layout (package:flutter/src/rendering/object.dart:2762:7)
#163    RenderProxyBoxMixin.performLayout (package:flutter/src/rendering/proxy_box.dart:115:18)
#164    RenderObject.layout (package:flutter/src/rendering/object.dart:2762:7)
#165    RenderProxyBoxMixin.performLayout (package:flutter/src/rendering/proxy_box.dart:115:18)
#166    RenderObject.layout (package:flutter/src/rendering/object.dart:2762:7)
#167    RenderProxyBoxMixin.performLayout (package:flutter/src/rendering/proxy_box.dart:115:18)
#168    RenderObject.layout (package:flutter/src/rendering/object.dart:2762:7)
#169    RenderProxyBoxMixin.performLayout (package:flutter/src/rendering/proxy_box.dart:115:18)
#170    RenderObject.layout (package:flutter/src/rendering/object.dart:2762:7)
#171    RenderProxyBoxMixin.performLayout (package:flutter/src/rendering/proxy_box.dart:115:18)
#172    RenderObject.layout (package:flutter/src/rendering/object.dart:2762:7)
#173    RenderProxyBoxMixin.performLayout (package:flutter/src/rendering/proxy_box.dart:115:18)
#174    RenderOffstage.performLayout (package:flutter/src/rendering/proxy_box.dart:3848:13)
#175    RenderObject.layout (package:flutter/src/rendering/object.dart:2762:7)
#176    RenderProxyBoxMixin.performLayout (package:flutter/src/rendering/proxy_box.dart:115:18)
#177    RenderObject.layout (package:flutter/src/rendering/object.dart:2762:7)
#178    _RenderTheaterMixin.layoutChild (package:flutter/src/widgets/overlay.dart:1085:13)
#179    _RenderTheater.performLayout (package:flutter/src/widgets/overlay.dart:1430:9)
#180    RenderObject.layout (package:flutter/src/rendering/object.dart:2762:7)
#181    RenderProxyBoxMixin.performLayout (package:flutter/src/rendering/proxy_box.dart:115:18)
#182    RenderObject.layout (package:flutter/src/rendering/object.dart:2762:7)
#183    RenderProxyBoxMixin.performLayout (package:flutter/src/rendering/proxy_box.dart:115:18)
#184    RenderObject.layout (package:flutter/src/rendering/object.dart:2762:7)
#185    RenderProxyBoxMixin.performLayout (package:flutter/src/rendering/proxy_box.dart:115:18)
#186    RenderObject.layout (package:flutter/src/rendering/object.dart:2762:7)
#187    RenderProxyBoxMixin.performLayout (package:flutter/src/rendering/proxy_box.dart:115:18)
#188    RenderCustomPaint.performLayout (package:flutter/src/rendering/custom_paint.dart:574:11)
#189    RenderObject.layout (package:flutter/src/rendering/object.dart:2762:7)
#190    RenderProxyBoxMixin.performLayout (package:flutter/src/rendering/proxy_box.dart:115:18)
#191    RenderObject.layout (package:flutter/src/rendering/object.dart:2762:7)
#192    RenderProxyBoxMixin.performLayout (package:flutter/src/rendering/proxy_box.dart:115:18)
#193    RenderObject.layout (package:flutter/src/rendering/object.dart:2762:7)
#194    RenderProxyBoxMixin.performLayout (package:flutter/src/rendering/proxy_box.dart:115:18)
#195    RenderObject.layout (package:flutter/src/rendering/object.dart:2762:7)
#196    RenderProxyBoxMixin.performLayout (package:flutter/src/rendering/proxy_box.dart:115:18)
#197    RenderObject.layout (package:flutter/src/rendering/object.dart:2762:7)
#198    RenderProxyBoxMixin.performLayout (package:flutter/src/rendering/proxy_box.dart:115:18)
#199    RenderObject.layout (package:flutter/src/rendering/object.dart:2762:7)
#200    RenderProxyBoxMixin.performLayout (package:flutter/src/rendering/proxy_box.dart:115:18)
#201    RenderObject.layout (package:flutter/src/rendering/object.dart:2762:7)
#202    RenderView.performLayout (package:flutter/src/rendering/view.dart:294:12)
#203    RenderObject._layoutWithoutResize (package:flutter/src/rendering/object.dart:2610:7)
#204    PipelineOwner.flushLayout (package:flutter/src/rendering/object.dart:1157:18)
#205    PipelineOwner.flushLayout (package:flutter/src/rendering/object.dart:1170:15)
#206    AutomatedTestWidgetsFlutterBinding.drawFrame (package:flutter_test/src/binding.dart:1508:27)
#207    RendererBinding._handlePersistentFrameCallback (package:flutter/src/rendering/binding.dart:495:5)
#208    SchedulerBinding._invokeFrameCallback (package:flutter/src/scheduler/binding.dart:1434:15)
#209    SchedulerBinding.handleDrawFrame (package:flutter/src/scheduler/binding.dart:1347:9)
#210    AutomatedTestWidgetsFlutterBinding.pump.<anonymous closure> (package:flutter_test/src/binding.dart:1335:9)
#211    _rootRun (dart:async/zone.dart:1525:13)
#212    _CustomZone.run (dart:async/zone.dart:1422:19)
#213    TestAsyncUtils.guard (package:flutter_test/src/test_async_utils.dart:74:41)
#214    AutomatedTestWidgetsFlutterBinding.pump (package:flutter_test/src/binding.dart:1324:27)
#215    WidgetTester.pumpWidget.<anonymous closure> (package:flutter_test/src/widget_tester.dart:598:22)
#216    _rootRun (dart:async/zone.dart:1525:13)
#217    _CustomZone.run (dart:async/zone.dart:1422:19)
#218    TestAsyncUtils.guard (package:flutter_test/src/test_async_utils.dart:74:41)
#219    WidgetTester.pumpWidget (package:flutter_test/src/widget_tester.dart:595:27)
#220    main.<anonymous closure>.<anonymous closure> (file:///home/bootcamp/Proyectos-2026/Proyectos-Varios/Finanzas-Familiares-AS/test/presentation/screens/settings_screen_test.dart:47:20)
#221    testWidgets.<anonymous closure>.<anonymous closure> (package:flutter_test/src/widget_tester.dart:192:29)
<asynchronous suspension>
#222    TestWidgetsFlutterBinding._runTestBody (package:flutter_test/src/binding.dart:1059:5)
<asynchronous suspension>
#223    StackZoneSpecification._registerCallback.<anonymous closure> (package:stack_trace/src/stack_zone_specification.dart:114:42)
<asynchronous suspension>
This warning will only appear on debug builds.
00:24 +897 -7: /home/bootcamp/Proyectos-2026/Proyectos-Varios/Finanzas-Familiares-AS/test/presentation/screens/dashboard_screen_test.dart: DashboardScreen muestra título ¿Cómo Voy?                   00:24 +898 -7: /home/bootcamp/Proyectos-2026/Proyectos-Varios/Finanzas-Familiares-AS/test/presentation/screens/dashboard_screen_test.dart: DashboardScreen muestra título ¿Cómo Voy?                   00:24 +899 -7: /home/bootcamp/Proyectos-2026/Proyectos-Varios/Finanzas-Familiares-AS/test/presentation/screens/dashboard_screen_test.dart: DashboardScreen muestra título ¿Cómo Voy?                   00:24 +899 -7: /home/bootcamp/Proyectos-2026/Proyectos-Varios/Finanzas-Familiares-AS/test/presentation/screens/settings_screen_test.dart: SettingsScreen muestra sección Cuenta con opción cerrar sesión
WARNING (drift): It looks like you've created the database class AppDatabase multiple times. When these two databases use the same QueryExecutor, race conditions will occur and might corrupt the database. 
Try to follow the advice at https://drift.simonbinder.eu/faq/#using-the-database or, if you know what you're doing, set driftRuntimeOptions.dontWarnAboutMultipleDatabases = true
Here is the stacktrace from when the database was opened a second time:
#0      GeneratedDatabase._handleInstantiated (package:drift/src/runtime/api/db_base.dart:96:30)
#1      GeneratedDatabase._whenConstructed (package:drift/src/runtime/api/db_base.dart:73:12)
#2      new GeneratedDatabase (package:drift/src/runtime/api/db_base.dart:64:5)
#3      new _$AppDatabase (package:finanzas_familiares/data/local/database.g.dart:14435:36)
#4      new AppDatabase (package:finanzas_familiares/data/local/database.dart:56:19)
#5      appDatabase (package:finanzas_familiares/application/providers/user_settings_provider.dart:49:10)
#6      Provider._create (package:riverpod/src/provider/base.dart:59:57)
#7      ProviderElement.create (package:riverpod/src/provider/base.dart:345:23)
#8      ProviderElementBase.buildState (package:riverpod/src/framework/element.dart:426:7)
#9      ProviderElementBase.mount (package:riverpod/src/framework/element.dart:228:5)
#10     _StateReader._create (package:riverpod/src/framework/container.dart:47:11)
#11     _StateReader.getElement (package:riverpod/src/framework/container.dart:35:52)
#12     ProviderContainer.readProviderElement (package:riverpod/src/framework/container.dart:479:19)
#13     ProviderElementBase._debugAssertCanDependOn.<anonymous closure> (package:riverpod/src/framework/element.dart:624:42)
#14     ProviderElementBase._debugAssertCanDependOn (package:riverpod/src/framework/element.dart:667:8)
#15     ProviderElementBase.watch (package:riverpod/src/framework/element.dart:714:12)
#16     userSettingsRepository (package:finanzas_familiares/application/providers/user_settings_provider.dart:15:24)
#17     Provider._create (package:riverpod/src/provider/base.dart:59:57)
#18     ProviderElement.create (package:riverpod/src/provider/base.dart:345:23)
#19     ProviderElementBase.buildState (package:riverpod/src/framework/element.dart:426:7)
#20     ProviderElementBase.mount (package:riverpod/src/framework/element.dart:228:5)
#21     _StateReader._create (package:riverpod/src/framework/container.dart:47:11)
#22     _StateReader.getElement (package:riverpod/src/framework/container.dart:35:52)
#23     ProviderContainer.readProviderElement (package:riverpod/src/framework/container.dart:479:19)
#24     ProviderElementBase._debugAssertCanDependOn.<anonymous closure> (package:riverpod/src/framework/element.dart:624:42)
#25     ProviderElementBase._debugAssertCanDependOn (package:riverpod/src/framework/element.dart:667:8)
#26     ProviderElementBase.watch (package:riverpod/src/framework/element.dart:714:12)
#27     userSettings (package:finanzas_familiares/application/providers/user_settings_provider.dart:29:26)
#28     StreamProvider._create (package:riverpod/src/stream_provider/base.dart:125:63)
#29     StreamProviderElement.create.<anonymous closure> (package:riverpod/src/stream_provider/base.dart:172:25)
#30     FutureHandlerProviderElementMixin.handleStream.<anonymous closure> (package:riverpod/src/async_notifier/base.dart:309:31)
#31     FutureHandlerProviderElementMixin._handleAsync (package:riverpod/src/async_notifier/base.dart:388:47)
#32     FutureHandlerProviderElementMixin.handleStream (package:riverpod/src/async_notifier/base.dart:303:5)
#33     StreamProviderElement.create (package:riverpod/src/stream_provider/base.dart:169:5)
#34     ProviderElementBase.buildState (package:riverpod/src/framework/element.dart:426:7)
#35     ProviderElementBase.mount (package:riverpod/src/framework/element.dart:228:5)
#36     _StateReader._create (package:riverpod/src/framework/container.dart:47:11)
#37     _StateReader.getElement (package:riverpod/src/framework/container.dart:35:52)
#38     ProviderContainer.readProviderElement (package:riverpod/src/framework/container.dart:479:19)
#39     ProviderElementBase._debugAssertCanDependOn.<anonymous closure> (package:riverpod/src/framework/element.dart:624:42)
#40     ProviderElementBase._debugAssertCanDependOn (package:riverpod/src/framework/element.dart:667:8)
#41     ProviderElementBase.listen (package:riverpod/src/framework/element.dart:761:12)
#42     ThemeNotifier.build (package:finanzas_familiares/application/providers/theme_provider.dart:30:9)
#43     NotifierProviderImpl.runNotifierBuild (package:riverpod/src/notifier/base.dart:166:38)
#44     NotifierProviderElement.create (package:riverpod/src/notifier/base.dart:212:23)
#45     ProviderElementBase.buildState (package:riverpod/src/framework/element.dart:426:7)
#46     ProviderElementBase.mount (package:riverpod/src/framework/element.dart:228:5)
#47     _StateReader._create (package:riverpod/src/framework/container.dart:47:11)
#48     _StateReader.getElement (package:riverpod/src/framework/container.dart:35:52)
#49     ProviderContainer.readProviderElement.<anonymous closure> (package:riverpod/src/framework/container.dart:440:40)
#50     ProviderContainer.readProviderElement (package:riverpod/src/framework/container.dart:475:8)
#51     ProviderBase.addListener (package:riverpod/src/framework/provider_base.dart:79:26)
#52     ProviderContainer.listen (package:riverpod/src/framework/container.dart:280:21)
#53     ConsumerStatefulElement.watch.<anonymous closure> (package:flutter_riverpod/src/consumer.dart:564:25)
#54     _LinkedHashMapMixin.putIfAbsent (dart:_compact_hash:674:23)
#55     ConsumerStatefulElement.watch (package:flutter_riverpod/src/consumer.dart:557:26)
#56     _ThemeSelector.build (package:finanzas_familiares/presentation/screens/settings_screen.dart:123:29)
#57     _ConsumerState.build (package:flutter_riverpod/src/consumer.dart:476:19)
#58     StatefulElement.build (package:flutter/src/widgets/framework.dart:5833:27)
#59     ConsumerStatefulElement.build (package:flutter_riverpod/src/consumer.dart:539:20)
#60     ComponentElement.performRebuild (package:flutter/src/widgets/framework.dart:5723:15)
#61     StatefulElement.performRebuild (package:flutter/src/widgets/framework.dart:5884:11)
#62     Element.rebuild (package:flutter/src/widgets/framework.dart:5435:7)
#63     ComponentElement._firstBuild (package:flutter/src/widgets/framework.dart:5705:5)
#64     StatefulElement._firstBuild (package:flutter/src/widgets/framework.dart:5875:11)
#65     ComponentElement.mount (package:flutter/src/widgets/framework.dart:5699:5)
#66     Element.inflateWidget (package:flutter/src/widgets/framework.dart:4548:16)
#67     Element.updateChild (package:flutter/src/widgets/framework.dart:4004:18)
#68     SingleChildRenderObjectElement.mount (package:flutter/src/widgets/framework.dart:7018:14)
#69     Element.inflateWidget (package:flutter/src/widgets/framework.dart:4548:16)
#70     Element.updateChild (package:flutter/src/widgets/framework.dart:4004:18)
#71     SingleChildRenderObjectElement.mount (package:flutter/src/widgets/framework.dart:7018:14)
#72     Element.inflateWidget (package:flutter/src/widgets/framework.dart:4548:16)
#73     Element.updateChild (package:flutter/src/widgets/framework.dart:4004:18)
#74     ComponentElement.performRebuild (package:flutter/src/widgets/framework.dart:5747:16)
#75     StatefulElement.performRebuild (package:flutter/src/widgets/framework.dart:5884:11)
#76     Element.rebuild (package:flutter/src/widgets/framework.dart:5435:7)
#77     ComponentElement._firstBuild (package:flutter/src/widgets/framework.dart:5705:5)
#78     StatefulElement._firstBuild (package:flutter/src/widgets/framework.dart:5875:11)
#79     ComponentElement.mount (package:flutter/src/widgets/framework.dart:5699:5)
#80     Element.inflateWidget (package:flutter/src/widgets/framework.dart:4548:16)
#81     Element.updateChild (package:flutter/src/widgets/framework.dart:4004:18)
#82     ComponentElement.performRebuild (package:flutter/src/widgets/framework.dart:5747:16)
#83     Element.rebuild (package:flutter/src/widgets/framework.dart:5435:7)
#84     ComponentElement._firstBuild (package:flutter/src/widgets/framework.dart:5705:5)
#85     ComponentElement.mount (package:flutter/src/widgets/framework.dart:5699:5)
#86     Element.inflateWidget (package:flutter/src/widgets/framework.dart:4548:16)
#87     Element.updateChild (package:flutter/src/widgets/framework.dart:4004:18)
#88     ComponentElement.performRebuild (package:flutter/src/widgets/framework.dart:5747:16)
#89     Element.rebuild (package:flutter/src/widgets/framework.dart:5435:7)
#90     ComponentElement._firstBuild (package:flutter/src/widgets/framework.dart:5705:5)
#91     ComponentElement.mount (package:flutter/src/widgets/framework.dart:5699:5)
#92     Element.inflateWidget (package:flutter/src/widgets/framework.dart:4548:16)
#93     Element.updateChild (package:flutter/src/widgets/framework.dart:4004:18)
#94     ComponentElement.performRebuild (package:flutter/src/widgets/framework.dart:5747:16)
#95     StatefulElement.performRebuild (package:flutter/src/widgets/framework.dart:5884:11)
#96     Element.rebuild (package:flutter/src/widgets/framework.dart:5435:7)
#97     ComponentElement._firstBuild (package:flutter/src/widgets/framework.dart:5705:5)
#98     StatefulElement._firstBuild (package:flutter/src/widgets/framework.dart:5875:11)
#99     ComponentElement.mount (package:flutter/src/widgets/framework.dart:5699:5)
#100    Element.inflateWidget (package:flutter/src/widgets/framework.dart:4548:16)
#101    Element.updateChild (package:flutter/src/widgets/framework.dart:4004:18)
#102    ComponentElement.performRebuild (package:flutter/src/widgets/framework.dart:5747:16)
#103    Element.rebuild (package:flutter/src/widgets/framework.dart:5435:7)
#104    ComponentElement._firstBuild (package:flutter/src/widgets/framework.dart:5705:5)
#105    ComponentElement.mount (package:flutter/src/widgets/framework.dart:5699:5)
#106    Element.inflateWidget (package:flutter/src/widgets/framework.dart:4548:16)
#107    Element.updateChild (package:flutter/src/widgets/framework.dart:4004:18)
#108    SliverMultiBoxAdaptorElement.updateChild (package:flutter/src/widgets/sliver.dart:1001:37)
#109    SliverMultiBoxAdaptorElement.createChild.<anonymous closure> (package:flutter/src/widgets/sliver.dart:985:20)
#110    BuildOwner.buildScope (package:flutter/src/widgets/framework.dart:3046:19)
#111    SliverMultiBoxAdaptorElement.createChild (package:flutter/src/widgets/sliver.dart:975:12)
#112    RenderSliverMultiBoxAdaptor._createOrObtainChild.<anonymous closure> (package:flutter/src/rendering/sliver_multi_box_adaptor.dart:372:23)
#113    RenderObject.invokeLayoutCallback.<anonymous closure> (package:flutter/src/rendering/object.dart:2881:17)
#114    PipelineOwner._enableMutationsToDirtySubtrees (package:flutter/src/rendering/object.dart:1206:15)
#115    RenderObject.invokeLayoutCallback (package:flutter/src/rendering/object.dart:2880:14)
#116    RenderSliverMultiBoxAdaptor._createOrObtainChild (package:flutter/src/rendering/sliver_multi_box_adaptor.dart:360:5)
#117    RenderSliverMultiBoxAdaptor.insertAndLayoutChild (package:flutter/src/rendering/sliver_multi_box_adaptor.dart:523:5)
#118    RenderSliverList.performLayout.advance (package:flutter/src/rendering/sliver_list.dart:242:19)
#119    RenderSliverList.performLayout (package:flutter/src/rendering/sliver_list.dart:283:12)
#120    RenderObject.layout (package:flutter/src/rendering/object.dart:2762:7)
#121    RenderSliverEdgeInsetsPadding.performLayout (package:flutter/src/rendering/sliver_padding.dart:133:12)
#122    RenderSliverPadding.performLayout (package:flutter/src/rendering/sliver_padding.dart:371:11)
#123    RenderObject.layout (package:flutter/src/rendering/object.dart:2762:7)
#124    RenderViewportBase.layoutChildSequence (package:flutter/src/rendering/viewport.dart:673:13)
#125    RenderViewport._attemptLayout (package:flutter/src/rendering/viewport.dart:1684:12)
#126    RenderViewport.performLayout (package:flutter/src/rendering/viewport.dart:1575:20)
#127    RenderObject.layout (package:flutter/src/rendering/object.dart:2762:7)
#128    RenderProxyBoxMixin.performLayout (package:flutter/src/rendering/proxy_box.dart:115:18)
#129    RenderObject.layout (package:flutter/src/rendering/object.dart:2762:7)
#130    RenderProxyBoxMixin.performLayout (package:flutter/src/rendering/proxy_box.dart:115:18)
#131    RenderObject.layout (package:flutter/src/rendering/object.dart:2762:7)
#132    RenderProxyBoxMixin.performLayout (package:flutter/src/rendering/proxy_box.dart:115:18)
#133    RenderObject.layout (package:flutter/src/rendering/object.dart:2762:7)
#134    RenderProxyBoxMixin.performLayout (package:flutter/src/rendering/proxy_box.dart:115:18)
#135    RenderObject.layout (package:flutter/src/rendering/object.dart:2762:7)
#136    RenderProxyBoxMixin.performLayout (package:flutter/src/rendering/proxy_box.dart:115:18)
#137    RenderObject.layout (package:flutter/src/rendering/object.dart:2762:7)
#138    RenderProxyBoxMixin.performLayout (package:flutter/src/rendering/proxy_box.dart:115:18)
#139    RenderObject.layout (package:flutter/src/rendering/object.dart:2762:7)
#140    RenderProxyBoxMixin.performLayout (package:flutter/src/rendering/proxy_box.dart:115:18)
#141    RenderObject.layout (package:flutter/src/rendering/object.dart:2762:7)
#142    RenderProxyBoxMixin.performLayout (package:flutter/src/rendering/proxy_box.dart:115:18)
#143    _RenderCustomClip.performLayout (package:flutter/src/rendering/proxy_box.dart:1481:11)
#144    RenderObject.layout (package:flutter/src/rendering/object.dart:2762:7)
#145    MultiChildLayoutDelegate.layoutChild (package:flutter/src/rendering/custom_layout.dart:180:12)
#146    _ScaffoldLayout.performLayout (package:flutter/src/material/scaffold.dart:1122:7)
#147    MultiChildLayoutDelegate._callPerformLayout (package:flutter/src/rendering/custom_layout.dart:249:7)
#148    RenderCustomMultiChildLayoutBox.performLayout (package:flutter/src/rendering/custom_layout.dart:420:14)
#149    RenderObject.layout (package:flutter/src/rendering/object.dart:2762:7)
#150    RenderProxyBoxMixin.performLayout (package:flutter/src/rendering/proxy_box.dart:115:18)
#151    RenderObject.layout (package:flutter/src/rendering/object.dart:2762:7)
#152    RenderProxyBoxMixin.performLayout (package:flutter/src/rendering/proxy_box.dart:115:18)
#153    _RenderCustomClip.performLayout (package:flutter/src/rendering/proxy_box.dart:1481:11)
#154    RenderObject.layout (package:flutter/src/rendering/object.dart:2762:7)
#155    RenderProxyBoxMixin.performLayout (package:flutter/src/rendering/proxy_box.dart:115:18)
#156    RenderObject.layout (package:flutter/src/rendering/object.dart:2762:7)
#157    RenderProxyBoxMixin.performLayout (package:flutter/src/rendering/proxy_box.dart:115:18)
#158    RenderObject.layout (package:flutter/src/rendering/object.dart:2762:7)
#159    RenderProxyBoxMixin.performLayout (package:flutter/src/rendering/proxy_box.dart:115:18)
#160    RenderObject.layout (package:flutter/src/rendering/object.dart:2762:7)
#161    RenderProxyBoxMixin.performLayout (package:flutter/src/rendering/proxy_box.dart:115:18)
#162    RenderObject.layout (package:flutter/src/rendering/object.dart:2762:7)
#163    RenderProxyBoxMixin.performLayout (package:flutter/src/rendering/proxy_box.dart:115:18)
#164    RenderObject.layout (package:flutter/src/rendering/object.dart:2762:7)
#165    RenderProxyBoxMixin.performLayout (package:flutter/src/rendering/proxy_box.dart:115:18)
#166    RenderObject.layout (package:flutter/src/rendering/object.dart:2762:7)
#167    RenderProxyBoxMixin.performLayout (package:flutter/src/rendering/proxy_box.dart:115:18)
#168    RenderObject.layout (package:flutter/src/rendering/object.dart:2762:7)
#169    RenderProxyBoxMixin.performLayout (package:flutter/src/rendering/proxy_box.dart:115:18)
#170    RenderObject.layout (package:flutter/src/rendering/object.dart:2762:7)
#171    RenderProxyBoxMixin.performLayout (package:flutter/src/rendering/proxy_box.dart:115:18)
#172    RenderObject.layout (package:flutter/src/rendering/object.dart:2762:7)
#173    RenderProxyBoxMixin.performLayout (package:flutter/src/rendering/proxy_box.dart:115:18)
#174    RenderOffstage.performLayout (package:flutter/src/rendering/proxy_box.dart:3848:13)
#175    RenderObject.layout (package:flutter/src/rendering/object.dart:2762:7)
#176    RenderProxyBoxMixin.performLayout (package:flutter/src/rendering/proxy_box.dart:115:18)
#177    RenderObject.layout (package:flutter/src/rendering/object.dart:2762:7)
#178    _RenderTheaterMixin.layoutChild (package:flutter/src/widgets/overlay.dart:1085:13)
#179    _RenderTheater.performLayout (package:flutter/src/widgets/overlay.dart:1430:9)
#180    RenderObject.layout (package:flutter/src/rendering/object.dart:2762:7)
#181    RenderProxyBoxMixin.performLayout (package:flutter/src/rendering/proxy_box.dart:115:18)
#182    RenderObject.layout (package:flutter/src/rendering/object.dart:2762:7)
#183    RenderProxyBoxMixin.performLayout (package:flutter/src/rendering/proxy_box.dart:115:18)
#184    RenderObject.layout (package:flutter/src/rendering/object.dart:2762:7)
#185    RenderProxyBoxMixin.performLayout (package:flutter/src/rendering/proxy_box.dart:115:18)
#186    RenderObject.layout (package:flutter/src/rendering/object.dart:2762:7)
#187    RenderProxyBoxMixin.performLayout (package:flutter/src/rendering/proxy_box.dart:115:18)
#188    RenderCustomPaint.performLayout (package:flutter/src/rendering/custom_paint.dart:574:11)
#189    RenderObject.layout (package:flutter/src/rendering/object.dart:2762:7)
#190    RenderProxyBoxMixin.performLayout (package:flutter/src/rendering/proxy_box.dart:115:18)
#191    RenderObject.layout (package:flutter/src/rendering/object.dart:2762:7)
#192    RenderProxyBoxMixin.performLayout (package:flutter/src/rendering/proxy_box.dart:115:18)
#193    RenderObject.layout (package:flutter/src/rendering/object.dart:2762:7)
#194    RenderProxyBoxMixin.performLayout (package:flutter/src/rendering/proxy_box.dart:115:18)
#195    RenderObject.layout (package:flutter/src/rendering/object.dart:2762:7)
#196    RenderProxyBoxMixin.performLayout (package:flutter/src/rendering/proxy_box.dart:115:18)
#197    RenderObject.layout (package:flutter/src/rendering/object.dart:2762:7)
#198    RenderProxyBoxMixin.performLayout (package:flutter/src/rendering/proxy_box.dart:115:18)
#199    RenderObject.layout (package:flutter/src/rendering/object.dart:2762:7)
#200    RenderProxyBoxMixin.performLayout (package:flutter/src/rendering/proxy_box.dart:115:18)
#201    RenderObject.layout (package:flutter/src/rendering/object.dart:2762:7)
#202    RenderView.performLayout (package:flutter/src/rendering/view.dart:294:12)
#203    RenderObject._layoutWithoutResize (package:flutter/src/rendering/object.dart:2610:7)
#204    PipelineOwner.flushLayout (package:flutter/src/rendering/object.dart:1157:18)
#205    PipelineOwner.flushLayout (package:flutter/src/rendering/object.dart:1170:15)
#206    AutomatedTestWidgetsFlutterBinding.drawFrame (package:flutter_test/src/binding.dart:1508:27)
#207    RendererBinding._handlePersistentFrameCallback (package:flutter/src/rendering/binding.dart:495:5)
#208    SchedulerBinding._invokeFrameCallback (package:flutter/src/scheduler/binding.dart:1434:15)
#209    SchedulerBinding.handleDrawFrame (package:flutter/src/scheduler/binding.dart:1347:9)
#210    AutomatedTestWidgetsFlutterBinding.pump.<anonymous closure> (package:flutter_test/src/binding.dart:1335:9)
#211    _rootRun (dart:async/zone.dart:1525:13)
#212    _CustomZone.run (dart:async/zone.dart:1422:19)
#213    TestAsyncUtils.guard (package:flutter_test/src/test_async_utils.dart:74:41)
#214    AutomatedTestWidgetsFlutterBinding.pump (package:flutter_test/src/binding.dart:1324:27)
#215    WidgetTester.pumpWidget.<anonymous closure> (package:flutter_test/src/widget_tester.dart:598:22)
#216    _rootRun (dart:async/zone.dart:1525:13)
#217    _CustomZone.run (dart:async/zone.dart:1422:19)
#218    TestAsyncUtils.guard (package:flutter_test/src/test_async_utils.dart:74:41)
#219    WidgetTester.pumpWidget (package:flutter_test/src/widget_tester.dart:595:27)
#220    main.<anonymous closure>.<anonymous closure> (file:///home/bootcamp/Proyectos-2026/Proyectos-Varios/Finanzas-Familiares-AS/test/presentation/screens/settings_screen_test.dart:65:20)
#221    testWidgets.<anonymous closure>.<anonymous closure> (package:flutter_test/src/widget_tester.dart:192:29)
<asynchronous suspension>
#222    TestWidgetsFlutterBinding._runTestBody (package:flutter_test/src/binding.dart:1059:5)
<asynchronous suspension>
#223    StackZoneSpecification._registerCallback.<anonymous closure> (package:stack_trace/src/stack_zone_specification.dart:114:42)
<asynchronous suspension>
This warning will only appear on debug builds.
00:24 +900 -7: /home/bootcamp/Proyectos-2026/Proyectos-Varios/Finanzas-Familiares-AS/test/presentation/screens/categories_screen_test.dart: CategoriesScreen muestra título Categorías                 00:24 +901 -7: /home/bootcamp/Proyectos-2026/Proyectos-Varios/Finanzas-Familiares-AS/test/presentation/screens/categories_screen_test.dart: CategoriesScreen muestra título Categorías                 00:24 +901 -7: /home/bootcamp/Proyectos-2026/Proyectos-Varios/Finanzas-Familiares-AS/test/presentation/screens/dashboard_screen_test.dart: DashboardScreen muestra botón de refresh                    
[DASHBOARD] Iniciando carga...
[DASHBOARD] Obteniendo datos...
00:24 +902 -7: /home/bootcamp/Proyectos-2026/Proyectos-Varios/Finanzas-Familiares-AS/test/presentation/screens/categories_screen_test.dart: CategoriesScreen muestra título Categorías                 00:24 +902 -7: /home/bootcamp/Proyectos-2026/Proyectos-Varios/Finanzas-Familiares-AS/test/presentation/screens/dashboard_screen_test.dart: DashboardScreen muestra botón de refresh                    
[DASHBOARD] Cuentas: 0, Categorías: 104
[DASHBOARD] Transacciones: 0, Presupuestos: 0
[DASHBOARD] Calculando resumen...
[DASHBOARD] Resumen calculado OK
00:24 +902 -7: /home/bootcamp/Proyectos-2026/Proyectos-Varios/Finanzas-Familiares-AS/test/presentation/screens/settings_screen_test.dart: SettingsScreen muestra ícono de logout en rojo               
WARNING (drift): It looks like you've created the database class AppDatabase multiple times. When these two databases use the same QueryExecutor, race conditions will occur and might corrupt the database. 
Try to follow the advice at https://drift.simonbinder.eu/faq/#using-the-database or, if you know what you're doing, set driftRuntimeOptions.dontWarnAboutMultipleDatabases = true
Here is the stacktrace from when the database was opened a second time:
#0      GeneratedDatabase._handleInstantiated (package:drift/src/runtime/api/db_base.dart:96:30)
#1      GeneratedDatabase._whenConstructed (package:drift/src/runtime/api/db_base.dart:73:12)
#2      new GeneratedDatabase (package:drift/src/runtime/api/db_base.dart:64:5)
#3      new _$AppDatabase (package:finanzas_familiares/data/local/database.g.dart:14435:36)
#4      new AppDatabase (package:finanzas_familiares/data/local/database.dart:56:19)
#5      appDatabase (package:finanzas_familiares/application/providers/user_settings_provider.dart:49:10)
#6      Provider._create (package:riverpod/src/provider/base.dart:59:57)
#7      ProviderElement.create (package:riverpod/src/provider/base.dart:345:23)
#8      ProviderElementBase.buildState (package:riverpod/src/framework/element.dart:426:7)
#9      ProviderElementBase.mount (package:riverpod/src/framework/element.dart:228:5)
#10     _StateReader._create (package:riverpod/src/framework/container.dart:47:11)
#11     _StateReader.getElement (package:riverpod/src/framework/container.dart:35:52)
#12     ProviderContainer.readProviderElement (package:riverpod/src/framework/container.dart:479:19)
#13     ProviderElementBase._debugAssertCanDependOn.<anonymous closure> (package:riverpod/src/framework/element.dart:624:42)
#14     ProviderElementBase._debugAssertCanDependOn (package:riverpod/src/framework/element.dart:667:8)
#15     ProviderElementBase.watch (package:riverpod/src/framework/element.dart:714:12)
#16     userSettingsRepository (package:finanzas_familiares/application/providers/user_settings_provider.dart:15:24)
#17     Provider._create (package:riverpod/src/provider/base.dart:59:57)
#18     ProviderElement.create (package:riverpod/src/provider/base.dart:345:23)
#19     ProviderElementBase.buildState (package:riverpod/src/framework/element.dart:426:7)
#20     ProviderElementBase.mount (package:riverpod/src/framework/element.dart:228:5)
#21     _StateReader._create (package:riverpod/src/framework/container.dart:47:11)
#22     _StateReader.getElement (package:riverpod/src/framework/container.dart:35:52)
#23     ProviderContainer.readProviderElement (package:riverpod/src/framework/container.dart:479:19)
#24     ProviderElementBase._debugAssertCanDependOn.<anonymous closure> (package:riverpod/src/framework/element.dart:624:42)
#25     ProviderElementBase._debugAssertCanDependOn (package:riverpod/src/framework/element.dart:667:8)
#26     ProviderElementBase.watch (package:riverpod/src/framework/element.dart:714:12)
#27     userSettings (package:finanzas_familiares/application/providers/user_settings_provider.dart:29:26)
#28     StreamProvider._create (package:riverpod/src/stream_provider/base.dart:125:63)
#29     StreamProviderElement.create.<anonymous closure> (package:riverpod/src/stream_provider/base.dart:172:25)
#30     FutureHandlerProviderElementMixin.handleStream.<anonymous closure> (package:riverpod/src/async_notifier/base.dart:309:31)
#31     FutureHandlerProviderElementMixin._handleAsync (package:riverpod/src/async_notifier/base.dart:388:47)
#32     FutureHandlerProviderElementMixin.handleStream (package:riverpod/src/async_notifier/base.dart:303:5)
#33     StreamProviderElement.create (package:riverpod/src/stream_provider/base.dart:169:5)
#34     ProviderElementBase.buildState (package:riverpod/src/framework/element.dart:426:7)
#35     ProviderElementBase.mount (package:riverpod/src/framework/element.dart:228:5)
#36     _StateReader._create (package:riverpod/src/framework/container.dart:47:11)
#37     _StateReader.getElement (package:riverpod/src/framework/container.dart:35:52)
#38     ProviderContainer.readProviderElement (package:riverpod/src/framework/container.dart:479:19)
#39     ProviderElementBase._debugAssertCanDependOn.<anonymous closure> (package:riverpod/src/framework/element.dart:624:42)
#40     ProviderElementBase._debugAssertCanDependOn (package:riverpod/src/framework/element.dart:667:8)
#41     ProviderElementBase.listen (package:riverpod/src/framework/element.dart:761:12)
#42     ThemeNotifier.build (package:finanzas_familiares/application/providers/theme_provider.dart:30:9)
#43     NotifierProviderImpl.runNotifierBuild (package:riverpod/src/notifier/base.dart:166:38)
#44     NotifierProviderElement.create (package:riverpod/src/notifier/base.dart:212:23)
#45     ProviderElementBase.buildState (package:riverpod/src/framework/element.dart:426:7)
#46     ProviderElementBase.mount (package:riverpod/src/framework/element.dart:228:5)
#47     _StateReader._create (package:riverpod/src/framework/container.dart:47:11)
#48     _StateReader.getElement (package:riverpod/src/framework/container.dart:35:52)
#49     ProviderContainer.readProviderElement.<anonymous closure> (package:riverpod/src/framework/container.dart:440:40)
#50     ProviderContainer.readProviderElement (package:riverpod/src/framework/container.dart:475:8)
#51     ProviderBase.addListener (package:riverpod/src/framework/provider_base.dart:79:26)
#52     ProviderContainer.listen (package:riverpod/src/framework/container.dart:280:21)
#53     ConsumerStatefulElement.watch.<anonymous closure> (package:flutter_riverpod/src/consumer.dart:564:25)
#54     _LinkedHashMapMixin.putIfAbsent (dart:_compact_hash:674:23)
#55     ConsumerStatefulElement.watch (package:flutter_riverpod/src/consumer.dart:557:26)
#56     _ThemeSelector.build (package:finanzas_familiares/presentation/screens/settings_screen.dart:123:29)
#57     _ConsumerState.build (package:flutter_riverpod/src/consumer.dart:476:19)
#58     StatefulElement.build (package:flutter/src/widgets/framework.dart:5833:27)
#59     ConsumerStatefulElement.build (package:flutter_riverpod/src/consumer.dart:539:20)
#60     ComponentElement.performRebuild (package:flutter/src/widgets/framework.dart:5723:15)
#61     StatefulElement.performRebuild (package:flutter/src/widgets/framework.dart:5884:11)
#62     Element.rebuild (package:flutter/src/widgets/framework.dart:5435:7)
#63     ComponentElement._firstBuild (package:flutter/src/widgets/framework.dart:5705:5)
#64     StatefulElement._firstBuild (package:flutter/src/widgets/framework.dart:5875:11)
#65     ComponentElement.mount (package:flutter/src/widgets/framework.dart:5699:5)
#66     Element.inflateWidget (package:flutter/src/widgets/framework.dart:4548:16)
#67     Element.updateChild (package:flutter/src/widgets/framework.dart:4004:18)
#68     SingleChildRenderObjectElement.mount (package:flutter/src/widgets/framework.dart:7018:14)
#69     Element.inflateWidget (package:flutter/src/widgets/framework.dart:4548:16)
#70     Element.updateChild (package:flutter/src/widgets/framework.dart:4004:18)
#71     SingleChildRenderObjectElement.mount (package:flutter/src/widgets/framework.dart:7018:14)
#72     Element.inflateWidget (package:flutter/src/widgets/framework.dart:4548:16)
#73     Element.updateChild (package:flutter/src/widgets/framework.dart:4004:18)
#74     ComponentElement.performRebuild (package:flutter/src/widgets/framework.dart:5747:16)
#75     StatefulElement.performRebuild (package:flutter/src/widgets/framework.dart:5884:11)
#76     Element.rebuild (package:flutter/src/widgets/framework.dart:5435:7)
#77     ComponentElement._firstBuild (package:flutter/src/widgets/framework.dart:5705:5)
#78     StatefulElement._firstBuild (package:flutter/src/widgets/framework.dart:5875:11)
#79     ComponentElement.mount (package:flutter/src/widgets/framework.dart:5699:5)
#80     Element.inflateWidget (package:flutter/src/widgets/framework.dart:4548:16)
#81     Element.updateChild (package:flutter/src/widgets/framework.dart:4004:18)
#82     ComponentElement.performRebuild (package:flutter/src/widgets/framework.dart:5747:16)
#83     Element.rebuild (package:flutter/src/widgets/framework.dart:5435:7)
#84     ComponentElement._firstBuild (package:flutter/src/widgets/framework.dart:5705:5)
#85     ComponentElement.mount (package:flutter/src/widgets/framework.dart:5699:5)
#86     Element.inflateWidget (package:flutter/src/widgets/framework.dart:4548:16)
#87     Element.updateChild (package:flutter/src/widgets/framework.dart:4004:18)
#88     ComponentElement.performRebuild (package:flutter/src/widgets/framework.dart:5747:16)
#89     Element.rebuild (package:flutter/src/widgets/framework.dart:5435:7)
#90     ComponentElement._firstBuild (package:flutter/src/widgets/framework.dart:5705:5)
#91     ComponentElement.mount (package:flutter/src/widgets/framework.dart:5699:5)
#92     Element.inflateWidget (package:flutter/src/widgets/framework.dart:4548:16)
#93     Element.updateChild (package:flutter/src/widgets/framework.dart:4004:18)
#94     ComponentElement.performRebuild (package:flutter/src/widgets/framework.dart:5747:16)
#95     StatefulElement.performRebuild (package:flutter/src/widgets/framework.dart:5884:11)
#96     Element.rebuild (package:flutter/src/widgets/framework.dart:5435:7)
#97     ComponentElement._firstBuild (package:flutter/src/widgets/framework.dart:5705:5)
#98     StatefulElement._firstBuild (package:flutter/src/widgets/framework.dart:5875:11)
#99     ComponentElement.mount (package:flutter/src/widgets/framework.dart:5699:5)
#100    Element.inflateWidget (package:flutter/src/widgets/framework.dart:4548:16)
#101    Element.updateChild (package:flutter/src/widgets/framework.dart:4004:18)
#102    ComponentElement.performRebuild (package:flutter/src/widgets/framework.dart:5747:16)
#103    Element.rebuild (package:flutter/src/widgets/framework.dart:5435:7)
#104    ComponentElement._firstBuild (package:flutter/src/widgets/framework.dart:5705:5)
#105    ComponentElement.mount (package:flutter/src/widgets/framework.dart:5699:5)
#106    Element.inflateWidget (package:flutter/src/widgets/framework.dart:4548:16)
#107    Element.updateChild (package:flutter/src/widgets/framework.dart:4004:18)
#108    SliverMultiBoxAdaptorElement.updateChild (package:flutter/src/widgets/sliver.dart:1001:37)
#109    SliverMultiBoxAdaptorElement.createChild.<anonymous closure> (package:flutter/src/widgets/sliver.dart:985:20)
#110    BuildOwner.buildScope (package:flutter/src/widgets/framework.dart:3046:19)
#111    SliverMultiBoxAdaptorElement.createChild (package:flutter/src/widgets/sliver.dart:975:12)
#112    RenderSliverMultiBoxAdaptor._createOrObtainChild.<anonymous closure> (package:flutter/src/rendering/sliver_multi_box_adaptor.dart:372:23)
#113    RenderObject.invokeLayoutCallback.<anonymous closure> (package:flutter/src/rendering/object.dart:2881:17)
#114    PipelineOwner._enableMutationsToDirtySubtrees (package:flutter/src/rendering/object.dart:1206:15)
#115    RenderObject.invokeLayoutCallback (package:flutter/src/rendering/object.dart:2880:14)
#116    RenderSliverMultiBoxAdaptor._createOrObtainChild (package:flutter/src/rendering/sliver_multi_box_adaptor.dart:360:5)
#117    RenderSliverMultiBoxAdaptor.insertAndLayoutChild (package:flutter/src/rendering/sliver_multi_box_adaptor.dart:523:5)
#118    RenderSliverList.performLayout.advance (package:flutter/src/rendering/sliver_list.dart:242:19)
#119    RenderSliverList.performLayout (package:flutter/src/rendering/sliver_list.dart:283:12)
#120    RenderObject.layout (package:flutter/src/rendering/object.dart:2762:7)
00:24 +903 -7: /home/bootcamp/Proyectos-2026/Proyectos-Varios/Finanzas-Familiares-AS/test/presentation/screens/categories_screen_test.dart: CategoriesScreen muestra título Categorías                 00:24 +903 -7: /home/bootcamp/Proyectos-2026/Proyectos-Varios/Finanzas-Familiares-AS/test/presentation/screens/settings_screen_test.dart: SettingsScreen muestra ícono de logout en rojo               
#121    RenderSliverEdgeInsetsPadding.performLayout (package:flutter/src/rendering/sliver_padding.dart:133:12)
#122    RenderSliverPadding.performLayout (package:flutter/src/rendering/sliver_padding.dart:371:11)
#123    RenderObject.layout (package:flutter/src/rendering/object.dart:2762:7)
#124    RenderViewportBase.layoutChildSequence (package:flutter/src/rendering/viewport.dart:673:13)
#125    RenderViewport._attemptLayout (package:flutter/src/rendering/viewport.dart:1684:12)
#126    RenderViewport.performLayout (package:flutter/src/rendering/viewport.dart:1575:20)
#127    RenderObject.layout (package:flutter/src/rendering/object.dart:2762:7)
#128    RenderProxyBoxMixin.performLayout (package:flutter/src/rendering/proxy_box.dart:115:18)
#129    RenderObject.layout (package:flutter/src/rendering/object.dart:2762:7)
#130    RenderProxyBoxMixin.performLayout (package:flutter/src/rendering/proxy_box.dart:115:18)
#131    RenderObject.layout (package:flutter/src/rendering/object.dart:2762:7)
#132    RenderProxyBoxMixin.performLayout (package:flutter/src/rendering/proxy_box.dart:115:18)
#133    RenderObject.layout (package:flutter/src/rendering/object.dart:2762:7)
#134    RenderProxyBoxMixin.performLayout (package:flutter/src/rendering/proxy_box.dart:115:18)
#135    RenderObject.layout (package:flutter/src/rendering/object.dart:2762:7)
#136    RenderProxyBoxMixin.performLayout (package:flutter/src/rendering/proxy_box.dart:115:18)
#137    RenderObject.layout (package:flutter/src/rendering/object.dart:2762:7)
#138    RenderProxyBoxMixin.performLayout (package:flutter/src/rendering/proxy_box.dart:115:18)
#139    RenderObject.layout (package:flutter/src/rendering/object.dart:2762:7)
#140    RenderProxyBoxMixin.performLayout (package:flutter/src/rendering/proxy_box.dart:115:18)
#141    RenderObject.layout (package:flutter/src/rendering/object.dart:2762:7)
#142    RenderProxyBoxMixin.performLayout (package:flutter/src/rendering/proxy_box.dart:115:18)
#143    _RenderCustomClip.performLayout (package:flutter/src/rendering/proxy_box.dart:1481:11)
#144    RenderObject.layout (package:flutter/src/rendering/object.dart:2762:7)
#145    MultiChildLayoutDelegate.layoutChild (package:flutter/src/rendering/custom_layout.dart:180:12)
#146    _ScaffoldLayout.performLayout (package:flutter/src/material/scaffold.dart:1122:7)
#147    MultiChildLayoutDelegate._callPerformLayout (package:flutter/src/rendering/custom_layout.dart:249:7)
#148    RenderCustomMultiChildLayoutBox.performLayout (package:flutter/src/rendering/custom_layout.dart:420:14)
#149    RenderObject.layout (package:flutter/src/rendering/object.dart:2762:7)
#150    RenderProxyBoxMixin.performLayout (package:flutter/src/rendering/proxy_box.dart:115:18)
#151    RenderObject.layout (package:flutter/src/rendering/object.dart:2762:7)
#152    RenderProxyBoxMixin.performLayout (package:flutter/src/rendering/proxy_box.dart:115:18)
#153    _RenderCustomClip.performLayout (package:flutter/src/rendering/proxy_box.dart:1481:11)
#154    RenderObject.layout (package:flutter/src/rendering/object.dart:2762:7)
#155    RenderProxyBoxMixin.performLayout (package:flutter/src/rendering/proxy_box.dart:115:18)
#156    RenderObject.layout (package:flutter/src/rendering/object.dart:2762:7)
#157    RenderProxyBoxMixin.performLayout (package:flutter/src/rendering/proxy_box.dart:115:18)
#158    RenderObject.layout (package:flutter/src/rendering/object.dart:2762:7)
#159    RenderProxyBoxMixin.performLayout (package:flutter/src/rendering/proxy_box.dart:115:18)
#160    RenderObject.layout (package:flutter/src/rendering/object.dart:2762:7)
#161    RenderProxyBoxMixin.performLayout (package:flutter/src/rendering/proxy_box.dart:115:18)
#162    RenderObject.layout (package:flutter/src/rendering/object.dart:2762:7)
#163    RenderProxyBoxMixin.performLayout (package:flutter/src/rendering/proxy_box.dart:115:18)
#164    RenderObject.layout (package:flutter/src/rendering/object.dart:2762:7)
#165    RenderProxyBoxMixin.performLayout (package:flutter/src/rendering/proxy_box.dart:115:18)
00:24 +904 -7: /home/bootcamp/Proyectos-2026/Proyectos-Varios/Finanzas-Familiares-AS/test/presentation/screens/categories_screen_test.dart: CategoriesScreen muestra título Categorías                 00:24 +904 -7: /home/bootcamp/Proyectos-2026/Proyectos-Varios/Finanzas-Familiares-AS/test/presentation/screens/settings_screen_test.dart: SettingsScreen muestra ícono de logout en rojo               
#166    RenderObject.layout (package:flutter/src/rendering/object.dart:2762:7)
#167    RenderProxyBoxMixin.performLayout (package:flutter/src/rendering/proxy_box.dart:115:18)
#168    RenderObject.layout (package:flutter/src/rendering/object.dart:2762:7)
#169    RenderProxyBoxMixin.performLayout (package:flutter/src/rendering/proxy_box.dart:115:18)
#170    RenderObject.layout (package:flutter/src/rendering/object.dart:2762:7)
#171    RenderProxyBoxMixin.performLayout (package:flutter/src/rendering/proxy_box.dart:115:18)
#172    RenderObject.layout (package:flutter/src/rendering/object.dart:2762:7)
#173    RenderProxyBoxMixin.performLayout (package:flutter/src/rendering/proxy_box.dart:115:18)
#174    RenderOffstage.performLayout (package:flutter/src/rendering/proxy_box.dart:3848:13)
#175    RenderObject.layout (package:flutter/src/rendering/object.dart:2762:7)
#176    RenderProxyBoxMixin.performLayout (package:flutter/src/rendering/proxy_box.dart:115:18)
#177    RenderObject.layout (package:flutter/src/rendering/object.dart:2762:7)
#178    _RenderTheaterMixin.layoutChild (package:flutter/src/widgets/overlay.dart:1085:13)
#179    _RenderTheater.performLayout (package:flutter/src/widgets/overlay.dart:1430:9)
#180    RenderObject.layout (package:flutter/src/rendering/object.dart:2762:7)
#181    RenderProxyBoxMixin.performLayout (package:flutter/src/rendering/proxy_box.dart:115:18)
#182    RenderObject.layout (package:flutter/src/rendering/object.dart:2762:7)
#183    RenderProxyBoxMixin.performLayout (package:flutter/src/rendering/proxy_box.dart:115:18)
#184    RenderObject.layout (package:flutter/src/rendering/object.dart:2762:7)
#185    RenderProxyBoxMixin.performLayout (package:flutter/src/rendering/proxy_box.dart:115:18)
#186    RenderObject.layout (package:flutter/src/rendering/object.dart:2762:7)
#187    RenderProxyBoxMixin.performLayout (package:flutter/src/rendering/proxy_box.dart:115:18)
#188    RenderCustomPaint.performLayout (package:flutter/src/rendering/custom_paint.dart:574:11)
#189    RenderObject.layout (package:flutter/src/rendering/object.dart:2762:7)
#190    RenderProxyBoxMixin.performLayout (package:flutter/src/rendering/proxy_box.dart:115:18)
#191    RenderObject.layout (package:flutter/src/rendering/object.dart:2762:7)
#192    RenderProxyBoxMixin.performLayout (package:flutter/src/rendering/proxy_box.dart:115:18)
#193    RenderObject.layout (package:flutter/src/rendering/object.dart:2762:7)
#194    RenderProxyBoxMixin.performLayout (package:flutter/src/rendering/proxy_box.dart:115:18)
#195    RenderObject.layout (package:flutter/src/rendering/object.dart:2762:7)
#196    RenderProxyBoxMixin.performLayout (package:flutter/src/rendering/proxy_box.dart:115:18)
#197    RenderObject.layout (package:flutter/src/rendering/object.dart:2762:7)
#198    RenderProxyBoxMixin.performLayout (package:flutter/src/rendering/proxy_box.dart:115:18)
#199    RenderObject.layout (package:flutter/src/rendering/object.dart:2762:7)
#200    RenderProxyBoxMixin.performLayout (package:flutter/src/rendering/proxy_box.dart:115:18)
00:24 +905 -7: /home/bootcamp/Proyectos-2026/Proyectos-Varios/Finanzas-Familiares-AS/test/presentation/screens/categories_screen_test.dart: CategoriesScreen muestra título Categorías                 00:24 +905 -7: /home/bootcamp/Proyectos-2026/Proyectos-Varios/Finanzas-Familiares-AS/test/presentation/screens/settings_screen_test.dart: SettingsScreen muestra ícono de logout en rojo               
#201    RenderObject.layout (package:flutter/src/rendering/object.dart:2762:7)
#202    RenderView.performLayout (package:flutter/src/rendering/view.dart:294:12)
#203    RenderObject._layoutWithoutResize (package:flutter/src/rendering/object.dart:2610:7)
#204    PipelineOwner.flushLayout (package:flutter/src/rendering/object.dart:1157:18)
#205    PipelineOwner.flushLayout (package:flutter/src/rendering/object.dart:1170:15)
#206    AutomatedTestWidgetsFlutterBinding.drawFrame (package:flutter_test/src/binding.dart:1508:27)
#207    RendererBinding._handlePersistentFrameCallback (package:flutter/src/rendering/binding.dart:495:5)
#208    SchedulerBinding._invokeFrameCallback (package:flutter/src/scheduler/binding.dart:1434:15)
#209    SchedulerBinding.handleDrawFrame (package:flutter/src/scheduler/binding.dart:1347:9)
#210    AutomatedTestWidgetsFlutterBinding.pump.<anonymous closure> (package:flutter_test/src/binding.dart:1335:9)
#211    _rootRun (dart:async/zone.dart:1525:13)
#212    _CustomZone.run (dart:async/zone.dart:1422:19)
#213    TestAsyncUtils.guard (package:flutter_test/src/test_async_utils.dart:74:41)
#214    AutomatedTestWidgetsFlutterBinding.pump (package:flutter_test/src/binding.dart:1324:27)
#215    WidgetTester.pumpWidget.<anonymous closure> (package:flutter_test/src/widget_tester.dart:598:22)
#216    _rootRun (dart:async/zone.dart:1525:13)
#217    _CustomZone.run (dart:async/zone.dart:1422:19)
00:24 +906 -7: /home/bootcamp/Proyectos-2026/Proyectos-Varios/Finanzas-Familiares-AS/test/presentation/screens/categories_screen_test.dart: CategoriesScreen muestra título Categorías                 00:24 +906 -7: /home/bootcamp/Proyectos-2026/Proyectos-Varios/Finanzas-Familiares-AS/test/presentation/screens/settings_screen_test.dart: SettingsScreen muestra ícono de logout en rojo               
#218    TestAsyncUtils.guard (package:flutter_test/src/test_async_utils.dart:74:41)
#219    WidgetTester.pumpWidget (package:flutter_test/src/widget_tester.dart:595:27)
#220    main.<anonymous closure>.<anonymous closure> (file:///home/bootcamp/Proyectos-2026/Proyectos-Varios/Finanzas-Familiares-AS/test/presentation/screens/settings_screen_test.dart:82:20)
#221    testWidgets.<anonymous closure>.<anonymous closure> (package:flutter_test/src/widget_tester.dart:192:29)
<asynchronous suspension>
#222    TestWidgetsFlutterBinding._runTestBody (package:flutter_test/src/binding.dart:1059:5)
<asynchronous suspension>
#223    StackZoneSpecification._registerCallback.<anonymous closure> (package:stack_trace/src/stack_zone_specification.dart:114:42)
<asynchronous suspension>
This warning will only appear on debug builds.
00:24 +907 -7: /home/bootcamp/Proyectos-2026/Proyectos-Varios/Finanzas-Familiares-AS/test/presentation/screens/categories_screen_test.dart: CategoriesScreen muestra título Categorías                 00:24 +908 -7: /home/bootcamp/Proyectos-2026/Proyectos-Varios/Finanzas-Familiares-AS/test/presentation/screens/categories_screen_test.dart: CategoriesScreen muestra título Categorías                 00:24 +909 -7: /home/bootcamp/Proyectos-2026/Proyectos-Varios/Finanzas-Familiares-AS/test/presentation/screens/categories_screen_test.dart: CategoriesScreen muestra título Categorías                 00:24 +910 -7: /home/bootcamp/Proyectos-2026/Proyectos-Varios/Finanzas-Familiares-AS/test/presentation/screens/categories_screen_test.dart: CategoriesScreen muestra título Categorías                 00:24 +911 -7: /home/bootcamp/Proyectos-2026/Proyectos-Varios/Finanzas-Familiares-AS/test/presentation/screens/categories_screen_test.dart: CategoriesScreen muestra título Categorías                 00:24 +912 -7: /home/bootcamp/Proyectos-2026/Proyectos-Varios/Finanzas-Familiares-AS/test/presentation/screens/categories_screen_test.dart: CategoriesScreen muestra título Categorías                 00:24 +913 -7: /home/bootcamp/Proyectos-2026/Proyectos-Varios/Finanzas-Familiares-AS/test/presentation/screens/categories_screen_test.dart: CategoriesScreen muestra título Categorías                 00:24 +914 -7: /home/bootcamp/Proyectos-2026/Proyectos-Varios/Finanzas-Familiares-AS/test/presentation/screens/categories_screen_test.dart: CategoriesScreen muestra título Categorías                 00:24 +914 -7: /home/bootcamp/Proyectos-2026/Proyectos-Varios/Finanzas-Familiares-AS/test/presentation/screens/dashboard_screen_test.dart: DashboardScreen muestra tarjeta de Mis Ahorros Netos        
[DASHBOARD] Iniciando carga...
[DASHBOARD] Obteniendo datos...
00:24 +915 -7: /home/bootcamp/Proyectos-2026/Proyectos-Varios/Finanzas-Familiares-AS/test/presentation/screens/categories_screen_test.dart: CategoriesScreen muestra título Categorías                 00:24 +915 -7: /home/bootcamp/Proyectos-2026/Proyectos-Varios/Finanzas-Familiares-AS/test/presentation/screens/dashboard_screen_test.dart: DashboardScreen muestra tarjeta de Mis Ahorros Netos        
[DASHBOARD] Cuentas: 0, Categorías: 104
[DASHBOARD] Transacciones: 0, Presupuestos: 0
[DASHBOARD] Calculando resumen...
[DASHBOARD] Resumen calculado OK
00:24 +916 -7: /home/bootcamp/Proyectos-2026/Proyectos-Varios/Finanzas-Familiares-AS/test/presentation/screens/categories_screen_test.dart: CategoriesScreen muestra título Categorías                 00:24 +917 -7: /home/bootcamp/Proyectos-2026/Proyectos-Varios/Finanzas-Familiares-AS/test/presentation/screens/categories_screen_test.dart: CategoriesScreen muestra título Categorías                 00:24 +917 -7: /home/bootcamp/Proyectos-2026/Proyectos-Varios/Finanzas-Familiares-AS/test/presentation/screens/settings_screen_test.dart: SettingsScreen tap en cerrar sesión muestra diálogo de confirmación
WARNING (drift): It looks like you've created the database class AppDatabase multiple times. When these two databases use the same QueryExecutor, race conditions will occur and might corrupt the database. 
Try to follow the advice at https://drift.simonbinder.eu/faq/#using-the-database or, if you know what you're doing, set driftRuntimeOptions.dontWarnAboutMultipleDatabases = true
Here is the stacktrace from when the database was opened a second time:
#0      GeneratedDatabase._handleInstantiated (package:drift/src/runtime/api/db_base.dart:96:30)
#1      GeneratedDatabase._whenConstructed (package:drift/src/runtime/api/db_base.dart:73:12)
#2      new GeneratedDatabase (package:drift/src/runtime/api/db_base.dart:64:5)
#3      new _$AppDatabase (package:finanzas_familiares/data/local/database.g.dart:14435:36)
#4      new AppDatabase (package:finanzas_familiares/data/local/database.dart:56:19)
#5      appDatabase (package:finanzas_familiares/application/providers/user_settings_provider.dart:49:10)
#6      Provider._create (package:riverpod/src/provider/base.dart:59:57)
#7      ProviderElement.create (package:riverpod/src/provider/base.dart:345:23)
#8      ProviderElementBase.buildState (package:riverpod/src/framework/element.dart:426:7)
#9      ProviderElementBase.mount (package:riverpod/src/framework/element.dart:228:5)
#10     _StateReader._create (package:riverpod/src/framework/container.dart:47:11)
#11     _StateReader.getElement (package:riverpod/src/framework/container.dart:35:52)
#12     ProviderContainer.readProviderElement (package:riverpod/src/framework/container.dart:479:19)
#13     ProviderElementBase._debugAssertCanDependOn.<anonymous closure> (package:riverpod/src/framework/element.dart:624:42)
#14     ProviderElementBase._debugAssertCanDependOn (package:riverpod/src/framework/element.dart:667:8)
#15     ProviderElementBase.watch (package:riverpod/src/framework/element.dart:714:12)
#16     userSettingsRepository (package:finanzas_familiares/application/providers/user_settings_provider.dart:15:24)
#17     Provider._create (package:riverpod/src/provider/base.dart:59:57)
#18     ProviderElement.create (package:riverpod/src/provider/base.dart:345:23)
#19     ProviderElementBase.buildState (package:riverpod/src/framework/element.dart:426:7)
#20     ProviderElementBase.mount (package:riverpod/src/framework/element.dart:228:5)
#21     _StateReader._create (package:riverpod/src/framework/container.dart:47:11)
#22     _StateReader.getElement (package:riverpod/src/framework/container.dart:35:52)
#23     ProviderContainer.readProviderElement (package:riverpod/src/framework/container.dart:479:19)
#24     ProviderElementBase._debugAssertCanDependOn.<anonymous closure> (package:riverpod/src/framework/element.dart:624:42)
#25     ProviderElementBase._debugAssertCanDependOn (package:riverpod/src/framework/element.dart:667:8)
#26     ProviderElementBase.watch (package:riverpod/src/framework/element.dart:714:12)
#27     userSettings (package:finanzas_familiares/application/providers/user_settings_provider.dart:29:26)
#28     StreamProvider._create (package:riverpod/src/stream_provider/base.dart:125:63)
#29     StreamProviderElement.create.<anonymous closure> (package:riverpod/src/stream_provider/base.dart:172:25)
#30     FutureHandlerProviderElementMixin.handleStream.<anonymous closure> (package:riverpod/src/async_notifier/base.dart:309:31)
#31     FutureHandlerProviderElementMixin._handleAsync (package:riverpod/src/async_notifier/base.dart:388:47)
#32     FutureHandlerProviderElementMixin.handleStream (package:riverpod/src/async_notifier/base.dart:303:5)
#33     StreamProviderElement.create (package:riverpod/src/stream_provider/base.dart:169:5)
#34     ProviderElementBase.buildState (package:riverpod/src/framework/element.dart:426:7)
#35     ProviderElementBase.mount (package:riverpod/src/framework/element.dart:228:5)
#36     _StateReader._create (package:riverpod/src/framework/container.dart:47:11)
#37     _StateReader.getElement (package:riverpod/src/framework/container.dart:35:52)
#38     ProviderContainer.readProviderElement (package:riverpod/src/framework/container.dart:479:19)
#39     ProviderElementBase._debugAssertCanDependOn.<anonymous closure> (package:riverpod/src/framework/element.dart:624:42)
#40     ProviderElementBase._debugAssertCanDependOn (package:riverpod/src/framework/element.dart:667:8)
#41     ProviderElementBase.listen (package:riverpod/src/framework/element.dart:761:12)
#42     ThemeNotifier.build (package:finanzas_familiares/application/providers/theme_provider.dart:30:9)
#43     NotifierProviderImpl.runNotifierBuild (package:riverpod/src/notifier/base.dart:166:38)
#44     NotifierProviderElement.create (package:riverpod/src/notifier/base.dart:212:23)
#45     ProviderElementBase.buildState (package:riverpod/src/framework/element.dart:426:7)
#46     ProviderElementBase.mount (package:riverpod/src/framework/element.dart:228:5)
#47     _StateReader._create (package:riverpod/src/framework/container.dart:47:11)
#48     _StateReader.getElement (package:riverpod/src/framework/container.dart:35:52)
#49     ProviderContainer.readProviderElement.<anonymous closure> (package:riverpod/src/framework/container.dart:440:40)
#50     ProviderContainer.readProviderElement (package:riverpod/src/framework/container.dart:475:8)
#51     ProviderBase.addListener (package:riverpod/src/framework/provider_base.dart:79:26)
#52     ProviderContainer.listen (package:riverpod/src/framework/container.dart:280:21)
#53     ConsumerStatefulElement.watch.<anonymous closure> (package:flutter_riverpod/src/consumer.dart:564:25)
#54     _LinkedHashMapMixin.putIfAbsent (dart:_compact_hash:674:23)
#55     ConsumerStatefulElement.watch (package:flutter_riverpod/src/consumer.dart:557:26)
#56     _ThemeSelector.build (package:finanzas_familiares/presentation/screens/settings_screen.dart:123:29)
#57     _ConsumerState.build (package:flutter_riverpod/src/consumer.dart:476:19)
#58     StatefulElement.build (package:flutter/src/widgets/framework.dart:5833:27)
#59     ConsumerStatefulElement.build (package:flutter_riverpod/src/consumer.dart:539:20)
#60     ComponentElement.performRebuild (package:flutter/src/widgets/framework.dart:5723:15)
#61     StatefulElement.performRebuild (package:flutter/src/widgets/framework.dart:5884:11)
#62     Element.rebuild (package:flutter/src/widgets/framework.dart:5435:7)
#63     ComponentElement._firstBuild (package:flutter/src/widgets/framework.dart:5705:5)
#64     StatefulElement._firstBuild (package:flutter/src/widgets/framework.dart:5875:11)
#65     ComponentElement.mount (package:flutter/src/widgets/framework.dart:5699:5)
#66     Element.inflateWidget (package:flutter/src/widgets/framework.dart:4548:16)
#67     Element.updateChild (package:flutter/src/widgets/framework.dart:4004:18)
#68     SingleChildRenderObjectElement.mount (package:flutter/src/widgets/framework.dart:7018:14)
#69     Element.inflateWidget (package:flutter/src/widgets/framework.dart:4548:16)
#70     Element.updateChild (package:flutter/src/widgets/framework.dart:4004:18)
#71     SingleChildRenderObjectElement.mount (package:flutter/src/widgets/framework.dart:7018:14)
#72     Element.inflateWidget (package:flutter/src/widgets/framework.dart:4548:16)
#73     Element.updateChild (package:flutter/src/widgets/framework.dart:4004:18)
#74     ComponentElement.performRebuild (package:flutter/src/widgets/framework.dart:5747:16)
#75     StatefulElement.performRebuild (package:flutter/src/widgets/framework.dart:5884:11)
#76     Element.rebuild (package:flutter/src/widgets/framework.dart:5435:7)
#77     ComponentElement._firstBuild (package:flutter/src/widgets/framework.dart:5705:5)
#78     StatefulElement._firstBuild (package:flutter/src/widgets/framework.dart:5875:11)
#79     ComponentElement.mount (package:flutter/src/widgets/framework.dart:5699:5)
#80     Element.inflateWidget (package:flutter/src/widgets/framework.dart:4548:16)
#81     Element.updateChild (package:flutter/src/widgets/framework.dart:4004:18)
#82     ComponentElement.performRebuild (package:flutter/src/widgets/framework.dart:5747:16)
#83     Element.rebuild (package:flutter/src/widgets/framework.dart:5435:7)
#84     ComponentElement._firstBuild (package:flutter/src/widgets/framework.dart:5705:5)
#85     ComponentElement.mount (package:flutter/src/widgets/framework.dart:5699:5)
#86     Element.inflateWidget (package:flutter/src/widgets/framework.dart:4548:16)
#87     Element.updateChild (package:flutter/src/widgets/framework.dart:4004:18)
#88     ComponentElement.performRebuild (package:flutter/src/widgets/framework.dart:5747:16)
#89     Element.rebuild (package:flutter/src/widgets/framework.dart:5435:7)
#90     ComponentElement._firstBuild (package:flutter/src/widgets/framework.dart:5705:5)
#91     ComponentElement.mount (package:flutter/src/widgets/framework.dart:5699:5)
#92     Element.inflateWidget (package:flutter/src/widgets/framework.dart:4548:16)
#93     Element.updateChild (package:flutter/src/widgets/framework.dart:4004:18)
#94     ComponentElement.performRebuild (package:flutter/src/widgets/framework.dart:5747:16)
#95     StatefulElement.performRebuild (package:flutter/src/widgets/framework.dart:5884:11)
#96     Element.rebuild (package:flutter/src/widgets/framework.dart:5435:7)
#97     ComponentElement._firstBuild (package:flutter/src/widgets/framework.dart:5705:5)
#98     StatefulElement._firstBuild (package:flutter/src/widgets/framework.dart:5875:11)
#99     ComponentElement.mount (package:flutter/src/widgets/framework.dart:5699:5)
#100    Element.inflateWidget (package:flutter/src/widgets/framework.dart:4548:16)
#101    Element.updateChild (package:flutter/src/widgets/framework.dart:4004:18)
#102    ComponentElement.performRebuild (package:flutter/src/widgets/framework.dart:5747:16)
#103    Element.rebuild (package:flutter/src/widgets/framework.dart:5435:7)
#104    ComponentElement._firstBuild (package:flutter/src/widgets/framework.dart:5705:5)
#105    ComponentElement.mount (package:flutter/src/widgets/framework.dart:5699:5)
#106    Element.inflateWidget (package:flutter/src/widgets/framework.dart:4548:16)
#107    Element.updateChild (package:flutter/src/widgets/framework.dart:4004:18)
#108    SliverMultiBoxAdaptorElement.updateChild (package:flutter/src/widgets/sliver.dart:1001:37)
#109    SliverMultiBoxAdaptorElement.createChild.<anonymous closure> (package:flutter/src/widgets/sliver.dart:985:20)
#110    BuildOwner.buildScope (package:flutter/src/widgets/framework.dart:3046:19)
#111    SliverMultiBoxAdaptorElement.createChild (package:flutter/src/widgets/sliver.dart:975:12)
#112    RenderSliverMultiBoxAdaptor._createOrObtainChild.<anonymous closure> (package:flutter/src/rendering/sliver_multi_box_adaptor.dart:372:23)
#113    RenderObject.invokeLayoutCallback.<anonymous closure> (package:flutter/src/rendering/object.dart:2881:17)
#114    PipelineOwner._enableMutationsToDirtySubtrees (package:flutter/src/rendering/object.dart:1206:15)
#115    RenderObject.invokeLayoutCallback (package:flutter/src/rendering/object.dart:2880:14)
#116    RenderSliverMultiBoxAdaptor._createOrObtainChild (package:flutter/src/rendering/sliver_multi_box_adaptor.dart:360:5)
#117    RenderSliverMultiBoxAdaptor.insertAndLayoutChild (package:flutter/src/rendering/sliver_multi_box_adaptor.dart:523:5)
#118    RenderSliverList.performLayout.advance (package:flutter/src/rendering/sliver_list.dart:242:19)
#119    RenderSliverList.performLayout (package:flutter/src/rendering/sliver_list.dart:283:12)
#120    RenderObject.layout (package:flutter/src/rendering/object.dart:2762:7)
#121    RenderSliverEdgeInsetsPadding.performLayout (package:flutter/src/rendering/sliver_padding.dart:133:12)
#122    RenderSliverPadding.performLayout (package:flutter/src/rendering/sliver_padding.dart:371:11)
#123    RenderObject.layout (package:flutter/src/rendering/object.dart:2762:7)
#124    RenderViewportBase.layoutChildSequence (package:flutter/src/rendering/viewport.dart:673:13)
#125    RenderViewport._attemptLayout (package:flutter/src/rendering/viewport.dart:1684:12)
#126    RenderViewport.performLayout (package:flutter/src/rendering/viewport.dart:1575:20)
#127    RenderObject.layout (package:flutter/src/rendering/object.dart:2762:7)
#128    RenderProxyBoxMixin.performLayout (package:flutter/src/rendering/proxy_box.dart:115:18)
#129    RenderObject.layout (package:flutter/src/rendering/object.dart:2762:7)
#130    RenderProxyBoxMixin.performLayout (package:flutter/src/rendering/proxy_box.dart:115:18)
#131    RenderObject.layout (package:flutter/src/rendering/object.dart:2762:7)
#132    RenderProxyBoxMixin.performLayout (package:flutter/src/rendering/proxy_box.dart:115:18)
#133    RenderObject.layout (package:flutter/src/rendering/object.dart:2762:7)
#134    RenderProxyBoxMixin.performLayout (package:flutter/src/rendering/proxy_box.dart:115:18)
#135    RenderObject.layout (package:flutter/src/rendering/object.dart:2762:7)
#136    RenderProxyBoxMixin.performLayout (package:flutter/src/rendering/proxy_box.dart:115:18)
#137    RenderObject.layout (package:flutter/src/rendering/object.dart:2762:7)
#138    RenderProxyBoxMixin.performLayout (package:flutter/src/rendering/proxy_box.dart:115:18)
#139    RenderObject.layout (package:flutter/src/rendering/object.dart:2762:7)
#140    RenderProxyBoxMixin.performLayout (package:flutter/src/rendering/proxy_box.dart:115:18)
#141    RenderObject.layout (package:flutter/src/rendering/object.dart:2762:7)
#142    RenderProxyBoxMixin.performLayout (package:flutter/src/rendering/proxy_box.dart:115:18)
#143    _RenderCustomClip.performLayout (package:flutter/src/rendering/proxy_box.dart:1481:11)
#144    RenderObject.layout (package:flutter/src/rendering/object.dart:2762:7)
#145    MultiChildLayoutDelegate.layoutChild (package:flutter/src/rendering/custom_layout.dart:180:12)
#146    _ScaffoldLayout.performLayout (package:flutter/src/material/scaffold.dart:1122:7)
#147    MultiChildLayoutDelegate._callPerformLayout (package:flutter/src/rendering/custom_layout.dart:249:7)
#148    RenderCustomMultiChildLayoutBox.performLayout (package:flutter/src/rendering/custom_layout.dart:420:14)
#149    RenderObject.layout (package:flutter/src/rendering/object.dart:2762:7)
#150    RenderProxyBoxMixin.performLayout (package:flutter/src/rendering/proxy_box.dart:115:18)
#151    RenderObject.layout (package:flutter/src/rendering/object.dart:2762:7)
#152    RenderProxyBoxMixin.performLayout (package:flutter/src/rendering/proxy_box.dart:115:18)
#153    _RenderCustomClip.performLayout (package:flutter/src/rendering/proxy_box.dart:1481:11)
#154    RenderObject.layout (package:flutter/src/rendering/object.dart:2762:7)
#155    RenderProxyBoxMixin.performLayout (package:flutter/src/rendering/proxy_box.dart:115:18)
#156    RenderObject.layout (package:flutter/src/rendering/object.dart:2762:7)
#157    RenderProxyBoxMixin.performLayout (package:flutter/src/rendering/proxy_box.dart:115:18)
#158    RenderObject.layout (package:flutter/src/rendering/object.dart:2762:7)
#159    RenderProxyBoxMixin.performLayout (package:flutter/src/rendering/proxy_box.dart:115:18)
#160    RenderObject.layout (package:flutter/src/rendering/object.dart:2762:7)
#161    RenderProxyBoxMixin.performLayout (package:flutter/src/rendering/proxy_box.dart:115:18)
#162    RenderObject.layout (package:flutter/src/rendering/object.dart:2762:7)
#163    RenderProxyBoxMixin.performLayout (package:flutter/src/rendering/proxy_box.dart:115:18)
#164    RenderObject.layout (package:flutter/src/rendering/object.dart:2762:7)
#165    RenderProxyBoxMixin.performLayout (package:flutter/src/rendering/proxy_box.dart:115:18)
#166    RenderObject.layout (package:flutter/src/rendering/object.dart:2762:7)
#167    RenderProxyBoxMixin.performLayout (package:flutter/src/rendering/proxy_box.dart:115:18)
#168    RenderObject.layout (package:flutter/src/rendering/object.dart:2762:7)
#169    RenderProxyBoxMixin.performLayout (package:flutter/src/rendering/proxy_box.dart:115:18)
#170    RenderObject.layout (package:flutter/src/rendering/object.dart:2762:7)
#171    RenderProxyBoxMixin.performLayout (package:flutter/src/rendering/proxy_box.dart:115:18)
#172    RenderObject.layout (package:flutter/src/rendering/object.dart:2762:7)
#173    RenderProxyBoxMixin.performLayout (package:flutter/src/rendering/proxy_box.dart:115:18)
#174    RenderOffstage.performLayout (package:flutter/src/rendering/proxy_box.dart:3848:13)
#175    RenderObject.layout (package:flutter/src/rendering/object.dart:2762:7)
#176    RenderProxyBoxMixin.performLayout (package:flutter/src/rendering/proxy_box.dart:115:18)
#177    RenderObject.layout (package:flutter/src/rendering/object.dart:2762:7)
#178    _RenderTheaterMixin.layoutChild (package:flutter/src/widgets/overlay.dart:1085:13)
#179    _RenderTheater.performLayout (package:flutter/src/widgets/overlay.dart:1430:9)
#180    RenderObject.layout (package:flutter/src/rendering/object.dart:2762:7)
#181    RenderProxyBoxMixin.performLayout (package:flutter/src/rendering/proxy_box.dart:115:18)
#182    RenderObject.layout (package:flutter/src/rendering/object.dart:2762:7)
#183    RenderProxyBoxMixin.performLayout (package:flutter/src/rendering/proxy_box.dart:115:18)
#184    RenderObject.layout (package:flutter/src/rendering/object.dart:2762:7)
#185    RenderProxyBoxMixin.performLayout (package:flutter/src/rendering/proxy_box.dart:115:18)
#186    RenderObject.layout (package:flutter/src/rendering/object.dart:2762:7)
#187    RenderProxyBoxMixin.performLayout (package:flutter/src/rendering/proxy_box.dart:115:18)
#188    RenderCustomPaint.performLayout (package:flutter/src/rendering/custom_paint.dart:574:11)
#189    RenderObject.layout (package:flutter/src/rendering/object.dart:2762:7)
#190    RenderProxyBoxMixin.performLayout (package:flutter/src/rendering/proxy_box.dart:115:18)
#191    RenderObject.layout (package:flutter/src/rendering/object.dart:2762:7)
#192    RenderProxyBoxMixin.performLayout (package:flutter/src/rendering/proxy_box.dart:115:18)
#193    RenderObject.layout (package:flutter/src/rendering/object.dart:2762:7)
#194    RenderProxyBoxMixin.performLayout (package:flutter/src/rendering/proxy_box.dart:115:18)
#195    RenderObject.layout (package:flutter/src/rendering/object.dart:2762:7)
#196    RenderProxyBoxMixin.performLayout (package:flutter/src/rendering/proxy_box.dart:115:18)
#197    RenderObject.layout (package:flutter/src/rendering/object.dart:2762:7)
#198    RenderProxyBoxMixin.performLayout (package:flutter/src/rendering/proxy_box.dart:115:18)
#199    RenderObject.layout (package:flutter/src/rendering/object.dart:2762:7)
#200    RenderProxyBoxMixin.performLayout (package:flutter/src/rendering/proxy_box.dart:115:18)
#201    RenderObject.layout (package:flutter/src/rendering/object.dart:2762:7)
#202    RenderView.performLayout (package:flutter/src/rendering/view.dart:294:12)
#203    RenderObject._layoutWithoutResize (package:flutter/src/rendering/object.dart:2610:7)
#204    PipelineOwner.flushLayout (package:flutter/src/rendering/object.dart:1157:18)
#205    PipelineOwner.flushLayout (package:flutter/src/rendering/object.dart:1170:15)
#206    AutomatedTestWidgetsFlutterBinding.drawFrame (package:flutter_test/src/binding.dart:1508:27)
#207    RendererBinding._handlePersistentFrameCallback (package:flutter/src/rendering/binding.dart:495:5)
#208    SchedulerBinding._invokeFrameCallback (package:flutter/src/scheduler/binding.dart:1434:15)
#209    SchedulerBinding.handleDrawFrame (package:flutter/src/scheduler/binding.dart:1347:9)
#210    AutomatedTestWidgetsFlutterBinding.pump.<anonymous closure> (package:flutter_test/src/binding.dart:1335:9)
#211    _rootRun (dart:async/zone.dart:1525:13)
#212    _CustomZone.run (dart:async/zone.dart:1422:19)
#213    TestAsyncUtils.guard (package:flutter_test/src/test_async_utils.dart:74:41)
#214    AutomatedTestWidgetsFlutterBinding.pump (package:flutter_test/src/binding.dart:1324:27)
#215    WidgetTester.pumpWidget.<anonymous closure> (package:flutter_test/src/widget_tester.dart:598:22)
#216    _rootRun (dart:async/zone.dart:1525:13)
#217    _CustomZone.run (dart:async/zone.dart:1422:19)
#218    TestAsyncUtils.guard (package:flutter_test/src/test_async_utils.dart:74:41)
#219    WidgetTester.pumpWidget (package:flutter_test/src/widget_tester.dart:595:27)
#220    main.<anonymous closure>.<anonymous closure> (file:///home/bootcamp/Proyectos-2026/Proyectos-Varios/Finanzas-Familiares-AS/test/presentation/screens/settings_screen_test.dart:98:20)
#221    testWidgets.<anonymous closure>.<anonymous closure> (package:flutter_test/src/widget_tester.dart:192:29)
<asynchronous suspension>
#222    TestWidgetsFlutterBinding._runTestBody (package:flutter_test/src/binding.dart:1059:5)
<asynchronous suspension>
#223    StackZoneSpecification._registerCallback.<anonymous closure> (package:stack_trace/src/stack_zone_specification.dart:114:42)
<asynchronous suspension>
This warning will only appear on debug builds.
00:24 +917 -7: /home/bootcamp/Proyectos-2026/Proyectos-Varios/Finanzas-Familiares-AS/test/presentation/screens/dashboard_screen_test.dart: DashboardScreen muestra tarjeta de Saldo Disponible Real    
[DASHBOARD] Iniciando carga...
[DASHBOARD] Obteniendo datos...
00:24 +918 -7: /home/bootcamp/Proyectos-2026/Proyectos-Varios/Finanzas-Familiares-AS/test/presentation/screens/categories_screen_test.dart: CategoriesScreen muestra título Categorías                 00:24 +918 -7: /home/bootcamp/Proyectos-2026/Proyectos-Varios/Finanzas-Familiares-AS/test/presentation/screens/dashboard_screen_test.dart: DashboardScreen muestra tarjeta de Saldo Disponible Real    
[DASHBOARD] Cuentas: 0, Categorías: 104
[DASHBOARD] Transacciones: 0, Presupuestos: 0
[DASHBOARD] Calculando resumen...
[DASHBOARD] Resumen calculado OK
00:24 +919 -7: /home/bootcamp/Proyectos-2026/Proyectos-Varios/Finanzas-Familiares-AS/test/presentation/screens/categories_screen_test.dart: CategoriesScreen muestra título Categorías                 00:24 +919 -7: /home/bootcamp/Proyectos-2026/Proyectos-Varios/Finanzas-Familiares-AS/test/presentation/screens/dashboard_screen_test.dart: DashboardScreen muestra resumen del mes con título correcto 
[DASHBOARD] Iniciando carga...
[DASHBOARD] Obteniendo datos...
[DASHBOARD] Cuentas: 0, Categorías: 104
[DASHBOARD] Transacciones: 0, Presupuestos: 0
[DASHBOARD] Calculando resumen...
[DASHBOARD] Resumen calculado OK
00:24 +920 -7: /home/bootcamp/Proyectos-2026/Proyectos-Varios/Finanzas-Familiares-AS/test/presentation/screens/categories_screen_test.dart: CategoriesScreen muestra título Categorías                 00:24 +921 -7: /home/bootcamp/Proyectos-2026/Proyectos-Varios/Finanzas-Familiares-AS/test/presentation/screens/categories_screen_test.dart: CategoriesScreen muestra título Categorías                 00:24 +921 -7: /home/bootcamp/Proyectos-2026/Proyectos-Varios/Finanzas-Familiares-AS/test/presentation/screens/dashboard_screen_test.dart: DashboardScreen muestra etiquetas de ingresos, gastos y balance
[DASHBOARD] Iniciando carga...
[DASHBOARD] Obteniendo datos...
00:24 +922 -7: /home/bootcamp/Proyectos-2026/Proyectos-Varios/Finanzas-Familiares-AS/test/presentation/screens/categories_screen_test.dart: CategoriesScreen muestra título Categorías                 00:24 +922 -7: /home/bootcamp/Proyectos-2026/Proyectos-Varios/Finanzas-Familiares-AS/test/presentation/screens/dashboard_screen_test.dart: DashboardScreen muestra etiquetas de ingresos, gastos y balance
[DASHBOARD] Cuentas: 0, Categorías: 104
[DASHBOARD] Transacciones: 0, Presupuestos: 0
[DASHBOARD] Calculando resumen...
[DASHBOARD] Resumen calculado OK
00:24 +922 -7: /home/bootcamp/Proyectos-2026/Proyectos-Varios/Finanzas-Familiares-AS/test/presentation/screens/settings_screen_test.dart: SettingsScreen cancelar diálogo cierra el diálogo sin hacer nada
WARNING (drift): It looks like you've created the database class AppDatabase multiple times. When these two databases use the same QueryExecutor, race conditions will occur and might corrupt the database. 
Try to follow the advice at https://drift.simonbinder.eu/faq/#using-the-database or, if you know what you're doing, set driftRuntimeOptions.dontWarnAboutMultipleDatabases = true
Here is the stacktrace from when the database was opened a second time:
#0      GeneratedDatabase._handleInstantiated (package:drift/src/runtime/api/db_base.dart:96:30)
#1      GeneratedDatabase._whenConstructed (package:drift/src/runtime/api/db_base.dart:73:12)
#2      new GeneratedDatabase (package:drift/src/runtime/api/db_base.dart:64:5)
#3      new _$AppDatabase (package:finanzas_familiares/data/local/database.g.dart:14435:36)
#4      new AppDatabase (package:finanzas_familiares/data/local/database.dart:56:19)
#5      appDatabase (package:finanzas_familiares/application/providers/user_settings_provider.dart:49:10)
#6      Provider._create (package:riverpod/src/provider/base.dart:59:57)
#7      ProviderElement.create (package:riverpod/src/provider/base.dart:345:23)
#8      ProviderElementBase.buildState (package:riverpod/src/framework/element.dart:426:7)
#9      ProviderElementBase.mount (package:riverpod/src/framework/element.dart:228:5)
#10     _StateReader._create (package:riverpod/src/framework/container.dart:47:11)
#11     _StateReader.getElement (package:riverpod/src/framework/container.dart:35:52)
#12     ProviderContainer.readProviderElement (package:riverpod/src/framework/container.dart:479:19)
#13     ProviderElementBase._debugAssertCanDependOn.<anonymous closure> (package:riverpod/src/framework/element.dart:624:42)
#14     ProviderElementBase._debugAssertCanDependOn (package:riverpod/src/framework/element.dart:667:8)
#15     ProviderElementBase.watch (package:riverpod/src/framework/element.dart:714:12)
#16     userSettingsRepository (package:finanzas_familiares/application/providers/user_settings_provider.dart:15:24)
#17     Provider._create (package:riverpod/src/provider/base.dart:59:57)
#18     ProviderElement.create (package:riverpod/src/provider/base.dart:345:23)
#19     ProviderElementBase.buildState (package:riverpod/src/framework/element.dart:426:7)
#20     ProviderElementBase.mount (package:riverpod/src/framework/element.dart:228:5)
#21     _StateReader._create (package:riverpod/src/framework/container.dart:47:11)
#22     _StateReader.getElement (package:riverpod/src/framework/container.dart:35:52)
#23     ProviderContainer.readProviderElement (package:riverpod/src/framework/container.dart:479:19)
#24     ProviderElementBase._debugAssertCanDependOn.<anonymous closure> (package:riverpod/src/framework/element.dart:624:42)
#25     ProviderElementBase._debugAssertCanDependOn (package:riverpod/src/framework/element.dart:667:8)
#26     ProviderElementBase.watch (package:riverpod/src/framework/element.dart:714:12)
#27     userSettings (package:finanzas_familiares/application/providers/user_settings_provider.dart:29:26)
#28     StreamProvider._create (package:riverpod/src/stream_provider/base.dart:125:63)
#29     StreamProviderElement.create.<anonymous closure> (package:riverpod/src/stream_provider/base.dart:172:25)
#30     FutureHandlerProviderElementMixin.handleStream.<anonymous closure> (package:riverpod/src/async_notifier/base.dart:309:31)
#31     FutureHandlerProviderElementMixin._handleAsync (package:riverpod/src/async_notifier/base.dart:388:47)
#32     FutureHandlerProviderElementMixin.handleStream (package:riverpod/src/async_notifier/base.dart:303:5)
#33     StreamProviderElement.create (package:riverpod/src/stream_provider/base.dart:169:5)
#34     ProviderElementBase.buildState (package:riverpod/src/framework/element.dart:426:7)
#35     ProviderElementBase.mount (package:riverpod/src/framework/element.dart:228:5)
#36     _StateReader._create (package:riverpod/src/framework/container.dart:47:11)
#37     _StateReader.getElement (package:riverpod/src/framework/container.dart:35:52)
#38     ProviderContainer.readProviderElement (package:riverpod/src/framework/container.dart:479:19)
#39     ProviderElementBase._debugAssertCanDependOn.<anonymous closure> (package:riverpod/src/framework/element.dart:624:42)
#40     ProviderElementBase._debugAssertCanDependOn (package:riverpod/src/framework/element.dart:667:8)
#41     ProviderElementBase.listen (package:riverpod/src/framework/element.dart:761:12)
#42     ThemeNotifier.build (package:finanzas_familiares/application/providers/theme_provider.dart:30:9)
#43     NotifierProviderImpl.runNotifierBuild (package:riverpod/src/notifier/base.dart:166:38)
#44     NotifierProviderElement.create (package:riverpod/src/notifier/base.dart:212:23)
#45     ProviderElementBase.buildState (package:riverpod/src/framework/element.dart:426:7)
#46     ProviderElementBase.mount (package:riverpod/src/framework/element.dart:228:5)
#47     _StateReader._create (package:riverpod/src/framework/container.dart:47:11)
#48     _StateReader.getElement (package:riverpod/src/framework/container.dart:35:52)
#49     ProviderContainer.readProviderElement.<anonymous closure> (package:riverpod/src/framework/container.dart:440:40)
#50     ProviderContainer.readProviderElement (package:riverpod/src/framework/container.dart:475:8)
#51     ProviderBase.addListener (package:riverpod/src/framework/provider_base.dart:79:26)
#52     ProviderContainer.listen (package:riverpod/src/framework/container.dart:280:21)
#53     ConsumerStatefulElement.watch.<anonymous closure> (package:flutter_riverpod/src/consumer.dart:564:25)
#54     _LinkedHashMapMixin.putIfAbsent (dart:_compact_hash:674:23)
#55     ConsumerStatefulElement.watch (package:flutter_riverpod/src/consumer.dart:557:26)
#56     _ThemeSelector.build (package:finanzas_familiares/presentation/screens/settings_screen.dart:123:29)
#57     _ConsumerState.build (package:flutter_riverpod/src/consumer.dart:476:19)
#58     StatefulElement.build (package:flutter/src/widgets/framework.dart:5833:27)
#59     ConsumerStatefulElement.build (package:flutter_riverpod/src/consumer.dart:539:20)
#60     ComponentElement.performRebuild (package:flutter/src/widgets/framework.dart:5723:15)
#61     StatefulElement.performRebuild (package:flutter/src/widgets/framework.dart:5884:11)
#62     Element.rebuild (package:flutter/src/widgets/framework.dart:5435:7)
#63     ComponentElement._firstBuild (package:flutter/src/widgets/framework.dart:5705:5)
#64     StatefulElement._firstBuild (package:flutter/src/widgets/framework.dart:5875:11)
#65     ComponentElement.mount (package:flutter/src/widgets/framework.dart:5699:5)
#66     Element.inflateWidget (package:flutter/src/widgets/framework.dart:4548:16)
#67     Element.updateChild (package:flutter/src/widgets/framework.dart:4004:18)
#68     SingleChildRenderObjectElement.mount (package:flutter/src/widgets/framework.dart:7018:14)
#69     Element.inflateWidget (package:flutter/src/widgets/framework.dart:4548:16)
#70     Element.updateChild (package:flutter/src/widgets/framework.dart:4004:18)
#71     SingleChildRenderObjectElement.mount (package:flutter/src/widgets/framework.dart:7018:14)
#72     Element.inflateWidget (package:flutter/src/widgets/framework.dart:4548:16)
#73     Element.updateChild (package:flutter/src/widgets/framework.dart:4004:18)
#74     ComponentElement.performRebuild (package:flutter/src/widgets/framework.dart:5747:16)
#75     StatefulElement.performRebuild (package:flutter/src/widgets/framework.dart:5884:11)
#76     Element.rebuild (package:flutter/src/widgets/framework.dart:5435:7)
#77     ComponentElement._firstBuild (package:flutter/src/widgets/framework.dart:5705:5)
#78     StatefulElement._firstBuild (package:flutter/src/widgets/framework.dart:5875:11)
#79     ComponentElement.mount (package:flutter/src/widgets/framework.dart:5699:5)
#80     Element.inflateWidget (package:flutter/src/widgets/framework.dart:4548:16)
#81     Element.updateChild (package:flutter/src/widgets/framework.dart:4004:18)
#82     ComponentElement.performRebuild (package:flutter/src/widgets/framework.dart:5747:16)
#83     Element.rebuild (package:flutter/src/widgets/framework.dart:5435:7)
#84     ComponentElement._firstBuild (package:flutter/src/widgets/framework.dart:5705:5)
#85     ComponentElement.mount (package:flutter/src/widgets/framework.dart:5699:5)
#86     Element.inflateWidget (package:flutter/src/widgets/framework.dart:4548:16)
#87     Element.updateChild (package:flutter/src/widgets/framework.dart:4004:18)
#88     ComponentElement.performRebuild (package:flutter/src/widgets/framework.dart:5747:16)
#89     Element.rebuild (package:flutter/src/widgets/framework.dart:5435:7)
#90     ComponentElement._firstBuild (package:flutter/src/widgets/framework.dart:5705:5)
#91     ComponentElement.mount (package:flutter/src/widgets/framework.dart:5699:5)
#92     Element.inflateWidget (package:flutter/src/widgets/framework.dart:4548:16)
#93     Element.updateChild (package:flutter/src/widgets/framework.dart:4004:18)
#94     ComponentElement.performRebuild (package:flutter/src/widgets/framework.dart:5747:16)
#95     StatefulElement.performRebuild (package:flutter/src/widgets/framework.dart:5884:11)
#96     Element.rebuild (package:flutter/src/widgets/framework.dart:5435:7)
#97     ComponentElement._firstBuild (package:flutter/src/widgets/framework.dart:5705:5)
#98     StatefulElement._firstBuild (package:flutter/src/widgets/framework.dart:5875:11)
#99     ComponentElement.mount (package:flutter/src/widgets/framework.dart:5699:5)
#100    Element.inflateWidget (package:flutter/src/widgets/framework.dart:4548:16)
#101    Element.updateChild (package:flutter/src/widgets/framework.dart:4004:18)
#102    ComponentElement.performRebuild (package:flutter/src/widgets/framework.dart:5747:16)
#103    Element.rebuild (package:flutter/src/widgets/framework.dart:5435:7)
#104    ComponentElement._firstBuild (package:flutter/src/widgets/framework.dart:5705:5)
#105    ComponentElement.mount (package:flutter/src/widgets/framework.dart:5699:5)
#106    Element.inflateWidget (package:flutter/src/widgets/framework.dart:4548:16)
#107    Element.updateChild (package:flutter/src/widgets/framework.dart:4004:18)
#108    SliverMultiBoxAdaptorElement.updateChild (package:flutter/src/widgets/sliver.dart:1001:37)
#109    SliverMultiBoxAdaptorElement.createChild.<anonymous closure> (package:flutter/src/widgets/sliver.dart:985:20)
#110    BuildOwner.buildScope (package:flutter/src/widgets/framework.dart:3046:19)
#111    SliverMultiBoxAdaptorElement.createChild (package:flutter/src/widgets/sliver.dart:975:12)
#112    RenderSliverMultiBoxAdaptor._createOrObtainChild.<anonymous closure> (package:flutter/src/rendering/sliver_multi_box_adaptor.dart:372:23)
#113    RenderObject.invokeLayoutCallback.<anonymous closure> (package:flutter/src/rendering/object.dart:2881:17)
#114    PipelineOwner._enableMutationsToDirtySubtrees (package:flutter/src/rendering/object.dart:1206:15)
#115    RenderObject.invokeLayoutCallback (package:flutter/src/rendering/object.dart:2880:14)
#116    RenderSliverMultiBoxAdaptor._createOrObtainChild (package:flutter/src/rendering/sliver_multi_box_adaptor.dart:360:5)
#117    RenderSliverMultiBoxAdaptor.insertAndLayoutChild (package:flutter/src/rendering/sliver_multi_box_adaptor.dart:523:5)
#118    RenderSliverList.performLayout.advance (package:flutter/src/rendering/sliver_list.dart:242:19)
#119    RenderSliverList.performLayout (package:flutter/src/rendering/sliver_list.dart:283:12)
#120    RenderObject.layout (package:flutter/src/rendering/object.dart:2762:7)
#121    RenderSliverEdgeInsetsPadding.performLayout (package:flutter/src/rendering/sliver_padding.dart:133:12)
#122    RenderSliverPadding.performLayout (package:flutter/src/rendering/sliver_padding.dart:371:11)
#123    RenderObject.layout (package:flutter/src/rendering/object.dart:2762:7)
#124    RenderViewportBase.layoutChildSequence (package:flutter/src/rendering/viewport.dart:673:13)
#125    RenderViewport._attemptLayout (package:flutter/src/rendering/viewport.dart:1684:12)
#126    RenderViewport.performLayout (package:flutter/src/rendering/viewport.dart:1575:20)
#127    RenderObject.layout (package:flutter/src/rendering/object.dart:2762:7)
#128    RenderProxyBoxMixin.performLayout (package:flutter/src/rendering/proxy_box.dart:115:18)
#129    RenderObject.layout (package:flutter/src/rendering/object.dart:2762:7)
#130    RenderProxyBoxMixin.performLayout (package:flutter/src/rendering/proxy_box.dart:115:18)
#131    RenderObject.layout (package:flutter/src/rendering/object.dart:2762:7)
#132    RenderProxyBoxMixin.performLayout (package:flutter/src/rendering/proxy_box.dart:115:18)
#133    RenderObject.layout (package:flutter/src/rendering/object.dart:2762:7)
#134    RenderProxyBoxMixin.performLayout (package:flutter/src/rendering/proxy_box.dart:115:18)
#135    RenderObject.layout (package:flutter/src/rendering/object.dart:2762:7)
#136    RenderProxyBoxMixin.performLayout (package:flutter/src/rendering/proxy_box.dart:115:18)
#137    RenderObject.layout (package:flutter/src/rendering/object.dart:2762:7)
#138    RenderProxyBoxMixin.performLayout (package:flutter/src/rendering/proxy_box.dart:115:18)
#139    RenderObject.layout (package:flutter/src/rendering/object.dart:2762:7)
#140    RenderProxyBoxMixin.performLayout (package:flutter/src/rendering/proxy_box.dart:115:18)
#141    RenderObject.layout (package:flutter/src/rendering/object.dart:2762:7)
#142    RenderProxyBoxMixin.performLayout (package:flutter/src/rendering/proxy_box.dart:115:18)
#143    _RenderCustomClip.performLayout (package:flutter/src/rendering/proxy_box.dart:1481:11)
#144    RenderObject.layout (package:flutter/src/rendering/object.dart:2762:7)
#145    MultiChildLayoutDelegate.layoutChild (package:flutter/src/rendering/custom_layout.dart:180:12)
#146    _ScaffoldLayout.performLayout (package:flutter/src/material/scaffold.dart:1122:7)
#147    MultiChildLayoutDelegate._callPerformLayout (package:flutter/src/rendering/custom_layout.dart:249:7)
#148    RenderCustomMultiChildLayoutBox.performLayout (package:flutter/src/rendering/custom_layout.dart:420:14)
#149    RenderObject.layout (package:flutter/src/rendering/object.dart:2762:7)
#150    RenderProxyBoxMixin.performLayout (package:flutter/src/rendering/proxy_box.dart:115:18)
#151    RenderObject.layout (package:flutter/src/rendering/object.dart:2762:7)
#152    RenderProxyBoxMixin.performLayout (package:flutter/src/rendering/proxy_box.dart:115:18)
#153    _RenderCustomClip.performLayout (package:flutter/src/rendering/proxy_box.dart:1481:11)
#154    RenderObject.layout (package:flutter/src/rendering/object.dart:2762:7)
#155    RenderProxyBoxMixin.performLayout (package:flutter/src/rendering/proxy_box.dart:115:18)
#156    RenderObject.layout (package:flutter/src/rendering/object.dart:2762:7)
#157    RenderProxyBoxMixin.performLayout (package:flutter/src/rendering/proxy_box.dart:115:18)
#158    RenderObject.layout (package:flutter/src/rendering/object.dart:2762:7)
#159    RenderProxyBoxMixin.performLayout (package:flutter/src/rendering/proxy_box.dart:115:18)
#160    RenderObject.layout (package:flutter/src/rendering/object.dart:2762:7)
#161    RenderProxyBoxMixin.performLayout (package:flutter/src/rendering/proxy_box.dart:115:18)
#162    RenderObject.layout (package:flutter/src/rendering/object.dart:2762:7)
#163    RenderProxyBoxMixin.performLayout (package:flutter/src/rendering/proxy_box.dart:115:18)
#164    RenderObject.layout (package:flutter/src/rendering/object.dart:2762:7)
#165    RenderProxyBoxMixin.performLayout (package:flutter/src/rendering/proxy_box.dart:115:18)
#166    RenderObject.layout (package:flutter/src/rendering/object.dart:2762:7)
#167    RenderProxyBoxMixin.performLayout (package:flutter/src/rendering/proxy_box.dart:115:18)
#168    RenderObject.layout (package:flutter/src/rendering/object.dart:2762:7)
#169    RenderProxyBoxMixin.performLayout (package:flutter/src/rendering/proxy_box.dart:115:18)
#170    RenderObject.layout (package:flutter/src/rendering/object.dart:2762:7)
#171    RenderProxyBoxMixin.performLayout (package:flutter/src/rendering/proxy_box.dart:115:18)
#172    RenderObject.layout (package:flutter/src/rendering/object.dart:2762:7)
#173    RenderProxyBoxMixin.performLayout (package:flutter/src/rendering/proxy_box.dart:115:18)
#174    RenderOffstage.performLayout (package:flutter/src/rendering/proxy_box.dart:3848:13)
#175    RenderObject.layout (package:flutter/src/rendering/object.dart:2762:7)
#176    RenderProxyBoxMixin.performLayout (package:flutter/src/rendering/proxy_box.dart:115:18)
#177    RenderObject.layout (package:flutter/src/rendering/object.dart:2762:7)
#178    _RenderTheaterMixin.layoutChild (package:flutter/src/widgets/overlay.dart:1085:13)
#179    _RenderTheater.performLayout (package:flutter/src/widgets/overlay.dart:1430:9)
#180    RenderObject.layout (package:flutter/src/rendering/object.dart:2762:7)
#181    RenderProxyBoxMixin.performLayout (package:flutter/src/rendering/proxy_box.dart:115:18)
#182    RenderObject.layout (package:flutter/src/rendering/object.dart:2762:7)
#183    RenderProxyBoxMixin.performLayout (package:flutter/src/rendering/proxy_box.dart:115:18)
#184    RenderObject.layout (package:flutter/src/rendering/object.dart:2762:7)
#185    RenderProxyBoxMixin.performLayout (package:flutter/src/rendering/proxy_box.dart:115:18)
#186    RenderObject.layout (package:flutter/src/rendering/object.dart:2762:7)
#187    RenderProxyBoxMixin.performLayout (package:flutter/src/rendering/proxy_box.dart:115:18)
#188    RenderCustomPaint.performLayout (package:flutter/src/rendering/custom_paint.dart:574:11)
#189    RenderObject.layout (package:flutter/src/rendering/object.dart:2762:7)
#190    RenderProxyBoxMixin.performLayout (package:flutter/src/rendering/proxy_box.dart:115:18)
#191    RenderObject.layout (package:flutter/src/rendering/object.dart:2762:7)
#192    RenderProxyBoxMixin.performLayout (package:flutter/src/rendering/proxy_box.dart:115:18)
#193    RenderObject.layout (package:flutter/src/rendering/object.dart:2762:7)
#194    RenderProxyBoxMixin.performLayout (package:flutter/src/rendering/proxy_box.dart:115:18)
#195    RenderObject.layout (package:flutter/src/rendering/object.dart:2762:7)
#196    RenderProxyBoxMixin.performLayout (package:flutter/src/rendering/proxy_box.dart:115:18)
#197    RenderObject.layout (package:flutter/src/rendering/object.dart:2762:7)
#198    RenderProxyBoxMixin.performLayout (package:flutter/src/rendering/proxy_box.dart:115:18)
#199    RenderObject.layout (package:flutter/src/rendering/object.dart:2762:7)
#200    RenderProxyBoxMixin.performLayout (package:flutter/src/rendering/proxy_box.dart:115:18)
#201    RenderObject.layout (package:flutter/src/rendering/object.dart:2762:7)
#202    RenderView.performLayout (package:flutter/src/rendering/view.dart:294:12)
#203    RenderObject._layoutWithoutResize (package:flutter/src/rendering/object.dart:2610:7)
#204    PipelineOwner.flushLayout (package:flutter/src/rendering/object.dart:1157:18)
#205    PipelineOwner.flushLayout (package:flutter/src/rendering/object.dart:1170:15)
#206    AutomatedTestWidgetsFlutterBinding.drawFrame (package:flutter_test/src/binding.dart:1508:27)
#207    RendererBinding._handlePersistentFrameCallback (package:flutter/src/rendering/binding.dart:495:5)
#208    SchedulerBinding._invokeFrameCallback (package:flutter/src/scheduler/binding.dart:1434:15)
#209    SchedulerBinding.handleDrawFrame (package:flutter/src/scheduler/binding.dart:1347:9)
#210    AutomatedTestWidgetsFlutterBinding.pump.<anonymous closure> (package:flutter_test/src/binding.dart:1335:9)
#211    _rootRun (dart:async/zone.dart:1525:13)
#212    _CustomZone.run (dart:async/zone.dart:1422:19)
#213    TestAsyncUtils.guard (package:flutter_test/src/test_async_utils.dart:74:41)
#214    AutomatedTestWidgetsFlutterBinding.pump (package:flutter_test/src/binding.dart:1324:27)
#215    WidgetTester.pumpWidget.<anonymous closure> (package:flutter_test/src/widget_tester.dart:598:22)
#216    _rootRun (dart:async/zone.dart:1525:13)
#217    _CustomZone.run (dart:async/zone.dart:1422:19)
#218    TestAsyncUtils.guard (package:flutter_test/src/test_async_utils.dart:74:41)
#219    WidgetTester.pumpWidget (package:flutter_test/src/widget_tester.dart:595:27)
#220    main.<anonymous closure>.<anonymous closure> (file:///home/bootcamp/Proyectos-2026/Proyectos-Varios/Finanzas-Familiares-AS/test/presentation/screens/settings_screen_test.dart:119:20)
#221    testWidgets.<anonymous closure>.<anonymous closure> (package:flutter_test/src/widget_tester.dart:192:29)
<asynchronous suspension>
#222    TestWidgetsFlutterBinding._runTestBody (package:flutter_test/src/binding.dart:1059:5)
<asynchronous suspension>
#223    StackZoneSpecification._registerCallback.<anonymous closure> (package:stack_trace/src/stack_zone_specification.dart:114:42)
<asynchronous suspension>
This warning will only appear on debug builds.
00:25 +923 -7: /home/bootcamp/Proyectos-2026/Proyectos-Varios/Finanzas-Familiares-AS/test/presentation/screens/categories_screen_test.dart: CategoriesScreen muestra título Categorías                 00:25 +924 -7: /home/bootcamp/Proyectos-2026/Proyectos-Varios/Finanzas-Familiares-AS/test/presentation/screens/categories_screen_test.dart: CategoriesScreen muestra título Categorías                 00:25 +924 -7: /home/bootcamp/Proyectos-2026/Proyectos-Varios/Finanzas-Familiares-AS/test/presentation/screens/dashboard_screen_test.dart: DashboardScreen muestra Lo que Tengo y Lo que Debo          
[DASHBOARD] Iniciando carga...
[DASHBOARD] Obteniendo datos...
[DASHBOARD] Cuentas: 0, Categorías: 104
[DASHBOARD] Transacciones: 0, Presupuestos: 0
[DASHBOARD] Calculando resumen...
[DASHBOARD] Resumen calculado OK
00:25 +925 -7: /home/bootcamp/Proyectos-2026/Proyectos-Varios/Finanzas-Familiares-AS/test/presentation/screens/categories_screen_test.dart: CategoriesScreen muestra título Categorías                 00:25 +926 -7: /home/bootcamp/Proyectos-2026/Proyectos-Varios/Finanzas-Familiares-AS/test/presentation/screens/categories_screen_test.dart: CategoriesScreen muestra título Categorías                 00:25 +926 -7: /home/bootcamp/Proyectos-2026/Proyectos-Varios/Finanzas-Familiares-AS/test/presentation/screens/dashboard_screen_test.dart: DashboardScreen DashboardScreen es scrollable               
[DASHBOARD] Iniciando carga...
[DASHBOARD] Obteniendo datos...
00:25 +926 -7: /home/bootcamp/Proyectos-2026/Proyectos-Varios/Finanzas-Familiares-AS/test/presentation/screens/settings_screen_test.dart: SettingsScreen muestra selector de tema con opciones         
WARNING (drift): It looks like you've created the database class AppDatabase multiple times. When these two databases use the same QueryExecutor, race conditions will occur and might corrupt the database. 
Try to follow the advice at https://drift.simonbinder.eu/faq/#using-the-database or, if you know what you're doing, set driftRuntimeOptions.dontWarnAboutMultipleDatabases = true
Here is the stacktrace from when the database was opened a second time:
#0      GeneratedDatabase._handleInstantiated (package:drift/src/runtime/api/db_base.dart:96:30)
#1      GeneratedDatabase._whenConstructed (package:drift/src/runtime/api/db_base.dart:73:12)
#2      new GeneratedDatabase (package:drift/src/runtime/api/db_base.dart:64:5)
#3      new _$AppDatabase (package:finanzas_familiares/data/local/database.g.dart:14435:36)
#4      new AppDatabase (package:finanzas_familiares/data/local/database.dart:56:19)
#5      appDatabase (package:finanzas_familiares/application/providers/user_settings_provider.dart:49:10)
#6      Provider._create (package:riverpod/src/provider/base.dart:59:57)
#7      ProviderElement.create (package:riverpod/src/provider/base.dart:345:23)
#8      ProviderElementBase.buildState (package:riverpod/src/framework/element.dart:426:7)
#9      ProviderElementBase.mount (package:riverpod/src/framework/element.dart:228:5)
#10     _StateReader._create (package:riverpod/src/framework/container.dart:47:11)
#11     _StateReader.getElement (package:riverpod/src/framework/container.dart:35:52)
#12     ProviderContainer.readProviderElement (package:riverpod/src/framework/container.dart:479:19)
#13     ProviderElementBase._debugAssertCanDependOn.<anonymous closure> (package:riverpod/src/framework/element.dart:624:42)
#14     ProviderElementBase._debugAssertCanDependOn (package:riverpod/src/framework/element.dart:667:8)
#15     ProviderElementBase.watch (package:riverpod/src/framework/element.dart:714:12)
#16     userSettingsRepository (package:finanzas_familiares/application/providers/user_settings_provider.dart:15:24)
#17     Provider._create (package:riverpod/src/provider/base.dart:59:57)
#18     ProviderElement.create (package:riverpod/src/provider/base.dart:345:23)
#19     ProviderElementBase.buildState (package:riverpod/src/framework/element.dart:426:7)
#20     ProviderElementBase.mount (package:riverpod/src/framework/element.dart:228:5)
#21     _StateReader._create (package:riverpod/src/framework/container.dart:47:11)
#22     _StateReader.getElement (package:riverpod/src/framework/container.dart:35:52)
#23     ProviderContainer.readProviderElement (package:riverpod/src/framework/container.dart:479:19)
#24     ProviderElementBase._debugAssertCanDependOn.<anonymous closure> (package:riverpod/src/framework/element.dart:624:42)
#25     ProviderElementBase._debugAssertCanDependOn (package:riverpod/src/framework/element.dart:667:8)
#26     ProviderElementBase.watch (package:riverpod/src/framework/element.dart:714:12)
#27     userSettings (package:finanzas_familiares/application/providers/user_settings_provider.dart:29:26)
#28     StreamProvider._create (package:riverpod/src/stream_provider/base.dart:125:63)
#29     StreamProviderElement.create.<anonymous closure> (package:riverpod/src/stream_provider/base.dart:172:25)
#30     FutureHandlerProviderElementMixin.handleStream.<anonymous closure> (package:riverpod/src/async_notifier/base.dart:309:31)
#31     FutureHandlerProviderElementMixin._handleAsync (package:riverpod/src/async_notifier/base.dart:388:47)
#32     FutureHandlerProviderElementMixin.handleStream (package:riverpod/src/async_notifier/base.dart:303:5)
#33     StreamProviderElement.create (package:riverpod/src/stream_provider/base.dart:169:5)
#34     ProviderElementBase.buildState (package:riverpod/src/framework/element.dart:426:7)
#35     ProviderElementBase.mount (package:riverpod/src/framework/element.dart:228:5)
#36     _StateReader._create (package:riverpod/src/framework/container.dart:47:11)
#37     _StateReader.getElement (package:riverpod/src/framework/container.dart:35:52)
#38     ProviderContainer.readProviderElement (package:riverpod/src/framework/container.dart:479:19)
#39     ProviderElementBase._debugAssertCanDependOn.<anonymous closure> (package:riverpod/src/framework/element.dart:624:42)
#40     ProviderElementBase._debugAssertCanDependOn (package:riverpod/src/framework/element.dart:667:8)
#41     ProviderElementBase.listen (package:riverpod/src/framework/element.dart:761:12)
#42     ThemeNotifier.build (package:finanzas_familiares/application/providers/theme_provider.dart:30:9)
#43     NotifierProviderImpl.runNotifierBuild (package:riverpod/src/notifier/base.dart:166:38)
#44     NotifierProviderElement.create (package:riverpod/src/notifier/base.dart:212:23)
#45     ProviderElementBase.buildState (package:riverpod/src/framework/element.dart:426:7)
#46     ProviderElementBase.mount (package:riverpod/src/framework/element.dart:228:5)
#47     _StateReader._create (package:riverpod/src/framework/container.dart:47:11)
#48     _StateReader.getElement (package:riverpod/src/framework/container.dart:35:52)
#49     ProviderContainer.readProviderElement.<anonymous closure> (package:riverpod/src/framework/container.dart:440:40)
#50     ProviderContainer.readProviderElement (package:riverpod/src/framework/container.dart:475:8)
#51     ProviderBase.addListener (package:riverpod/src/framework/provider_base.dart:79:26)
#52     ProviderContainer.listen (package:riverpod/src/framework/container.dart:280:21)
#53     ConsumerStatefulElement.watch.<anonymous closure> (package:flutter_riverpod/src/consumer.dart:564:25)
#54     _LinkedHashMapMixin.putIfAbsent (dart:_compact_hash:674:23)
#55     ConsumerStatefulElement.watch (package:flutter_riverpod/src/consumer.dart:557:26)
#56     _ThemeSelector.build (package:finanzas_familiares/presentation/screens/settings_screen.dart:123:29)
#57     _ConsumerState.build (package:flutter_riverpod/src/consumer.dart:476:19)
#58     StatefulElement.build (package:flutter/src/widgets/framework.dart:5833:27)
#59     ConsumerStatefulElement.build (package:flutter_riverpod/src/consumer.dart:539:20)
#60     ComponentElement.performRebuild (package:flutter/src/widgets/framework.dart:5723:15)
#61     StatefulElement.performRebuild (package:flutter/src/widgets/framework.dart:5884:11)
#62     Element.rebuild (package:flutter/src/widgets/framework.dart:5435:7)
#63     ComponentElement._firstBuild (package:flutter/src/widgets/framework.dart:5705:5)
#64     StatefulElement._firstBuild (package:flutter/src/widgets/framework.dart:5875:11)
#65     ComponentElement.mount (package:flutter/src/widgets/framework.dart:5699:5)
#66     Element.inflateWidget (package:flutter/src/widgets/framework.dart:4548:16)
#67     Element.updateChild (package:flutter/src/widgets/framework.dart:4004:18)
#68     SingleChildRenderObjectElement.mount (package:flutter/src/widgets/framework.dart:7018:14)
#69     Element.inflateWidget (package:flutter/src/widgets/framework.dart:4548:16)
#70     Element.updateChild (package:flutter/src/widgets/framework.dart:4004:18)
#71     SingleChildRenderObjectElement.mount (package:flutter/src/widgets/framework.dart:7018:14)
#72     Element.inflateWidget (package:flutter/src/widgets/framework.dart:4548:16)
#73     Element.updateChild (package:flutter/src/widgets/framework.dart:4004:18)
#74     ComponentElement.performRebuild (package:flutter/src/widgets/framework.dart:5747:16)
#75     StatefulElement.performRebuild (package:flutter/src/widgets/framework.dart:5884:11)
#76     Element.rebuild (package:flutter/src/widgets/framework.dart:5435:7)
#77     ComponentElement._firstBuild (package:flutter/src/widgets/framework.dart:5705:5)
#78     StatefulElement._firstBuild (package:flutter/src/widgets/framework.dart:5875:11)
#79     ComponentElement.mount (package:flutter/src/widgets/framework.dart:5699:5)
#80     Element.inflateWidget (package:flutter/src/widgets/framework.dart:4548:16)
#81     Element.updateChild (package:flutter/src/widgets/framework.dart:4004:18)
#82     ComponentElement.performRebuild (package:flutter/src/widgets/framework.dart:5747:16)
#83     Element.rebuild (package:flutter/src/widgets/framework.dart:5435:7)
#84     ComponentElement._firstBuild (package:flutter/src/widgets/framework.dart:5705:5)
#85     ComponentElement.mount (package:flutter/src/widgets/framework.dart:5699:5)
#86     Element.inflateWidget (package:flutter/src/widgets/framework.dart:4548:16)
#87     Element.updateChild (package:flutter/src/widgets/framework.dart:4004:18)
#88     ComponentElement.performRebuild (package:flutter/src/widgets/framework.dart:5747:16)
#89     Element.rebuild (package:flutter/src/widgets/framework.dart:5435:7)
#90     ComponentElement._firstBuild (package:flutter/src/widgets/framework.dart:5705:5)
#91     ComponentElement.mount (package:flutter/src/widgets/framework.dart:5699:5)
#92     Element.inflateWidget (package:flutter/src/widgets/framework.dart:4548:16)
#93     Element.updateChild (package:flutter/src/widgets/framework.dart:4004:18)
#94     ComponentElement.performRebuild (package:flutter/src/widgets/framework.dart:5747:16)
#95     StatefulElement.performRebuild (package:flutter/src/widgets/framework.dart:5884:11)
#96     Element.rebuild (package:flutter/src/widgets/framework.dart:5435:7)
#97     ComponentElement._firstBuild (package:flutter/src/widgets/framework.dart:5705:5)
#98     StatefulElement._firstBuild (package:flutter/src/widgets/framework.dart:5875:11)
#99     ComponentElement.mount (package:flutter/src/widgets/framework.dart:5699:5)
#100    Element.inflateWidget (package:flutter/src/widgets/framework.dart:4548:16)
#101    Element.updateChild (package:flutter/src/widgets/framework.dart:4004:18)
#102    ComponentElement.performRebuild (package:flutter/src/widgets/framework.dart:5747:16)
#103    Element.rebuild (package:flutter/src/widgets/framework.dart:5435:7)
#104    ComponentElement._firstBuild (package:flutter/src/widgets/framework.dart:5705:5)
#105    ComponentElement.mount (package:flutter/src/widgets/framework.dart:5699:5)
#106    Element.inflateWidget (package:flutter/src/widgets/framework.dart:4548:16)
#107    Element.updateChild (package:flutter/src/widgets/framework.dart:4004:18)
#108    SliverMultiBoxAdaptorElement.updateChild (package:flutter/src/widgets/sliver.dart:1001:37)
#109    SliverMultiBoxAdaptorElement.createChild.<anonymous closure> (package:flutter/src/widgets/sliver.dart:985:20)
#110    BuildOwner.buildScope (package:flutter/src/widgets/framework.dart:3046:19)
#111    SliverMultiBoxAdaptorElement.createChild (package:flutter/src/widgets/sliver.dart:975:12)
#112    RenderSliverMultiBoxAdaptor._createOrObtainChild.<anonymous closure> (package:flutter/src/rendering/sliver_multi_box_adaptor.dart:372:23)
#113    RenderObject.invokeLayoutCallback.<anonymous closure> (package:flutter/src/rendering/object.dart:2881:17)
#114    PipelineOwner._enableMutationsToDirtySubtrees (package:flutter/src/rendering/object.dart:1206:15)
#115    RenderObject.invokeLayoutCallback (package:flutter/src/rendering/object.dart:2880:14)
#116    RenderSliverMultiBoxAdaptor._createOrObtainChild (package:flutter/src/rendering/sliver_multi_box_adaptor.dart:360:5)
#117    RenderSliverMultiBoxAdaptor.insertAndLayoutChild (package:flutter/src/rendering/sliver_multi_box_adaptor.dart:523:5)
#118    RenderSliverList.performLayout.advance (package:flutter/src/rendering/sliver_list.dart:242:19)
#119    RenderSliverList.performLayout (package:flutter/src/rendering/sliver_list.dart:283:12)
#120    RenderObject.layout (package:flutter/src/rendering/object.dart:2762:7)
#121    RenderSliverEdgeInsetsPadding.performLayout (package:flutter/src/rendering/sliver_padding.dart:133:12)
#122    RenderSliverPadding.performLayout (package:flutter/src/rendering/sliver_padding.dart:371:11)
#123    RenderObject.layout (package:flutter/src/rendering/object.dart:2762:7)
#124    RenderViewportBase.layoutChildSequence (package:flutter/src/rendering/viewport.dart:673:13)
#125    RenderViewport._attemptLayout (package:flutter/src/rendering/viewport.dart:1684:12)
#126    RenderViewport.performLayout (package:flutter/src/rendering/viewport.dart:1575:20)
#127    RenderObject.layout (package:flutter/src/rendering/object.dart:2762:7)
#128    RenderProxyBoxMixin.performLayout (package:flutter/src/rendering/proxy_box.dart:115:18)
#129    RenderObject.layout (package:flutter/src/rendering/object.dart:2762:7)
#130    RenderProxyBoxMixin.performLayout (package:flutter/src/rendering/proxy_box.dart:115:18)
#131    RenderObject.layout (package:flutter/src/rendering/object.dart:2762:7)
#132    RenderProxyBoxMixin.performLayout (package:flutter/src/rendering/proxy_box.dart:115:18)
#133    RenderObject.layout (package:flutter/src/rendering/object.dart:2762:7)
#134    RenderProxyBoxMixin.performLayout (package:flutter/src/rendering/proxy_box.dart:115:18)
#135    RenderObject.layout (package:flutter/src/rendering/object.dart:2762:7)
#136    RenderProxyBoxMixin.performLayout (package:flutter/src/rendering/proxy_box.dart:115:18)
#137    RenderObject.layout (package:flutter/src/rendering/object.dart:2762:7)
#138    RenderProxyBoxMixin.performLayout (package:flutter/src/rendering/proxy_box.dart:115:18)
#139    RenderObject.layout (package:flutter/src/rendering/object.dart:2762:7)
#140    RenderProxyBoxMixin.performLayout (package:flutter/src/rendering/proxy_box.dart:115:18)
#141    RenderObject.layout (package:flutter/src/rendering/object.dart:2762:7)
#142    RenderProxyBoxMixin.performLayout (package:flutter/src/rendering/proxy_box.dart:115:18)
#143    _RenderCustomClip.performLayout (package:flutter/src/rendering/proxy_box.dart:1481:11)
#144    RenderObject.layout (package:flutter/src/rendering/object.dart:2762:7)
#145    MultiChildLayoutDelegate.layoutChild (package:flutter/src/rendering/custom_layout.dart:180:12)
#146    _ScaffoldLayout.performLayout (package:flutter/src/material/scaffold.dart:1122:7)
#147    MultiChildLayoutDelegate._callPerformLayout (package:flutter/src/rendering/custom_layout.dart:249:7)
#148    RenderCustomMultiChildLayoutBox.performLayout (package:flutter/src/rendering/custom_layout.dart:420:14)
#149    RenderObject.layout (package:flutter/src/rendering/object.dart:2762:7)
#150    RenderProxyBoxMixin.performLayout (package:flutter/src/rendering/proxy_box.dart:115:18)
#151    RenderObject.layout (package:flutter/src/rendering/object.dart:2762:7)
#152    RenderProxyBoxMixin.performLayout (package:flutter/src/rendering/proxy_box.dart:115:18)
#153    _RenderCustomClip.performLayout (package:flutter/src/rendering/proxy_box.dart:1481:11)
#154    RenderObject.layout (package:flutter/src/rendering/object.dart:2762:7)
#155    RenderProxyBoxMixin.performLayout (package:flutter/src/rendering/proxy_box.dart:115:18)
#156    RenderObject.layout (package:flutter/src/rendering/object.dart:2762:7)
#157    RenderProxyBoxMixin.performLayout (package:flutter/src/rendering/proxy_box.dart:115:18)
#158    RenderObject.layout (package:flutter/src/rendering/object.dart:2762:7)
#159    RenderProxyBoxMixin.performLayout (package:flutter/src/rendering/proxy_box.dart:115:18)
#160    RenderObject.layout (package:flutter/src/rendering/object.dart:2762:7)
#161    RenderProxyBoxMixin.performLayout (package:flutter/src/rendering/proxy_box.dart:115:18)
#162    RenderObject.layout (package:flutter/src/rendering/object.dart:2762:7)
#163    RenderProxyBoxMixin.performLayout (package:flutter/src/rendering/proxy_box.dart:115:18)
#164    RenderObject.layout (package:flutter/src/rendering/object.dart:2762:7)
#165    RenderProxyBoxMixin.performLayout (package:flutter/src/rendering/proxy_box.dart:115:18)
#166    RenderObject.layout (package:flutter/src/rendering/object.dart:2762:7)
#167    RenderProxyBoxMixin.performLayout (package:flutter/src/rendering/proxy_box.dart:115:18)
#168    RenderObject.layout (package:flutter/src/rendering/object.dart:2762:7)
#169    RenderProxyBoxMixin.performLayout (package:flutter/src/rendering/proxy_box.dart:115:18)
#170    RenderObject.layout (package:flutter/src/rendering/object.dart:2762:7)
#171    RenderProxyBoxMixin.performLayout (package:flutter/src/rendering/proxy_box.dart:115:18)
#172    RenderObject.layout (package:flutter/src/rendering/object.dart:2762:7)
#173    RenderProxyBoxMixin.performLayout (package:flutter/src/rendering/proxy_box.dart:115:18)
#174    RenderOffstage.performLayout (package:flutter/src/rendering/proxy_box.dart:3848:13)
#175    RenderObject.layout (package:flutter/src/rendering/object.dart:2762:7)
#176    RenderProxyBoxMixin.performLayout (package:flutter/src/rendering/proxy_box.dart:115:18)
#177    RenderObject.layout (package:flutter/src/rendering/object.dart:2762:7)
#178    _RenderTheaterMixin.layoutChild (package:flutter/src/widgets/overlay.dart:1085:13)
#179    _RenderTheater.performLayout (package:flutter/src/widgets/overlay.dart:1430:9)
#180    RenderObject.layout (package:flutter/src/rendering/object.dart:2762:7)
#181    RenderProxyBoxMixin.performLayout (package:flutter/src/rendering/proxy_box.dart:115:18)
#182    RenderObject.layout (package:flutter/src/rendering/object.dart:2762:7)
#183    RenderProxyBoxMixin.performLayout (package:flutter/src/rendering/proxy_box.dart:115:18)
#184    RenderObject.layout (package:flutter/src/rendering/object.dart:2762:7)
#185    RenderProxyBoxMixin.performLayout (package:flutter/src/rendering/proxy_box.dart:115:18)
#186    RenderObject.layout (package:flutter/src/rendering/object.dart:2762:7)
#187    RenderProxyBoxMixin.performLayout (package:flutter/src/rendering/proxy_box.dart:115:18)
#188    RenderCustomPaint.performLayout (package:flutter/src/rendering/custom_paint.dart:574:11)
#189    RenderObject.layout (package:flutter/src/rendering/object.dart:2762:7)
#190    RenderProxyBoxMixin.performLayout (package:flutter/src/rendering/proxy_box.dart:115:18)
#191    RenderObject.layout (package:flutter/src/rendering/object.dart:2762:7)
#192    RenderProxyBoxMixin.performLayout (package:flutter/src/rendering/proxy_box.dart:115:18)
#193    RenderObject.layout (package:flutter/src/rendering/object.dart:2762:7)
#194    RenderProxyBoxMixin.performLayout (package:flutter/src/rendering/proxy_box.dart:115:18)
#195    RenderObject.layout (package:flutter/src/rendering/object.dart:2762:7)
#196    RenderProxyBoxMixin.performLayout (package:flutter/src/rendering/proxy_box.dart:115:18)
#197    RenderObject.layout (package:flutter/src/rendering/object.dart:2762:7)
#198    RenderProxyBoxMixin.performLayout (package:flutter/src/rendering/proxy_box.dart:115:18)
#199    RenderObject.layout (package:flutter/src/rendering/object.dart:2762:7)
#200    RenderProxyBoxMixin.performLayout (package:flutter/src/rendering/proxy_box.dart:115:18)
#201    RenderObject.layout (package:flutter/src/rendering/object.dart:2762:7)
#202    RenderView.performLayout (package:flutter/src/rendering/view.dart:294:12)
#203    RenderObject._layoutWithoutResize (package:flutter/src/rendering/object.dart:2610:7)
#204    PipelineOwner.flushLayout (package:flutter/src/rendering/object.dart:1157:18)
#205    PipelineOwner.flushLayout (package:flutter/src/rendering/object.dart:1170:15)
#206    AutomatedTestWidgetsFlutterBinding.drawFrame (package:flutter_test/src/binding.dart:1508:27)
#207    RendererBinding._handlePersistentFrameCallback (package:flutter/src/rendering/binding.dart:495:5)
#208    SchedulerBinding._invokeFrameCallback (package:flutter/src/scheduler/binding.dart:1434:15)
#209    SchedulerBinding.handleDrawFrame (package:flutter/src/scheduler/binding.dart:1347:9)
#210    AutomatedTestWidgetsFlutterBinding.pump.<anonymous closure> (package:flutter_test/src/binding.dart:1335:9)
#211    _rootRun (dart:async/zone.dart:1525:13)
#212    _CustomZone.run (dart:async/zone.dart:1422:19)
#213    TestAsyncUtils.guard (package:flutter_test/src/test_async_utils.dart:74:41)
#214    AutomatedTestWidgetsFlutterBinding.pump (package:flutter_test/src/binding.dart:1324:27)
#215    WidgetTester.pumpWidget.<anonymous closure> (package:flutter_test/src/widget_tester.dart:598:22)
#216    _rootRun (dart:async/zone.dart:1525:13)
#217    _CustomZone.run (dart:async/zone.dart:1422:19)
#218    TestAsyncUtils.guard (package:flutter_test/src/test_async_utils.dart:74:41)
#219    WidgetTester.pumpWidget (package:flutter_test/src/widget_tester.dart:595:27)
#220    main.<anonymous closure>.<anonymous closure> (file:///home/bootcamp/Proyectos-2026/Proyectos-Varios/Finanzas-Familiares-AS/test/presentation/screens/settings_screen_test.dart:143:20)
#221    testWidgets.<anonymous closure>.<anonymous closure> (package:flutter_test/src/widget_tester.dart:192:29)
<asynchronous suspension>
#222    TestWidgetsFlutterBinding._runTestBody (package:flutter_test/src/binding.dart:1059:5)
<asynchronous suspension>
#223    StackZoneSpecification._registerCallback.<anonymous closure> (package:stack_trace/src/stack_zone_specification.dart:114:42)
<asynchronous suspension>
This warning will only appear on debug builds.
00:25 +927 -7: /home/bootcamp/Proyectos-2026/Proyectos-Varios/Finanzas-Familiares-AS/test/presentation/screens/categories_screen_test.dart: CategoriesScreen muestra título Categorías                 00:25 +927 -7: /home/bootcamp/Proyectos-2026/Proyectos-Varios/Finanzas-Familiares-AS/test/presentation/screens/dashboard_screen_test.dart: DashboardScreen DashboardScreen es scrollable               
[DASHBOARD] Cuentas: 0, Categorías: 104
[DASHBOARD] Transacciones: 0, Presupuestos: 0
[DASHBOARD] Calculando resumen...
[DASHBOARD] Resumen calculado OK
00:25 +928 -7: /home/bootcamp/Proyectos-2026/Proyectos-Varios/Finanzas-Familiares-AS/test/presentation/screens/categories_screen_test.dart: CategoriesScreen muestra título Categorías                 00:25 +929 -7: /home/bootcamp/Proyectos-2026/Proyectos-Varios/Finanzas-Familiares-AS/test/presentation/screens/categories_screen_test.dart: CategoriesScreen muestra título Categorías                 00:25 +929 -7: /home/bootcamp/Proyectos-2026/Proyectos-Varios/Finanzas-Familiares-AS/test/presentation/screens/dashboard_screen_test.dart: DashboardScreen muestra mensaje cuando no hay gastos        
[DASHBOARD] Iniciando carga...
[DASHBOARD] Obteniendo datos...
[DASHBOARD] Cuentas: 0, Categorías: 104
[DASHBOARD] Transacciones: 0, Presupuestos: 0
[DASHBOARD] Calculando resumen...
[DASHBOARD] Resumen calculado OK
00:25 +930 -7: /home/bootcamp/Proyectos-2026/Proyectos-Varios/Finanzas-Familiares-AS/test/presentation/screens/categories_screen_test.dart: CategoriesScreen muestra título Categorías                 00:25 +931 -7: /home/bootcamp/Proyectos-2026/Proyectos-Varios/Finanzas-Familiares-AS/test/presentation/screens/categories_screen_test.dart: CategoriesScreen muestra título Categorías                 00:25 +931 -7: /home/bootcamp/Proyectos-2026/Proyectos-Varios/Finanzas-Familiares-AS/test/presentation/screens/dashboard_screen_test.dart: DashboardScreen muestra gastos por categoría cuando existen 
[DASHBOARD] Iniciando carga...
[DASHBOARD] Obteniendo datos...
00:25 +931 -7: /home/bootcamp/Proyectos-2026/Proyectos-Varios/Finanzas-Familiares-AS/test/presentation/screens/categories_screen_test.dart: CategoriesScreen muestra título Categorías                 00:25 +931 -7: /home/bootcamp/Proyectos-2026/Proyectos-Varios/Finanzas-Familiares-AS/test/presentation/screens/dashboard_screen_test.dart: DashboardScreen muestra gastos por categoría cuando existen 
[DASHBOARD] Cuentas: 0, Categorías: 104
[DASHBOARD] Transacciones: 1, Presupuestos: 0
[DASHBOARD] Calculando resumen...
[DASHBOARD] Resumen calculado OK
00:25 +932 -7: /home/bootcamp/Proyectos-2026/Proyectos-Varios/Finanzas-Familiares-AS/test/presentation/screens/account_form_screen_test.dart: ... Widget Tests muestra título Nueva Cuenta             00:25 +933 -7: /home/bootcamp/Proyectos-2026/Proyectos-Varios/Finanzas-Familiares-AS/test/presentation/screens/account_form_screen_test.dart: ... Widget Tests muestra título Nueva Cuenta             00:25 +933 -7: /home/bootcamp/Proyectos-2026/Proyectos-Varios/Finanzas-Familiares-AS/test/presentation/screens/dashboard_screen_test.dart: DashboardScreen botón refresh funciona sin errores          
[DASHBOARD] Iniciando carga...
[DASHBOARD] Obteniendo datos...
[DASHBOARD] Cuentas: 0, Categorías: 104
[DASHBOARD] Transacciones: 0, Presupuestos: 0
[DASHBOARD] Calculando resumen...
[DASHBOARD] Resumen calculado OK
00:25 +934 -7: /home/bootcamp/Proyectos-2026/Proyectos-Varios/Finanzas-Familiares-AS/test/presentation/screens/account_form_screen_test.dart: ... Widget Tests muestra título Nueva Cuenta             00:25 +934 -7: /home/bootcamp/Proyectos-2026/Proyectos-Varios/Finanzas-Familiares-AS/test/presentation/screens/dashboard_screen_test.dart: DashboardScreen botón refresh funciona sin errores          
[DASHBOARD] Iniciando carga...
[DASHBOARD] Obteniendo datos...
[DASHBOARD] Cuentas: 0, Categorías: 104
[DASHBOARD] Transacciones: 0, Presupuestos: 0
[DASHBOARD] Calculando resumen...
[DASHBOARD] Resumen calculado OK
00:25 +935 -7: /home/bootcamp/Proyectos-2026/Proyectos-Varios/Finanzas-Familiares-AS/test/presentation/screens/account_form_screen_test.dart: ... Widget Tests muestra título Nueva Cuenta             00:25 +935 -7: /home/bootcamp/Proyectos-2026/Proyectos-Varios/Finanzas-Familiares-AS/test/presentation/screens/dashboard_screen_test.dart: DashboardScreen con cuentas muestra activos con balance positivo
[DASHBOARD] Iniciando carga...
[DASHBOARD] Obteniendo datos...
[DASHBOARD] Cuentas: 1, Categorías: 104
[DASHBOARD] Transacciones: 0, Presupuestos: 0
[DASHBOARD] Calculando resumen...
[DASHBOARD] Resumen calculado OK
00:25 +936 -7: /home/bootcamp/Proyectos-2026/Proyectos-Varios/Finanzas-Familiares-AS/test/presentation/screens/account_form_screen_test.dart: ... Widget Tests muestra título Nueva Cuenta             00:25 +937 -7: /home/bootcamp/Proyectos-2026/Proyectos-Varios/Finanzas-Familiares-AS/test/presentation/screens/account_form_screen_test.dart: ... Widget Tests muestra título Nueva Cuenta             00:25 +938 -7: /home/bootcamp/Proyectos-2026/Proyectos-Varios/Finanzas-Familiares-AS/test/presentation/screens/account_form_screen_test.dart: ... Widget Tests muestra título Nueva Cuenta             00:26 +938 -7: /home/bootcamp/Proyectos-2026/Proyectos-Varios/Finanzas-Familiares-AS/test/presentation/screens/account_form_screen_test.dart: ... Widget Tests muestra título Nueva Cuenta             00:26 +939 -7: /home/bootcamp/Proyectos-2026/Proyectos-Varios/Finanzas-Familiares-AS/test/presentation/widgets/chart_widgets_test.dart: ExpensePieChart muestra mensaje cuando no hay datos            00:26 +940 -7: /home/bootcamp/Proyectos-2026/Proyectos-Varios/Finanzas-Familiares-AS/test/presentation/widgets/chart_widgets_test.dart: ExpensePieChart muestra mensaje cuando no hay datos            00:26 +941 -7: /home/bootcamp/Proyectos-2026/Proyectos-Varios/Finanzas-Familiares-AS/test/presentation/widgets/sync_status_indicator_test.dart: ... muestra icono cloud_done cuando sincronizado       00:26 +942 -7: /home/bootcamp/Proyectos-2026/Proyectos-Varios/Finanzas-Familiares-AS/test/presentation/widgets/sync_status_indicator_test.dart: ... muestra icono cloud_done cuando sincronizado       00:26 +943 -7: /home/bootcamp/Proyectos-2026/Proyectos-Varios/Finanzas-Familiares-AS/test/presentation/widgets/sync_status_indicator_test.dart: ... muestra icono cloud_done cuando sincronizado       00:26 +944 -7: /home/bootcamp/Proyectos-2026/Proyectos-Varios/Finanzas-Familiares-AS/test/presentation/widgets/sync_status_indicator_test.dart: ... muestra icono cloud_done cuando sincronizado       00:26 +945 -7: /home/bootcamp/Proyectos-2026/Proyectos-Varios/Finanzas-Familiares-AS/test/presentation/widgets/sync_status_indicator_test.dart: ... muestra icono cloud_done cuando sincronizado       00:26 +946 -7: /home/bootcamp/Proyectos-2026/Proyectos-Varios/Finanzas-Familiares-AS/test/presentation/widgets/sync_status_indicator_test.dart: ... muestra icono cloud_done cuando sincronizado       00:26 +947 -7: /home/bootcamp/Proyectos-2026/Proyectos-Varios/Finanzas-Familiares-AS/test/presentation/widgets/sync_status_indicator_test.dart: ... muestra icono cloud_done cuando sincronizado       00:26 +948 -7: /home/bootcamp/Proyectos-2026/Proyectos-Varios/Finanzas-Familiares-AS/test/presentation/widgets/sync_status_indicator_test.dart: ... muestra icono cloud_done cuando sincronizado       00:26 +949 -7: /home/bootcamp/Proyectos-2026/Proyectos-Varios/Finanzas-Familiares-AS/test/presentation/widgets/sync_status_indicator_test.dart: ... muestra icono cloud_done cuando sincronizado       00:26 +950 -7: /home/bootcamp/Proyectos-2026/Proyectos-Varios/Finanzas-Familiares-AS/test/presentation/widgets/sync_status_indicator_test.dart: ... muestra icono cloud_done cuando sincronizado       00:26 +951 -7: /home/bootcamp/Proyectos-2026/Proyectos-Varios/Finanzas-Familiares-AS/test/presentation/widgets/sync_status_indicator_test.dart: ... muestra icono cloud_done cuando sincronizado       00:26 +952 -7: /home/bootcamp/Proyectos-2026/Proyectos-Varios/Finanzas-Familiares-AS/test/presentation/widgets/sync_status_indicator_test.dart: ... muestra icono cloud_done cuando sincronizado       00:26 +953 -7: /home/bootcamp/Proyectos-2026/Proyectos-Varios/Finanzas-Familiares-AS/test/presentation/widgets/sync_status_indicator_test.dart: ... muestra icono cloud_done cuando sincronizado       00:26 +954 -7: /home/bootcamp/Proyectos-2026/Proyectos-Varios/Finanzas-Familiares-AS/test/presentation/widgets/sync_status_indicator_test.dart: ... muestra icono cloud_done cuando sincronizado       00:26 +955 -7: /home/bootcamp/Proyectos-2026/Proyectos-Varios/Finanzas-Familiares-AS/test/presentation/widgets/sync_status_indicator_test.dart: ... muestra icono cloud_done cuando sincronizado       00:26 +956 -7: /home/bootcamp/Proyectos-2026/Proyectos-Varios/Finanzas-Familiares-AS/test/presentation/widgets/sync_status_indicator_test.dart: ... muestra icono cloud_done cuando sincronizado       00:26 +957 -7: /home/bootcamp/Proyectos-2026/Proyectos-Varios/Finanzas-Familiares-AS/test/presentation/widgets/sync_status_indicator_test.dart: ... muestra icono cloud_done cuando sincronizado       00:26 +958 -7: /home/bootcamp/Proyectos-2026/Proyectos-Varios/Finanzas-Familiares-AS/test/presentation/widgets/sync_status_indicator_test.dart: ... muestra icono cloud_done cuando sincronizado       00:26 +959 -7: /home/bootcamp/Proyectos-2026/Proyectos-Varios/Finanzas-Familiares-AS/test/presentation/widgets/attachment_picker_test.dart: AttachmentPicker Widget muestra título Recibos y Adjuntos  00:26 +960 -7: /home/bootcamp/Proyectos-2026/Proyectos-Varios/Finanzas-Familiares-AS/test/presentation/widgets/attachment_picker_test.dart: AttachmentPicker Widget muestra título Recibos y Adjuntos  00:26 +961 -7: /home/bootcamp/Proyectos-2026/Proyectos-Varios/Finanzas-Familiares-AS/test/presentation/widgets/attachment_picker_test.dart: AttachmentPicker Widget muestra título Recibos y Adjuntos  00:26 +962 -7: /home/bootcamp/Proyectos-2026/Proyectos-Varios/Finanzas-Familiares-AS/test/presentation/widgets/attachment_picker_test.dart: AttachmentPicker Widget muestra título Recibos y Adjuntos  00:26 +963 -7: /home/bootcamp/Proyectos-2026/Proyectos-Varios/Finanzas-Familiares-AS/test/presentation/widgets/attachment_picker_test.dart: AttachmentPicker Widget muestra título Recibos y Adjuntos  00:26 +964 -7: /home/bootcamp/Proyectos-2026/Proyectos-Varios/Finanzas-Familiares-AS/test/presentation/widgets/attachment_picker_test.dart: AttachmentPicker Widget muestra título Recibos y Adjuntos  00:26 +965 -7: /home/bootcamp/Proyectos-2026/Proyectos-Varios/Finanzas-Familiares-AS/test/presentation/widgets/attachment_picker_test.dart: AttachmentPicker Widget muestra título Recibos y Adjuntos  00:26 +966 -7: /home/bootcamp/Proyectos-2026/Proyectos-Varios/Finanzas-Familiares-AS/test/presentation/widgets/attachment_picker_test.dart: AttachmentPicker Widget muestra título Recibos y Adjuntos  00:26 +967 -7: /home/bootcamp/Proyectos-2026/Proyectos-Varios/Finanzas-Familiares-AS/test/presentation/widgets/attachment_picker_test.dart: AttachmentPicker Widget muestra título Recibos y Adjuntos  00:27 +967 -7: /home/bootcamp/Proyectos-2026/Proyectos-Varios/Finanzas-Familiares-AS/test/presentation/widgets/attachment_picker_test.dart: AttachmentPicker Widget muestra título Recibos y Adjuntos  00:27 +968 -7: /home/bootcamp/Proyectos-2026/Proyectos-Varios/Finanzas-Familiares-AS/test/presentation/widgets/attachment_picker_test.dart: AttachmentPicker Widget muestra título Recibos y Adjuntos  00:27 +969 -7: /home/bootcamp/Proyectos-2026/Proyectos-Varios/Finanzas-Familiares-AS/test/presentation/widgets/attachment_picker_test.dart: AttachmentPicker Widget muestra título Recibos y Adjuntos  00:27 +970 -7: /home/bootcamp/Proyectos-2026/Proyectos-Varios/Finanzas-Familiares-AS/test/presentation/widgets/attachment_picker_test.dart: AttachmentPicker Widget muestra título Recibos y Adjuntos  00:27 +971 -7: /home/bootcamp/Proyectos-2026/Proyectos-Varios/Finanzas-Familiares-AS/test/presentation/widgets/hierarchical_category_selector_test.dart: ... muestra label "Categoría" por defecto     00:27 +972 -7: /home/bootcamp/Proyectos-2026/Proyectos-Varios/Finanzas-Familiares-AS/test/presentation/widgets/hierarchical_category_selector_test.dart: ... muestra label "Categoría" por defecto     00:27 +973 -7: /home/bootcamp/Proyectos-2026/Proyectos-Varios/Finanzas-Familiares-AS/test/presentation/widgets/hierarchical_category_selector_test.dart: ... muestra label "Categoría" por defecto     00:27 +974 -7: /home/bootcamp/Proyectos-2026/Proyectos-Varios/Finanzas-Familiares-AS/test/presentation/widgets/hierarchical_category_selector_test.dart: ... muestra label "Categoría" por defecto     00:27 +975 -7: /home/bootcamp/Proyectos-2026/Proyectos-Varios/Finanzas-Familiares-AS/test/presentation/screens/account_form_screen_test.dart: AccountFormScreen Widget Tests muestra botón Crear       00:27 +976 -7: /home/bootcamp/Proyectos-2026/Proyectos-Varios/Finanzas-Familiares-AS/test/presentation/screens/account_form_screen_test.dart: AccountFormScreen Widget Tests muestra botón Crear       00:27 +977 -7: /home/bootcamp/Proyectos-2026/Proyectos-Varios/Finanzas-Familiares-AS/test/presentation/screens/account_form_screen_test.dart: AccountFormScreen Widget Tests muestra botón Crear       00:27 +978 -7: ... HierarchicalCategorySelector muestra icono de categoría                                                                                                                             00:27 +979 -7: /home/bootcamp/Proyectos-2026/Proyectos-Varios/Finanzas-Familiares-AS/test/presentation/widgets/attachment_picker_test.dart: AttachmentPicker Widget muestra botón de galería           00:27 +980 -7: /home/bootcamp/Proyectos-2026/Proyectos-Varios/Finanzas-Familiares-AS/test/presentation/screens/account_form_screen_test.dart: AccountFormScreen Widget Tests puede seleccionar icono   00:27 +981 -7: /home/bootcamp/Proyectos-2026/Proyectos-Varios/Finanzas-Familiares-AS/test/presentation/screens/account_form_screen_test.dart: AccountFormScreen Widget Tests puede seleccionar icono   00:27 +982 -7: /home/bootcamp/Proyectos-2026/Proyectos-Varios/Finanzas-Familiares-AS/test/presentation/screens/account_form_screen_test.dart: AccountFormScreen Widget Tests puede seleccionar icono   00:27 +983 -7: /home/bootcamp/Proyectos-2026/Proyectos-Varios/Finanzas-Familiares-AS/test/presentation/widgets/hierarchical_category_selector_test.dart: ... abre bottom sheet al tocar                00:27 +984 -7: /home/bootcamp/Proyectos-2026/Proyectos-Varios/Finanzas-Familiares-AS/test/presentation/widgets/hierarchical_category_selector_test.dart: ... abre bottom sheet al tocar                00:27 +985 -7: /home/bootcamp/Proyectos-2026/Proyectos-Varios/Finanzas-Familiares-AS/test/presentation/widgets/hierarchical_category_selector_test.dart: ... abre bottom sheet al tocar                00:27 +986 -7: /home/bootcamp/Proyectos-2026/Proyectos-Varios/Finanzas-Familiares-AS/test/presentation/widgets/hierarchical_category_selector_test.dart: ... abre bottom sheet al tocar                00:27 +987 -7: /home/bootcamp/Proyectos-2026/Proyectos-Varios/Finanzas-Familiares-AS/test/presentation/widgets/hierarchical_category_selector_test.dart: ... abre bottom sheet al tocar                00:27 +988 -7: /home/bootcamp/Proyectos-2026/Proyectos-Varios/Finanzas-Familiares-AS/test/presentation/widgets/hierarchical_category_selector_test.dart: ... abre bottom sheet al tocar                00:27 +989 -7: /home/bootcamp/Proyectos-2026/Proyectos-Varios/Finanzas-Familiares-AS/test/presentation/widgets/hierarchical_category_selector_test.dart: ... abre bottom sheet al tocar                00:27 +990 -7: /home/bootcamp/Proyectos-2026/Proyectos-Varios/Finanzas-Familiares-AS/test/presentation/widgets/hierarchical_category_selector_test.dart: ... abre bottom sheet al tocar                00:27 +991 -7: /home/bootcamp/Proyectos-2026/Proyectos-Varios/Finanzas-Familiares-AS/test/presentation/widgets/hierarchical_category_selector_test.dart: ... abre bottom sheet al tocar                00:27 +992 -7: /home/bootcamp/Proyectos-2026/Proyectos-Varios/Finanzas-Familiares-AS/test/presentation/widgets/hierarchical_category_selector_test.dart: ... abre bottom sheet al tocar                00:27 +993 -7: /home/bootcamp/Proyectos-2026/Proyectos-Varios/Finanzas-Familiares-AS/test/presentation/widgets/hierarchical_category_selector_test.dart: ... abre bottom sheet al tocar                00:27 +994 -7: /home/bootcamp/Proyectos-2026/Proyectos-Varios/Finanzas-Familiares-AS/test/presentation/screens/account_form_screen_test.dart: ... Widget Tests muestra campo de descripción            00:27 +995 -7: /home/bootcamp/Proyectos-2026/Proyectos-Varios/Finanzas-Familiares-AS/test/presentation/widgets/hierarchical_category_selector_test.dart: ... bottom sheet muestra barra de búsqueda    00:27 +996 -7: /home/bootcamp/Proyectos-2026/Proyectos-Varios/Finanzas-Familiares-AS/test/presentation/widgets/hierarchical_category_selector_test.dart: ... bottom sheet muestra barra de búsqueda    00:27 +997 -7: /home/bootcamp/Proyectos-2026/Proyectos-Varios/Finanzas-Familiares-AS/test/presentation/widgets/hierarchical_category_selector_test.dart: ... bottom sheet muestra barra de búsqueda    00:27 +998 -7: /home/bootcamp/Proyectos-2026/Proyectos-Varios/Finanzas-Familiares-AS/test/presentation/widgets/hierarchical_category_selector_test.dart: ... bottom sheet muestra barra de búsqueda    00:27 +999 -7: /home/bootcamp/Proyectos-2026/Proyectos-Varios/Finanzas-Familiares-AS/test/presentation/widgets/hierarchical_category_selector_test.dart: ... bottom sheet muestra barra de búsqueda    00:27 +1000 -7: /home/bootcamp/Proyectos-2026/Proyectos-Varios/Finanzas-Familiares-AS/test/presentation/widgets/hierarchical_category_selector_test.dart: ... bottom sheet muestra barra de búsqueda   00:27 +1001 -7: /home/bootcamp/Proyectos-2026/Proyectos-Varios/Finanzas-Familiares-AS/test/presentation/widgets/hierarchical_category_selector_test.dart: ... bottom sheet muestra barra de búsqueda   00:27 +1002 -7: /home/bootcamp/Proyectos-2026/Proyectos-Varios/Finanzas-Familiares-AS/test/presentation/widgets/hierarchical_category_selector_test.dart: ... bottom sheet muestra barra de búsqueda   00:27 +1003 -7: /home/bootcamp/Proyectos-2026/Proyectos-Varios/Finanzas-Familiares-AS/test/presentation/widgets/hierarchical_category_selector_test.dart: ... bottom sheet muestra barra de búsqueda   00:27 +1004 -7: /home/bootcamp/Proyectos-2026/Proyectos-Varios/Finanzas-Familiares-AS/test/presentation/widgets/hierarchical_category_selector_test.dart: ... bottom sheet muestra barra de búsqueda   00:27 +1004 -7: /home/bootcamp/Proyectos-2026/Proyectos-Varios/Finanzas-Familiares-AS/test/presentation/widgets/hierarchical_category_selector_test.dart: ... bottom sheet tiene botón de cerrar       00:27 +1005 -7: /home/bootcamp/Proyectos-2026/Proyectos-Varios/Finanzas-Familiares-AS/test/presentation/widgets/hierarchical_category_selector_test.dart: ... bottom sheet tiene botón de cerrar       00:27 +1005 -7: ... SimpleCategoryDropdown muestra label "Categoría"                                                                                                                                   00:27 +1006 -7: ... SimpleCategoryDropdown muestra label "Categoría"                                                                                                                                   00:27 +1006 -7: ... SimpleCategoryDropdown muestra icono de categoría                                                                                                                                  00:27 +1007 -7: ... SimpleCategoryDropdown muestra icono de categoría                                                                                                                                  00:27 +1007 -7: ... SimpleCategoryDropdown renderiza dropdown correctamente                                                                                                                            00:27 +1008 -7: ... SimpleCategoryDropdown renderiza dropdown correctamente                                                                                                                            00:27 +1008 -7: /home/bootcamp/Proyectos-2026/Proyectos-Varios/Finanzas-Familiares-AS/test/presentation/widgets/hierarchical_category_selector_test.dart: ... hasChildren es true cuando tiene hijos   00:27 +1009 -7: /home/bootcamp/Proyectos-2026/Proyectos-Varios/Finanzas-Familiares-AS/test/presentation/widgets/hierarchical_category_selector_test.dart: ... hasChildren es true cuando tiene hijos   00:27 +1009 -7: /home/bootcamp/Proyectos-2026/Proyectos-Varios/Finanzas-Familiares-AS/test/presentation/widgets/hierarchical_category_selector_test.dart: ... es false cuando no tiene hijos           00:27 +1010 -7: /home/bootcamp/Proyectos-2026/Proyectos-Varios/Finanzas-Familiares-AS/test/presentation/widgets/hierarchical_category_selector_test.dart: ... es false cuando no tiene hijos           00:27 +1010 -7: /home/bootcamp/Proyectos-2026/Proyectos-Varios/Finanzas-Familiares-AS/test/presentation/widgets/hierarchical_category_selector_test.dart: ... isLeaf es true cuando no tiene hijos     00:27 +1011 -7: /home/bootcamp/Proyectos-2026/Proyectos-Varios/Finanzas-Familiares-AS/test/presentation/widgets/hierarchical_category_selector_test.dart: ... isLeaf es true cuando no tiene hijos     00:27 +1011 -7: /home/bootcamp/Proyectos-2026/Proyectos-Varios/Finanzas-Familiares-AS/test/presentation/widgets/hierarchical_category_selector_test.dart: ... isLeaf es false cuando tiene hijos       00:27 +1012 -7: /home/bootcamp/Proyectos-2026/Proyectos-Varios/Finanzas-Familiares-AS/test/presentation/widgets/hierarchical_category_selector_test.dart: ... isLeaf es false cuando tiene hijos       00:27 +1012 -7: ... CategoryTreeNode getPath construye ruta completa                                                                                                                                   00:27 +1013 -7: ... CategoryTreeNode getPath construye ruta completa                                                                                                                                   00:28 +1013 -7: ... CategoryTreeNode getPath construye ruta completa                                                                                                                                   00:28 +1013 -7: Some tests failed.                                                                                                                                                                     
